#
# There is insufficient memory for the Java Runtime Environment to continue.
# Native memory allocation (mmap) failed to map 65536 bytes for Failed to commit metaspace.
# Possible reasons:
#   The system is out of physical RAM or swap space
#   The process is running with CompressedOops enabled, and the Java Heap may be blocking the growth of the native heap
# Possible solutions:
#   Reduce memory load on the system
#   Increase physical memory or swap space
#   Check if swap backing store is full
#   Decrease Java heap size (-Xmx/-Xms)
#   Decrease number of Java threads
#   Decrease Java thread stack sizes (-Xss)
#   Set larger code cache with -XX:ReservedCodeCacheSize=
#   JVM is running with Unscaled Compressed Oops mode in which the Java heap is
#     placed in the first 4GB address space. The Java Heap base address is the
#     maximum limit for the native heap growth. Please use -XX:HeapBaseMinAddress
#     to set the Java Heap base and to place the Java Heap above 4GB virtual address.
# This output file may be truncated or incomplete.
#
#  Out of Memory Error (virtualSpaceNode.cpp:110), pid=2124, tid=18480
#
# JRE version: OpenJDK Runtime Environment Microsoft-8902769 (17.0.10+7) (build 17.0.10+7-LTS)
# Java VM: OpenJDK 64-Bit Server VM Microsoft-8902769 (17.0.10+7-LTS, mixed mode, sharing, tiered, compressed oops, compressed class ptrs, g1 gc, windows-amd64)
# No core dump will be written. Minidumps are not enabled by default on client versions of Windows
#

---------------  S U M M A R Y ------------

Command Line: -DkotlinLanguageServer.version=1.3.13 org.javacs.kt.MainKt

Host: Intel(R) Core(TM) i7-7500U CPU @ 2.70GHz, 4 cores, 7G,  Windows 11 , 64 bit Build 22000 (10.0.22000.2124)
Time: Wed Jul 30 10:46:49 2025 Egypt Daylight Time elapsed time: 13.931506 seconds (0d 0h 0m 13s)

---------------  T H R E A D  ---------------

Current thread (0x000001df47b85020):  JavaThread "async0" [_thread_in_vm, id=18480, stack(0x000000c8d1200000,0x000000c8d1300000)]

Stack: [0x000000c8d1200000,0x000000c8d1300000]
Native frames: (J=compiled Java code, j=interpreted, Vv=VM code, C=native code)
V  [jvm.dll+0x67f829]
V  [jvm.dll+0x83750a]
V  [jvm.dll+0x838fce]
V  [jvm.dll+0x839633]
V  [jvm.dll+0x247cbf]
V  [jvm.dll+0x8331cb]
V  [jvm.dll+0x624286]
V  [jvm.dll+0x1c1a8e]
V  [jvm.dll+0x626be1]
V  [jvm.dll+0x624c26]
V  [jvm.dll+0x23c20f]
V  [jvm.dll+0x62ead5]
V  [jvm.dll+0x1eba6b]
V  [jvm.dll+0x1ebfa5]
V  [jvm.dll+0x1eca60]
V  [jvm.dll+0x1e1e61]
V  [jvm.dll+0x544cee]
V  [jvm.dll+0x7b1578]
V  [jvm.dll+0x7b1664]
V  [jvm.dll+0x412e15]
V  [jvm.dll+0x418f99]
C  [java.dll+0x17ec]

Java frames: (J=compiled Java code, j=interpreted, Vv=VM code)
J 762  java.lang.ClassLoader.defineClass1(Ljava/lang/ClassLoader;Ljava/lang/String;[BIILjava/security/ProtectionDomain;Ljava/lang/String;)Ljava/lang/Class; java.base@17.0.10 (0 bytes) @ 0x000001df72cbe8e3 [0x000001df72cbe820+0x00000000000000c3]
J 973 c1 java.lang.ClassLoader.defineClass(Ljava/lang/String;[BIILjava/security/ProtectionDomain;)Ljava/lang/Class; java.base@17.0.10 (43 bytes) @ 0x000001df6b368ed4 [0x000001df6b368b80+0x0000000000000354]
J 876 c1 java.security.SecureClassLoader.defineClass(Ljava/lang/String;[BIILjava/security/CodeSource;)Ljava/lang/Class; java.base@17.0.10 (16 bytes) @ 0x000001df6b345d0c [0x000001df6b345c40+0x00000000000000cc]
J 1201 c1 jdk.internal.loader.BuiltinClassLoader.defineClass(Ljava/lang/String;Ljdk/internal/loader/Resource;)Ljava/lang/Class; java.base@17.0.10 (121 bytes) @ 0x000001df6b3d4de4 [0x000001df6b3d3e80+0x0000000000000f64]
J 742 c1 jdk.internal.loader.BuiltinClassLoader.findClassOnClassPathOrNull(Ljava/lang/String;)Ljava/lang/Class; java.base@17.0.10 (64 bytes) @ 0x000001df6b2f68dc [0x000001df6b2f5800+0x00000000000010dc]
J 2079 c2 jdk.internal.loader.BuiltinClassLoader.loadClassOrNull(Ljava/lang/String;Z)Ljava/lang/Class; java.base@17.0.10 (143 bytes) @ 0x000001df72d65548 [0x000001df72d64ec0+0x0000000000000688]
J 710 c1 jdk.internal.loader.ClassLoaders$AppClassLoader.loadClass(Ljava/lang/String;Z)Ljava/lang/Class; java.base@17.0.10 (40 bytes) @ 0x000001df6b2dfb84 [0x000001df6b2df560+0x0000000000000624]
J 709 c1 java.lang.ClassLoader.loadClass(Ljava/lang/String;)Ljava/lang/Class; java.base@17.0.10 (7 bytes) @ 0x000001df6b2df1cc [0x000001df6b2df0c0+0x000000000000010c]
v  ~StubRoutines::call_stub
j  jdk.internal.loader.NativeLibraries.load(Ljdk/internal/loader/NativeLibraries$NativeLibraryImpl;Ljava/lang/String;ZZZ)Z+0 java.base@17.0.10
j  jdk.internal.loader.NativeLibraries$NativeLibraryImpl.open()Z+61 java.base@17.0.10
j  jdk.internal.loader.NativeLibraries.loadLibrary(Ljava/lang/Class;Ljava/lang/String;Z)Ljdk/internal/loader/NativeLibrary;+256 java.base@17.0.10
j  jdk.internal.loader.NativeLibraries.loadLibrary(Ljava/lang/Class;Ljava/io/File;)Ljdk/internal/loader/NativeLibrary;+51 java.base@17.0.10
j  java.lang.ClassLoader.loadLibrary(Ljava/lang/Class;Ljava/io/File;)Ljdk/internal/loader/NativeLibrary;+31 java.base@17.0.10
j  java.lang.Runtime.load0(Ljava/lang/Class;Ljava/lang/String;)V+61 java.base@17.0.10
j  java.lang.System.load(Ljava/lang/String;)V+7 java.base@17.0.10
j  org.sqlite.SQLiteJDBCLoader.loadNativeLibrary(Ljava/lang/String;Ljava/lang/String;)Z+29
j  org.sqlite.SQLiteJDBCLoader.extractAndLoadLibraryFile(Ljava/lang/String;Ljava/lang/String;Ljava/lang/String;)Z+413
j  org.sqlite.SQLiteJDBCLoader.loadSQLiteNativeLibrary()V+221
j  org.sqlite.SQLiteJDBCLoader.initialize()Z+9
j  org.sqlite.core.NativeDB.load()Z+10
j  org.sqlite.SQLiteConnection.open(Ljava/lang/String;Ljava/lang/String;Ljava/util/Properties;)Lorg/sqlite/core/DB;+387
j  org.sqlite.SQLiteConnection.<init>(Ljava/lang/String;Ljava/lang/String;Ljava/util/Properties;)V+21
j  org.sqlite.jdbc3.JDBC3Connection.<init>(Ljava/lang/String;Ljava/lang/String;Ljava/util/Properties;)V+4
j  org.sqlite.jdbc4.JDBC4Connection.<init>(Ljava/lang/String;Ljava/lang/String;Ljava/util/Properties;)V+4
j  org.sqlite.JDBC.createConnection(Ljava/lang/String;Ljava/util/Properties;)Lorg/sqlite/SQLiteConnection;+24
j  org.sqlite.JDBC.connect(Ljava/lang/String;Ljava/util/Properties;)Ljava/sql/Connection;+2
j  java.sql.DriverManager.getConnection(Ljava/lang/String;Ljava/util/Properties;Ljava/lang/Class;)Ljava/sql/Connection;+131 java.sql@17.0.10
j  java.sql.DriverManager.getConnection(Ljava/lang/String;Ljava/lang/String;Ljava/lang/String;)Ljava/sql/Connection;+37 java.sql@17.0.10
j  org.jetbrains.exposed.sql.Database$Companion$connect$10.invoke()Ljava/sql/Connection;+12
j  org.jetbrains.exposed.sql.Database$Companion$connect$10.invoke()Ljava/lang/Object;+1
j  org.jetbrains.exposed.sql.Database$Companion$doConnect$3.invoke()Lorg/jetbrains/exposed/sql/statements/api/ExposedConnection;+7
j  org.jetbrains.exposed.sql.Database$Companion$doConnect$3.invoke()Ljava/lang/Object;+1
j  org.jetbrains.exposed.sql.transactions.ThreadLocalTransactionManager$ThreadLocalTransaction$connectionLazy$1.invoke()Lorg/jetbrains/exposed/sql/statements/api/ExposedConnection;+34
j  org.jetbrains.exposed.sql.transactions.ThreadLocalTransactionManager$ThreadLocalTransaction$connectionLazy$1.invoke()Ljava/lang/Object;+1
j  kotlin.UnsafeLazyImpl.getValue()Ljava/lang/Object;+19
j  org.jetbrains.exposed.sql.transactions.ThreadLocalTransactionManager$ThreadLocalTransaction.getConnection()Lorg/jetbrains/exposed/sql/statements/api/ExposedConnection;+4
j  org.jetbrains.exposed.sql.Transaction.getConnection()Lorg/jetbrains/exposed/sql/statements/api/ExposedConnection;+4
j  org.jetbrains.exposed.sql.Database.metadata$exposed_core(Lkotlin/jvm/functions/Function1;)Ljava/lang/Object;+66
j  org.jetbrains.exposed.sql.vendors.VendorDialect.resetCaches()V+29
j  org.jetbrains.exposed.sql.SchemaUtils.createMissingTablesAndColumns([Lorg/jetbrains/exposed/sql/Table;ZZ)V+25
j  org.jetbrains.exposed.sql.SchemaUtils.createMissingTablesAndColumns$default(Lorg/jetbrains/exposed/sql/SchemaUtils;[Lorg/jetbrains/exposed/sql/Table;ZZILjava/lang/Object;)V+22
j  org.javacs.kt.database.DatabaseService.setup$lambda$0(Lorg/jetbrains/exposed/sql/Transaction;)I+26
j  org.javacs.kt.database.DatabaseService$$Lambda$226+0x000001df03398858.invoke(Ljava/lang/Object;)Ljava/lang/Object;+4
j  org.jetbrains.exposed.sql.transactions.ThreadLocalTransactionManagerKt.inTopLevelTransaction$run(Lorg/jetbrains/exposed/sql/Transaction;Lorg/jetbrains/exposed/sql/Database;ILkotlin/jvm/functions/Function1;I)Ljava/lang/Object;+142
j  org.jetbrains.exposed.sql.transactions.ThreadLocalTransactionManagerKt.access$inTopLevelTransaction$run(Lorg/jetbrains/exposed/sql/Transaction;Lorg/jetbrains/exposed/sql/Database;ILkotlin/jvm/functions/Function1;I)Ljava/lang/Object;+6
j  org.jetbrains.exposed.sql.transactions.ThreadLocalTransactionManagerKt$inTopLevelTransaction$1.invoke()Ljava/lang/Object;+20
j  org.jetbrains.exposed.sql.transactions.ThreadLocalTransactionManagerKt.keepAndRestoreTransactionRefAfterRun(Lorg/jetbrains/exposed/sql/Database;Lkotlin/jvm/functions/Function0;)Ljava/lang/Object;+14
j  org.jetbrains.exposed.sql.transactions.ThreadLocalTransactionManagerKt.inTopLevelTransaction(IILorg/jetbrains/exposed/sql/Database;Lorg/jetbrains/exposed/sql/Transaction;Lkotlin/jvm/functions/Function1;)Ljava/lang/Object;+24
j  org.jetbrains.exposed.sql.transactions.ThreadLocalTransactionManagerKt$transaction$1.invoke()Ljava/lang/Object;+292
j  org.jetbrains.exposed.sql.transactions.ThreadLocalTransactionManagerKt.keepAndRestoreTransactionRefAfterRun(Lorg/jetbrains/exposed/sql/Database;Lkotlin/jvm/functions/Function0;)Ljava/lang/Object;+14
j  org.jetbrains.exposed.sql.transactions.ThreadLocalTransactionManagerKt.transaction(IILorg/jetbrains/exposed/sql/Database;Lkotlin/jvm/functions/Function1;)Ljava/lang/Object;+21
j  org.jetbrains.exposed.sql.transactions.ThreadLocalTransactionManagerKt.transaction(Lorg/jetbrains/exposed/sql/Database;Lkotlin/jvm/functions/Function1;)Ljava/lang/Object;+26
j  org.javacs.kt.database.DatabaseService.setup(Ljava/nio/file/Path;)V+18
j  org.javacs.kt.KotlinLanguageServer.initialize$lambda$6(Lorg/eclipse/lsp4j/InitializeParams;Lorg/javacs/kt/KotlinLanguageServer;)Lorg/eclipse/lsp4j/InitializeResult;+291
j  org.javacs.kt.KotlinLanguageServer$$Lambda$221+0x000001df03394000.invoke()Ljava/lang/Object;+8
j  org.javacs.kt.util.AsyncExecutor.compute$lambda$2(Lkotlin/jvm/functions/Function0;)Ljava/lang/Object;+1
j  org.javacs.kt.util.AsyncExecutor$$Lambda$222+0x000001df03394220.get()Ljava/lang/Object;+4
j  java.util.concurrent.CompletableFuture$AsyncSupply.run()V+37 java.base@17.0.10
j  java.util.concurrent.ThreadPoolExecutor.runWorker(Ljava/util/concurrent/ThreadPoolExecutor$Worker;)V+92 java.base@17.0.10
j  java.util.concurrent.ThreadPoolExecutor$Worker.run()V+5 java.base@17.0.10
j  java.lang.Thread.run()V+11 java.base@17.0.10
v  ~StubRoutines::call_stub

Compiled method (n/a)   14031  762     n 0       java.lang.ClassLoader::defineClass1 (native)
 total in heap  [0x000001df72cbe690,0x000001df72cbeb70] = 1248
 relocation     [0x000001df72cbe7e8,0x000001df72cbe820] = 56
 main code      [0x000001df72cbe820,0x000001df72cbeb70] = 848

[Constant Pool (empty)]

[MachCode]
[Entry Point]
  # {method} {0x000001df02010f28} 'defineClass1' '(Ljava/lang/ClassLoader;Ljava/lang/String;[BIILjava/security/ProtectionDomain;Ljava/lang/String;)Ljava/lang/Class;' in 'java/lang/ClassLoader'
  # parm0:    rdx:rdx   = 'java/lang/ClassLoader'
  # parm1:    r8:r8     = 'java/lang/String'
  # parm2:    r9:r9     = '[B'
  # parm3:    rdi       = int
  # parm4:    rsi       = int
  # parm5:    rcx:rcx   = 'java/security/ProtectionDomain'
  # parm6:    [sp+0xa0]   = 'java/lang/String'  (sp of caller)
  0x000001df72cbe820: 448b 5208 | 49bb 0000 | 0002 df01 | 0000 4d03 | d349 3bc2 | 0f84 0600 

  0x000001df72cbe838: ;   {runtime_call ic_miss_stub}
  0x000001df72cbe838: 0000 e941 | 28a7 ff90 
[Verified Entry Point]
  0x000001df72cbe840: 8984 2400 | 90ff ff55 | 488b ec48 | 81ec 9000 | 0000 4881 | 7d10 0000 | 0000 488d | 4510 480f 
  0x000001df72cbe860: 4445 1048 | 8944 2440 | 4889 4c24 | 7048 83f9 | 0048 8d44 | 2470 480f | 4444 2470 | 4889 4424 
  0x000001df72cbe880: 3848 8974 | 2430 4889 | 7c24 284c | 894c 2458 | 4983 f900 | 488d 4424 | 5848 0f44 | 4424 5848 
  0x000001df72cbe8a0: 8944 2420 | 4c89 4424 | 5049 83f8 | 004c 8d4c | 2450 4c0f | 444c 2450 | 4889 5424 | 4848 83fa 
  0x000001df72cbe8c0: 004c 8d44 | 2448 4c0f | 4444 2448 

  0x000001df72cbe8cc: ;   {oop(a 'java/lang/Class'{0x000000008230a2b0} = 'java/lang/ClassLoader')}
  0x000001df72cbe8cc: 49be b0a2 | 3082 0000 | 0000 4c89 | 7424 784c | 8d74 2478 | 498b d6c5 

  0x000001df72cbe8e4: ;   {internal_word}
  0x000001df72cbe8e4: f877 49ba | e3e8 cb72 | df01 0000 | 4d89 97a0 | 0200 0049 | 89a7 9802 

  0x000001df72cbe8fc: ;   {external_word}
  0x000001df72cbe8fc: 0000 49ba | 3966 3c7d | fc7f 0000 | 4180 3a00 | 0f84 5200 | 0000 5241 

  0x000001df72cbe914: ;   {metadata({method} {0x000001df02010f28} 'defineClass1' '(Ljava/lang/ClassLoader;Ljava/lang/String;[BIILjava/security/ProtectionDomain;Ljava/lang/String;)Ljava/lang/Class;' in 'java/lang/ClassLoader')}
  0x000001df72cbe914: 5041 5148 | ba20 0f01 | 02df 0100 | 0049 8bcf | 4883 ec20 | f7c4 0f00 | 0000 0f84 | 1a00 0000 
  0x000001df72cbe934: 4883 ec08 

  0x000001df72cbe938: ;   {runtime_call}
  0x000001df72cbe938: 49ba b059 | f27c fc7f | 0000 41ff | d248 83c4 | 08e9 0d00 

  0x000001df72cbe94c: ;   {runtime_call}
  0x000001df72cbe94c: 0000 49ba | b059 f27c | fc7f 0000 | 41ff d248 | 83c4 2041 | 5941 585a | 498d 8fb8 | 0200 0041 
  0x000001df72cbe96c: c787 4803 | 0000 0400 

  0x000001df72cbe974: ;   {runtime_call}
  0x000001df72cbe974: 0000 49ba | ac16 11ab | fc7f 0000 | 41ff d2c5 | f877 41c7 | 8748 0300 | 0005 0000 | 00f0 8344 
  0x000001df72cbe994: 24c0 0049 | 3baf 5003 | 0000 0f87 | 1100 0000 | 4181 bf38 | 0300 0000 | 0000 000f | 842c 0000 
  0x000001df72cbe9b4: 00c5 f877 | 4889 45f8 | 498b cf4c | 8be4 4883 | ec20 4883 

  0x000001df72cbe9c8: ;   {runtime_call}
  0x000001df72cbe9c8: e4f0 49ba | 906e 027d | fc7f 0000 | 41ff d249 | 8be4 4d33 | e448 8b45 | f841 c787 | 4803 0000 
  0x000001df72cbe9e8: 0800 0000 | 4181 bfb8 | 0300 0002 | 0000 000f | 843f 0100 

  0x000001df72cbe9fc: ;   {external_word}
  0x000001df72cbe9fc: 0049 ba39 | 663c 7dfc | 7f00 0041 | 803a 000f | 8450 0000 | 0048 8945 

  0x000001df72cbea14: ;   {metadata({method} {0x000001df02010f28} 'defineClass1' '(Ljava/lang/ClassLoader;Ljava/lang/String;[BIILjava/security/ProtectionDomain;Ljava/lang/String;)Ljava/lang/Class;' in 'java/lang/ClassLoader')}
  0x000001df72cbea14: f848 ba20 | 0f01 02df | 0100 0049 | 8bcf 4883 | ec20 f7c4 | 0f00 0000 | 0f84 1a00 | 0000 4883 
  0x000001df72cbea34: ;   {runtime_call}
  0x000001df72cbea34: ec08 49ba | b059 f27c | fc7f 0000 | 41ff d248 | 83c4 08e9 | 0d00 0000 

  0x000001df72cbea4c: ;   {runtime_call}
  0x000001df72cbea4c: 49ba b059 | f27c fc7f | 0000 41ff | d248 83c4 | 2048 8b45 | f849 c787 | 9802 0000 | 0000 0000 
  0x000001df72cbea6c: 49c7 87a0 | 0200 0000 | 0000 00c5 | f877 4885 | c00f 8493 | 0000 0048 | f7c0 0100 | 0000 0f84 
  0x000001df72cbea8c: 8300 0000 | 488b 40ff | 4180 7f38 | 000f 846f | 0000 0048 | 83f8 000f | 8465 0000 | 0049 8b4f 
  0x000001df72cbeaac: 2048 83f9 | 000f 8414 | 0000 0048 | 83e9 0849 | 894f 2049 | 034f 3048 | 8901 e943 | 0000 0050 
  0x000001df72cbeacc: 498b d748 | 8bc8 4883 | ec20 f7c4 | 0f00 0000 | 0f84 1a00 | 0000 4883 

  0x000001df72cbeae4: ;   {runtime_call}
  0x000001df72cbeae4: ec08 49ba | e06d b17c | fc7f 0000 | 41ff d248 | 83c4 08e9 | 0d00 0000 

  0x000001df72cbeafc: ;   {runtime_call}
  0x000001df72cbeafc: 49ba e06d | b17c fc7f | 0000 41ff | d248 83c4 | 2058 e903 | 0000 0048 | 8b00 498b | 8fd8 0000 
  0x000001df72cbeb1c: 00c7 8100 | 0100 0000 | 0000 00c9 | 4981 7f08 | 0000 0000 | 0f85 0100 

  0x000001df72cbeb34: ;   {runtime_call StubRoutines (1)}
  0x000001df72cbeb34: 0000 c3e9 | c423 a2ff | c5f8 7748 | 8945 f84c | 8be4 4883 | ec20 4883 

  0x000001df72cbeb4c: ;   {runtime_call}
  0x000001df72cbeb4c: e4f0 49ba | 308a f27c | fc7f 0000 | 41ff d249 | 8be4 4d33 | e448 8b45 | f8e9 93fe | ffff f4f4 
  0x000001df72cbeb6c: f4f4 f4f4 
[/MachCode]


Compiled method (c1)   14069  973       3       java.lang.ClassLoader::defineClass (43 bytes)
 total in heap  [0x000001df6b368990,0x000001df6b3692c8] = 2360
 relocation     [0x000001df6b368ae8,0x000001df6b368b78] = 144
 main code      [0x000001df6b368b80,0x000001df6b369020] = 1184
 stub code      [0x000001df6b369020,0x000001df6b369098] = 120
 metadata       [0x000001df6b369098,0x000001df6b3690c8] = 48
 scopes data    [0x000001df6b3690c8,0x000001df6b3691b8] = 240
 scopes pcs     [0x000001df6b3691b8,0x000001df6b369298] = 224
 dependencies   [0x000001df6b369298,0x000001df6b3692a0] = 8
 nul chk table  [0x000001df6b3692a0,0x000001df6b3692c8] = 40

[Constant Pool (empty)]

[MachCode]
[Entry Point]
  # {method} {0x000001df02010cc0} 'defineClass' '(Ljava/lang/String;[BIILjava/security/ProtectionDomain;)Ljava/lang/Class;' in 'java/lang/ClassLoader'
  # this:     rdx:rdx   = 'java/lang/ClassLoader'
  # parm0:    r8:r8     = 'java/lang/String'
  # parm1:    r9:r9     = '[B'
  # parm2:    rdi       = int
  # parm3:    rsi       = int
  # parm4:    rcx:rcx   = 'java/security/ProtectionDomain'
  #           [sp+0xc0]  (sp of caller)
  0x000001df6b368b80: 448b 5208 | 49bb 0000 | 0002 df01 | 0000 4d03 | d34c 3bd0 

  0x000001df6b368b94: ;   {runtime_call ic_miss_stub}
  0x000001df6b368b94: 0f85 e684 | 3c07 660f | 1f44 0000 
[Verified Entry Point]
  0x000001df6b368ba0: 8984 2400 | 90ff ff55 | 4881 ecb0 | 0000 0048 | 8954 2478 

  0x000001df6b368bb4: ;   {metadata(method data for {method} {0x000001df02010cc0} 'defineClass' '(Ljava/lang/String;[BIILjava/security/ProtectionDomain;)Ljava/lang/Class;' in 'java/lang/ClassLoader')}
  0x000001df6b368bb4: 48bb 303f | 3043 df01 | 0000 8b83 | cc00 0000 | 83c0 0289 | 83cc 0000 | 0081 e0fe | 0700 0083 
  0x000001df6b368bd4: f800 0f84 | 4e03 0000 | 89b4 2494 | 0000 0089 | bc24 9000 | 0000 4c89 | 8c24 8800 | 0000 488b 
  0x000001df6b368bf4: ;   {metadata(method data for {method} {0x000001df02010cc0} 'defineClass' '(Ljava/lang/String;[BIILjava/security/ProtectionDomain;)Ljava/lang/Class;' in 'java/lang/ClassLoader')}
  0x000001df6b368bf4: da48 b830 | 3f30 43df | 0100 0048 | 8380 1001 | 0000 0149 | 8bd8 4c8b | c34c 8bc9 | 488b ca48 
  0x000001df6b368c14: 8bd1 4889 | 9c24 8000 

  0x000001df6b368c1c: ;   {optimized virtual_call}
  0x000001df6b368c1c: 0000 90e8 

  0x000001df6b368c20: ; ImmutableOopMap {[120]=Oop [136]=Oop [128]=Oop }
                      ;*invokevirtual preDefineClass {reexecute=0 rethrow=0 return_oop=0}
                      ; - java.lang.ClassLoader::defineClass@4 (line 1015)
  0x000001df6b368c20: fc2b feff | 4889 8424 | 9800 0000 | 488b 5424 

  0x000001df6b368c30: ;   {metadata(method data for {method} {0x000001df02010cc0} 'defineClass' '(Ljava/lang/String;[BIILjava/security/ProtectionDomain;)Ljava/lang/Class;' in 'java/lang/ClassLoader')}
  0x000001df6b368c30: 7849 b830 | 3f30 43df | 0100 0049 | 8380 4801 

  0x000001df6b368c40: ;   {metadata(method data for {method} {0x000001df02010ed0} 'defineClassSourceLocation' '(Ljava/security/ProtectionDomain;)Ljava/lang/String;' in 'java/lang/ClassLoader')}
  0x000001df6b368c40: 0000 0149 | b890 9930 | 43df 0100 | 0041 8b90 | cc00 0000 | 83c2 0241 | 8990 cc00 | 0000 81e2 
  0x000001df6b368c60: feff 1f00 | 83fa 000f | 84de 0200 | 0048 3b00 

  0x000001df6b368c70: ;   {metadata(method data for {method} {0x000001df02010ed0} 'defineClassSourceLocation' '(Ljava/security/ProtectionDomain;)Ljava/lang/String;' in 'java/lang/ClassLoader')}
  0x000001df6b368c70: 4c8b c048 | ba90 9930 | 43df 0100 | 0048 8382 | 1001 0000 | 0144 8b40 | 1049 83f8 

  0x000001df6b368c8c: ;   {metadata(method data for {method} {0x000001df02010ed0} 'defineClassSourceLocation' '(Ljava/security/ProtectionDomain;)Ljava/lang/String;' in 'java/lang/ClassLoader')}
  0x000001df6b368c8c: 0048 ba90 | 9930 43df | 0100 0048 | be58 0100 | 0000 0000 | 000f 850a | 0000 0048 | be48 0100 
  0x000001df6b368cac: 0000 0000 | 0048 8b3c | 3248 8d7f | 0148 893c | 320f 850f 

  0x000001df6b368cc0: ;   {oop(NULL)}
  0x000001df6b368cc0: 0000 0048 | bb00 0000 | 0000 0000 | 00e9 ad01 | 0000 493b | 0049 8bd0 

  0x000001df6b368cd8: ;   {metadata(method data for {method} {0x000001df02010ed0} 'defineClassSourceLocation' '(Ljava/security/ProtectionDomain;)Ljava/lang/String;' in 'java/lang/ClassLoader')}
  0x000001df6b368cd8: 48be 9099 | 3043 df01 | 0000 4883 | 8668 0100 | 0001 418b | 500c 4883 

  0x000001df6b368cf0: ;   {metadata(method data for {method} {0x000001df02010ed0} 'defineClassSourceLocation' '(Ljava/security/ProtectionDomain;)Ljava/lang/String;' in 'java/lang/ClassLoader')}
  0x000001df6b368cf0: fa00 48be | 9099 3043 | df01 0000 | 48bf b001 | 0000 0000 | 0000 0f85 | 0a00 0000 | 48bf a001 
  0x000001df6b368d10: 0000 0000 | 0000 488b | 1c3e 488d | 5b01 4889 | 1c3e 0f85 | 0f00 0000 

  0x000001df6b368d28: ;   {oop(NULL)}
  0x000001df6b368d28: 48bb 0000 | 0000 0000 | 0000 e948 

  0x000001df6b368d34: ;   {metadata(method data for {method} {0x000001df02010ed0} 'defineClassSourceLocation' '(Ljava/security/ProtectionDomain;)Ljava/lang/String;' in 'java/lang/ClassLoader')}
  0x000001df6b368d34: 0100 0048 | be90 9930 | 43df 0100 | 0048 8386 | c001 0000 | 0148 3b02 

  0x000001df6b368d4c: ;   {metadata(method data for {method} {0x000001df02010ed0} 'defineClassSourceLocation' '(Ljava/security/ProtectionDomain;)Ljava/lang/String;' in 'java/lang/ClassLoader')}
  0x000001df6b368d4c: 4c8b c248 | be90 9930 | 43df 0100 | 0048 8386 | f801 0000 

  0x000001df6b368d60: ;   {metadata(method data for {method} {0x000001df02069930} 'toString' '()Ljava/lang/String;' in 'java/net/URL')}
  0x000001df6b368d60: 0149 b820 | e82a 43df | 0100 0041 | 8bb0 cc00 | 0000 83c6 | 0241 89b0 | cc00 0000 | 81e6 feff 
  0x000001df6b368d80: 1f00 83fe | 000f 84f0 | 0100 004c 

  0x000001df6b368d8c: ;   {metadata(method data for {method} {0x000001df02069930} 'toString' '()Ljava/lang/String;' in 'java/net/URL')}
  0x000001df6b368d8c: 8bc2 48be | 20e8 2a43 | df01 0000 | 4883 8610 | 0100 0001 

  0x000001df6b368da0: ;   {metadata(method data for {method} {0x000001df0206a1c8} 'toExternalForm' '()Ljava/lang/String;' in 'java/net/URL')}
  0x000001df6b368da0: 49b8 a8e9 | 2a43 df01 | 0000 418b | b0cc 0000 | 0083 c602 | 4189 b0cc | 0000 0081 | e6fe ff1f 
  0x000001df6b368dc0: 0083 fe00 | 0f84 d201 | 0000 8b72 | 3848 3b06 

  0x000001df6b368dd0: ;   {metadata(method data for {method} {0x000001df0206a1c8} 'toExternalForm' '()Ljava/lang/String;' in 'java/net/URL')}
  0x000001df6b368dd0: 4c8b c648 | bfa8 e92a | 43df 0100 | 0045 8b40 | 0849 ba00 | 0000 02df | 0100 004d | 03c2 4c3b 
  0x000001df6b368df0: 8720 0100 | 0075 0d48 | 8387 2801 | 0000 01e9 | 6600 0000 | 4c3b 8730 | 0100 0075 | 0d48 8387 
  0x000001df6b368e10: 3801 0000 | 01e9 5000 | 0000 4881 | bf20 0100 | 0000 0000 | 0075 174c | 8987 2001 | 0000 48c7 
  0x000001df6b368e30: 8728 0100 | 0001 0000 | 00e9 2c00 | 0000 4881 | bf30 0100 | 0000 0000 | 0075 174c | 8987 3001 
  0x000001df6b368e50: 0000 48c7 | 8738 0100 | 0001 0000 | 00e9 0800 | 0000 4883 | 8710 0100 | 0001 4c8b | c248 8bd6 
  0x000001df6b368e70: 0f1f 8000 

  0x000001df6b368e74: ;   {optimized virtual_call}
  0x000001df6b368e74: 0000 00e8 

  0x000001df6b368e78: ; ImmutableOopMap {[120]=Oop [136]=Oop [128]=Oop [152]=Oop }
                      ;*invokevirtual toExternalForm {reexecute=0 rethrow=0 return_oop=0}
                      ; - java.net.URL::toExternalForm@5 (line 1039)
                      ; - java.net.URL::toString@1 (line 1025)
                      ; - java.lang.ClassLoader::defineClassSourceLocation@22 (line 917)
                      ; - java.lang.ClassLoader::defineClass@12 (line 1016)
  0x000001df6b368e78: 4424 fbff | 488b d848 | 8b84 2498 | 0000 008b | b424 9400 | 0000 8bbc | 2490 0000 | 004c 8b8c 
  0x000001df6b368e98: 2488 0000 | 004c 8b84 | 2480 0000 | 0048 8b54 

  0x000001df6b368ea8: ;   {metadata(method data for {method} {0x000001df02010cc0} 'defineClass' '(Ljava/lang/String;[BIILjava/security/ProtectionDomain;)Ljava/lang/Class;' in 'java/lang/ClassLoader')}
  0x000001df6b368ea8: 2478 48b9 | 303f 3043 | df01 0000 | 4883 8180 | 0100 0001 | 4c8b da49 | 8bd3 488b | c848 891c 
  0x000001df6b368ec8: 2466 0f1f 

  0x000001df6b368ecc: ;   {static_call}
  0x000001df6b368ecc: 4400 00e8 

  0x000001df6b368ed0: ; ImmutableOopMap {[152]=Oop [120]=Oop }
                      ;*invokestatic defineClass1 {reexecute=0 rethrow=0 return_oop=0}
                      ; - java.lang.ClassLoader::defineClass@27 (line 1017)
  0x000001df6b368ed0: 6c59 9507 | 488b 5424 

  0x000001df6b368ed8: ;   {metadata(method data for {method} {0x000001df02010cc0} 'defineClass' '(Ljava/lang/String;[BIILjava/security/ProtectionDomain;)Ljava/lang/Class;' in 'java/lang/ClassLoader')}
  0x000001df6b368ed8: 7849 b830 | 3f30 43df | 0100 0049 | 8380 9001 | 0000 014c | 8bc0 4c8b | 8c24 9800 | 0000 488b 
  0x000001df6b368ef8: 5424 7848 | 8984 24a0 | 0000 000f 

  0x000001df6b368f04: ;   {optimized virtual_call}
  0x000001df6b368f04: 1f40 00e8 

  0x000001df6b368f08: ; ImmutableOopMap {[160]=Oop }
                      ;*invokevirtual postDefineClass {reexecute=0 rethrow=0 return_oop=0}
                      ; - java.lang.ClassLoader::defineClass@37 (line 1018)
  0x000001df6b368f08: 1445 feff | 488b 8424 | a000 0000 | 4881 c4b0 | 0000 005d 

  0x000001df6b368f1c: ;   {poll_return}
  0x000001df6b368f1c: 493b a750 | 0300 000f | 8799 0000 

  0x000001df6b368f28: ;   {metadata({method} {0x000001df02010cc0} 'defineClass' '(Ljava/lang/String;[BIILjava/security/ProtectionDomain;)Ljava/lang/Class;' in 'java/lang/ClassLoader')}
  0x000001df6b368f28: 00c3 49ba | b80c 0102 | df01 0000 | 4c89 5424 | 0848 c704 | 24ff ffff 

  0x000001df6b368f40: ;   {runtime_call counter_overflow Runtime1 stub}
  0x000001df6b368f40: ffe8 ba35 

  0x000001df6b368f44: ; ImmutableOopMap {rdx=Oop [120]=Oop r8=Oop r9=Oop rcx=Oop }
                      ;*synchronization entry
                      ; - java.lang.ClassLoader::defineClass@-1 (line 1015)
  0x000001df6b368f44: 4707 e991 

  0x000001df6b368f48: ;   {metadata({method} {0x000001df02010ed0} 'defineClassSourceLocation' '(Ljava/security/ProtectionDomain;)Ljava/lang/String;' in 'java/lang/ClassLoader')}
  0x000001df6b368f48: fcff ff49 | bac8 0e01 | 02df 0100 | 004c 8954 | 2408 48c7 | 0424 ffff 

  0x000001df6b368f60: ;   {runtime_call counter_overflow Runtime1 stub}
  0x000001df6b368f60: ffff e899 

  0x000001df6b368f64: ; ImmutableOopMap {[120]=Oop [136]=Oop [128]=Oop rax=Oop [152]=Oop }
                      ;*synchronization entry
                      ; - java.lang.ClassLoader::defineClassSourceLocation@-1 (line 914)
                      ; - java.lang.ClassLoader::defineClass@12 (line 1016)
  0x000001df6b368f64: 3547 07e9 | 01fd ffff 

  0x000001df6b368f6c: ;   {runtime_call throw_null_pointer_exception Runtime1 stub}
  0x000001df6b368f6c: e82f 053e 

  0x000001df6b368f70: ; ImmutableOopMap {[120]=Oop [136]=Oop [128]=Oop rax=Oop [152]=Oop }
                      ;*invokevirtual getCodeSource {reexecute=0 rethrow=0 return_oop=0}
                      ; - java.lang.ClassLoader::defineClassSourceLocation@1 (line 914)
                      ; - java.lang.ClassLoader::defineClass@12 (line 1016)
                      ;   {runtime_call throw_null_pointer_exception Runtime1 stub}
  0x000001df6b368f70: 07e8 2a05 

  0x000001df6b368f74: ; ImmutableOopMap {[120]=Oop [136]=Oop [128]=Oop rax=Oop [152]=Oop r8=Oop }
                      ;*invokevirtual getLocation {reexecute=0 rethrow=0 return_oop=0}
                      ; - java.lang.ClassLoader::defineClassSourceLocation@12 (line 916)
                      ; - java.lang.ClassLoader::defineClass@12 (line 1016)
                      ;   {runtime_call throw_null_pointer_exception Runtime1 stub}
  0x000001df6b368f74: 3e07 e825 

  0x000001df6b368f78: ; ImmutableOopMap {[120]=Oop [136]=Oop [128]=Oop [152]=Oop rdx=Oop }
                      ;*invokevirtual toString {reexecute=0 rethrow=0 return_oop=0}
                      ; - java.lang.ClassLoader::defineClassSourceLocation@22 (line 917)
                      ; - java.lang.ClassLoader::defineClass@12 (line 1016)
                      ;   {metadata({method} {0x000001df02069930} 'toString' '()Ljava/lang/String;' in 'java/net/URL')}
  0x000001df6b368f78: 053e 0749 | ba28 9906 | 02df 0100 | 004c 8954 | 2408 48c7 | 0424 ffff 

  0x000001df6b368f90: ;   {runtime_call counter_overflow Runtime1 stub}
  0x000001df6b368f90: ffff e869 

  0x000001df6b368f94: ; ImmutableOopMap {[120]=Oop [136]=Oop [128]=Oop [152]=Oop rdx=Oop }
                      ;*synchronization entry
                      ; - java.net.URL::toString@-1 (line 1025)
                      ; - java.lang.ClassLoader::defineClassSourceLocation@22 (line 917)
                      ; - java.lang.ClassLoader::defineClass@12 (line 1016)
  0x000001df6b368f94: 3547 07e9 | effd ffff 

  0x000001df6b368f9c: ;   {metadata({method} {0x000001df0206a1c8} 'toExternalForm' '()Ljava/lang/String;' in 'java/net/URL')}
  0x000001df6b368f9c: 49ba c0a1 | 0602 df01 | 0000 4c89 | 5424 0848 | c704 24ff 

  0x000001df6b368fb0: ;   {runtime_call counter_overflow Runtime1 stub}
  0x000001df6b368fb0: ffff ffe8 

  0x000001df6b368fb4: ; ImmutableOopMap {[120]=Oop [136]=Oop [128]=Oop [152]=Oop rdx=Oop }
                      ;*synchronization entry
                      ; - java.net.URL::toExternalForm@-1 (line 1039)
                      ; - java.net.URL::toString@1 (line 1025)
                      ; - java.lang.ClassLoader::defineClassSourceLocation@22 (line 917)
                      ; - java.lang.ClassLoader::defineClass@12 (line 1016)
  0x000001df6b368fb4: 4835 4707 | e90d feff 

  0x000001df6b368fbc: ;   {runtime_call throw_null_pointer_exception Runtime1 stub}
  0x000001df6b368fbc: ffe8 de04 

  0x000001df6b368fc0: ; ImmutableOopMap {[120]=Oop [136]=Oop [128]=Oop [152]=Oop rdx=Oop rsi=Oop }
                      ;*invokevirtual toExternalForm {reexecute=0 rethrow=0 return_oop=0}
                      ; - java.net.URL::toExternalForm@5 (line 1039)
                      ; - java.net.URL::toString@1 (line 1025)
                      ; - java.lang.ClassLoader::defineClassSourceLocation@22 (line 917)
                      ; - java.lang.ClassLoader::defineClass@12 (line 1016)
                      ;   {internal_word}
  0x000001df6b368fc0: 3e07 49ba | 1c8f 366b | df01 0000 | 4d89 9768 

  0x000001df6b368fd0: ;   {runtime_call SafepointBlob}
  0x000001df6b368fd0: 0300 00e9 | 28ea 3c07 | 9090 498b | 87e0 0300 | 0049 c787 | e003 0000 | 0000 0000 | 49c7 87e8 
  0x000001df6b368ff0: 0300 0000 | 0000 0048 | 81c4 b000 

  0x000001df6b368ffc: ;   {runtime_call unwind_exception Runtime1 stub}
  0x000001df6b368ffc: 0000 5de9 | 7c13 3e07 | f4f4 f4f4 | f4f4 f4f4 | f4f4 f4f4 | f4f4 f4f4 | f4f4 f4f4 | f4f4 f4f4 
  0x000001df6b36901c: f4f4 f4f4 
[Stub Code]
  0x000001df6b369020: ;   {no_reloc}
  0x000001df6b369020: 0f1f 4400 

  0x000001df6b369024: ;   {static_stub}
  0x000001df6b369024: 0048 bb00 | 0000 0000 

  0x000001df6b36902c: ;   {runtime_call}
  0x000001df6b36902c: 0000 00e9 | fbff ffff 

  0x000001df6b369034: ;   {static_stub}
  0x000001df6b369034: 9048 bb00 | 0000 0000 

  0x000001df6b36903c: ;   {runtime_call}
  0x000001df6b36903c: 0000 00e9 | fbff ffff 

  0x000001df6b369044: ;   {static_stub}
  0x000001df6b369044: 9048 bb00 | 0000 0000 

  0x000001df6b36904c: ;   {runtime_call}
  0x000001df6b36904c: 0000 00e9 | fbff ffff 

  0x000001df6b369054: ;   {static_stub}
  0x000001df6b369054: 9048 bb00 | 0000 0000 

  0x000001df6b36905c: ;   {runtime_call}
  0x000001df6b36905c: 0000 00e9 | fbff ffff 
[Exception Handler]
  0x000001df6b369064: ;   {runtime_call handle_exception_from_callee Runtime1 stub}
  0x000001df6b369064: e817 e63d 

  0x000001df6b369068: ;   {external_word}
  0x000001df6b369068: 0748 b940 | ca16 7dfc | 7f00 0048 

  0x000001df6b369074: ;   {runtime_call}
  0x000001df6b369074: 83e4 f049 | ba00 53df | 7cfc 7f00 | 0041 ffd2 

  0x000001df6b369084: ;   {section_word}
  0x000001df6b369084: f449 ba85 | 9036 6bdf | 0100 0041 

  0x000001df6b369090: ;   {runtime_call DeoptimizationBlob}
  0x000001df6b369090: 52e9 0adc | 3c07 f4f4 
[/MachCode]


Compiled method (c1)   14157  876       3       java.security.SecureClassLoader::defineClass (16 bytes)
 total in heap  [0x000001df6b345a90,0x000001df6b345e80] = 1008
 relocation     [0x000001df6b345be8,0x000001df6b345c30] = 72
 main code      [0x000001df6b345c40,0x000001df6b345d80] = 320
 stub code      [0x000001df6b345d80,0x000001df6b345dd8] = 88
 metadata       [0x000001df6b345dd8,0x000001df6b345de0] = 8
 scopes data    [0x000001df6b345de0,0x000001df6b345e28] = 72
 scopes pcs     [0x000001df6b345e28,0x000001df6b345e78] = 80
 dependencies   [0x000001df6b345e78,0x000001df6b345e80] = 8

[Constant Pool (empty)]

[MachCode]
[Entry Point]
  # {method} {0x000001df02434328} 'defineClass' '(Ljava/lang/String;[BIILjava/security/CodeSource;)Ljava/lang/Class;' in 'java/security/SecureClassLoader'
  # this:     rdx:rdx   = 'java/security/SecureClassLoader'
  # parm0:    r8:r8     = 'java/lang/String'
  # parm1:    r9:r9     = '[B'
  # parm2:    rdi       = int
  # parm3:    rsi       = int
  # parm4:    rcx:rcx   = 'java/security/CodeSource'
  #           [sp+0x80]  (sp of caller)
  0x000001df6b345c40: 448b 5208 | 49bb 0000 | 0002 df01 | 0000 4d03 | d34c 3bd0 

  0x000001df6b345c54: ;   {runtime_call ic_miss_stub}
  0x000001df6b345c54: 0f85 26b4 | 3e07 660f | 1f44 0000 
[Verified Entry Point]
  0x000001df6b345c60: 8984 2400 | 90ff ff55 | 4883 ec70 

  0x000001df6b345c6c: ;   {metadata(method data for {method} {0x000001df02434328} 'defineClass' '(Ljava/lang/String;[BIILjava/security/CodeSource;)Ljava/lang/Class;' in 'java/security/SecureClassLoader')}
  0x000001df6b345c6c: 48bb e001 | 2e43 df01 | 0000 8b83 | cc00 0000 | 83c0 0289 | 83cc 0000 | 0081 e0fe | 0700 0083 
  0x000001df6b345c8c: f800 0f84 | 8b00 0000 | 8974 245c | 897c 2458 | 4c89 4c24 | 504c 8944 | 2448 488b 

  0x000001df6b345ca8: ;   {metadata(method data for {method} {0x000001df02434328} 'defineClass' '(Ljava/lang/String;[BIILjava/security/CodeSource;)Ljava/lang/Class;' in 'java/security/SecureClassLoader')}
  0x000001df6b345ca8: da48 b8e0 | 012e 43df | 0100 0048 | 8380 1001 | 0000 014c | 8bc1 488b | c248 8bd0 | 4889 4424 
  0x000001df6b345cc8: 4066 0f1f 

  0x000001df6b345ccc: ;   {optimized virtual_call}
  0x000001df6b345ccc: 4400 00e8 

  0x000001df6b345cd0: ; ImmutableOopMap {[80]=Oop [64]=Oop [72]=Oop }
                      ;*invokevirtual getProtectionDomain {reexecute=0 rethrow=0 return_oop=0}
                      ; - java.security.SecureClassLoader::defineClass@9 (line 150)
  0x000001df6b345cd0: 4c24 0200 | 488b 5424 

  0x000001df6b345cd8: ;   {metadata(method data for {method} {0x000001df02434328} 'defineClass' '(Ljava/lang/String;[BIILjava/security/CodeSource;)Ljava/lang/Class;' in 'java/security/SecureClassLoader')}
  0x000001df6b345cd8: 4049 b8e0 | 012e 43df | 0100 0049 | 8380 4801 | 0000 014c | 8b44 2448 | 4c8b 4c24 | 508b 7c24 
  0x000001df6b345cf8: 588b 7424 | 5c48 8bc8 | 488b 5424 

  0x000001df6b345d04: ;   {optimized virtual_call}
  0x000001df6b345d04: 4066 90e8 

  0x000001df6b345d08: ; ImmutableOopMap {}
                      ;*invokevirtual defineClass {reexecute=0 rethrow=0 return_oop=0}
                      ; - java.security.SecureClassLoader::defineClass@12 (line 150)
  0x000001df6b345d08: 942e 0200 | 4883 c470 

  0x000001df6b345d10: ;   {poll_return}
  0x000001df6b345d10: 5d49 3ba7 | 5003 0000 | 0f87 2200 

  0x000001df6b345d1c: ;   {metadata({method} {0x000001df02434328} 'defineClass' '(Ljava/lang/String;[BIILjava/security/CodeSource;)Ljava/lang/Class;' in 'java/security/SecureClassLoader')}
  0x000001df6b345d1c: 0000 c349 | ba20 4343 | 02df 0100 | 004c 8954 | 2408 48c7 | 0424 ffff 

  0x000001df6b345d34: ;   {runtime_call counter_overflow Runtime1 stub}
  0x000001df6b345d34: ffff e8c5 

  0x000001df6b345d38: ; ImmutableOopMap {rdx=Oop r8=Oop r9=Oop rcx=Oop }
                      ;*synchronization entry
                      ; - java.security.SecureClassLoader::defineClass@-1 (line 150)
  0x000001df6b345d38: 6749 07e9 | 54ff ffff 

  0x000001df6b345d40: ;   {internal_word}
  0x000001df6b345d40: 49ba 115d | 346b df01 | 0000 4d89 | 9768 0300 

  0x000001df6b345d50: ;   {runtime_call SafepointBlob}
  0x000001df6b345d50: 00e9 aa1c | 3f07 9090 | 498b 87e0 | 0300 0049 | c787 e003 | 0000 0000 | 0000 49c7 | 87e8 0300 
  0x000001df6b345d70: 0000 0000 | 0048 83c4 

  0x000001df6b345d78: ;   {runtime_call unwind_exception Runtime1 stub}
  0x000001df6b345d78: 705d e901 | 4640 07f4 
[Stub Code]
  0x000001df6b345d80: ;   {no_reloc}
  0x000001df6b345d80: 0f1f 4400 

  0x000001df6b345d84: ;   {static_stub}
  0x000001df6b345d84: 0048 bbd0 | 4343 02df 

  0x000001df6b345d8c: ;   {runtime_call I2C/C2I adapters}
  0x000001df6b345d8c: 0100 00e9 | c908 3f07 

  0x000001df6b345d94: ;   {static_stub}
  0x000001df6b345d94: 9048 bbb8 | 0c01 02df 

  0x000001df6b345d9c: ;   {runtime_call I2C/C2I adapters}
  0x000001df6b345d9c: 0100 00e9 | 4719 3e07 
[Exception Handler]
  0x000001df6b345da4: ;   {runtime_call handle_exception_from_callee Runtime1 stub}
  0x000001df6b345da4: e8d7 1840 

  0x000001df6b345da8: ;   {external_word}
  0x000001df6b345da8: 0748 b940 | ca16 7dfc | 7f00 0048 

  0x000001df6b345db4: ;   {runtime_call}
  0x000001df6b345db4: 83e4 f049 | ba00 53df | 7cfc 7f00 | 0041 ffd2 

  0x000001df6b345dc4: ;   {section_word}
  0x000001df6b345dc4: f449 bac5 | 5d34 6bdf | 0100 0041 

  0x000001df6b345dd0: ;   {runtime_call DeoptimizationBlob}
  0x000001df6b345dd0: 52e9 ca0e | 3f07 f4f4 
[/MachCode]


---------------  P R O C E S S  ---------------

Threads class SMR info:
_java_thread_list=0x000001df47bf1a60, length=14, elements={
0x000001df7f17a640, 0x000001df7f17b200, 0x000001df7f197540, 0x000001df7f197f00,
0x000001df7f19c8e0, 0x000001df7f19d2a0, 0x000001df7f19df90, 0x000001df7f303d20,
0x000001df7f3149c0, 0x000001df7f3cc220, 0x000001df7f3d6960, 0x000001df500e2ed0,
0x000001df6369b120, 0x000001df47b85020
}

Java Threads: ( => current thread )
  0x000001df7f17a640 JavaThread "Reference Handler" daemon [_thread_blocked, id=4108, stack(0x000000c8d0300000,0x000000c8d0400000)]
  0x000001df7f17b200 JavaThread "Finalizer" daemon [_thread_blocked, id=7552, stack(0x000000c8d0400000,0x000000c8d0500000)]
  0x000001df7f197540 JavaThread "Signal Dispatcher" daemon [_thread_blocked, id=18188, stack(0x000000c8d0500000,0x000000c8d0600000)]
  0x000001df7f197f00 JavaThread "Attach Listener" daemon [_thread_blocked, id=14004, stack(0x000000c8d0600000,0x000000c8d0700000)]
  0x000001df7f19c8e0 JavaThread "Service Thread" daemon [_thread_blocked, id=6752, stack(0x000000c8d0700000,0x000000c8d0800000)]
  0x000001df7f19d2a0 JavaThread "Monitor Deflation Thread" daemon [_thread_blocked, id=3996, stack(0x000000c8d0800000,0x000000c8d0900000)]
  0x000001df7f19df90 JavaThread "C2 CompilerThread0" daemon [_thread_blocked, id=18296, stack(0x000000c8d0900000,0x000000c8d0a00000)]
  0x000001df7f303d20 JavaThread "C1 CompilerThread0" daemon [_thread_blocked, id=7388, stack(0x000000c8d0a00000,0x000000c8d0b00000)]
  0x000001df7f3149c0 JavaThread "Sweeper thread" daemon [_thread_blocked, id=13236, stack(0x000000c8d0b00000,0x000000c8d0c00000)]
  0x000001df7f3cc220 JavaThread "Notification Thread" daemon [_thread_blocked, id=236, stack(0x000000c8d0c00000,0x000000c8d0d00000)]
  0x000001df7f3d6960 JavaThread "Common-Cleaner" daemon [_thread_blocked, id=5124, stack(0x000000c8d0e00000,0x000000c8d0f00000)]
  0x000001df500e2ed0 JavaThread "client" [_thread_in_native, id=18920, stack(0x000000c8d1300000,0x000000c8d1400000)]
  0x000001df6369b120 JavaThread "DestroyJavaVM" [_thread_blocked, id=17076, stack(0x000000c8cfb00000,0x000000c8cfc00000)]
=>0x000001df47b85020 JavaThread "async0" [_thread_in_vm, id=18480, stack(0x000000c8d1200000,0x000000c8d1300000)]

Other Threads:
  0x000001df7f174ff0 VMThread "VM Thread" [stack: 0x000000c8d0200000,0x000000c8d0300000] [id=3892]
  0x000001df7f3ccb10 WatcherThread [stack: 0x000000c8d0d00000,0x000000c8d0e00000] [id=17480]
  0x000001df636f68e0 GCTaskThread "GC Thread#0" [stack: 0x000000c8cfd00000,0x000000c8cfe00000] [id=11708]
  0x000001df7f950010 GCTaskThread "GC Thread#1" [stack: 0x000000c8d0f00000,0x000000c8d1000000] [id=17524]
  0x000001df7f9f4040 GCTaskThread "GC Thread#2" [stack: 0x000000c8d1000000,0x000000c8d1100000] [id=612]
  0x000001df7fa095d0 GCTaskThread "GC Thread#3" [stack: 0x000000c8d1100000,0x000000c8d1200000] [id=5160]
  0x000001df637074b0 ConcurrentGCThread "G1 Main Marker" [stack: 0x000000c8cfe00000,0x000000c8cff00000] [id=6452]
  0x000001df63707ed0 ConcurrentGCThread "G1 Conc#0" [stack: 0x000000c8cff00000,0x000000c8d0000000] [id=17572]
  0x000001df7f0324c0 ConcurrentGCThread "G1 Refine#0" [stack: 0x000000c8d0000000,0x000000c8d0100000] [id=3916]
  0x000001df7f033050 ConcurrentGCThread "G1 Service" [stack: 0x000000c8d0100000,0x000000c8d0200000] [id=18712]

Threads with active compile tasks:

VM state: not at safepoint (normal execution)

VM Mutex/Monitor currently owned by a thread:  ([mutex/lock_event])
[0x000001df63697430] Metaspace_lock - owner thread: 0x000001df47b85020

Heap address: 0x0000000081c00000, size: 2020 MB, Compressed Oops mode: 32-bit

CDS archive(s) mapped at: [0x000001df02000000-0x000001df02bb0000-0x000001df02bb0000), size 12255232, SharedBaseAddress: 0x000001df02000000, ArchiveRelocationMode: 1.
Compressed class space mapped at: 0x000001df03000000-0x000001df43000000, reserved size: 1073741824
Narrow klass base: 0x000001df02000000, Narrow klass shift: 0, Narrow klass range: 0x100000000

GC Precious Log:
 CPUs: 4 total, 4 available
 Memory: 8077M
 Large Page Support: Disabled
 NUMA Support: Disabled
 Compressed Oops: Enabled (32-bit)
 Heap Region Size: 1M
 Heap Min Capacity: 8M
 Heap Initial Capacity: 128M
 Heap Max Capacity: 2020M
 Pre-touch: Disabled
 Parallel Workers: 4
 Concurrent Workers: 1
 Concurrent Refinement Workers: 4
 Periodic GC: Disabled

Heap:
 garbage-first heap   total 48128K, used 27337K [0x0000000081c00000, 0x0000000100000000)
  region size 1024K, 17 young (17408K), 4 survivors (4096K)
 Metaspace       used 31560K, committed 31808K, reserved 1114112K
  class space    used 3571K, committed 3712K, reserved 1048576K

Heap Regions: E=young(eden), S=young(survivor), O=old, HS=humongous(starts), HC=humongous(continues), CS=collection set, F=free, OA=open archive, CA=closed archive, TAMS=top-at-mark-start (previous, next)
|   0|0x0000000081c00000, 0x0000000081d00000, 0x0000000081d00000|100%|HS|  |TAMS 0x0000000081d00000, 0x0000000081c00000| Complete 
|   1|0x0000000081d00000, 0x0000000081e00000, 0x0000000081e00000|100%|HC|  |TAMS 0x0000000081e00000, 0x0000000081d00000| Complete 
|   2|0x0000000081e00000, 0x0000000081f00000, 0x0000000081f00000|100%|HC|  |TAMS 0x0000000081f00000, 0x0000000081e00000| Complete 
|   3|0x0000000081f00000, 0x0000000082000000, 0x0000000082000000|100%|HC|  |TAMS 0x0000000082000000, 0x0000000081f00000| Complete 
|   4|0x0000000082000000, 0x0000000082100000, 0x0000000082100000|100%| O|  |TAMS 0x0000000082100000, 0x0000000082000000| Untracked 
|   5|0x0000000082100000, 0x0000000082200000, 0x0000000082200000|100%| O|  |TAMS 0x0000000082200000, 0x0000000082100000| Untracked 
|   6|0x0000000082200000, 0x0000000082300000, 0x0000000082300000|100%| O|  |TAMS 0x0000000082200000, 0x0000000082200000| Untracked 
|   7|0x0000000082300000, 0x0000000082400000, 0x0000000082400000|100%| O|  |TAMS 0x0000000082400000, 0x0000000082300000| Untracked 
|   8|0x0000000082400000, 0x0000000082500000, 0x0000000082500000|100%| O|  |TAMS 0x0000000082500000, 0x0000000082400000| Untracked 
|   9|0x0000000082500000, 0x0000000082534400, 0x0000000082600000| 20%| O|  |TAMS 0x0000000082534400, 0x0000000082500000| Untracked 
|  10|0x0000000082600000, 0x0000000082700000, 0x0000000082700000|100%| O|  |TAMS 0x0000000082600000, 0x0000000082600000| Untracked 
|  11|0x0000000082700000, 0x000000008277e000, 0x0000000082800000| 49%| O|  |TAMS 0x0000000082700000, 0x0000000082700000| Untracked 
|  12|0x0000000082800000, 0x0000000082800000, 0x0000000082900000|  0%| F|  |TAMS 0x0000000082800000, 0x0000000082800000| Untracked 
|  13|0x0000000082900000, 0x0000000082900000, 0x0000000082a00000|  0%| F|  |TAMS 0x0000000082900000, 0x0000000082900000| Untracked 
|  14|0x0000000082a00000, 0x0000000082a00000, 0x0000000082b00000|  0%| F|  |TAMS 0x0000000082a00000, 0x0000000082a00000| Untracked 
|  15|0x0000000082b00000, 0x0000000082c00000, 0x0000000082c00000|100%| S|CS|TAMS 0x0000000082b00000, 0x0000000082b00000| Complete 
|  16|0x0000000082c00000, 0x0000000082d00000, 0x0000000082d00000|100%| S|CS|TAMS 0x0000000082c00000, 0x0000000082c00000| Complete 
|  17|0x0000000082d00000, 0x0000000082e00000, 0x0000000082e00000|100%| S|CS|TAMS 0x0000000082d00000, 0x0000000082d00000| Complete 
|  18|0x0000000082e00000, 0x0000000082f00000, 0x0000000082f00000|100%| S|CS|TAMS 0x0000000082e00000, 0x0000000082e00000| Complete 
|  19|0x0000000082f00000, 0x0000000082f00000, 0x0000000083000000|  0%| F|  |TAMS 0x0000000082f00000, 0x0000000082f00000| Untracked 
|  20|0x0000000083000000, 0x0000000083000000, 0x0000000083100000|  0%| F|  |TAMS 0x0000000083000000, 0x0000000083000000| Untracked 
|  21|0x0000000083100000, 0x0000000083100000, 0x0000000083200000|  0%| F|  |TAMS 0x0000000083100000, 0x0000000083100000| Untracked 
|  22|0x0000000083200000, 0x0000000083200000, 0x0000000083300000|  0%| F|  |TAMS 0x0000000083200000, 0x0000000083200000| Untracked 
|  23|0x0000000083300000, 0x0000000083300000, 0x0000000083400000|  0%| F|  |TAMS 0x0000000083300000, 0x0000000083300000| Untracked 
|  24|0x0000000083400000, 0x0000000083400000, 0x0000000083500000|  0%| F|  |TAMS 0x0000000083400000, 0x0000000083400000| Untracked 
|  25|0x0000000083500000, 0x0000000083500000, 0x0000000083600000|  0%| F|  |TAMS 0x0000000083500000, 0x0000000083500000| Untracked 
|  26|0x0000000083600000, 0x0000000083600000, 0x0000000083700000|  0%| F|  |TAMS 0x0000000083600000, 0x0000000083600000| Untracked 
|  27|0x0000000083700000, 0x0000000083700000, 0x0000000083800000|  0%| F|  |TAMS 0x0000000083700000, 0x0000000083700000| Untracked 
|  28|0x0000000083800000, 0x0000000083800000, 0x0000000083900000|  0%| F|  |TAMS 0x0000000083800000, 0x0000000083800000| Untracked 
|  29|0x0000000083900000, 0x0000000083900000, 0x0000000083a00000|  0%| F|  |TAMS 0x0000000083900000, 0x0000000083900000| Untracked 
|  30|0x0000000083a00000, 0x0000000083a00000, 0x0000000083b00000|  0%| F|  |TAMS 0x0000000083a00000, 0x0000000083a00000| Untracked 
|  31|0x0000000083b00000, 0x0000000083b00000, 0x0000000083c00000|  0%| F|  |TAMS 0x0000000083b00000, 0x0000000083b00000| Untracked 
|  32|0x0000000083c00000, 0x0000000083c00000, 0x0000000083d00000|  0%| F|  |TAMS 0x0000000083c00000, 0x0000000083c00000| Untracked 
|  33|0x0000000083d00000, 0x0000000083d00000, 0x0000000083e00000|  0%| F|  |TAMS 0x0000000083d00000, 0x0000000083d00000| Untracked 
|  34|0x0000000083e00000, 0x0000000083ee6f28, 0x0000000083f00000| 90%| E|  |TAMS 0x0000000083e00000, 0x0000000083e00000| Complete 
|  35|0x0000000083f00000, 0x0000000084000000, 0x0000000084000000|100%| E|CS|TAMS 0x0000000083f00000, 0x0000000083f00000| Complete 
|  36|0x0000000084000000, 0x0000000084100000, 0x0000000084100000|100%| E|CS|TAMS 0x0000000084000000, 0x0000000084000000| Complete 
|  37|0x0000000084100000, 0x0000000084200000, 0x0000000084200000|100%| E|CS|TAMS 0x0000000084100000, 0x0000000084100000| Complete 
|  38|0x0000000084200000, 0x0000000084300000, 0x0000000084300000|100%| E|CS|TAMS 0x0000000084200000, 0x0000000084200000| Complete 
|  39|0x0000000084300000, 0x0000000084400000, 0x0000000084400000|100%| E|CS|TAMS 0x0000000084300000, 0x0000000084300000| Complete 
|  40|0x0000000084400000, 0x0000000084500000, 0x0000000084500000|100%| E|CS|TAMS 0x0000000084400000, 0x0000000084400000| Complete 
|  41|0x0000000084500000, 0x0000000084600000, 0x0000000084600000|100%| E|CS|TAMS 0x0000000084500000, 0x0000000084500000| Complete 
| 107|0x0000000088700000, 0x0000000088800000, 0x0000000088800000|100%| E|CS|TAMS 0x0000000088700000, 0x0000000088700000| Complete 
| 108|0x0000000088800000, 0x0000000088900000, 0x0000000088900000|100%| E|CS|TAMS 0x0000000088800000, 0x0000000088800000| Complete 
| 109|0x0000000088900000, 0x0000000088a00000, 0x0000000088a00000|100%| E|CS|TAMS 0x0000000088900000, 0x0000000088900000| Complete 
| 110|0x0000000088a00000, 0x0000000088b00000, 0x0000000088b00000|100%| E|CS|TAMS 0x0000000088a00000, 0x0000000088a00000| Complete 
| 127|0x0000000089b00000, 0x0000000089c00000, 0x0000000089c00000|100%| E|CS|TAMS 0x0000000089b00000, 0x0000000089b00000| Complete 

Card table byte_map: [0x000001df7a5b0000,0x000001df7a9b0000] _byte_map_base: 0x000001df7a1a2000

Marking Bits (Prev, Next): (CMBitMap*) 0x000001df636f6f40, (CMBitMap*) 0x000001df636f6f00
 Prev Bits: [0x000001df7cd40000, 0x000001df7ecd0000)
 Next Bits: [0x000001df7adb0000, 0x000001df7cd40000)

Polling page: 0x000001df61660000

Metaspace:

Usage:
  Non-class:     27.33 MB used.
      Class:      3.49 MB used.
       Both:     30.82 MB used.

Virtual space:
  Non-class space:       64.00 MB reserved,      27.44 MB ( 43%) committed,  1 nodes.
      Class space:        1.00 GB reserved,       3.62 MB ( <1%) committed,  1 nodes.
             Both:        1.06 GB reserved,      31.06 MB (  3%) committed. 

Chunk freelists:
   Non-Class:  4.23 MB
       Class:  12.34 MB
        Both:  16.58 MB

MaxMetaspaceSize: unlimited
CompressedClassSpaceSize: 1.00 GB
Initial GC threshold: 21.00 MB
Current GC threshold: 35.12 MB
CDS: on
MetaspaceReclaimPolicy: balanced
 - commit_granule_bytes: 65536.
 - commit_granule_words: 8192.
 - virtual_space_node_default_size: 8388608.
 - enlarge_chunks_in_place: 1.
 - new_chunks_are_fully_committed: 0.
 - uncommit_free_chunks: 1.
 - use_allocation_guard: 0.
 - handle_deallocations: 1.


Internal statistics:

num_allocs_failed_limit: 3.
num_arena_births: 210.
num_arena_deaths: 0.
num_vsnodes_births: 2.
num_vsnodes_deaths: 0.
num_space_committed: 497.
num_space_uncommitted: 0.
num_chunks_returned_to_freelist: 3.
num_chunks_taken_from_freelist: 1207.
num_chunk_merges: 3.
num_chunk_splits: 955.
num_chunks_enlarged: 832.
num_inconsistent_stats: 0.

CodeHeap 'non-profiled nmethods': size=120000Kb used=1305Kb max_used=1305Kb free=118694Kb
 bounds [0x000001df72c80000, 0x000001df72ef0000, 0x000001df7a1b0000]
CodeHeap 'profiled nmethods': size=120000Kb used=5806Kb max_used=5806Kb free=114193Kb
 bounds [0x000001df6b1b0000, 0x000001df6b760000, 0x000001df726e0000]
CodeHeap 'non-nmethods': size=5760Kb used=1296Kb max_used=1358Kb free=4463Kb
 bounds [0x000001df726e0000, 0x000001df72950000, 0x000001df72c80000]
 total_blobs=3503 nmethods=2882 adapters=533
 compilation: enabled
              stopped_count=0, restarted_count=0
 full_count=0

Compilation events (20 events):
Event: 13.696 Thread 0x000001df7f303d20 2874 %     3       org.sqlite.SQLiteJDBCLoader::contentsEquals @ 37 (78 bytes)
Event: 13.697 Thread 0x000001df7f303d20 nmethod 2874% 0x000001df6b756f90 code [0x000001df6b7571c0, 0x000001df6b757c98]
Event: 13.697 Thread 0x000001df7f303d20 2875       3       org.sqlite.SQLiteJDBCLoader::contentsEquals (78 bytes)
Event: 13.698 Thread 0x000001df7f303d20 nmethod 2875 0x000001df6b757f90 code [0x000001df6b7581c0, 0x000001df6b758c18]
Event: 13.703 Thread 0x000001df7f19df90 2876 %     4       org.sqlite.SQLiteJDBCLoader::contentsEquals @ 37 (78 bytes)
Event: 13.712 Thread 0x000001df7f19df90 nmethod 2876% 0x000001df72dc5590 code [0x000001df72dc5740, 0x000001df72dc6038]
Event: 13.816 Thread 0x000001df7f303d20 2877       1       java.nio.HeapByteBuffer::isReadOnly (2 bytes)
Event: 13.816 Thread 0x000001df7f303d20 nmethod 2877 0x000001df72dc6390 code [0x000001df72dc6520, 0x000001df72dc65f8]
Event: 13.863 Thread 0x000001df7f303d20 2878       3       java.nio.MappedByteBuffer::limit (6 bytes)
Event: 13.863 Thread 0x000001df7f303d20 nmethod 2878 0x000001df6b758e90 code [0x000001df6b759040, 0x000001df6b759248]
Event: 13.869 Thread 0x000001df7f303d20 2879       3       java.nio.Buffer::flip (20 bytes)
Event: 13.869 Thread 0x000001df7f303d20 nmethod 2879 0x000001df6b759390 code [0x000001df6b759520, 0x000001df6b759638]
Event: 13.871 Thread 0x000001df7f303d20 2880       3       java.nio.ByteBuffer::flip (7 bytes)
Event: 13.871 Thread 0x000001df7f303d20 nmethod 2880 0x000001df6b759710 code [0x000001df6b7598a0, 0x000001df6b759a18]
Event: 13.872 Thread 0x000001df7f303d20 2881       3       java.nio.Buffer::checkScope (16 bytes)
Event: 13.872 Thread 0x000001df7f303d20 nmethod 2881 0x000001df6b759b10 code [0x000001df6b759ce0, 0x000001df6b75a058]
Event: 13.887 Thread 0x000001df7f303d20 2882       3       java.io.BufferedInputStream::fill (203 bytes)
Event: 13.888 Thread 0x000001df7f303d20 nmethod 2882 0x000001df6b75a190 code [0x000001df6b75a400, 0x000001df6b75b068]
Event: 13.889 Thread 0x000001df7f303d20 2883       3       java.io.BufferedInputStream::getInIfOpen (21 bytes)
Event: 13.890 Thread 0x000001df7f303d20 nmethod 2883 0x000001df6b75b410 code [0x000001df6b75b5c0, 0x000001df6b75b7c8]

GC Heap History (10 events):
Event: 3.923 GC heap before
{Heap before GC invocations=0 (full 0):
 garbage-first heap   total 131072K, used 16384K [0x0000000081c00000, 0x0000000100000000)
  region size 1024K, 13 young (13312K), 0 survivors (0K)
 Metaspace       used 4493K, committed 4672K, reserved 1114112K
  class space    used 437K, committed 512K, reserved 1048576K
}
Event: 3.951 GC heap after
{Heap after GC invocations=1 (full 0):
 garbage-first heap   total 131072K, used 8162K [0x0000000081c00000, 0x0000000100000000)
  region size 1024K, 2 young (2048K), 2 survivors (2048K)
 Metaspace       used 4493K, committed 4672K, reserved 1114112K
  class space    used 437K, committed 512K, reserved 1048576K
}
Event: 4.818 GC heap before
{Heap before GC invocations=1 (full 0):
 garbage-first heap   total 131072K, used 20450K [0x0000000081c00000, 0x0000000100000000)
  region size 1024K, 14 young (14336K), 2 survivors (2048K)
 Metaspace       used 8946K, committed 9088K, reserved 1114112K
  class space    used 868K, committed 960K, reserved 1048576K
}
Event: 4.822 GC heap after
{Heap after GC invocations=2 (full 0):
 garbage-first heap   total 131072K, used 8996K [0x0000000081c00000, 0x0000000100000000)
  region size 1024K, 1 young (1024K), 1 survivors (1024K)
 Metaspace       used 8946K, committed 9088K, reserved 1114112K
  class space    used 868K, committed 960K, reserved 1048576K
}
Event: 9.177 GC heap before
{Heap before GC invocations=2 (full 0):
 garbage-first heap   total 131072K, used 38692K [0x0000000081c00000, 0x0000000100000000)
  region size 1024K, 30 young (30720K), 1 survivors (1024K)
 Metaspace       used 17499K, committed 17728K, reserved 1114112K
  class space    used 1914K, committed 1984K, reserved 1048576K
}
Event: 9.182 GC heap after
{Heap after GC invocations=3 (full 0):
 garbage-first heap   total 131072K, used 10488K [0x0000000081c00000, 0x0000000100000000)
  region size 1024K, 3 young (3072K), 3 survivors (3072K)
 Metaspace       used 17499K, committed 17728K, reserved 1114112K
  class space    used 1914K, committed 1984K, reserved 1048576K
}
Event: 10.433 GC heap before
{Heap before GC invocations=3 (full 0):
 garbage-first heap   total 131072K, used 26872K [0x0000000081c00000, 0x0000000100000000)
  region size 1024K, 20 young (20480K), 3 survivors (3072K)
 Metaspace       used 21290K, committed 21504K, reserved 1114112K
  class space    used 2400K, committed 2496K, reserved 1048576K
}
Event: 10.440 GC heap after
{Heap after GC invocations=4 (full 0):
 garbage-first heap   total 131072K, used 12024K [0x0000000081c00000, 0x0000000100000000)
  region size 1024K, 4 young (4096K), 4 survivors (4096K)
 Metaspace       used 21290K, committed 21504K, reserved 1114112K
  class space    used 2400K, committed 2496K, reserved 1048576K
}
Event: 12.250 GC heap before
{Heap before GC invocations=5 (full 0):
 garbage-first heap   total 48128K, used 36600K [0x0000000081c00000, 0x0000000100000000)
  region size 1024K, 28 young (28672K), 4 survivors (4096K)
 Metaspace       used 27934K, committed 28160K, reserved 1114112K
  class space    used 3125K, committed 3264K, reserved 1048576K
}
Event: 12.270 GC heap after
{Heap after GC invocations=6 (full 0):
 garbage-first heap   total 48128K, used 15049K [0x0000000081c00000, 0x0000000100000000)
  region size 1024K, 4 young (4096K), 4 survivors (4096K)
 Metaspace       used 27934K, committed 28160K, reserved 1114112K
  class space    used 3125K, committed 3264K, reserved 1048576K
}

Dll operation events (8 events):
Event: 0.067 Loaded shared library C:\Program Files\Microsoft\jdk-17.0.10.7-hotspot\bin\java.dll
Event: 0.168 Loaded shared library C:\Program Files\Microsoft\jdk-17.0.10.7-hotspot\bin\jsvml.dll
Event: 0.507 Loaded shared library C:\Program Files\Microsoft\jdk-17.0.10.7-hotspot\bin\net.dll
Event: 0.513 Loaded shared library C:\Program Files\Microsoft\jdk-17.0.10.7-hotspot\bin\nio.dll
Event: 0.522 Loaded shared library C:\Program Files\Microsoft\jdk-17.0.10.7-hotspot\bin\zip.dll
Event: 1.087 Loaded shared library C:\Program Files\Microsoft\jdk-17.0.10.7-hotspot\bin\jimage.dll
Event: 8.510 Loaded shared library C:\Program Files\Microsoft\jdk-17.0.10.7-hotspot\bin\verify.dll
Event: 13.896 Loaded shared library C:\Users\PAVILION\AppData\Local\Temp\sqlite-3.41.2.1-2620ce44-9850-4fc1-bcd0-4b59bdc574d9-sqlitejdbc.dll

Deoptimization events (20 events):
Event: 12.303 Thread 0x000001df6369b120 Uncommon trap: trap_request=0xffffff45 fr.pc=0x000001df72d3c074 relative=0x0000000000000254
Event: 12.303 Thread 0x000001df6369b120 Uncommon trap: reason=unstable_if action=reinterpret pc=0x000001df72d3c074 method=java.util.LinkedHashMap.get(Ljava/lang/Object;)Ljava/lang/Object; @ 16 c2
Event: 12.303 Thread 0x000001df6369b120 DEOPT PACKING pc=0x000001df72d3c074 sp=0x000000c8cfbfdd50
Event: 12.303 Thread 0x000001df6369b120 DEOPT UNPACKING pc=0x000001df727369a3 sp=0x000000c8cfbfdcf8 mode 2
Event: 12.342 Thread 0x000001df6369b120 Uncommon trap: trap_request=0xffffff45 fr.pc=0x000001df72d206e4 relative=0x0000000000000064
Event: 12.342 Thread 0x000001df6369b120 Uncommon trap: reason=unstable_if action=reinterpret pc=0x000001df72d206e4 method=java.security.CodeSource.getCertificates()[Ljava/security/cert/Certificate; @ 4 c2
Event: 12.342 Thread 0x000001df6369b120 DEOPT PACKING pc=0x000001df72d206e4 sp=0x000000c8cfbfc360
Event: 12.342 Thread 0x000001df6369b120 DEOPT UNPACKING pc=0x000001df727369a3 sp=0x000000c8cfbfc2e8 mode 2
Event: 12.424 Thread 0x000001df6369b120 DEOPT PACKING pc=0x000001df6b24d280 sp=0x000000c8cfbfd3b0
Event: 12.424 Thread 0x000001df6369b120 DEOPT UNPACKING pc=0x000001df72737143 sp=0x000000c8cfbfc820 mode 0
Event: 12.424 Thread 0x000001df6369b120 DEOPT PACKING pc=0x000001df6b24d280 sp=0x000000c8cfbfd3b0
Event: 12.424 Thread 0x000001df6369b120 DEOPT UNPACKING pc=0x000001df72737143 sp=0x000000c8cfbfc820 mode 0
Event: 12.430 Thread 0x000001df6369b120 DEOPT PACKING pc=0x000001df6b29632d sp=0x000000c8cfbfcca0
Event: 12.430 Thread 0x000001df6369b120 DEOPT UNPACKING pc=0x000001df72737143 sp=0x000000c8cfbfc128 mode 0
Event: 13.714 Thread 0x000001df47b85020 DEOPT PACKING pc=0x000001df6b757b8c sp=0x000000c8d12fdf40
Event: 13.714 Thread 0x000001df47b85020 DEOPT UNPACKING pc=0x000001df72737143 sp=0x000000c8d12fd448 mode 0
Event: 13.892 Thread 0x000001df47b85020 Uncommon trap: trap_request=0xffffff45 fr.pc=0x000001df72dc5dac relative=0x000000000000066c
Event: 13.892 Thread 0x000001df47b85020 Uncommon trap: reason=unstable_if action=reinterpret pc=0x000001df72dc5dac method=org.sqlite.SQLiteJDBCLoader.contentsEquals(Ljava/io/InputStream;Ljava/io/InputStream;)Z @ 39 c2
Event: 13.892 Thread 0x000001df47b85020 DEOPT PACKING pc=0x000001df72dc5dac sp=0x000000c8d12fdf80
Event: 13.892 Thread 0x000001df47b85020 DEOPT UNPACKING pc=0x000001df727369a3 sp=0x000000c8d12fdf48 mode 2

Classes unloaded (0 events):
No events

Classes redefined (0 events):
No events

Internal exceptions (20 events):
Event: 4.782 Thread 0x000001df6369b120 Exception <a 'java/lang/NoSuchMethodError'{0x000000008908b3a0}: 'java.lang.Object java.lang.invoke.DirectMethodHandle$Holder.invokeStatic(java.lang.Object, java.lang.Object, int, java.lang.Object, int)'> (0x000000008908b3a0) 
thrown [s\src\hotspot\share\interpreter\linkResolver.cpp, line 759]
Event: 4.791 Thread 0x000001df6369b120 Exception <a 'java/lang/NoSuchMethodError'{0x00000000890926d0}: 'java.lang.Object java.lang.invoke.DirectMethodHandle$Holder.newInvokeSpecial(java.lang.Object, java.lang.Object, int)'> (0x00000000890926d0) 
thrown [s\src\hotspot\share\interpreter\linkResolver.cpp, line 759]
Event: 4.851 Thread 0x000001df6369b120 Exception <a 'java/lang/NoSuchMethodError'{0x0000000089b4b2a0}: 'void java.lang.invoke.DirectMethodHandle$Holder.invokeSpecial(java.lang.Object, java.lang.Object, java.lang.Object)'> (0x0000000089b4b2a0) 
thrown [s\src\hotspot\share\interpreter\linkResolver.cpp, line 759]
Event: 5.522 Thread 0x000001df6369b120 Exception <a 'java/lang/NoSuchMethodError'{0x0000000089608ee0}: 'void java.lang.invoke.DirectMethodHandle$Holder.invokeStatic(java.lang.Object, java.lang.Object, java.lang.Object, java.lang.Object)'> (0x0000000089608ee0) 
thrown [s\src\hotspot\share\interpreter\linkResolver.cpp, line 759]
Event: 5.656 Thread 0x000001df6369b120 Exception <a 'java/lang/NoSuchMethodError'{0x000000008956f8a0}: 'java.lang.Object java.lang.invoke.DirectMethodHandle$Holder.invokeInterface(java.lang.Object, java.lang.Object)'> (0x000000008956f8a0) 
thrown [s\src\hotspot\share\interpreter\linkResolver.cpp, line 759]
Event: 5.821 Thread 0x000001df6369b120 Exception <a 'java/lang/NoSuchMethodError'{0x000000008939abe8}: 'void java.lang.invoke.DirectMethodHandle$Holder.invokeStaticInit(java.lang.Object, java.lang.Object)'> (0x000000008939abe8) 
thrown [s\src\hotspot\share\interpreter\linkResolver.cpp, line 759]
Event: 6.891 Thread 0x000001df6369b120 Exception <a 'java/lang/NoSuchMethodError'{0x00000000891656d0}: 'int java.lang.invoke.DirectMethodHandle$Holder.invokeVirtual(java.lang.Object, java.lang.Object, java.lang.Object)'> (0x00000000891656d0) 
thrown [s\src\hotspot\share\interpreter\linkResolver.cpp, line 759]
Event: 7.660 Thread 0x000001df6369b120 Exception <a 'java/lang/NoSuchMethodError'{0x0000000088cecb30}: 'void java.lang.invoke.DirectMethodHandle$Holder.invokeVirtual(java.lang.Object, java.lang.Object)'> (0x0000000088cecb30) 
thrown [s\src\hotspot\share\interpreter\linkResolver.cpp, line 759]
Event: 8.271 Thread 0x000001df6369b120 Exception <a 'java/lang/NoSuchMethodError'{0x00000000888b47f8}: 'java.lang.Object java.lang.invoke.Invokers$Holder.invoke_MT(java.lang.Object, java.lang.Object, java.lang.Object)'> (0x00000000888b47f8) 
thrown [s\src\hotspot\share\interpreter\linkResolver.cpp, line 759]
Event: 9.004 Thread 0x000001df6369b120 Exception <a 'java/lang/NoClassDefFoundError'{0x0000000088161a38}: org/slf4j/impl/StaticLoggerBinder> (0x0000000088161a38) 
thrown [s\src\hotspot\share\classfile\systemDictionary.cpp, line 245]
Event: 10.938 Thread 0x000001df6369b120 Implicit null exception at 0x000001df72d20cef to 0x000001df72d20ebc
Event: 11.205 Thread 0x000001df6369b120 Implicit null exception at 0x000001df72cb36e0 to 0x000001df72cb377a
Event: 12.278 Thread 0x000001df6369b120 Exception <a 'java/lang/NoSuchMethodError'{0x0000000089b1bf70}: 'java.lang.Object java.lang.invoke.DirectMethodHandle$Holder.invokeStatic(java.lang.Object, int, java.lang.Object)'> (0x0000000089b1bf70) 
thrown [s\src\hotspot\share\interpreter\linkResolver.cpp, line 759]
Event: 12.925 Thread 0x000001df6369b120 Exception <a 'java/lang/NoSuchMethodError'{0x00000000844d1290}: 'java.lang.Object java.lang.invoke.DirectMethodHandle$Holder.newInvokeSpecial(java.lang.Object, java.lang.Object, java.lang.Object, java.lang.Object, java.lang.Object)'> (0x00000000844d1290) 
thrown [s\src\hotspot\share\interpreter\linkResolver.cpp, line 759]
Event: 12.927 Thread 0x000001df6369b120 Exception <a 'java/lang/IncompatibleClassChangeError'{0x00000000844dec10}: Found class java.lang.Object, but interface was expected> (0x00000000844dec10) 
thrown [s\src\hotspot\share\interpreter\linkResolver.cpp, line 826]
Event: 13.633 Thread 0x000001df47b85020 Exception <a 'sun/nio/fs/WindowsException'{0x0000000083ea15b8}> (0x0000000083ea15b8) 
thrown [s\src\hotspot\share\prims\jni.cpp, line 516]
Event: 13.633 Thread 0x000001df47b85020 Exception <a 'sun/nio/fs/WindowsException'{0x0000000083ea1978}> (0x0000000083ea1978) 
thrown [s\src\hotspot\share\prims\jni.cpp, line 516]
Event: 13.640 Thread 0x000001df47b85020 Exception <a 'sun/nio/fs/WindowsException'{0x0000000083ec4f80}> (0x0000000083ec4f80) 
thrown [s\src\hotspot\share\prims\jni.cpp, line 516]
Event: 13.640 Thread 0x000001df47b85020 Exception <a 'sun/nio/fs/WindowsException'{0x0000000083ec5340}> (0x0000000083ec5340) 
thrown [s\src\hotspot\share\prims\jni.cpp, line 516]
Event: 13.641 Thread 0x000001df47b85020 Exception <a 'sun/nio/fs/WindowsException'{0x0000000083ec65f8}> (0x0000000083ec65f8) 
thrown [s\src\hotspot\share\prims\jni.cpp, line 516]

VM Operations (20 events):
Event: 10.454 Executing VM operation: G1PauseRemark
Event: 10.456 Executing VM operation: G1PauseRemark done
Event: 10.461 Executing VM operation: G1PauseCleanup
Event: 10.461 Executing VM operation: G1PauseCleanup done
Event: 11.268 Executing VM operation: HandshakeAllThreads
Event: 11.268 Executing VM operation: HandshakeAllThreads done
Event: 11.287 Executing VM operation: HandshakeAllThreads
Event: 11.287 Executing VM operation: HandshakeAllThreads done
Event: 11.361 Executing VM operation: HandshakeAllThreads
Event: 11.361 Executing VM operation: HandshakeAllThreads done
Event: 12.237 Executing VM operation: ICBufferFull
Event: 12.237 Executing VM operation: ICBufferFull done
Event: 12.245 Executing VM operation: HandshakeAllThreads
Event: 12.245 Executing VM operation: HandshakeAllThreads done
Event: 12.250 Executing VM operation: G1CollectForAllocation
Event: 12.270 Executing VM operation: G1CollectForAllocation done
Event: 12.332 Executing VM operation: HandshakeAllThreads
Event: 12.332 Executing VM operation: HandshakeAllThreads done
Event: 13.339 Executing VM operation: Cleanup
Event: 13.339 Executing VM operation: Cleanup done

Events (20 events):
Event: 13.623 loading class java/security/GeneralSecurityException done
Event: 13.623 loading class java/security/NoSuchAlgorithmException done
Event: 13.623 loading class java/lang/UnsatisfiedLinkError
Event: 13.624 loading class java/lang/UnsatisfiedLinkError done
Event: 13.626 loading class java/nio/file/Files$2
Event: 13.626 loading class java/nio/file/Files$2 done
Event: 13.637 loading class java/util/UUID$Holder
Event: 13.637 loading class java/util/UUID$Holder done
Event: 13.641 loading class java/nio/file/StandardCopyOption
Event: 13.641 loading class java/nio/file/StandardCopyOption done
Event: 13.642 loading class java/nio/channels/Channels$1
Event: 13.642 loading class java/nio/channels/Channels$1 done
Event: 13.643 loading class sun/nio/ch/Util$BufferCache
Event: 13.643 loading class sun/nio/ch/Util$BufferCache done
Event: 13.643 loading class java/nio/DirectByteBuffer$Deallocator
Event: 13.644 loading class java/nio/DirectByteBuffer$Deallocator done
Event: 13.673 loading class java/io/DeleteOnExitHook
Event: 13.673 loading class java/io/DeleteOnExitHook done
Event: 13.674 loading class java/io/DeleteOnExitHook$1
Event: 13.674 loading class java/io/DeleteOnExitHook$1 done


Dynamic libraries:
0x00007ff7179b0000 - 0x00007ff7179be000 	C:\Program Files\Microsoft\jdk-17.0.10.7-hotspot\bin\java.exe
0x00007ffcd13c0000 - 0x00007ffcd15c9000 	C:\Windows\SYSTEM32\ntdll.dll
0x00007ffccf4b0000 - 0x00007ffccf56e000 	C:\Windows\System32\KERNEL32.DLL
0x00007ffccede0000 - 0x00007ffccf164000 	C:\Windows\System32\KERNELBASE.dll
0x00007ffcce850000 - 0x00007ffcce961000 	C:\Windows\System32\ucrtbase.dll
0x00007ffcacfd0000 - 0x00007ffcacfe7000 	C:\Program Files\Microsoft\jdk-17.0.10.7-hotspot\bin\jli.dll
0x00007ffcd0d20000 - 0x00007ffcd0ecd000 	C:\Windows\System32\USER32.dll
0x00007ffccf170000 - 0x00007ffccf196000 	C:\Windows\System32\win32u.dll
0x00007ffccf8f0000 - 0x00007ffccf91a000 	C:\Windows\System32\GDI32.dll
0x00007ffcce9f0000 - 0x00007ffcceb0f000 	C:\Windows\System32\gdi32full.dll
0x00007ffcceb10000 - 0x00007ffccebad000 	C:\Windows\System32\msvcp_win.dll
0x00007ffcac340000 - 0x00007ffcac35b000 	C:\Program Files\Microsoft\jdk-17.0.10.7-hotspot\bin\VCRUNTIME140.dll
0x00007ffcb25f0000 - 0x00007ffcb2895000 	C:\Windows\WinSxS\amd64_microsoft.windows.common-controls_6595b64144ccf1df_6.0.22000.120_none_9d947278b86cc467\COMCTL32.dll
0x00007ffcd1060000 - 0x00007ffcd1103000 	C:\Windows\System32\msvcrt.dll
0x00007ffccfa10000 - 0x00007ffccfa41000 	C:\Windows\System32\IMM32.DLL
0x00007ffcc93b0000 - 0x00007ffcc93bc000 	C:\Program Files\Microsoft\jdk-17.0.10.7-hotspot\bin\vcruntime140_1.dll
0x00007ffc88720000 - 0x00007ffc887ad000 	C:\Program Files\Microsoft\jdk-17.0.10.7-hotspot\bin\msvcp140.dll
0x00007ffc7c840000 - 0x00007ffc7d4a5000 	C:\Program Files\Microsoft\jdk-17.0.10.7-hotspot\bin\server\jvm.dll
0x00007ffcd12d0000 - 0x00007ffcd137f000 	C:\Windows\System32\ADVAPI32.dll
0x00007ffcd1230000 - 0x00007ffcd12ce000 	C:\Windows\System32\sechost.dll
0x00007ffccf210000 - 0x00007ffccf331000 	C:\Windows\System32\RPCRT4.dll
0x00007ffccd1a0000 - 0x00007ffccd1ed000 	C:\Windows\SYSTEM32\POWRPROF.dll
0x00007ffcc8520000 - 0x00007ffcc8529000 	C:\Windows\SYSTEM32\WSOCK32.dll
0x00007ffccf440000 - 0x00007ffccf4af000 	C:\Windows\System32\WS2_32.dll
0x00007ffcc8bf0000 - 0x00007ffcc8c23000 	C:\Windows\SYSTEM32\WINMM.dll
0x00007ffcc6d30000 - 0x00007ffcc6d3a000 	C:\Windows\SYSTEM32\VERSION.dll
0x00007ffccd290000 - 0x00007ffccd2a3000 	C:\Windows\SYSTEM32\UMPDC.dll
0x00007ffccd9a0000 - 0x00007ffccd9b8000 	C:\Windows\SYSTEM32\kernel.appcore.dll
0x00007ffcc7e80000 - 0x00007ffcc7e8a000 	C:\Program Files\Microsoft\jdk-17.0.10.7-hotspot\bin\jimage.dll
0x00007ffccbd20000 - 0x00007ffccbf41000 	C:\Windows\SYSTEM32\DBGHELP.DLL
0x00007ffcac280000 - 0x00007ffcac2b1000 	C:\Windows\SYSTEM32\dbgcore.DLL
0x00007ffcce970000 - 0x00007ffcce9ef000 	C:\Windows\System32\bcryptPrimitives.dll
0x00007ffcab110000 - 0x00007ffcab135000 	C:\Program Files\Microsoft\jdk-17.0.10.7-hotspot\bin\java.dll
0x00007ffc884a0000 - 0x00007ffc88577000 	C:\Program Files\Microsoft\jdk-17.0.10.7-hotspot\bin\jsvml.dll
0x00007ffccfcd0000 - 0x00007ffcd0495000 	C:\Windows\System32\SHELL32.dll
0x00007ffccc920000 - 0x00007ffccd184000 	C:\Windows\SYSTEM32\windows.storage.dll
0x00007ffccf570000 - 0x00007ffccf8e6000 	C:\Windows\System32\combase.dll
0x00007ffccc7b0000 - 0x00007ffccc917000 	C:\Windows\SYSTEM32\wintypes.dll
0x00007ffccf340000 - 0x00007ffccf42a000 	C:\Windows\System32\SHCORE.dll
0x00007ffcd0ee0000 - 0x00007ffcd0f3d000 	C:\Windows\System32\shlwapi.dll
0x00007ffcce780000 - 0x00007ffcce7a5000 	C:\Windows\SYSTEM32\profapi.dll
0x00007ffca9f20000 - 0x00007ffca9f39000 	C:\Program Files\Microsoft\jdk-17.0.10.7-hotspot\bin\net.dll
0x00007ffcc9410000 - 0x00007ffcc9523000 	C:\Windows\SYSTEM32\WINHTTP.dll
0x00007ffccde50000 - 0x00007ffccdeb7000 	C:\Windows\system32\mswsock.dll
0x00007ffca9c70000 - 0x00007ffca9c86000 	C:\Program Files\Microsoft\jdk-17.0.10.7-hotspot\bin\nio.dll
0x00007ffc96640000 - 0x00007ffc96658000 	C:\Program Files\Microsoft\jdk-17.0.10.7-hotspot\bin\zip.dll
0x00007ffcce0a0000 - 0x00007ffcce0b8000 	C:\Windows\SYSTEM32\CRYPTSP.dll
0x00007ffccd900000 - 0x00007ffccd935000 	C:\Windows\system32\rsaenh.dll
0x00007ffccdf50000 - 0x00007ffccdf7c000 	C:\Windows\SYSTEM32\USERENV.dll
0x00007ffcce220000 - 0x00007ffcce247000 	C:\Windows\SYSTEM32\bcrypt.dll
0x00007ffcce0c0000 - 0x00007ffcce0cc000 	C:\Windows\SYSTEM32\CRYPTBASE.dll
0x00007ffccd440000 - 0x00007ffccd46d000 	C:\Windows\SYSTEM32\IPHLPAPI.DLL
0x00007ffcd0b90000 - 0x00007ffcd0b99000 	C:\Windows\System32\NSI.dll
0x00007ffcc9620000 - 0x00007ffcc9639000 	C:\Windows\SYSTEM32\dhcpcsvc6.DLL
0x00007ffcc9800000 - 0x00007ffcc981e000 	C:\Windows\SYSTEM32\dhcpcsvc.DLL
0x00007ffccd470000 - 0x00007ffccd557000 	C:\Windows\SYSTEM32\DNSAPI.dll
0x00007ffcb4eb0000 - 0x00007ffcb4ec0000 	C:\Program Files\Microsoft\jdk-17.0.10.7-hotspot\bin\verify.dll
0x00007ffc7ab60000 - 0x00007ffc7ac49000 	C:\Users\PAVILION\AppData\Local\Temp\sqlite-3.41.2.1-2620ce44-9850-4fc1-bcd0-4b59bdc574d9-sqlitejdbc.dll

dbghelp: loaded successfully - version: 4.0.5 - missing functions: none
symbol engine: initialized successfully - sym options: 0x614 - pdb path: .;C:\Program Files\Microsoft\jdk-17.0.10.7-hotspot\bin;C:\Windows\SYSTEM32;C:\Windows\WinSxS\amd64_microsoft.windows.common-controls_6595b64144ccf1df_6.0.22000.120_none_9d947278b86cc467;C:\Program Files\Microsoft\jdk-17.0.10.7-hotspot\bin\server;C:\Users\PAVILION\AppData\Local\Temp

VM Arguments:
jvm_args: -DkotlinLanguageServer.version=1.3.13 
java_command: org.javacs.kt.MainKt
java_class_path (initial): c:\Users\PAVILION\AppData\Roaming\Code\User\globalStorage\fwcd.kotlin\langServerInstall\server\lib\server-1.3.13.jar;c:\Users\PAVILION\AppData\Roaming\Code\User\globalStorage\fwcd.kotlin\langServerInstall\server\lib\shared-1.3.13.jar;c:\Users\PAVILION\AppData\Roaming\Code\User\globalStorage\fwcd.kotlin\langServerInstall\server\lib\kotlin-scripting-jvm-host-unshaded-2.1.0.jar;c:\Users\PAVILION\AppData\Roaming\Code\User\globalStorage\fwcd.kotlin\langServerInstall\server\lib\kotlin-scripting-compiler-2.1.0.jar;c:\Users\PAVILION\AppData\Roaming\Code\User\globalStorage\fwcd.kotlin\langServerInstall\server\lib\ktfmt-b5d31d1.jar;c:\Users\PAVILION\AppData\Roaming\Code\User\globalStorage\fwcd.kotlin\langServerInstall\server\lib\kotlin-compiler-2.1.0.jar;c:\Users\PAVILION\AppData\Roaming\Code\User\globalStorage\fwcd.kotlin\langServerInstall\server\lib\exposed-dao-0.37.3.jar;c:\Users\PAVILION\AppData\Roaming\Code\User\globalStorage\fwcd.kotlin\langServerInstall\server\lib\exposed-jdbc-0.37.3.jar;c:\Users\PAVILION\AppData\Roaming\Code\User\globalStorage\fwcd.kotlin\langServerInstall\server\lib\exposed-core-0.37.3.jar;c:\Users\PAVILION\AppData\Roaming\Code\User\globalStorage\fwcd.kotlin\langServerInstall\server\lib\kotlin-scripting-compiler-impl-2.1.0.jar;c:\Users\PAVILION\AppData\Roaming\Code\User\globalStorage\fwcd.kotlin\langServerInstall\server\lib\kotlin-reflect-2.1.0.jar;c:\Users\PAVILION\AppData\Roaming\Code\User\globalStorage\fwcd.kotlin\langServerInstall\server\lib\kotlin-scripting-jvm-2.1.0.jar;c:\Users\PAVILION\AppData\Roaming\Code\User\globalStorage\fwcd.kotlin\langServerInstall\server\lib\kotlin-scripting-common-2.1.0.jar;c:\Users\PAVILION\AppData\Roaming\Code\User\globalStorage\fwcd.kotlin\langServerInstall\server\lib\kotlinx-coroutines-core-jvm-1.6.4.jar;c:\Users\PAVILION\AppData\Roaming\Code\User\globalStorage\fwcd.kotlin\langServerInstall\server\lib\kotlin-stdlib-jdk8-2.1.0.jar;c:\Users\PAVILION\AppData\Roaming\Code\User\globalStorag
Launcher Type: SUN_STANDARD

[Global flags]
     intx CICompilerCount                          = 3                                         {product} {ergonomic}
     uint ConcGCThreads                            = 1                                         {product} {ergonomic}
     uint G1ConcRefinementThreads                  = 4                                         {product} {ergonomic}
   size_t G1HeapRegionSize                         = 1048576                                   {product} {ergonomic}
    uintx GCDrainStackTargetSize                   = 64                                        {product} {ergonomic}
   size_t InitialHeapSize                          = 134217728                                 {product} {ergonomic}
   size_t MarkStackSize                            = 4194304                                   {product} {ergonomic}
   size_t MaxHeapSize                              = 2118123520                                {product} {ergonomic}
   size_t MaxNewSize                               = 1270874112                                {product} {ergonomic}
   size_t MinHeapDeltaBytes                        = 1048576                                   {product} {ergonomic}
   size_t MinHeapSize                              = 8388608                                   {product} {ergonomic}
    uintx NonNMethodCodeHeapSize                   = 5832780                                {pd product} {ergonomic}
    uintx NonProfiledCodeHeapSize                  = 122912730                              {pd product} {ergonomic}
    uintx ProfiledCodeHeapSize                     = 122912730                              {pd product} {ergonomic}
    uintx ReservedCodeCacheSize                    = 251658240                              {pd product} {ergonomic}
     bool SegmentedCodeCache                       = true                                      {product} {ergonomic}
   size_t SoftMaxHeapSize                          = 2118123520                             {manageable} {ergonomic}
     bool UseCompressedClassPointers               = true                           {product lp64_product} {ergonomic}
     bool UseCompressedOops                        = true                           {product lp64_product} {ergonomic}
     bool UseG1GC                                  = true                                      {product} {ergonomic}
     bool UseLargePagesIndividualAllocation        = false                                  {pd product} {ergonomic}

Logging:
Log output configuration:
 #0: stdout all=warning uptime,level,tags
 #1: stderr all=off uptime,level,tags

Environment Variables:
JAVA_HOME=C:\Program Files\Microsoft\jdk-17.0.10.7-hotspot\
CLASSPATH=c:\Users\PAVILION\AppData\Roaming\Code\User\globalStorage\fwcd.kotlin\langServerInstall\server\lib\server-1.3.13.jar;c:\Users\PAVILION\AppData\Roaming\Code\User\globalStorage\fwcd.kotlin\langServerInstall\server\lib\shared-1.3.13.jar;c:\Users\PAVILION\AppData\Roaming\Code\User\globalStorage\fwcd.kotlin\langServerInstall\server\lib\kotlin-scripting-jvm-host-unshaded-2.1.0.jar;c:\Users\PAVILION\AppData\Roaming\Code\User\globalStorage\fwcd.kotlin\langServerInstall\server\lib\kotlin-scripting-compiler-2.1.0.jar;c:\Users\PAVILION\AppData\Roaming\Code\User\globalStorage\fwcd.kotlin\langServerInstall\server\lib\ktfmt-b5d31d1.jar;c:\Users\PAVILION\AppData\Roaming\Code\User\globalStorage\fwcd.kotlin\langServerInstall\server\lib\kotlin-compiler-2.1.0.jar;c:\Users\PAVILION\AppData\Roaming\Code\User\globalStorage\fwcd.kotlin\langServerInstall\server\lib\exposed-dao-0.37.3.jar;c:\Users\PAVILION\AppData\Roaming\Code\User\globalStorage\fwcd.kotlin\langServerInstall\server\lib\exposed-jdbc-0.37.3.jar;c:\Users\PAVILION\AppData\Roaming\Code\User\globalStorage\fwcd.kotlin\langServerInstall\server\lib\exposed-core-0.37.3.jar;c:\Users\PAVILION\AppData\Roaming\Code\User\globalStorage\fwcd.kotlin\langServerInstall\server\lib\kotlin-scripting-compiler-impl-2.1.0.jar;c:\Users\PAVILION\AppData\Roaming\Code\User\globalStorage\fwcd.kotlin\langServerInstall\server\lib\kotlin-reflect-2.1.0.jar;c:\Users\PAVILION\AppData\Roaming\Code\User\globalStorage\fwcd.kotlin\langServerInstall\server\lib\kotlin-scripting-jvm-2.1.0.jar;c:\Users\PAVILION\AppData\Roaming\Code\User\globalStorage\fwcd.kotlin\langServerInstall\server\lib\kotlin-scripting-common-2.1.0.jar;c:\Users\PAVILION\AppData\Roaming\Code\User\globalStorage\fwcd.kotlin\langServerInstall\server\lib\kotlinx-coroutines-core-jvm-1.6.4.jar;c:\Users\PAVILION\AppData\Roaming\Code\User\globalStorage\fwcd.kotlin\langServerInstall\server\lib\kotlin-stdlib-jdk8-2.1.0.jar;c:\Users\PAVILION\AppData\Roaming\Code\User\globalStorage\fwcd.kotlin\langServerIns
PATH=C:\Program Files\Microsoft\jdk-17.0.10.7-hotspot\bin;C:\Program Files\Common Files\Oracle\Java\javapath;C:\Program Files\Microsoft\jdk-11.0.20.8-hotspot\bin;C:\Program Files\Python311\Scripts\;C:\Program Files\Python311\;C:\Windows\system32;C:\Windows;C:\Windows\System32\Wbem;C:\Windows\System32\WindowsPowerShell\v1.0\;C:\Windows\System32\OpenSSH\;C:\Program Files\Git\cmd;C:\Program Files\dotnet\;C:\Program Files\Odoo 15.0e.20220315\python;C:\Program Files\Odoo 15.0e.20220315\PostgreSQL\bin;C:\Users\PAVILION\AppData\Roaming\npm;C:\Users\PAVILION\EspaceDev\Pro-Project\Logic Habit\Backend - Django\env\Scripts\celery;C:\EspaceDev\JobScraper\.env\Scripts;D:\Tools\android_sdk\platform-tools;C:\ProgramData\chocolatey\bin;C:\Users\PAVILION\Downloads\v1.1.11\coreybutler-nvm-windows-3f0dba1;C:\Users\PAVILION\AppData\Roaming\nvm;C:\Program Files\nodejs;E:\Program\Redis\;C:\Users\PAVILION\AppData\Local\Programs\Microsoft VS Code\bin;C:\Users\PAVILION\AppData\Roaming\npm;C:\Users\PAVILION\AppData\Roaming\nvm;C:\Program Files\nodejs;D:\Tools\android_sdk\platform-tools;D:\Tools\android_sdk\cmdline-tools\latest\bin;
USERNAME=PAVILION
OS=Windows_NT
PROCESSOR_IDENTIFIER=Intel64 Family 6 Model 142 Stepping 9, GenuineIntel
TMP=C:\Users\PAVILION\AppData\Local\Temp
TEMP=C:\Users\PAVILION\AppData\Local\Temp



Periodic native trim disabled


---------------  S Y S T E M  ---------------

OS:
 Windows 11 , 64 bit Build 22000 (10.0.22000.2124)
OS uptime: 0 days 9:09 hours

CPU: total 4 (initial active 4) (2 cores per cpu, 2 threads per core) family 6 model 142 stepping 9 microcode 0xde, cx8, cmov, fxsr, ht, mmx, 3dnowpref, sse, sse2, sse3, ssse3, sse4.1, sse4.2, popcnt, lzcnt, tsc, tscinvbit, avx, avx2, aes, erms, clmul, bmi1, bmi2, adx, fma, vzeroupper, clflush, clflushopt
Processor Information for all 4 processors :
  Max Mhz: 2904, Current Mhz: 2703, Mhz Limit: 2700

Memory: 4k page, system-wide physical 8077M (521M free)
TotalPageFile size 12567M (AvailPageFile size 127M)
current process WorkingSet (physical memory assigned to process): 149M, peak: 153M
current process commit charge ("private bytes"): 185M, peak: 257M

vm_info: OpenJDK 64-Bit Server VM (17.0.10+7-LTS) for windows-amd64 JRE (17.0.10+7-LTS), built on Jan 10 2024 19:47:12 by "MicrosoftCorporation" with MS VC++ 16.10 / 16.11 (VS2019)

END.
