#
# There is insufficient memory for the Java Runtime Environment to continue.
# Native memory allocation (mmap) failed to map 212860928 bytes for G1 virtual space
# Possible reasons:
#   The system is out of physical RAM or swap space
#   The process is running with CompressedOops enabled, and the Java Heap may be blocking the growth of the native heap
# Possible solutions:
#   Reduce memory load on the system
#   Increase physical memory or swap space
#   Check if swap backing store is full
#   Decrease Java heap size (-Xmx/-Xms)
#   Decrease number of Java threads
#   Decrease Java thread stack sizes (-Xss)
#   Set larger code cache with -XX:ReservedCodeCacheSize=
#   JVM is running with Unscaled Compressed Oops mode in which the Java heap is
#     placed in the first 4GB address space. The Java Heap base address is the
#     maximum limit for the native heap growth. Please use -XX:HeapBaseMinAddress
#     to set the Java Heap base and to place the Java Heap above 4GB virtual address.
# This output file may be truncated or incomplete.
#
#  Out of Memory Error (os_windows.cpp:3613), pid=11300, tid=12388
#
# JRE version: OpenJDK Runtime Environment Microsoft-8902769 (17.0.10+7) (build 17.0.10+7-LTS)
# Java VM: OpenJDK 64-Bit Server VM Microsoft-8902769 (17.0.10+7-LTS, mixed mode, sharing, tiered, compressed oops, compressed class ptrs, g1 gc, windows-amd64)
# No core dump will be written. Minidumps are not enabled by default on client versions of Windows
#

---------------  S U M M A R Y ------------

Command Line: --add-opens=java.base/java.lang=ALL-UNNAMED --add-opens=java.base/java.lang.invoke=ALL-UNNAMED --add-opens=java.base/java.util=ALL-UNNAMED --add-opens=java.prefs/java.util.prefs=ALL-UNNAMED --add-exports=jdk.compiler/com.sun.tools.javac.api=ALL-UNNAMED --add-exports=jdk.compiler/com.sun.tools.javac.util=ALL-UNNAMED --add-opens=java.base/java.util=ALL-UNNAMED --add-opens=java.prefs/java.util.prefs=ALL-UNNAMED --add-opens=java.base/java.nio.charset=ALL-UNNAMED --add-opens=java.base/java.net=ALL-UNNAMED --add-opens=java.base/java.util.concurrent.atomic=ALL-UNNAMED --add-opens=java.xml/javax.xml.namespace=ALL-UNNAMED -XX:MaxMetaspaceSize=512m -Xmx2048m -Dfile.encoding=windows-1252 -Duser.country=US -Duser.language=en -Duser.variant -javaagent:C:\Users\PAVILION\.gradle\wrapper\dists\gradle-8.13-bin\5xuhj0ry160q40clulazy9h7d\gradle-8.13\lib\agents\gradle-instrumentation-agent-8.13.jar org.gradle.launcher.daemon.bootstrap.GradleDaemon 8.13

Host: Intel(R) Core(TM) i7-7500U CPU @ 2.70GHz, 4 cores, 7G,  Windows 11 , 64 bit Build 22000 (10.0.22000.2124)
Time: Mon Jul 28 20:28:46 2025 Egypt Daylight Time elapsed time: 26.376748 seconds (0d 0h 0m 26s)

---------------  T H R E A D  ---------------

Current thread (0x000001f97d0b06b0):  VMThread "VM Thread" [stack: 0x0000008a2ec00000,0x0000008a2ed00000] [id=12388]

Stack: [0x0000008a2ec00000,0x0000008a2ed00000]
Native frames: (J=compiled Java code, j=interpreted, Vv=VM code, C=native code)
V  [jvm.dll+0x67f829]
V  [jvm.dll+0x83750a]
V  [jvm.dll+0x838fce]
V  [jvm.dll+0x839633]
V  [jvm.dll+0x247cbf]
V  [jvm.dll+0x67c669]
V  [jvm.dll+0x6710da]
V  [jvm.dll+0x309b8b]
V  [jvm.dll+0x311036]
V  [jvm.dll+0x360d5e]
V  [jvm.dll+0x360f8f]
V  [jvm.dll+0x2e0798]
V  [jvm.dll+0x2de974]
V  [jvm.dll+0x2ddf7c]
V  [jvm.dll+0x32200b]
V  [jvm.dll+0x83db2b]
V  [jvm.dll+0x83e871]
V  [jvm.dll+0x83ed8d]
V  [jvm.dll+0x83f164]
V  [jvm.dll+0x83f230]
V  [jvm.dll+0x7e69da]
V  [jvm.dll+0x67e715]
C  [ucrtbase.dll+0x26c0c]
C  [KERNEL32.DLL+0x155a0]
C  [ntdll.dll+0x485b]

VM_Operation (0x0000008a302f42a0): G1CollectForAllocation, mode: safepoint, requested by thread 0x000001f97f2774c0


---------------  P R O C E S S  ---------------

Threads class SMR info:
_java_thread_list=0x000001f97e4e7e30, length=92, elements={
0x000001f95f5c6a30, 0x000001f97d0b6420, 0x000001f97d0b6ef0, 0x000001f97d0cdf50,
0x000001f97d0ce820, 0x000001f97d0d3110, 0x000001f97d0d59f0, 0x000001f97d0d65f0,
0x000001f97d318070, 0x000001f97d0fe450, 0x000001f97d3f2360, 0x000001f97d4a7f40,
0x000001f97f35b9b0, 0x000001f97f325380, 0x000001f97f2ec900, 0x000001f97ef9dcc0,
0x000001f97ef9e1a0, 0x000001f97f276590, 0x000001f97f2774c0, 0x000001f97f278e10,
0x000001f97f279830, 0x000001f97f276fb0, 0x000001f97f2779d0, 0x000001f97f279d40,
0x000001f97f276aa0, 0x000001f97f2783f0, 0x000001f97f278900, 0x000001f97f279320,
0x000001f9202041a0, 0x000001f9201ff5b0, 0x000001f9202050d0, 0x000001f920206510,
0x000001f9202004e0, 0x000001f920200f00, 0x000001f920203c90, 0x000001f920201e30,
0x000001f920201410, 0x000001f9202055e0, 0x000001f920205af0, 0x000001f9202046b0,
0x000001f920203780, 0x000001f920202340, 0x000001f920206000, 0x000001f920206a20,
0x000001f920206f30, 0x000001f9201ffac0, 0x000001f9201fffd0, 0x000001f920201920,
0x000001f9202009f0, 0x000001f91f9c8ec0, 0x000001f91f9c9df0, 0x000001f91f9ca300,
0x000001f91f9ccb80, 0x000001f91f9c7060, 0x000001f91f9cc160, 0x000001f91f9c93d0,
0x000001f91f9cbc50, 0x000001f91f9cb230, 0x000001f91f9c7570, 0x000001f91f9ce9e0,
0x000001f91f9cad20, 0x000001f91f9c7a80, 0x000001f91f9cb740, 0x000001f91f9c98e0,
0x000001f91f9c84a0, 0x000001f91f9cd090, 0x000001f91f9cc670, 0x000001f91f9cd5a0,
0x000001f91f9c7f90, 0x000001f91f9ce4d0, 0x000001f91f9cdab0, 0x000001f91f9cdfc0,
0x000001f92154df90, 0x000001f92154e4a0, 0x000001f92154f8e0, 0x000001f92154d570,
0x000001f92154da80, 0x000001f92154e9b0, 0x000001f92154eec0, 0x000001f92154fdf0,
0x000001f921550300, 0x000001f92154f3d0, 0x000001f921550810, 0x000001f92154d060,
0x000001f921d493b0, 0x000001f921d498c0, 0x000001f921d49dd0, 0x000001f921d47a60,
0x000001f921d4a2e0, 0x000001f921d48990, 0x000001f921d447c0, 0x000001f920c37b10
}

Java Threads: ( => current thread )
  0x000001f95f5c6a30 JavaThread "main" [_thread_blocked, id=3504, stack(0x0000008a2e600000,0x0000008a2e700000)]
  0x000001f97d0b6420 JavaThread "Reference Handler" daemon [_thread_blocked, id=13436, stack(0x0000008a2ed00000,0x0000008a2ee00000)]
  0x000001f97d0b6ef0 JavaThread "Finalizer" daemon [_thread_blocked, id=5852, stack(0x0000008a2ee00000,0x0000008a2ef00000)]
  0x000001f97d0cdf50 JavaThread "Signal Dispatcher" daemon [_thread_blocked, id=10712, stack(0x0000008a2ef00000,0x0000008a2f000000)]
  0x000001f97d0ce820 JavaThread "Attach Listener" daemon [_thread_blocked, id=12484, stack(0x0000008a2f000000,0x0000008a2f100000)]
  0x000001f97d0d3110 JavaThread "Service Thread" daemon [_thread_blocked, id=12648, stack(0x0000008a2f100000,0x0000008a2f200000)]
  0x000001f97d0d59f0 JavaThread "Monitor Deflation Thread" daemon [_thread_blocked, id=8660, stack(0x0000008a2f200000,0x0000008a2f300000)]
  0x000001f97d0d65f0 JavaThread "C2 CompilerThread0" daemon [_thread_blocked, id=9016, stack(0x0000008a2f300000,0x0000008a2f400000)]
  0x000001f97d318070 JavaThread "C1 CompilerThread0" daemon [_thread_blocked, id=6516, stack(0x0000008a2f400000,0x0000008a2f500000)]
  0x000001f97d0fe450 JavaThread "Sweeper thread" daemon [_thread_blocked, id=13844, stack(0x0000008a2f500000,0x0000008a2f600000)]
  0x000001f97d3f2360 JavaThread "Common-Cleaner" daemon [_thread_blocked, id=15068, stack(0x0000008a2f600000,0x0000008a2f700000)]
  0x000001f97d4a7f40 JavaThread "Notification Thread" daemon [_thread_blocked, id=14852, stack(0x0000008a2f700000,0x0000008a2f800000)]
  0x000001f97f35b9b0 JavaThread "Daemon health stats" [_thread_blocked, id=15036, stack(0x0000008a2fd00000,0x0000008a2fe00000)]
  0x000001f97f325380 JavaThread "Incoming local TCP Connector on port 53583" [_thread_in_native, id=10460, stack(0x0000008a2f900000,0x0000008a2fa00000)]
  0x000001f97f2ec900 JavaThread "Daemon periodic checks" [_thread_blocked, id=14060, stack(0x0000008a2fe00000,0x0000008a2ff00000)]
  0x000001f97ef9dcc0 JavaThread "Daemon" [_thread_blocked, id=7324, stack(0x0000008a2ff00000,0x0000008a30000000)]
  0x000001f97ef9e1a0 JavaThread "Handler for socket connection from /127.0.0.1:53583 to /127.0.0.1:53584" [_thread_in_native, id=13420, stack(0x0000008a30000000,0x0000008a30100000)]
  0x000001f97f276590 JavaThread "Cancel handler" [_thread_blocked, id=3712, stack(0x0000008a30100000,0x0000008a30200000)]
  0x000001f97f2774c0 JavaThread "Daemon worker" [_thread_blocked, id=6616, stack(0x0000008a30200000,0x0000008a30300000)]
  0x000001f97f278e10 JavaThread "Asynchronous log dispatcher for DefaultDaemonConnection: socket connection from /127.0.0.1:53583 to /127.0.0.1:53584" [_thread_blocked, id=10728, stack(0x0000008a30300000,0x0000008a30400000)]
  0x000001f97f279830 JavaThread "Stdin handler" [_thread_blocked, id=3256, stack(0x0000008a30400000,0x0000008a30500000)]
  0x000001f97f276fb0 JavaThread "Daemon client event forwarder" [_thread_blocked, id=8608, stack(0x0000008a30500000,0x0000008a30600000)]
  0x000001f97f2779d0 JavaThread "Cache worker for journal cache (C:\Users\PAVILION\.gradle\caches\journal-1)" [_thread_blocked, id=8108, stack(0x0000008a30600000,0x0000008a30700000)]
  0x000001f97f279d40 JavaThread "File lock request listener" [_thread_in_native, id=3760, stack(0x0000008a30700000,0x0000008a30800000)]
  0x000001f97f276aa0 JavaThread "Cache worker for file hash cache (C:\Users\PAVILION\.gradle\caches\8.13\fileHashes)" [_thread_blocked, id=10928, stack(0x0000008a30800000,0x0000008a30900000)]
  0x000001f97f2783f0 JavaThread "Cache worker for file hash cache (D:\Dev space\Gemma showcase\SmartMoney\android\.gradle\8.13\fileHashes)" [_thread_blocked, id=808, stack(0x0000008a30a00000,0x0000008a30b00000)]
  0x000001f97f278900 JavaThread "Cache worker for Build Output Cleanup Cache (D:\Dev space\Gemma showcase\SmartMoney\android\.gradle\buildOutputCleanup)" [_thread_blocked, id=1108, stack(0x0000008a30b00000,0x0000008a30c00000)]
  0x000001f97f279320 JavaThread "File watcher server" daemon [_thread_in_native, id=9024, stack(0x0000008a30c00000,0x0000008a30d00000)]
  0x000001f9202041a0 JavaThread "File watcher consumer" daemon [_thread_blocked, id=4748, stack(0x0000008a30d00000,0x0000008a30e00000)]
  0x000001f9201ff5b0 JavaThread "jar transforms" [_thread_blocked, id=7044, stack(0x0000008a30f00000,0x0000008a31000000)]
  0x000001f9202050d0 JavaThread "Cache worker for checksums cache (D:\Dev space\Gemma showcase\SmartMoney\android\.gradle\8.13\checksums)" [_thread_blocked, id=12676, stack(0x0000008a31000000,0x0000008a31100000)]
  0x000001f920206510 JavaThread "Cache worker for file content cache (C:\Users\PAVILION\.gradle\caches\8.13\fileContent)" [_thread_blocked, id=6472, stack(0x0000008a31100000,0x0000008a31200000)]
  0x000001f9202004e0 JavaThread "Cache worker for cache directory md-supplier (C:\Users\PAVILION\.gradle\caches\8.13\md-supplier)" [_thread_blocked, id=7484, stack(0x0000008a31200000,0x0000008a31300000)]
  0x000001f920200f00 JavaThread "Cache worker for cache directory md-rule (C:\Users\PAVILION\.gradle\caches\8.13\md-rule)" [_thread_blocked, id=1876, stack(0x0000008a31300000,0x0000008a31400000)]
  0x000001f920203c90 JavaThread "Cache worker for Build Output Cleanup Cache (D:\Dev space\Gemma showcase\SmartMoney\node_modules\@react-native\gradle-plugin\.gradle\buildOutputCleanup)" [_thread_blocked, id=14892, stack(0x0000008a31400000,0x0000008a31500000)]
  0x000001f920201e30 JavaThread "Unconstrained build operations" [_thread_blocked, id=3832, stack(0x0000008a31500000,0x0000008a31600000)]
  0x000001f920201410 JavaThread "Unconstrained build operations Thread 2" [_thread_blocked, id=2016, stack(0x0000008a31600000,0x0000008a31700000)]
  0x000001f9202055e0 JavaThread "Unconstrained build operations Thread 3" [_thread_blocked, id=13076, stack(0x0000008a31700000,0x0000008a31800000)]
  0x000001f920205af0 JavaThread "Unconstrained build operations Thread 4" [_thread_blocked, id=856, stack(0x0000008a31800000,0x0000008a31900000)]
  0x000001f9202046b0 JavaThread "Unconstrained build operations Thread 5" [_thread_blocked, id=14408, stack(0x0000008a31900000,0x0000008a31a00000)]
  0x000001f920203780 JavaThread "Unconstrained build operations Thread 6" [_thread_blocked, id=14948, stack(0x0000008a31a00000,0x0000008a31b00000)]
  0x000001f920202340 JavaThread "Unconstrained build operations Thread 7" [_thread_blocked, id=14780, stack(0x0000008a31b00000,0x0000008a31c00000)]
  0x000001f920206000 JavaThread "Unconstrained build operations Thread 8" [_thread_blocked, id=14888, stack(0x0000008a31c00000,0x0000008a31d00000)]
  0x000001f920206a20 JavaThread "Unconstrained build operations Thread 9" [_thread_blocked, id=13388, stack(0x0000008a31d00000,0x0000008a31e00000)]
  0x000001f920206f30 JavaThread "Unconstrained build operations Thread 10" [_thread_blocked, id=15184, stack(0x0000008a31e00000,0x0000008a31f00000)]
  0x000001f9201ffac0 JavaThread "Unconstrained build operations Thread 11" [_thread_blocked, id=608, stack(0x0000008a31f00000,0x0000008a32000000)]
  0x000001f9201fffd0 JavaThread "Unconstrained build operations Thread 12" [_thread_blocked, id=14936, stack(0x0000008a32000000,0x0000008a32100000)]
  0x000001f920201920 JavaThread "Unconstrained build operations Thread 13" [_thread_blocked, id=9004, stack(0x0000008a32100000,0x0000008a32200000)]
  0x000001f9202009f0 JavaThread "Unconstrained build operations Thread 14" [_thread_blocked, id=5496, stack(0x0000008a32200000,0x0000008a32300000)]
  0x000001f91f9c8ec0 JavaThread "Unconstrained build operations Thread 15" [_thread_blocked, id=7160, stack(0x0000008a32300000,0x0000008a32400000)]
  0x000001f91f9c9df0 JavaThread "build event listener" [_thread_blocked, id=11052, stack(0x0000008a32400000,0x0000008a32500000)]
  0x000001f91f9ca300 JavaThread "Memory manager" [_thread_blocked, id=13768, stack(0x0000008a32500000,0x0000008a32600000)]
  0x000001f91f9ccb80 JavaThread "ForkJoinPool.commonPool-worker-1" daemon [_thread_blocked, id=3928, stack(0x0000008a32600000,0x0000008a32700000)]
  0x000001f91f9c7060 JavaThread "ForkJoinPool.commonPool-worker-2" daemon [_thread_blocked, id=6040, stack(0x0000008a32700000,0x0000008a32800000)]
  0x000001f91f9cc160 JavaThread "ForkJoinPool.commonPool-worker-3" daemon [_thread_blocked, id=4016, stack(0x0000008a32800000,0x0000008a32900000)]
  0x000001f91f9c93d0 JavaThread "Exec process" [_thread_blocked, id=3868, stack(0x0000008a32900000,0x0000008a32a00000)]
  0x000001f91f9cbc50 JavaThread "Exec process Thread 2" [_thread_blocked, id=1684, stack(0x0000008a32a00000,0x0000008a32b00000)]
  0x000001f91f9cb230 JavaThread "Exec process Thread 3" [_thread_blocked, id=10372, stack(0x0000008a32b00000,0x0000008a32c00000)]
  0x000001f91f9c7570 JavaThread "included builds" [_thread_blocked, id=11708, stack(0x0000008a32c00000,0x0000008a32d00000)]
  0x000001f91f9ce9e0 JavaThread "Execution worker" [_thread_blocked, id=9316, stack(0x0000008a32d00000,0x0000008a32e00000)]
  0x000001f91f9cad20 JavaThread "Execution worker Thread 2" [_thread_blocked, id=14048, stack(0x0000008a32e00000,0x0000008a32f00000)]
  0x000001f91f9c7a80 JavaThread "Execution worker Thread 3" [_thread_blocked, id=6920, stack(0x0000008a32f00000,0x0000008a33000000)]
  0x000001f91f9cb740 JavaThread "Cache worker for execution history cache (D:\Dev space\Gemma showcase\SmartMoney\node_modules\@react-native\gradle-plugin\.gradle\8.13\executionHistory)" [_thread_blocked, id=14208, stack(0x0000008a33000000,0x0000008a33100000)]
  0x000001f91f9c98e0 JavaThread "Unconstrained build operations Thread 16" [_thread_blocked, id=9888, stack(0x0000008a30900000,0x0000008a30a00000)]
  0x000001f91f9c84a0 JavaThread "Unconstrained build operations Thread 17" [_thread_blocked, id=14172, stack(0x0000008a33100000,0x0000008a33200000)]
  0x000001f91f9cd090 JavaThread "Unconstrained build operations Thread 18" [_thread_blocked, id=9200, stack(0x0000008a33200000,0x0000008a33300000)]
  0x000001f91f9cc670 JavaThread "Unconstrained build operations Thread 19" [_thread_blocked, id=1956, stack(0x0000008a33300000,0x0000008a33400000)]
  0x000001f91f9cd5a0 JavaThread "Unconstrained build operations Thread 20" [_thread_blocked, id=14884, stack(0x0000008a33400000,0x0000008a33500000)]
  0x000001f91f9c7f90 JavaThread "Unconstrained build operations Thread 21" [_thread_blocked, id=15336, stack(0x0000008a33500000,0x0000008a33600000)]
  0x000001f91f9ce4d0 JavaThread "Unconstrained build operations Thread 22" [_thread_blocked, id=2688, stack(0x0000008a33600000,0x0000008a33700000)]
  0x000001f91f9cdab0 JavaThread "Unconstrained build operations Thread 23" [_thread_blocked, id=5312, stack(0x0000008a33700000,0x0000008a33800000)]
  0x000001f91f9cdfc0 JavaThread "Unconstrained build operations Thread 24" [_thread_blocked, id=12340, stack(0x0000008a33800000,0x0000008a33900000)]
  0x000001f92154df90 JavaThread "Unconstrained build operations Thread 25" [_thread_blocked, id=7668, stack(0x0000008a33900000,0x0000008a33a00000)]
  0x000001f92154e4a0 JavaThread "Unconstrained build operations Thread 26" [_thread_blocked, id=7856, stack(0x0000008a33a00000,0x0000008a33b00000)]
  0x000001f92154f8e0 JavaThread "Unconstrained build operations Thread 27" [_thread_blocked, id=14464, stack(0x0000008a33b00000,0x0000008a33c00000)]
  0x000001f92154d570 JavaThread "Unconstrained build operations Thread 28" [_thread_blocked, id=10708, stack(0x0000008a33c00000,0x0000008a33d00000)]
  0x000001f92154da80 JavaThread "Unconstrained build operations Thread 29" [_thread_blocked, id=14352, stack(0x0000008a33e00000,0x0000008a33f00000)]
  0x000001f92154e9b0 JavaThread "Unconstrained build operations Thread 30" [_thread_blocked, id=14728, stack(0x0000008a33f00000,0x0000008a34000000)]
  0x000001f92154eec0 JavaThread "Unconstrained build operations Thread 31" [_thread_blocked, id=13044, stack(0x0000008a34000000,0x0000008a34100000)]
  0x000001f92154fdf0 JavaThread "Unconstrained build operations Thread 32" [_thread_blocked, id=1000, stack(0x0000008a34100000,0x0000008a34200000)]
  0x000001f921550300 JavaThread "Unconstrained build operations Thread 33" [_thread_blocked, id=7896, stack(0x0000008a34200000,0x0000008a34300000)]
  0x000001f92154f3d0 JavaThread "Unconstrained build operations Thread 34" [_thread_blocked, id=14328, stack(0x0000008a34300000,0x0000008a34400000)]
  0x000001f921550810 JavaThread "Unconstrained build operations Thread 35" [_thread_blocked, id=15080, stack(0x0000008a34400000,0x0000008a34500000)]
  0x000001f92154d060 JavaThread "Unconstrained build operations Thread 36" [_thread_blocked, id=7104, stack(0x0000008a34500000,0x0000008a34600000)]
  0x000001f921d493b0 JavaThread "Unconstrained build operations Thread 37" [_thread_blocked, id=6332, stack(0x0000008a34600000,0x0000008a34700000)]
  0x000001f921d498c0 JavaThread "jar transforms Thread 2" [_thread_blocked, id=8264, stack(0x0000008a34700000,0x0000008a34800000)]
  0x000001f921d49dd0 JavaThread "jar transforms Thread 3" [_thread_blocked, id=12988, stack(0x0000008a34800000,0x0000008a34900000)]
  0x000001f921d47a60 JavaThread "Unconstrained build operations Thread 38" [_thread_blocked, id=6420, stack(0x0000008a34900000,0x0000008a34a00000)]
  0x000001f921d4a2e0 JavaThread "Unconstrained build operations Thread 39" [_thread_blocked, id=14872, stack(0x0000008a34a00000,0x0000008a34b00000)]
  0x000001f921d48990 JavaThread "Unconstrained build operations Thread 40" [_thread_blocked, id=15304, stack(0x0000008a34b00000,0x0000008a34c00000)]
  0x000001f921d447c0 JavaThread "jar transforms Thread 4" [_thread_blocked, id=6208, stack(0x0000008a33d00000,0x0000008a33e00000)]
  0x000001f920c37b10 JavaThread "C2 CompilerThread1" daemon [_thread_blocked, id=5636, stack(0x0000008a34c00000,0x0000008a34d00000)]

Other Threads:
=>0x000001f97d0b06b0 VMThread "VM Thread" [stack: 0x0000008a2ec00000,0x0000008a2ed00000] [id=12388]
  0x000001f95f5c8570 WatcherThread [stack: 0x0000008a2f800000,0x0000008a2f900000] [id=8004]
  0x000001f95f623a90 GCTaskThread "GC Thread#0" [stack: 0x0000008a2e700000,0x0000008a2e800000] [id=8456]
  0x000001f97d576ee0 GCTaskThread "GC Thread#1" [stack: 0x0000008a2fa00000,0x0000008a2fb00000] [id=7336]
  0x000001f97d596300 GCTaskThread "GC Thread#2" [stack: 0x0000008a2fb00000,0x0000008a2fc00000] [id=14380]
  0x000001f97e76bbf0 GCTaskThread "GC Thread#3" [stack: 0x0000008a2fc00000,0x0000008a2fd00000] [id=3004]
  0x000001f95f636d00 ConcurrentGCThread "G1 Main Marker" [stack: 0x0000008a2e800000,0x0000008a2e900000] [id=10892]
  0x000001f95f637790 ConcurrentGCThread "G1 Conc#0" [stack: 0x0000008a2e900000,0x0000008a2ea00000] [id=13864]
  0x000001f97cf74e10 ConcurrentGCThread "G1 Refine#0" [stack: 0x0000008a2ea00000,0x0000008a2eb00000] [id=2288]
  0x000001f91f9af030 ConcurrentGCThread "G1 Refine#1" [stack: 0x0000008a30e00000,0x0000008a30f00000] [id=3544]
  0x000001f97cf75750 ConcurrentGCThread "G1 Service" [stack: 0x0000008a2eb00000,0x0000008a2ec00000] [id=1360]

Threads with active compile tasks:
C2 CompilerThread0    26410 11352   !   4       jdk.internal.loader.Resource::getBytes (244 bytes)
C2 CompilerThread1    26410 11346  s    4       jdk.internal.loader.Resource::cachedInputStream (20 bytes)

VM state: at safepoint (normal execution)

VM Mutex/Monitor currently owned by a thread:  ([mutex/lock_event])
[0x000001f95f5c2110] Threads_lock - owner thread: 0x000001f97d0b06b0
[0x000001f95f5c2b30] Heap_lock - owner thread: 0x000001f97f2774c0

Heap address: 0x0000000080000000, size: 2048 MB, Compressed Oops mode: 32-bit

CDS archive(s) mapped at: [0x000001f900000000-0x000001f900bb0000-0x000001f900bb0000), size 12255232, SharedBaseAddress: 0x000001f900000000, ArchiveRelocationMode: 1.
Compressed class space mapped at: 0x000001f901000000-0x000001f91b000000, reserved size: 436207616
Narrow klass base: 0x000001f900000000, Narrow klass shift: 0, Narrow klass range: 0x100000000

GC Precious Log:
 CPUs: 4 total, 4 available
 Memory: 8077M
 Large Page Support: Disabled
 NUMA Support: Disabled
 Compressed Oops: Enabled (32-bit)
 Heap Region Size: 1M
 Heap Min Capacity: 8M
 Heap Initial Capacity: 128M
 Heap Max Capacity: 2G
 Pre-touch: Disabled
 Parallel Workers: 4
 Concurrent Workers: 1
 Concurrent Refinement Workers: 4
 Periodic GC: Disabled

Heap:
 garbage-first heap   total 167936K, used 94595K [0x0000000080000000, 0x0000000100000000)
  region size 1024K, 1 young (1024K), 1 survivors (1024K)
 Metaspace       used 82190K, committed 83136K, reserved 557056K
  class space    used 11355K, committed 11840K, reserved 425984K

Heap Regions: E=young(eden), S=young(survivor), O=old, HS=humongous(starts), HC=humongous(continues), CS=collection set, F=free, OA=open archive, CA=closed archive, TAMS=top-at-mark-start (previous, next)
|   0|0x0000000080000000, 0x0000000080100000, 0x0000000080100000|100%|HS|  |TAMS 0x0000000080100000, 0x0000000080000000| Complete 
|   1|0x0000000080100000, 0x0000000080200000, 0x0000000080200000|100%|HC|  |TAMS 0x0000000080200000, 0x0000000080100000| Complete 
|   2|0x0000000080200000, 0x0000000080300000, 0x0000000080300000|100%|HC|  |TAMS 0x0000000080300000, 0x0000000080200000| Complete 
|   3|0x0000000080300000, 0x0000000080400000, 0x0000000080400000|100%| O|  |TAMS 0x0000000080400000, 0x0000000080300000| Untracked 
|   4|0x0000000080400000, 0x0000000080500000, 0x0000000080500000|100%| O|  |TAMS 0x0000000080500000, 0x0000000080400000| Untracked 
|   5|0x0000000080500000, 0x0000000080600000, 0x0000000080600000|100%| O|  |TAMS 0x0000000080600000, 0x0000000080500000| Untracked 
|   6|0x0000000080600000, 0x0000000080700000, 0x0000000080700000|100%| O|  |TAMS 0x0000000080700000, 0x0000000080600000| Untracked 
|   7|0x0000000080700000, 0x0000000080800000, 0x0000000080800000|100%|HS|  |TAMS 0x0000000080800000, 0x0000000080700000| Complete 
|   8|0x0000000080800000, 0x0000000080900000, 0x0000000080900000|100%| O|  |TAMS 0x0000000080900000, 0x0000000080800000| Untracked 
|   9|0x0000000080900000, 0x0000000080a00000, 0x0000000080a00000|100%| O|  |TAMS 0x0000000080a00000, 0x0000000080900000| Untracked 
|  10|0x0000000080a00000, 0x0000000080b00000, 0x0000000080b00000|100%| O|  |TAMS 0x0000000080b00000, 0x0000000080a00000| Untracked 
|  11|0x0000000080b00000, 0x0000000080c00000, 0x0000000080c00000|100%| O|  |TAMS 0x0000000080c00000, 0x0000000080b00000| Untracked 
|  12|0x0000000080c00000, 0x0000000080d00000, 0x0000000080d00000|100%| O|  |TAMS 0x0000000080d00000, 0x0000000080c00000| Untracked 
|  13|0x0000000080d00000, 0x0000000080e00000, 0x0000000080e00000|100%| O|  |TAMS 0x0000000080e00000, 0x0000000080d00000| Untracked 
|  14|0x0000000080e00000, 0x0000000080f00000, 0x0000000080f00000|100%| O|  |TAMS 0x0000000080f00000, 0x0000000080e00000| Untracked 
|  15|0x0000000080f00000, 0x0000000081000000, 0x0000000081000000|100%| O|  |TAMS 0x0000000081000000, 0x0000000080f00000| Untracked 
|  16|0x0000000081000000, 0x0000000081100000, 0x0000000081100000|100%|HS|  |TAMS 0x0000000081100000, 0x0000000081000000| Complete 
|  17|0x0000000081100000, 0x0000000081200000, 0x0000000081200000|100%| O|  |TAMS 0x0000000081200000, 0x0000000081100000| Untracked 
|  18|0x0000000081200000, 0x0000000081300000, 0x0000000081300000|100%| O|  |TAMS 0x0000000081300000, 0x0000000081200000| Untracked 
|  19|0x0000000081300000, 0x0000000081400000, 0x0000000081400000|100%| O|  |TAMS 0x0000000081400000, 0x0000000081300000| Untracked 
|  20|0x0000000081400000, 0x0000000081500000, 0x0000000081500000|100%| O|  |TAMS 0x0000000081500000, 0x0000000081400000| Untracked 
|  21|0x0000000081500000, 0x0000000081600000, 0x0000000081600000|100%| O|  |TAMS 0x0000000081600000, 0x0000000081500000| Untracked 
|  22|0x0000000081600000, 0x0000000081700000, 0x0000000081700000|100%| O|  |TAMS 0x0000000081700000, 0x0000000081600000| Untracked 
|  23|0x0000000081700000, 0x0000000081800000, 0x0000000081800000|100%| O|  |TAMS 0x0000000081800000, 0x0000000081700000| Untracked 
|  24|0x0000000081800000, 0x0000000081900000, 0x0000000081900000|100%| O|  |TAMS 0x0000000081900000, 0x0000000081800000| Untracked 
|  25|0x0000000081900000, 0x0000000081a00000, 0x0000000081a00000|100%| O|  |TAMS 0x0000000081a00000, 0x0000000081900000| Untracked 
|  26|0x0000000081a00000, 0x0000000081b00000, 0x0000000081b00000|100%| O|  |TAMS 0x0000000081b00000, 0x0000000081a00000| Untracked 
|  27|0x0000000081b00000, 0x0000000081c00000, 0x0000000081c00000|100%| O|  |TAMS 0x0000000081c00000, 0x0000000081b00000| Untracked 
|  28|0x0000000081c00000, 0x0000000081d00000, 0x0000000081d00000|100%| O|  |TAMS 0x0000000081d00000, 0x0000000081c00000| Untracked 
|  29|0x0000000081d00000, 0x0000000081e00000, 0x0000000081e00000|100%| O|  |TAMS 0x0000000081e00000, 0x0000000081d00000| Untracked 
|  30|0x0000000081e00000, 0x0000000081f00000, 0x0000000081f00000|100%| O|  |TAMS 0x0000000081f00000, 0x0000000081e00000| Untracked 
|  31|0x0000000081f00000, 0x0000000082000000, 0x0000000082000000|100%| O|  |TAMS 0x0000000082000000, 0x0000000081f00000| Untracked 
|  32|0x0000000082000000, 0x0000000082100000, 0x0000000082100000|100%| O|  |TAMS 0x0000000082100000, 0x0000000082000000| Untracked 
|  33|0x0000000082100000, 0x0000000082200000, 0x0000000082200000|100%| O|  |TAMS 0x0000000082200000, 0x0000000082100000| Untracked 
|  34|0x0000000082200000, 0x0000000082300000, 0x0000000082300000|100%| O|  |TAMS 0x0000000082300000, 0x0000000082200000| Untracked 
|  35|0x0000000082300000, 0x0000000082400000, 0x0000000082400000|100%| O|  |TAMS 0x0000000082300000, 0x0000000082300000| Untracked 
|  36|0x0000000082400000, 0x0000000082500000, 0x0000000082500000|100%|HS|  |TAMS 0x0000000082500000, 0x0000000082400000| Complete 
|  37|0x0000000082500000, 0x0000000082600000, 0x0000000082600000|100%|HC|  |TAMS 0x0000000082600000, 0x0000000082500000| Complete 
|  38|0x0000000082600000, 0x0000000082700000, 0x0000000082700000|100%|HS|  |TAMS 0x0000000082700000, 0x0000000082600000| Complete 
|  39|0x0000000082700000, 0x0000000082800000, 0x0000000082800000|100%|HC|  |TAMS 0x0000000082800000, 0x0000000082700000| Complete 
|  40|0x0000000082800000, 0x0000000082900000, 0x0000000082900000|100%|HC|  |TAMS 0x0000000082900000, 0x0000000082800000| Complete 
|  41|0x0000000082900000, 0x0000000082a00000, 0x0000000082a00000|100%|HS|  |TAMS 0x0000000082a00000, 0x0000000082900000| Complete 
|  42|0x0000000082a00000, 0x0000000082b00000, 0x0000000082b00000|100%|HC|  |TAMS 0x0000000082b00000, 0x0000000082a00000| Complete 
|  43|0x0000000082b00000, 0x0000000082c00000, 0x0000000082c00000|100%| O|  |TAMS 0x0000000082c00000, 0x0000000082b00000| Untracked 
|  44|0x0000000082c00000, 0x0000000082d00000, 0x0000000082d00000|100%| O|  |TAMS 0x0000000082d00000, 0x0000000082c00000| Untracked 
|  45|0x0000000082d00000, 0x0000000082e00000, 0x0000000082e00000|100%| O|  |TAMS 0x0000000082e00000, 0x0000000082d00000| Untracked 
|  46|0x0000000082e00000, 0x0000000082f00000, 0x0000000082f00000|100%| O|  |TAMS 0x0000000082f00000, 0x0000000082e00000| Untracked 
|  47|0x0000000082f00000, 0x0000000083000000, 0x0000000083000000|100%| O|  |TAMS 0x0000000083000000, 0x0000000082f00000| Untracked 
|  48|0x0000000083000000, 0x0000000083100000, 0x0000000083100000|100%| O|  |TAMS 0x0000000083100000, 0x0000000083000000| Untracked 
|  49|0x0000000083100000, 0x0000000083200000, 0x0000000083200000|100%| O|  |TAMS 0x0000000083200000, 0x0000000083100000| Untracked 
|  50|0x0000000083200000, 0x0000000083300000, 0x0000000083300000|100%| O|  |TAMS 0x0000000083300000, 0x0000000083200000| Untracked 
|  51|0x0000000083300000, 0x0000000083400000, 0x0000000083400000|100%| O|  |TAMS 0x0000000083400000, 0x0000000083300000| Untracked 
|  52|0x0000000083400000, 0x0000000083500000, 0x0000000083500000|100%| O|  |TAMS 0x0000000083500000, 0x0000000083400000| Untracked 
|  53|0x0000000083500000, 0x0000000083600000, 0x0000000083600000|100%| O|  |TAMS 0x0000000083600000, 0x0000000083500000| Untracked 
|  54|0x0000000083600000, 0x0000000083700000, 0x0000000083700000|100%| O|  |TAMS 0x0000000083700000, 0x0000000083600000| Untracked 
|  55|0x0000000083700000, 0x0000000083800000, 0x0000000083800000|100%| O|  |TAMS 0x0000000083800000, 0x0000000083700000| Untracked 
|  56|0x0000000083800000, 0x0000000083900000, 0x0000000083900000|100%|HS|  |TAMS 0x0000000083900000, 0x0000000083800000| Complete 
|  57|0x0000000083900000, 0x0000000083a00000, 0x0000000083a00000|100%|HC|  |TAMS 0x0000000083a00000, 0x0000000083900000| Complete 
|  58|0x0000000083a00000, 0x0000000083b00000, 0x0000000083b00000|100%|HC|  |TAMS 0x0000000083b00000, 0x0000000083a00000| Complete 
|  59|0x0000000083b00000, 0x0000000083c00000, 0x0000000083c00000|100%| O|  |TAMS 0x0000000083c00000, 0x0000000083b00000| Untracked 
|  60|0x0000000083c00000, 0x0000000083d00000, 0x0000000083d00000|100%| O|  |TAMS 0x0000000083d00000, 0x0000000083c00000| Untracked 
|  61|0x0000000083d00000, 0x0000000083e00000, 0x0000000083e00000|100%| O|  |TAMS 0x0000000083e00000, 0x0000000083d00000| Untracked 
|  62|0x0000000083e00000, 0x0000000083f00000, 0x0000000083f00000|100%| O|  |TAMS 0x0000000083f00000, 0x0000000083e00000| Untracked 
|  63|0x0000000083f00000, 0x0000000084000000, 0x0000000084000000|100%| O|  |TAMS 0x0000000084000000, 0x0000000083f00000| Untracked 
|  64|0x0000000084000000, 0x0000000084100000, 0x0000000084100000|100%| O|  |TAMS 0x0000000084100000, 0x0000000084000000| Untracked 
|  65|0x0000000084100000, 0x0000000084200000, 0x0000000084200000|100%| O|  |TAMS 0x0000000084200000, 0x0000000084100000| Untracked 
|  66|0x0000000084200000, 0x0000000084200000, 0x0000000084300000|  0%| F|  |TAMS 0x0000000084200000, 0x0000000084200000| Untracked 
|  67|0x0000000084300000, 0x0000000084400000, 0x0000000084400000|100%| O|  |TAMS 0x0000000084400000, 0x0000000084300000| Untracked 
|  68|0x0000000084400000, 0x0000000084500000, 0x0000000084500000|100%| O|  |TAMS 0x0000000084500000, 0x0000000084400000| Untracked 
|  69|0x0000000084500000, 0x0000000084600000, 0x0000000084600000|100%| O|  |TAMS 0x0000000084600000, 0x0000000084500000| Untracked 
|  70|0x0000000084600000, 0x0000000084700000, 0x0000000084700000|100%| O|  |TAMS 0x0000000084700000, 0x0000000084600000| Untracked 
|  71|0x0000000084700000, 0x0000000084800000, 0x0000000084800000|100%| O|  |TAMS 0x0000000084800000, 0x0000000084700000| Untracked 
|  72|0x0000000084800000, 0x0000000084900000, 0x0000000084900000|100%| O|  |TAMS 0x0000000084900000, 0x0000000084800000| Untracked 
|  73|0x0000000084900000, 0x0000000084a00000, 0x0000000084a00000|100%| O|  |TAMS 0x0000000084a00000, 0x0000000084900000| Untracked 
|  74|0x0000000084a00000, 0x0000000084b00000, 0x0000000084b00000|100%| O|  |TAMS 0x0000000084b00000, 0x0000000084a00000| Untracked 
|  75|0x0000000084b00000, 0x0000000084c00000, 0x0000000084c00000|100%| O|  |TAMS 0x0000000084c00000, 0x0000000084b00000| Untracked 
|  76|0x0000000084c00000, 0x0000000084d00000, 0x0000000084d00000|100%|HS|  |TAMS 0x0000000084d00000, 0x0000000084c00000| Complete 
|  77|0x0000000084d00000, 0x0000000084e00000, 0x0000000084e00000|100%|HS|  |TAMS 0x0000000084e00000, 0x0000000084d00000| Complete 
|  78|0x0000000084e00000, 0x0000000084f00000, 0x0000000084f00000|100%|HS|  |TAMS 0x0000000084f00000, 0x0000000084e00000| Complete 
|  79|0x0000000084f00000, 0x0000000085000000, 0x0000000085000000|100%| O|  |TAMS 0x0000000085000000, 0x0000000084f00000| Untracked 
|  80|0x0000000085000000, 0x0000000085100000, 0x0000000085100000|100%|HS|  |TAMS 0x0000000085100000, 0x0000000085000000| Complete 
|  81|0x0000000085100000, 0x0000000085200000, 0x0000000085200000|100%|HS|  |TAMS 0x0000000085200000, 0x0000000085100000| Complete 
|  82|0x0000000085200000, 0x0000000085300000, 0x0000000085300000|100%| O|  |TAMS 0x0000000085300000, 0x0000000085200000| Untracked 
|  83|0x0000000085300000, 0x0000000085400000, 0x0000000085400000|100%| O|  |TAMS 0x0000000085400000, 0x0000000085300000| Untracked 
|  84|0x0000000085400000, 0x0000000085500000, 0x0000000085500000|100%| O|  |TAMS 0x0000000085500000, 0x0000000085400000| Untracked 
|  85|0x0000000085500000, 0x0000000085600000, 0x0000000085600000|100%| O|  |TAMS 0x0000000085600000, 0x0000000085500000| Untracked 
|  86|0x0000000085600000, 0x0000000085700000, 0x0000000085700000|100%| O|  |TAMS 0x0000000085700000, 0x0000000085600000| Untracked 
|  87|0x0000000085700000, 0x0000000085800000, 0x0000000085800000|100%| O|  |TAMS 0x0000000085794a00, 0x0000000085700000| Untracked 
|  88|0x0000000085800000, 0x0000000085900000, 0x0000000085900000|100%| O|  |TAMS 0x0000000085800000, 0x0000000085800000| Untracked 
|  89|0x0000000085900000, 0x0000000085a00000, 0x0000000085a00000|100%| O|  |TAMS 0x0000000085900000, 0x0000000085900000| Untracked 
|  90|0x0000000085a00000, 0x0000000085acb200, 0x0000000085b00000| 79%| O|  |TAMS 0x0000000085a00000, 0x0000000085a00000| Untracked 
|  91|0x0000000085b00000, 0x0000000085c00000, 0x0000000085c00000|100%|HS|  |TAMS 0x0000000085b00000, 0x0000000085b00000| Complete 
|  92|0x0000000085c00000, 0x0000000085d00000, 0x0000000085d00000|100%| O|  |TAMS 0x0000000085c00000, 0x0000000085c00000| Untracked 
|  93|0x0000000085d00000, 0x0000000085d00000, 0x0000000085e00000|  0%| F|  |TAMS 0x0000000085d00000, 0x0000000085d00000| Untracked 
|  94|0x0000000085e00000, 0x0000000085e00000, 0x0000000085f00000|  0%| F|  |TAMS 0x0000000085e00000, 0x0000000085e00000| Untracked 
|  95|0x0000000085f00000, 0x0000000085f00000, 0x0000000086000000|  0%| F|  |TAMS 0x0000000085f00000, 0x0000000085f00000| Untracked 
|  96|0x0000000086000000, 0x0000000086000000, 0x0000000086100000|  0%| F|  |TAMS 0x0000000086000000, 0x0000000086000000| Untracked 
|  97|0x0000000086100000, 0x0000000086100000, 0x0000000086200000|  0%| F|  |TAMS 0x0000000086100000, 0x0000000086100000| Untracked 
|  98|0x0000000086200000, 0x0000000086200000, 0x0000000086300000|  0%| F|  |TAMS 0x0000000086200000, 0x0000000086200000| Untracked 
|  99|0x0000000086300000, 0x0000000086300000, 0x0000000086400000|  0%| F|  |TAMS 0x0000000086300000, 0x0000000086300000| Untracked 
| 100|0x0000000086400000, 0x0000000086400000, 0x0000000086500000|  0%| F|  |TAMS 0x0000000086400000, 0x0000000086400000| Untracked 
| 101|0x0000000086500000, 0x0000000086500000, 0x0000000086600000|  0%| F|  |TAMS 0x0000000086500000, 0x0000000086500000| Untracked 
| 102|0x0000000086600000, 0x0000000086600000, 0x0000000086700000|  0%| F|  |TAMS 0x0000000086600000, 0x0000000086600000| Untracked 
| 103|0x0000000086700000, 0x0000000086700000, 0x0000000086800000|  0%| F|  |TAMS 0x0000000086700000, 0x0000000086700000| Untracked 
| 104|0x0000000086800000, 0x0000000086800000, 0x0000000086900000|  0%| F|  |TAMS 0x0000000086800000, 0x0000000086800000| Untracked 
| 105|0x0000000086900000, 0x0000000086900000, 0x0000000086a00000|  0%| F|  |TAMS 0x0000000086900000, 0x0000000086900000| Untracked 
| 106|0x0000000086a00000, 0x0000000086a00000, 0x0000000086b00000|  0%| F|  |TAMS 0x0000000086a00000, 0x0000000086a00000| Untracked 
| 107|0x0000000086b00000, 0x0000000086b00000, 0x0000000086c00000|  0%| F|  |TAMS 0x0000000086b00000, 0x0000000086b00000| Untracked 
| 108|0x0000000086c00000, 0x0000000086c00000, 0x0000000086d00000|  0%| F|  |TAMS 0x0000000086c00000, 0x0000000086c00000| Untracked 
| 109|0x0000000086d00000, 0x0000000086d00000, 0x0000000086e00000|  0%| F|  |TAMS 0x0000000086d00000, 0x0000000086d00000| Untracked 
| 110|0x0000000086e00000, 0x0000000086e00000, 0x0000000086f00000|  0%| F|  |TAMS 0x0000000086e00000, 0x0000000086e00000| Untracked 
| 111|0x0000000086f00000, 0x0000000086f00000, 0x0000000087000000|  0%| F|  |TAMS 0x0000000086f00000, 0x0000000086f00000| Untracked 
| 112|0x0000000087000000, 0x0000000087000000, 0x0000000087100000|  0%| F|  |TAMS 0x0000000087000000, 0x0000000087000000| Untracked 
| 113|0x0000000087100000, 0x0000000087100000, 0x0000000087200000|  0%| F|  |TAMS 0x0000000087100000, 0x0000000087100000| Untracked 
| 114|0x0000000087200000, 0x0000000087200000, 0x0000000087300000|  0%| F|  |TAMS 0x0000000087200000, 0x0000000087200000| Untracked 
| 115|0x0000000087300000, 0x0000000087300000, 0x0000000087400000|  0%| F|  |TAMS 0x0000000087300000, 0x0000000087300000| Untracked 
| 116|0x0000000087400000, 0x0000000087400000, 0x0000000087500000|  0%| F|  |TAMS 0x0000000087400000, 0x0000000087400000| Untracked 
| 117|0x0000000087500000, 0x0000000087500000, 0x0000000087600000|  0%| F|  |TAMS 0x0000000087500000, 0x0000000087500000| Untracked 
| 118|0x0000000087600000, 0x0000000087600000, 0x0000000087700000|  0%| F|  |TAMS 0x0000000087600000, 0x0000000087600000| Untracked 
| 119|0x0000000087700000, 0x0000000087700000, 0x0000000087800000|  0%| F|  |TAMS 0x0000000087700000, 0x0000000087700000| Untracked 
| 120|0x0000000087800000, 0x0000000087800000, 0x0000000087900000|  0%| F|  |TAMS 0x0000000087800000, 0x0000000087800000| Untracked 
| 121|0x0000000087900000, 0x0000000087900000, 0x0000000087a00000|  0%| F|  |TAMS 0x0000000087900000, 0x0000000087900000| Untracked 
| 122|0x0000000087a00000, 0x0000000087a00000, 0x0000000087b00000|  0%| F|  |TAMS 0x0000000087a00000, 0x0000000087a00000| Untracked 
| 123|0x0000000087b00000, 0x0000000087b00000, 0x0000000087c00000|  0%| F|  |TAMS 0x0000000087b00000, 0x0000000087b00000| Untracked 
| 124|0x0000000087c00000, 0x0000000087c00000, 0x0000000087d00000|  0%| F|  |TAMS 0x0000000087c00000, 0x0000000087c00000| Untracked 
| 125|0x0000000087d00000, 0x0000000087d00000, 0x0000000087e00000|  0%| F|  |TAMS 0x0000000087d00000, 0x0000000087d00000| Untracked 
| 126|0x0000000087e00000, 0x0000000087e00000, 0x0000000087f00000|  0%| F|  |TAMS 0x0000000087e00000, 0x0000000087e00000| Untracked 
| 127|0x0000000087f00000, 0x0000000087f00000, 0x0000000088000000|  0%| F|  |TAMS 0x0000000087f00000, 0x0000000087f00000| Untracked 
| 128|0x0000000088000000, 0x0000000088000000, 0x0000000088100000|  0%| F|  |TAMS 0x0000000088000000, 0x0000000088000000| Untracked 
| 129|0x0000000088100000, 0x0000000088100000, 0x0000000088200000|  0%| F|  |TAMS 0x0000000088100000, 0x0000000088100000| Untracked 
| 130|0x0000000088200000, 0x0000000088200000, 0x0000000088300000|  0%| F|  |TAMS 0x0000000088200000, 0x0000000088200000| Untracked 
| 131|0x0000000088300000, 0x0000000088300000, 0x0000000088400000|  0%| F|  |TAMS 0x0000000088300000, 0x0000000088300000| Untracked 
| 132|0x0000000088400000, 0x0000000088400000, 0x0000000088500000|  0%| F|  |TAMS 0x0000000088400000, 0x0000000088400000| Untracked 
| 133|0x0000000088500000, 0x0000000088500000, 0x0000000088600000|  0%| F|  |TAMS 0x0000000088500000, 0x0000000088500000| Untracked 
| 134|0x0000000088600000, 0x0000000088600000, 0x0000000088700000|  0%| F|  |TAMS 0x0000000088600000, 0x0000000088600000| Untracked 
| 135|0x0000000088700000, 0x0000000088700000, 0x0000000088800000|  0%| F|  |TAMS 0x0000000088700000, 0x0000000088700000| Untracked 
| 136|0x0000000088800000, 0x0000000088800000, 0x0000000088900000|  0%| F|  |TAMS 0x0000000088800000, 0x0000000088800000| Untracked 
| 137|0x0000000088900000, 0x0000000088900000, 0x0000000088a00000|  0%| F|  |TAMS 0x0000000088900000, 0x0000000088900000| Untracked 
| 138|0x0000000088a00000, 0x0000000088a00000, 0x0000000088b00000|  0%| F|  |TAMS 0x0000000088a00000, 0x0000000088a00000| Untracked 
| 139|0x0000000088b00000, 0x0000000088b00000, 0x0000000088c00000|  0%| F|  |TAMS 0x0000000088b00000, 0x0000000088b00000| Untracked 
| 140|0x0000000088c00000, 0x0000000088c00000, 0x0000000088d00000|  0%| F|  |TAMS 0x0000000088c00000, 0x0000000088c00000| Untracked 
| 141|0x0000000088d00000, 0x0000000088d00000, 0x0000000088e00000|  0%| F|  |TAMS 0x0000000088d00000, 0x0000000088d00000| Untracked 
| 142|0x0000000088e00000, 0x0000000088e00000, 0x0000000088f00000|  0%| F|  |TAMS 0x0000000088e00000, 0x0000000088e00000| Untracked 
| 143|0x0000000088f00000, 0x0000000088f00000, 0x0000000089000000|  0%| F|  |TAMS 0x0000000088f00000, 0x0000000088f00000| Untracked 
| 144|0x0000000089000000, 0x0000000089000000, 0x0000000089100000|  0%| F|  |TAMS 0x0000000089000000, 0x0000000089000000| Untracked 
| 145|0x0000000089100000, 0x0000000089100000, 0x0000000089200000|  0%| F|  |TAMS 0x0000000089100000, 0x0000000089100000| Untracked 
| 146|0x0000000089200000, 0x0000000089200000, 0x0000000089300000|  0%| F|  |TAMS 0x0000000089200000, 0x0000000089200000| Untracked 
| 147|0x0000000089300000, 0x0000000089300000, 0x0000000089400000|  0%| F|  |TAMS 0x0000000089300000, 0x0000000089300000| Untracked 
| 148|0x0000000089400000, 0x0000000089400000, 0x0000000089500000|  0%| F|  |TAMS 0x0000000089400000, 0x0000000089400000| Untracked 
| 149|0x0000000089500000, 0x0000000089500000, 0x0000000089600000|  0%| F|  |TAMS 0x0000000089500000, 0x0000000089500000| Untracked 
| 150|0x0000000089600000, 0x0000000089600000, 0x0000000089700000|  0%| F|  |TAMS 0x0000000089600000, 0x0000000089600000| Untracked 
| 151|0x0000000089700000, 0x0000000089700000, 0x0000000089800000|  0%| F|  |TAMS 0x0000000089700000, 0x0000000089700000| Untracked 
| 152|0x0000000089800000, 0x0000000089800000, 0x0000000089900000|  0%| F|  |TAMS 0x0000000089800000, 0x0000000089800000| Untracked 
| 153|0x0000000089900000, 0x0000000089900000, 0x0000000089a00000|  0%| F|  |TAMS 0x0000000089900000, 0x0000000089900000| Untracked 
| 154|0x0000000089a00000, 0x0000000089a00000, 0x0000000089b00000|  0%| F|  |TAMS 0x0000000089a00000, 0x0000000089a00000| Untracked 
| 155|0x0000000089b00000, 0x0000000089b00000, 0x0000000089c00000|  0%| F|  |TAMS 0x0000000089b00000, 0x0000000089b00000| Untracked 
| 156|0x0000000089c00000, 0x0000000089c00000, 0x0000000089d00000|  0%| F|  |TAMS 0x0000000089c00000, 0x0000000089c00000| Untracked 
| 157|0x0000000089d00000, 0x0000000089d00000, 0x0000000089e00000|  0%| F|  |TAMS 0x0000000089d00000, 0x0000000089d00000| Untracked 
| 158|0x0000000089e00000, 0x0000000089e00000, 0x0000000089f00000|  0%| F|  |TAMS 0x0000000089e00000, 0x0000000089e00000| Untracked 
| 159|0x0000000089f00000, 0x0000000089f95b00, 0x000000008a000000| 58%| S|CS|TAMS 0x0000000089f00000, 0x0000000089f00000| Complete 
| 160|0x000000008a000000, 0x000000008a000000, 0x000000008a100000|  0%| F|  |TAMS 0x000000008a000000, 0x000000008a000000| Untracked 
| 161|0x000000008a100000, 0x000000008a100000, 0x000000008a200000|  0%| F|  |TAMS 0x000000008a100000, 0x000000008a100000| Untracked 
| 162|0x000000008a200000, 0x000000008a200000, 0x000000008a300000|  0%| F|  |TAMS 0x000000008a200000, 0x000000008a200000| Untracked 
| 163|0x000000008a300000, 0x000000008a300000, 0x000000008a400000|  0%| F|  |TAMS 0x000000008a300000, 0x000000008a300000| Untracked 

Card table byte_map: [0x000001f9764e0000,0x000001f9768e0000] _byte_map_base: 0x000001f9760e0000

Marking Bits (Prev, Next): (CMBitMap*) 0x000001f95f623fc0, (CMBitMap*) 0x000001f95f624000
 Prev Bits: [0x000001f976ce0000, 0x000001f978ce0000)
 Next Bits: [0x000001f978ce0000, 0x000001f97ace0000)

Polling page: 0x000001f95d4e0000

Metaspace:

Usage:
  Non-class:     69.18 MB used.
      Class:     11.09 MB used.
       Both:     80.26 MB used.

Virtual space:
  Non-class space:      128.00 MB reserved,      69.62 MB ( 54%) committed,  2 nodes.
      Class space:      416.00 MB reserved,      11.56 MB (  3%) committed,  1 nodes.
             Both:      544.00 MB reserved,      81.19 MB ( 15%) committed. 

Chunk freelists:
   Non-Class:  10.41 MB
       Class:  4.48 MB
        Both:  14.89 MB

MaxMetaspaceSize: 512.00 MB
CompressedClassSpaceSize: 416.00 MB
Initial GC threshold: 21.00 MB
Current GC threshold: 132.75 MB
CDS: on
MetaspaceReclaimPolicy: balanced
 - commit_granule_bytes: 65536.
 - commit_granule_words: 8192.
 - virtual_space_node_default_size: 8388608.
 - enlarge_chunks_in_place: 1.
 - new_chunks_are_fully_committed: 0.
 - uncommit_free_chunks: 1.
 - use_allocation_guard: 0.
 - handle_deallocations: 1.


Internal statistics:

num_allocs_failed_limit: 12.
num_arena_births: 1154.
num_arena_deaths: 0.
num_vsnodes_births: 3.
num_vsnodes_deaths: 0.
num_space_committed: 1299.
num_space_uncommitted: 0.
num_chunks_returned_to_freelist: 12.
num_chunks_taken_from_freelist: 4764.
num_chunk_merges: 12.
num_chunk_splits: 3058.
num_chunks_enlarged: 1905.
num_inconsistent_stats: 0.

CodeHeap 'non-profiled nmethods': size=120000Kb used=5927Kb max_used=5944Kb free=114072Kb
 bounds [0x000001f96ebb0000, 0x000001f96f190000, 0x000001f9760e0000]
CodeHeap 'profiled nmethods': size=120000Kb used=18415Kb max_used=19993Kb free=101584Kb
 bounds [0x000001f9670e0000, 0x000001f968470000, 0x000001f96e610000]
CodeHeap 'non-nmethods': size=5760Kb used=2395Kb max_used=2514Kb free=3364Kb
 bounds [0x000001f96e610000, 0x000001f96e8a0000, 0x000001f96ebb0000]
 total_blobs=10640 nmethods=9709 adapters=843
 compilation: enabled
              stopped_count=0, restarted_count=0
 full_count=0

Compilation events (20 events):
Event: 26.099 Thread 0x000001f97d318070 11356       3       java.security.CodeSource::matchCerts (254 bytes)
Event: 26.100 Thread 0x000001f97d318070 nmethod 11356 0x000001f9671fdf90 code [0x000001f9671fe200, 0x000001f9671fed98]
Event: 26.187 Thread 0x000001f97d318070 11357       3       java.util.ArrayDeque$$Lambda$866/0x000001f9015448c8::accept (9 bytes)
Event: 26.187 Thread 0x000001f97d318070 nmethod 11357 0x000001f9677f8890 code [0x000001f9677f8a40, 0x000001f9677f8ba8]
Event: 26.194 Thread 0x000001f97d0d65f0 nmethod 11325 0x000001f96f186390 code [0x000001f96f186700, 0x000001f96f18b148]
Event: 26.194 Thread 0x000001f97d0d65f0 11352   !   4       jdk.internal.loader.Resource::getBytes (244 bytes)
Event: 26.210 Thread 0x000001f97d318070 11358       3       java.util.LinkedHashMap::get (29 bytes)
Event: 26.210 Thread 0x000001f97d318070 nmethod 11358 0x000001f967ac2e10 code [0x000001f967ac2fc0, 0x000001f967ac31f8]
Event: 26.217 Thread 0x000001f97d318070 11359   !   3       java.lang.reflect.Proxy::newProxyInstance (75 bytes)
Event: 26.218 Thread 0x000001f97d318070 nmethod 11359 0x000001f967521090 code [0x000001f967521300, 0x000001f967521ef8]
Event: 26.218 Thread 0x000001f97d318070 11360       3       com.android.build.gradle.internal.dsl.decorator.DslDecorator$CollectingInfoVisitor::method (306 bytes)
Event: 26.221 Thread 0x000001f97d318070 nmethod 11360 0x000001f967a2bd10 code [0x000001f967a2c2a0, 0x000001f967a2e9f8]
Event: 26.229 Thread 0x000001f97d318070 11361       3       kotlin.collections.CollectionsKt__MutableCollectionsKt::addAll (74 bytes)
Event: 26.230 Thread 0x000001f97d318070 nmethod 11361 0x000001f967724c90 code [0x000001f967724fa0, 0x000001f9677261e8]
Event: 26.230 Thread 0x000001f97d318070 11362       3       org.objectweb.asm.Type::hashCode (68 bytes)
Event: 26.231 Thread 0x000001f97d318070 nmethod 11362 0x000001f967445190 code [0x000001f9674453a0, 0x000001f967445b38]
Event: 26.231 Thread 0x000001f97d318070 11363       3       org.objectweb.asm.Type::appendDescriptor (185 bytes)
Event: 26.231 Thread 0x000001f97d318070 nmethod 11363 0x000001f9673d3190 code [0x000001f9673d34a0, 0x000001f9673d4598]
Event: 26.239 Thread 0x000001f97d318070 11364       3       org.objectweb.asm.Type::<init> (26 bytes)
Event: 26.240 Thread 0x000001f97d318070 nmethod 11364 0x000001f967836090 code [0x000001f967836220, 0x000001f9678363f8]

GC Heap History (20 events):
Event: 20.473 GC heap after
{Heap after GC invocations=29 (full 0):
 garbage-first heap   total 138240K, used 69509K [0x0000000080000000, 0x0000000100000000)
  region size 1024K, 3 young (3072K), 3 survivors (3072K)
 Metaspace       used 72578K, committed 73408K, reserved 491520K
  class space    used 10327K, committed 10752K, reserved 425984K
}
Event: 21.920 GC heap before
{Heap before GC invocations=30 (full 0):
 garbage-first heap   total 138240K, used 111493K [0x0000000080000000, 0x0000000100000000)
  region size 1024K, 45 young (46080K), 3 survivors (3072K)
 Metaspace       used 73699K, committed 74560K, reserved 491520K
  class space    used 10404K, committed 10816K, reserved 425984K
}
Event: 21.930 GC heap after
{Heap after GC invocations=31 (full 0):
 garbage-first heap   total 138240K, used 73590K [0x0000000080000000, 0x0000000100000000)
  region size 1024K, 6 young (6144K), 6 survivors (6144K)
 Metaspace       used 73699K, committed 74560K, reserved 491520K
  class space    used 10404K, committed 10816K, reserved 425984K
}
Event: 22.635 GC heap before
{Heap before GC invocations=31 (full 0):
 garbage-first heap   total 138240K, used 111478K [0x0000000080000000, 0x0000000100000000)
  region size 1024K, 44 young (45056K), 6 survivors (6144K)
 Metaspace       used 73773K, committed 74624K, reserved 491520K
  class space    used 10404K, committed 10816K, reserved 425984K
}
Event: 22.647 GC heap after
{Heap after GC invocations=32 (full 0):
 garbage-first heap   total 138240K, used 75266K [0x0000000080000000, 0x0000000100000000)
  region size 1024K, 2 young (2048K), 2 survivors (2048K)
 Metaspace       used 73773K, committed 74624K, reserved 491520K
  class space    used 10404K, committed 10816K, reserved 425984K
}
Event: 23.403 GC heap before
{Heap before GC invocations=33 (full 0):
 garbage-first heap   total 142336K, used 113154K [0x0000000080000000, 0x0000000100000000)
  region size 1024K, 40 young (40960K), 2 survivors (2048K)
 Metaspace       used 73781K, committed 74688K, reserved 491520K
  class space    used 10405K, committed 10816K, reserved 425984K
}
Event: 23.410 GC heap after
{Heap after GC invocations=34 (full 0):
 garbage-first heap   total 142336K, used 76005K [0x0000000080000000, 0x0000000100000000)
  region size 1024K, 3 young (3072K), 3 survivors (3072K)
 Metaspace       used 73781K, committed 74688K, reserved 491520K
  class space    used 10405K, committed 10816K, reserved 425984K
}
Event: 23.465 GC heap before
{Heap before GC invocations=34 (full 0):
 garbage-first heap   total 142336K, used 79077K [0x0000000080000000, 0x0000000100000000)
  region size 1024K, 6 young (6144K), 3 survivors (3072K)
 Metaspace       used 73781K, committed 74688K, reserved 491520K
  class space    used 10405K, committed 10816K, reserved 425984K
}
Event: 23.471 GC heap after
{Heap after GC invocations=35 (full 0):
 garbage-first heap   total 142336K, used 76307K [0x0000000080000000, 0x0000000100000000)
  region size 1024K, 1 young (1024K), 1 survivors (1024K)
 Metaspace       used 73781K, committed 74688K, reserved 491520K
  class space    used 10405K, committed 10816K, reserved 425984K
}
Event: 23.935 GC heap before
{Heap before GC invocations=35 (full 0):
 garbage-first heap   total 142336K, used 89619K [0x0000000080000000, 0x0000000100000000)
  region size 1024K, 15 young (15360K), 1 survivors (1024K)
 Metaspace       used 73808K, committed 74752K, reserved 491520K
  class space    used 10408K, committed 10880K, reserved 425984K
}
Event: 23.937 GC heap after
{Heap after GC invocations=36 (full 0):
 garbage-first heap   total 142336K, used 76819K [0x0000000080000000, 0x0000000100000000)
  region size 1024K, 1 young (1024K), 1 survivors (1024K)
 Metaspace       used 73808K, committed 74752K, reserved 491520K
  class space    used 10408K, committed 10880K, reserved 425984K
}
Event: 25.290 GC heap before
{Heap before GC invocations=37 (full 0):
 garbage-first heap   total 142336K, used 125971K [0x0000000080000000, 0x0000000100000000)
  region size 1024K, 43 young (44032K), 1 survivors (1024K)
 Metaspace       used 76426K, committed 77376K, reserved 557056K
  class space    used 10720K, committed 11200K, reserved 425984K
}
Event: 25.295 GC heap after
{Heap after GC invocations=38 (full 0):
 garbage-first heap   total 142336K, used 89245K [0x0000000080000000, 0x0000000100000000)
  region size 1024K, 6 young (6144K), 6 survivors (6144K)
 Metaspace       used 76426K, committed 77376K, reserved 557056K
  class space    used 10720K, committed 11200K, reserved 425984K
}
Event: 25.301 GC heap before
{Heap before GC invocations=38 (full 0):
 garbage-first heap   total 142336K, used 89245K [0x0000000080000000, 0x0000000100000000)
  region size 1024K, 7 young (7168K), 6 survivors (6144K)
 Metaspace       used 76479K, committed 77440K, reserved 557056K
  class space    used 10722K, committed 11200K, reserved 425984K
}
Event: 25.308 GC heap after
{Heap after GC invocations=39 (full 0):
 garbage-first heap   total 142336K, used 89351K [0x0000000080000000, 0x0000000100000000)
  region size 1024K, 1 young (1024K), 1 survivors (1024K)
 Metaspace       used 76479K, committed 77440K, reserved 557056K
  class space    used 10722K, committed 11200K, reserved 425984K
}
Event: 25.645 GC heap before
{Heap before GC invocations=39 (full 0):
 garbage-first heap   total 142336K, used 120071K [0x0000000080000000, 0x0000000100000000)
  region size 1024K, 32 young (32768K), 1 survivors (1024K)
 Metaspace       used 79714K, committed 80640K, reserved 557056K
  class space    used 11039K, committed 11520K, reserved 425984K
}
Event: 25.647 GC heap after
{Heap after GC invocations=40 (full 0):
 garbage-first heap   total 142336K, used 89525K [0x0000000080000000, 0x0000000100000000)
  region size 1024K, 1 young (1024K), 1 survivors (1024K)
 Metaspace       used 79714K, committed 80640K, reserved 557056K
  class space    used 11039K, committed 11520K, reserved 425984K
}
Event: 26.113 GC heap before
{Heap before GC invocations=41 (full 0):
 garbage-first heap   total 167936K, used 124341K [0x0000000080000000, 0x0000000100000000)
  region size 1024K, 30 young (30720K), 1 survivors (1024K)
 Metaspace       used 81847K, committed 82752K, reserved 557056K
  class space    used 11323K, committed 11776K, reserved 425984K
}
Event: 26.125 GC heap after
{Heap after GC invocations=42 (full 0):
 garbage-first heap   total 167936K, used 94477K [0x0000000080000000, 0x0000000100000000)
  region size 1024K, 4 young (4096K), 4 survivors (4096K)
 Metaspace       used 81847K, committed 82752K, reserved 557056K
  class space    used 11323K, committed 11776K, reserved 425984K
}
Event: 26.256 GC heap before
{Heap before GC invocations=42 (full 0):
 garbage-first heap   total 167936K, used 97549K [0x0000000080000000, 0x0000000100000000)
  region size 1024K, 8 young (8192K), 4 survivors (4096K)
 Metaspace       used 82190K, committed 83136K, reserved 557056K
  class space    used 11355K, committed 11840K, reserved 425984K
}

Dll operation events (15 events):
Event: 0.013 Loaded shared library C:\Program Files\Microsoft\jdk-17.0.10.7-hotspot\bin\java.dll
Event: 0.037 Loaded shared library C:\Program Files\Microsoft\jdk-17.0.10.7-hotspot\bin\jsvml.dll
Event: 0.115 Loaded shared library C:\Program Files\Microsoft\jdk-17.0.10.7-hotspot\bin\zip.dll
Event: 0.119 Loaded shared library C:\Program Files\Microsoft\jdk-17.0.10.7-hotspot\bin\instrument.dll
Event: 0.124 Loaded shared library C:\Program Files\Microsoft\jdk-17.0.10.7-hotspot\bin\net.dll
Event: 0.126 Loaded shared library C:\Program Files\Microsoft\jdk-17.0.10.7-hotspot\bin\nio.dll
Event: 0.129 Loaded shared library C:\Program Files\Microsoft\jdk-17.0.10.7-hotspot\bin\zip.dll
Event: 0.531 Loaded shared library C:\Program Files\Microsoft\jdk-17.0.10.7-hotspot\bin\jimage.dll
Event: 0.902 Loaded shared library C:\Program Files\Microsoft\jdk-17.0.10.7-hotspot\bin\verify.dll
Event: 1.018 Loaded shared library C:\Users\PAVILION\.gradle\native\1def1411415f61bf3af743bc5b6707747c0891f09f0c88961ee8f79bc544acac\windows-amd64\native-platform.dll
Event: 1.038 Loaded shared library C:\Users\PAVILION\.gradle\native\0.2.7\x86_64-windows-gnu\gradle-fileevents.dll
Event: 2.841 Loaded shared library C:\Program Files\Microsoft\jdk-17.0.10.7-hotspot\bin\management.dll
Event: 2.844 Loaded shared library C:\Program Files\Microsoft\jdk-17.0.10.7-hotspot\bin\management_ext.dll
Event: 3.191 Loaded shared library C:\Program Files\Microsoft\jdk-17.0.10.7-hotspot\bin\extnet.dll
Event: 3.507 Loaded shared library C:\Program Files\Microsoft\jdk-17.0.10.7-hotspot\bin\sunmscapi.dll

Deoptimization events (20 events):
Event: 25.997 Thread 0x000001f97f2774c0 DEOPT PACKING pc=0x000001f9679cd6c8 sp=0x0000008a302f2280
Event: 25.997 Thread 0x000001f97f2774c0 DEOPT UNPACKING pc=0x000001f96e667143 sp=0x0000008a302f1700 mode 0
Event: 25.997 Thread 0x000001f97f2774c0 DEOPT PACKING pc=0x000001f9679cd6c8 sp=0x0000008a302f2280
Event: 25.997 Thread 0x000001f97f2774c0 DEOPT UNPACKING pc=0x000001f96e667143 sp=0x0000008a302f1700 mode 0
Event: 25.997 Thread 0x000001f97f2774c0 DEOPT PACKING pc=0x000001f9679cd6c8 sp=0x0000008a302f2280
Event: 25.997 Thread 0x000001f97f2774c0 DEOPT UNPACKING pc=0x000001f96e667143 sp=0x0000008a302f1700 mode 0
Event: 25.997 Thread 0x000001f97f2774c0 DEOPT PACKING pc=0x000001f9679cd6c8 sp=0x0000008a302f2280
Event: 25.997 Thread 0x000001f97f2774c0 DEOPT UNPACKING pc=0x000001f96e667143 sp=0x0000008a302f1700 mode 0
Event: 25.997 Thread 0x000001f97f2774c0 DEOPT PACKING pc=0x000001f9679cd6c8 sp=0x0000008a302f2280
Event: 25.997 Thread 0x000001f97f2774c0 DEOPT UNPACKING pc=0x000001f96e667143 sp=0x0000008a302f1700 mode 0
Event: 25.998 Thread 0x000001f97f2774c0 DEOPT PACKING pc=0x000001f9679cd6c8 sp=0x0000008a302f24d0
Event: 25.998 Thread 0x000001f97f2774c0 DEOPT UNPACKING pc=0x000001f96e667143 sp=0x0000008a302f1950 mode 0
Event: 26.209 Thread 0x000001f97f2774c0 Uncommon trap: trap_request=0xffffff45 fr.pc=0x000001f96eeaaef8 relative=0x0000000000002ab8
Event: 26.209 Thread 0x000001f97f2774c0 Uncommon trap: reason=unstable_if action=reinterpret pc=0x000001f96eeaaef8 method=java.util.regex.Pattern.has(I)Z @ 6 c2
Event: 26.209 Thread 0x000001f97f2774c0 DEOPT PACKING pc=0x000001f96eeaaef8 sp=0x0000008a302f5f50
Event: 26.209 Thread 0x000001f97f2774c0 DEOPT UNPACKING pc=0x000001f96e6669a3 sp=0x0000008a302f5ed0 mode 2
Event: 26.209 Thread 0x000001f97f2774c0 Uncommon trap: trap_request=0xffffff45 fr.pc=0x000001f96ec4fcd8 relative=0x0000000000000058
Event: 26.209 Thread 0x000001f97f2774c0 Uncommon trap: reason=unstable_if action=reinterpret pc=0x000001f96ec4fcd8 method=java.util.regex.Pattern.has(I)Z @ 6 c2
Event: 26.209 Thread 0x000001f97f2774c0 DEOPT PACKING pc=0x000001f96ec4fcd8 sp=0x0000008a302f5f30
Event: 26.209 Thread 0x000001f97f2774c0 DEOPT UNPACKING pc=0x000001f96e6669a3 sp=0x0000008a302f5ec0 mode 2

Classes unloaded (0 events):
No events

Classes redefined (0 events):
No events

Internal exceptions (20 events):
Event: 20.758 Thread 0x000001f97f2774c0 Exception <a 'java/lang/ClassNotFoundException'{0x0000000087bc12b0}: org/gradle/api/internal/artifacts/dsl/DefaultRepositoryHandlerCustomizer> (0x0000000087bc12b0) 
thrown [s\src\hotspot\share\classfile\systemDictionary.cpp, line 256]
Event: 20.760 Thread 0x000001f97f2774c0 Exception <a 'java/lang/ClassNotFoundException'{0x0000000087bf95c8}: org/gradle/api/internal/artifacts/dsl/DefaultRepositoryHandler_DecoratedCustomizer> (0x0000000087bf95c8) 
thrown [s\src\hotspot\share\classfile\systemDictionary.cpp, line 256]
Event: 20.772 Thread 0x000001f97f2774c0 Exception <a 'java/lang/ClassNotFoundException'{0x0000000087aa6b10}: org/gradle/api/internal/artifacts/dsl/dependencies/DefaultDependencyHandler_DecoratedBeanInfo> (0x0000000087aa6b10) 
thrown [s\src\hotspot\share\classfile\systemDictionary.cpp, line 256]
Event: 20.773 Thread 0x000001f97f2774c0 Exception <a 'java/lang/ClassNotFoundException'{0x0000000087abe7f0}: org/gradle/api/internal/artifacts/dsl/dependencies/DefaultDependencyHandlerBeanInfo> (0x0000000087abe7f0) 
thrown [s\src\hotspot\share\classfile\systemDictionary.cpp, line 256]
Event: 20.773 Thread 0x000001f97f2774c0 Exception <a 'java/lang/ClassNotFoundException'{0x0000000087ad59f0}: org/gradle/api/internal/artifacts/dsl/dependencies/DefaultDependencyHandlerCustomizer> (0x0000000087ad59f0) 
thrown [s\src\hotspot\share\classfile\systemDictionary.cpp, line 256]
Event: 20.775 Thread 0x000001f97f2774c0 Exception <a 'java/lang/ClassNotFoundException'{0x0000000087915780}: org/gradle/api/internal/artifacts/dsl/dependencies/DefaultDependencyHandler_DecoratedCustomizer> (0x0000000087915780) 
thrown [s\src\hotspot\share\classfile\systemDictionary.cpp, line 256]
Event: 21.556 Thread 0x000001f91f9c7570 Exception <a 'sun/nio/fs/WindowsException'{0x00000000867c4408}> (0x00000000867c4408) 
thrown [s\src\hotspot\share\prims\jni.cpp, line 516]
Event: 21.557 Thread 0x000001f91f9c7570 Exception <a 'sun/nio/fs/WindowsException'{0x00000000867c6f08}> (0x00000000867c6f08) 
thrown [s\src\hotspot\share\prims\jni.cpp, line 516]
Event: 21.557 Thread 0x000001f91f9c7570 Exception <a 'sun/nio/fs/WindowsException'{0x00000000867c9648}> (0x00000000867c9648) 
thrown [s\src\hotspot\share\prims\jni.cpp, line 516]
Event: 21.557 Thread 0x000001f91f9c7570 Exception <a 'sun/nio/fs/WindowsException'{0x00000000867d4580}> (0x00000000867d4580) 
thrown [s\src\hotspot\share\prims\jni.cpp, line 516]
Event: 22.000 Thread 0x000001f97f2774c0 Implicit null exception at 0x000001f96f13830a to 0x000001f96f1389c8
Event: 23.834 Thread 0x000001f97f2774c0 Exception <a 'java/lang/ClassNotFoundException'{0x0000000087c508c8}: build_1l1c8326jq3r94zklk12i5v5xBeanInfo> (0x0000000087c508c8) 
thrown [s\src\hotspot\share\classfile\systemDictionary.cpp, line 256]
Event: 23.835 Thread 0x000001f97f2774c0 Exception <a 'java/lang/ClassNotFoundException'{0x0000000087c57d18}: build_1l1c8326jq3r94zklk12i5v5xCustomizer> (0x0000000087c57d18) 
thrown [s\src\hotspot\share\classfile\systemDictionary.cpp, line 256]
Event: 24.765 Thread 0x000001f97f2774c0 Exception <a 'java/lang/ClassNotFoundException'{0x0000000088333e88}: org/gradle/api/internal/plugins/DefaultObjectConfigurationActionBeanInfo> (0x0000000088333e88) 
thrown [s\src\hotspot\share\classfile\systemDictionary.cpp, line 256]
Event: 24.766 Thread 0x000001f97f2774c0 Exception <a 'java/lang/ClassNotFoundException'{0x0000000088348800}: org/gradle/api/internal/plugins/DefaultObjectConfigurationActionCustomizer> (0x0000000088348800) 
thrown [s\src\hotspot\share\classfile\systemDictionary.cpp, line 256]
Event: 24.813 Thread 0x000001f97f2774c0 Exception <a 'java/lang/ClassNotFoundException'{0x000000008829cb00}: build_1gtr3ekz9yi1bdnqmwxxaw5luBeanInfo> (0x000000008829cb00) 
thrown [s\src\hotspot\share\classfile\systemDictionary.cpp, line 256]
Event: 24.813 Thread 0x000001f97f2774c0 Exception <a 'java/lang/ClassNotFoundException'{0x00000000882a3fb0}: build_1gtr3ekz9yi1bdnqmwxxaw5luCustomizer> (0x00000000882a3fb0) 
thrown [s\src\hotspot\share\classfile\systemDictionary.cpp, line 256]
Event: 25.855 Thread 0x000001f97f2774c0 Implicit null exception at 0x000001f96edb5e8c to 0x000001f96edb5fc2
Event: 25.981 Thread 0x000001f97f2774c0 Implicit null exception at 0x000001f96eeb6e4a to 0x000001f96eeb76ba
Event: 26.014 Thread 0x000001f97f2774c0 Exception <a 'sun/nio/fs/WindowsException'{0x000000008976a3b0}> (0x000000008976a3b0) 
thrown [s\src\hotspot\share\prims\jni.cpp, line 516]

VM Operations (20 events):
Event: 24.410 Executing VM operation: HandshakeAllThreads done
Event: 25.290 Executing VM operation: G1CollectForAllocation
Event: 25.295 Executing VM operation: G1CollectForAllocation done
Event: 25.301 Executing VM operation: G1CollectForAllocation
Event: 25.308 Executing VM operation: G1CollectForAllocation done
Event: 25.644 Executing VM operation: G1CollectForAllocation
Event: 25.648 Executing VM operation: G1CollectForAllocation done
Event: 25.788 Executing VM operation: HandshakeAllThreads
Event: 25.788 Executing VM operation: HandshakeAllThreads done
Event: 25.806 Executing VM operation: G1PauseRemark
Event: 25.814 Executing VM operation: G1PauseRemark done
Event: 25.867 Executing VM operation: HandshakeAllThreads
Event: 25.867 Executing VM operation: HandshakeAllThreads done
Event: 25.869 Executing VM operation: HandshakeAllThreads
Event: 25.869 Executing VM operation: HandshakeAllThreads done
Event: 25.891 Executing VM operation: G1PauseCleanup
Event: 25.891 Executing VM operation: G1PauseCleanup done
Event: 26.112 Executing VM operation: G1CollectForAllocation
Event: 26.126 Executing VM operation: G1CollectForAllocation done
Event: 26.256 Executing VM operation: G1CollectForAllocation

Events (20 events):
Event: 25.921 loading class java/security/interfaces/XECKey
Event: 25.921 loading class java/security/interfaces/XECKey done
Event: 25.921 loading class sun/security/util/KeyUtil
Event: 25.922 loading class sun/security/util/KeyUtil done
Event: 25.922 loading class sun/security/util/Length
Event: 25.922 loading class sun/security/util/Length done
Event: 25.922 loading class javax/crypto/SecretKey
Event: 25.922 loading class javax/crypto/SecretKey done
Event: 25.923 loading class java/util/Base64
Event: 25.923 loading class java/util/Base64 done
Event: 25.923 loading class java/util/Base64$Decoder
Event: 25.924 loading class java/util/Base64$Decoder done
Event: 25.924 loading class java/util/Base64$Encoder
Event: 25.925 loading class java/util/Base64$Encoder done
Event: 25.926 loading class java/util/jar/JarVerifier$VerifierStream
Event: 25.927 loading class java/util/jar/JarVerifier$VerifierStream done
Event: 25.927 loading class sun/security/util/ManifestEntryVerifier$SunProviderHolder
Event: 25.927 loading class sun/security/util/ManifestEntryVerifier$SunProviderHolder done
Event: 26.012 loading class java/security/KeyStore$ProtectionParameter
Event: 26.013 loading class java/security/KeyStore$ProtectionParameter done


Dynamic libraries:
0x00007ff7438f0000 - 0x00007ff7438fe000 	C:\Program Files\Microsoft\jdk-17.0.10.7-hotspot\bin\java.exe
0x00007ffe38880000 - 0x00007ffe38a89000 	C:\Windows\SYSTEM32\ntdll.dll
0x00007ffe37a10000 - 0x00007ffe37ace000 	C:\Windows\System32\KERNEL32.DLL
0x00007ffe35e60000 - 0x00007ffe361e4000 	C:\Windows\System32\KERNELBASE.dll
0x00007ffe363d0000 - 0x00007ffe364e1000 	C:\Windows\System32\ucrtbase.dll
0x00007ffe247b0000 - 0x00007ffe247c7000 	C:\Program Files\Microsoft\jdk-17.0.10.7-hotspot\bin\jli.dll
0x00007ffe24790000 - 0x00007ffe247ab000 	C:\Program Files\Microsoft\jdk-17.0.10.7-hotspot\bin\VCRUNTIME140.dll
0x00007ffe38690000 - 0x00007ffe3883d000 	C:\Windows\System32\USER32.dll
0x00007ffe35d10000 - 0x00007ffe35d36000 	C:\Windows\System32\win32u.dll
0x00007ffe383a0000 - 0x00007ffe383ca000 	C:\Windows\System32\GDI32.dll
0x00007ffe18440000 - 0x00007ffe186e5000 	C:\Windows\WinSxS\amd64_microsoft.windows.common-controls_6595b64144ccf1df_6.0.22000.120_none_9d947278b86cc467\COMCTL32.dll
0x00007ffe35d40000 - 0x00007ffe35e5f000 	C:\Windows\System32\gdi32full.dll
0x00007ffe36630000 - 0x00007ffe366cd000 	C:\Windows\System32\msvcp_win.dll
0x00007ffe376c0000 - 0x00007ffe37763000 	C:\Windows\System32\msvcrt.dll
0x00007ffe37600000 - 0x00007ffe37631000 	C:\Windows\System32\IMM32.DLL
0x00007ffe2eb10000 - 0x00007ffe2eb1c000 	C:\Program Files\Microsoft\jdk-17.0.10.7-hotspot\bin\vcruntime140_1.dll
0x00007ffe24670000 - 0x00007ffe246fd000 	C:\Program Files\Microsoft\jdk-17.0.10.7-hotspot\bin\msvcp140.dll
0x00007ffdf4d70000 - 0x00007ffdf59d5000 	C:\Program Files\Microsoft\jdk-17.0.10.7-hotspot\bin\server\jvm.dll
0x00007ffe37ad0000 - 0x00007ffe37b7f000 	C:\Windows\System32\ADVAPI32.dll
0x00007ffe38590000 - 0x00007ffe3862e000 	C:\Windows\System32\sechost.dll
0x00007ffe36d00000 - 0x00007ffe36e21000 	C:\Windows\System32\RPCRT4.dll
0x00007ffe34660000 - 0x00007ffe346ad000 	C:\Windows\SYSTEM32\POWRPROF.dll
0x00007ffe09db0000 - 0x00007ffe09db9000 	C:\Windows\SYSTEM32\WSOCK32.dll
0x00007ffe38510000 - 0x00007ffe3857f000 	C:\Windows\System32\WS2_32.dll
0x00007ffe302c0000 - 0x00007ffe302f3000 	C:\Windows\SYSTEM32\WINMM.dll
0x00007ffe2c860000 - 0x00007ffe2c86a000 	C:\Windows\SYSTEM32\VERSION.dll
0x00007ffe34750000 - 0x00007ffe34763000 	C:\Windows\SYSTEM32\UMPDC.dll
0x00007ffe34e60000 - 0x00007ffe34e78000 	C:\Windows\SYSTEM32\kernel.appcore.dll
0x00007ffe2c930000 - 0x00007ffe2c93a000 	C:\Program Files\Microsoft\jdk-17.0.10.7-hotspot\bin\jimage.dll
0x00007ffe331e0000 - 0x00007ffe33401000 	C:\Windows\SYSTEM32\DBGHELP.DLL
0x00007ffe126b0000 - 0x00007ffe126e1000 	C:\Windows\SYSTEM32\dbgcore.DLL
0x00007ffe365b0000 - 0x00007ffe3662f000 	C:\Windows\System32\bcryptPrimitives.dll
0x00007ffe31c60000 - 0x00007ffe31c6e000 	C:\Program Files\Microsoft\jdk-17.0.10.7-hotspot\bin\instrument.dll
0x00007ffe24760000 - 0x00007ffe24785000 	C:\Program Files\Microsoft\jdk-17.0.10.7-hotspot\bin\java.dll
0x00007ffe24590000 - 0x00007ffe24667000 	C:\Program Files\Microsoft\jdk-17.0.10.7-hotspot\bin\jsvml.dll
0x00007ffe36e30000 - 0x00007ffe375f5000 	C:\Windows\System32\SHELL32.dll
0x00007ffe33de0000 - 0x00007ffe34644000 	C:\Windows\SYSTEM32\windows.storage.dll
0x00007ffe37ca0000 - 0x00007ffe38016000 	C:\Windows\System32\combase.dll
0x00007ffe33c70000 - 0x00007ffe33dd7000 	C:\Windows\SYSTEM32\wintypes.dll
0x00007ffe37890000 - 0x00007ffe3797a000 	C:\Windows\System32\SHCORE.dll
0x00007ffe38630000 - 0x00007ffe3868d000 	C:\Windows\System32\shlwapi.dll
0x00007ffe35c40000 - 0x00007ffe35c65000 	C:\Windows\SYSTEM32\profapi.dll
0x00007ffe243f0000 - 0x00007ffe24408000 	C:\Program Files\Microsoft\jdk-17.0.10.7-hotspot\bin\zip.dll
0x00007ffe24740000 - 0x00007ffe24759000 	C:\Program Files\Microsoft\jdk-17.0.10.7-hotspot\bin\net.dll
0x00007ffe30d30000 - 0x00007ffe30e43000 	C:\Windows\SYSTEM32\WINHTTP.dll
0x00007ffe35310000 - 0x00007ffe35377000 	C:\Windows\system32\mswsock.dll
0x00007ffe24410000 - 0x00007ffe24426000 	C:\Program Files\Microsoft\jdk-17.0.10.7-hotspot\bin\nio.dll
0x00007ffe24580000 - 0x00007ffe24590000 	C:\Program Files\Microsoft\jdk-17.0.10.7-hotspot\bin\verify.dll
0x00007ffe170a0000 - 0x00007ffe170c7000 	C:\Users\PAVILION\.gradle\native\1def1411415f61bf3af743bc5b6707747c0891f09f0c88961ee8f79bc544acac\windows-amd64\native-platform.dll
0x00007ffe14ec0000 - 0x00007ffe14f38000 	C:\Users\PAVILION\.gradle\native\0.2.7\x86_64-windows-gnu\gradle-fileevents.dll
0x00007ffe243e0000 - 0x00007ffe243e9000 	C:\Program Files\Microsoft\jdk-17.0.10.7-hotspot\bin\management.dll
0x00007ffe243d0000 - 0x00007ffe243db000 	C:\Program Files\Microsoft\jdk-17.0.10.7-hotspot\bin\management_ext.dll
0x00007ffe366d0000 - 0x00007ffe366d8000 	C:\Windows\System32\PSAPI.DLL
0x00007ffe34980000 - 0x00007ffe349ad000 	C:\Windows\SYSTEM32\IPHLPAPI.DLL
0x00007ffe37770000 - 0x00007ffe37779000 	C:\Windows\System32\NSI.dll
0x00007ffe30f00000 - 0x00007ffe30f19000 	C:\Windows\SYSTEM32\dhcpcsvc6.DLL
0x00007ffe31040000 - 0x00007ffe3105e000 	C:\Windows\SYSTEM32\dhcpcsvc.DLL
0x00007ffe349b0000 - 0x00007ffe34a97000 	C:\Windows\SYSTEM32\DNSAPI.dll
0x00007ffe152d0000 - 0x00007ffe152d9000 	C:\Program Files\Microsoft\jdk-17.0.10.7-hotspot\bin\extnet.dll
0x00007ffe35560000 - 0x00007ffe35578000 	C:\Windows\SYSTEM32\CRYPTSP.dll
0x00007ffe34dc0000 - 0x00007ffe34df5000 	C:\Windows\system32\rsaenh.dll
0x00007ffe35410000 - 0x00007ffe3543c000 	C:\Windows\SYSTEM32\USERENV.dll
0x00007ffe356e0000 - 0x00007ffe35707000 	C:\Windows\SYSTEM32\bcrypt.dll
0x00007ffe35580000 - 0x00007ffe3558c000 	C:\Windows\SYSTEM32\CRYPTBASE.dll
0x00007ffe30380000 - 0x00007ffe3038e000 	C:\Program Files\Microsoft\jdk-17.0.10.7-hotspot\bin\sunmscapi.dll
0x00007ffe36260000 - 0x00007ffe363ca000 	C:\Windows\System32\CRYPT32.dll
0x00007ffe356b0000 - 0x00007ffe356da000 	C:\Windows\SYSTEM32\ncrypt.dll
0x00007ffe35670000 - 0x00007ffe356a7000 	C:\Windows\SYSTEM32\NTASN1.dll
0x00007ffdde180000 - 0x00007ffdde188000 	C:\Windows\system32\wshunix.dll
0x00007ffe0fd90000 - 0x00007ffe0fda7000 	C:\Windows\system32\napinsp.dll
0x00007ffe0fd10000 - 0x00007ffe0fd2b000 	C:\Windows\system32\pnrpnsp.dll
0x00007ffe06bf0000 - 0x00007ffe06c02000 	C:\Windows\System32\winrnr.dll
0x00007ffe2ecb0000 - 0x00007ffe2ecc5000 	C:\Windows\system32\wshbth.dll
0x00007ffe06bd0000 - 0x00007ffe06bef000 	C:\Windows\system32\nlansp_c.dll
0x00000000646e0000 - 0x0000000064706000 	C:\Program Files\Bonjour\mdnsNSP.dll
0x00007ffe22390000 - 0x00007ffe2239a000 	C:\Windows\System32\rasadhlp.dll
0x00007ffe2ecf0000 - 0x00007ffe2ed72000 	C:\Windows\System32\fwpuclnt.dll

dbghelp: loaded successfully - version: 4.0.5 - missing functions: none
symbol engine: initialized successfully - sym options: 0x614 - pdb path: .;C:\Program Files\Microsoft\jdk-17.0.10.7-hotspot\bin;C:\Windows\SYSTEM32;C:\Windows\WinSxS\amd64_microsoft.windows.common-controls_6595b64144ccf1df_6.0.22000.120_none_9d947278b86cc467;C:\Program Files\Microsoft\jdk-17.0.10.7-hotspot\bin\server;C:\Users\PAVILION\.gradle\native\1def1411415f61bf3af743bc5b6707747c0891f09f0c88961ee8f79bc544acac\windows-amd64;C:\Users\PAVILION\.gradle\native\0.2.7\x86_64-windows-gnu;C:\Program Files\Bonjour

VM Arguments:
jvm_args: --add-opens=java.base/java.lang=ALL-UNNAMED --add-opens=java.base/java.lang.invoke=ALL-UNNAMED --add-opens=java.base/java.util=ALL-UNNAMED --add-opens=java.prefs/java.util.prefs=ALL-UNNAMED --add-exports=jdk.compiler/com.sun.tools.javac.api=ALL-UNNAMED --add-exports=jdk.compiler/com.sun.tools.javac.util=ALL-UNNAMED --add-opens=java.base/java.util=ALL-UNNAMED --add-opens=java.prefs/java.util.prefs=ALL-UNNAMED --add-opens=java.base/java.nio.charset=ALL-UNNAMED --add-opens=java.base/java.net=ALL-UNNAMED --add-opens=java.base/java.util.concurrent.atomic=ALL-UNNAMED --add-opens=java.xml/javax.xml.namespace=ALL-UNNAMED -XX:MaxMetaspaceSize=512m -Xmx2048m -Dfile.encoding=windows-1252 -Duser.country=US -Duser.language=en -Duser.variant -javaagent:C:\Users\PAVILION\.gradle\wrapper\dists\gradle-8.13-bin\5xuhj0ry160q40clulazy9h7d\gradle-8.13\lib\agents\gradle-instrumentation-agent-8.13.jar 
java_command: org.gradle.launcher.daemon.bootstrap.GradleDaemon 8.13
java_class_path (initial): C:\Users\PAVILION\.gradle\wrapper\dists\gradle-8.13-bin\5xuhj0ry160q40clulazy9h7d\gradle-8.13\lib\gradle-daemon-main-8.13.jar
Launcher Type: SUN_STANDARD

[Global flags]
     intx CICompilerCount                          = 3                                         {product} {ergonomic}
   size_t CompressedClassSpaceSize                 = 436207616                                 {product} {ergonomic}
     uint ConcGCThreads                            = 1                                         {product} {ergonomic}
     uint G1ConcRefinementThreads                  = 4                                         {product} {ergonomic}
   size_t G1HeapRegionSize                         = 1048576                                   {product} {ergonomic}
    uintx GCDrainStackTargetSize                   = 64                                        {product} {ergonomic}
   size_t InitialHeapSize                          = 134217728                                 {product} {ergonomic}
   size_t MarkStackSize                            = 4194304                                   {product} {ergonomic}
   size_t MaxHeapSize                              = 2147483648                                {product} {command line}
   size_t MaxMetaspaceSize                         = 536870912                                 {product} {command line}
   size_t MaxNewSize                               = 1287651328                                {product} {ergonomic}
   size_t MinHeapDeltaBytes                        = 1048576                                   {product} {ergonomic}
   size_t MinHeapSize                              = 8388608                                   {product} {ergonomic}
    uintx NonNMethodCodeHeapSize                   = 5832780                                {pd product} {ergonomic}
    uintx NonProfiledCodeHeapSize                  = 122912730                              {pd product} {ergonomic}
    uintx ProfiledCodeHeapSize                     = 122912730                              {pd product} {ergonomic}
    uintx ReservedCodeCacheSize                    = 251658240                              {pd product} {ergonomic}
     bool SegmentedCodeCache                       = true                                      {product} {ergonomic}
   size_t SoftMaxHeapSize                          = 2147483648                             {manageable} {ergonomic}
     bool UseCompressedClassPointers               = true                           {product lp64_product} {ergonomic}
     bool UseCompressedOops                        = true                           {product lp64_product} {ergonomic}
     bool UseG1GC                                  = true                                      {product} {ergonomic}
     bool UseLargePagesIndividualAllocation        = false                                  {pd product} {ergonomic}

Logging:
Log output configuration:
 #0: stdout all=warning uptime,level,tags
 #1: stderr all=off uptime,level,tags

Environment Variables:
JAVA_HOME=C:\Program Files\Microsoft\jdk-17.0.10.7-hotspot\
CLASSPATH=D:\Dev space\Gemma showcase\SmartMoney\android\\gradle\wrapper\gradle-wrapper.jar
PATH=C:\Users\PAVILION\AppData\Local\Temp\yarn--1753723688888-0.1403414143700581;D:\Dev space\Gemma showcase\SmartMoney\node_modules\.bin;C:\Users\PAVILION\AppData\Local\Yarn\Data\link\node_modules\.bin;C:\Users\PAVILION\AppData\Local\Yarn\bin;C:\Program Files\libexec\lib\node_modules\npm\bin\node-gyp-bin;C:\Program Files\lib\node_modules\npm\bin\node-gyp-bin;C:\Program Files\nodejs\node_modules\npm\bin\node-gyp-bin;C:\Program Files\Microsoft\jdk-17.0.10.7-hotspot\bin;C:\Program Files\Common Files\Oracle\Java\javapath;C:\Program Files\Microsoft\jdk-11.0.20.8-hotspot\bin;C:\Program Files\Python311\Scripts\;C:\Program Files\Python311\;C:\Windows\system32;C:\Windows;C:\Windows\System32\Wbem;C:\Windows\System32\WindowsPowerShell\v1.0\;C:\Windows\System32\OpenSSH\;C:\Program Files\Git\cmd;C:\Program Files\dotnet\;C:\Program Files\Odoo 15.0e.20220315\python;C:\Program Files\Odoo 15.0e.20220315\PostgreSQL\bin;C:\Users\PAVILION\AppData\Roaming\npm;C:\Users\PAVILION\EspaceDev\Pro-Project\Logic Habit\Backend - Django\env\Scripts\celery;C:\EspaceDev\JobScraper\.env\Scripts;D:\Tools\android_sdk\platform-tools;C:\ProgramData\chocolatey\bin;C:\Users\PAVILION\Downloads\v1.1.11\coreybutler-nvm-windows-3f0dba1;C:\Users\PAVILION\AppData\Roaming\nvm;C:\Program Files\nodejs;E:\Program\Redis\;C:\Users\PAVILION\AppData\Local\Programs\Microsoft VS Code\bin;C:\Users\PAVILION\AppData\Roaming\npm;C:\Users\PAVILION\AppData\Roaming\nvm;C:\Program Files\nodejs;D:\Tools\android_sdk\platform-tools;D:\Tools\android_sdk\cmdline-tools\latest\bin;
USERNAME=PAVILION
OS=Windows_NT
PROCESSOR_IDENTIFIER=Intel64 Family 6 Model 142 Stepping 9, GenuineIntel
TMP=C:\Users\PAVILION\AppData\Local\Temp
TEMP=C:\Users\PAVILION\AppData\Local\Temp



Periodic native trim disabled


---------------  S Y S T E M  ---------------

OS:
 Windows 11 , 64 bit Build 22000 (10.0.22000.2124)
OS uptime: 0 days 0:54 hours

CPU: total 4 (initial active 4) (2 cores per cpu, 2 threads per core) family 6 model 142 stepping 9 microcode 0xde, cx8, cmov, fxsr, ht, mmx, 3dnowpref, sse, sse2, sse3, ssse3, sse4.1, sse4.2, popcnt, lzcnt, tsc, tscinvbit, avx, avx2, aes, erms, clmul, bmi1, bmi2, adx, fma, vzeroupper, clflush, clflushopt
Processor Information for all 4 processors :
  Max Mhz: 2904, Current Mhz: 2703, Mhz Limit: 2700

Memory: 4k page, system-wide physical 8077M (915M free)
TotalPageFile size 11088M (AvailPageFile size 120M)
current process WorkingSet (physical memory assigned to process): 405M, peak: 407M
current process commit charge ("private bytes"): 441M, peak: 643M

vm_info: OpenJDK 64-Bit Server VM (17.0.10+7-LTS) for windows-amd64 JRE (17.0.10+7-LTS), built on Jan 10 2024 19:47:12 by "MicrosoftCorporation" with MS VC++ 16.10 / 16.11 (VS2019)

END.
