#
# There is insufficient memory for the Java Runtime Environment to continue.
# Native memory allocation (mmap) failed to map 91226112 bytes for G1 virtual space
# Possible reasons:
#   The system is out of physical RAM or swap space
#   The process is running with CompressedOops enabled, and the Java Heap may be blocking the growth of the native heap
# Possible solutions:
#   Reduce memory load on the system
#   Increase physical memory or swap space
#   Check if swap backing store is full
#   Decrease Java heap size (-Xmx/-Xms)
#   Decrease number of Java threads
#   Decrease Java thread stack sizes (-Xss)
#   Set larger code cache with -XX:ReservedCodeCacheSize=
#   JVM is running with Unscaled Compressed Oops mode in which the Java heap is
#     placed in the first 4GB address space. The Java Heap base address is the
#     maximum limit for the native heap growth. Please use -XX:HeapBaseMinAddress
#     to set the Java Heap base and to place the Java Heap above 4GB virtual address.
# This output file may be truncated or incomplete.
#
#  Out of Memory Error (os_windows.cpp:3613), pid=14976, tid=17080
#
# JRE version: OpenJDK Runtime Environment Microsoft-8902769 (17.0.10+7) (build 17.0.10+7-LTS)
# Java VM: OpenJDK 64-Bit Server VM Microsoft-8902769 (17.0.10+7-LTS, mixed mode, sharing, tiered, compressed oops, compressed class ptrs, g1 gc, windows-amd64)
# No core dump will be written. Minidumps are not enabled by default on client versions of Windows
#

---------------  S U M M A R Y ------------

Command Line: --add-opens=java.base/java.lang=ALL-UNNAMED --add-opens=java.base/java.lang.invoke=ALL-UNNAMED --add-opens=java.base/java.util=ALL-UNNAMED --add-opens=java.prefs/java.util.prefs=ALL-UNNAMED --add-exports=jdk.compiler/com.sun.tools.javac.api=ALL-UNNAMED --add-exports=jdk.compiler/com.sun.tools.javac.util=ALL-UNNAMED --add-opens=java.base/java.util=ALL-UNNAMED --add-opens=java.prefs/java.util.prefs=ALL-UNNAMED --add-opens=java.base/java.nio.charset=ALL-UNNAMED --add-opens=java.base/java.net=ALL-UNNAMED --add-opens=java.base/java.util.concurrent.atomic=ALL-UNNAMED --add-opens=java.xml/javax.xml.namespace=ALL-UNNAMED -XX:MaxMetaspaceSize=512m -Xmx2048m -Dfile.encoding=windows-1252 -Duser.country=US -Duser.language=en -Duser.variant -javaagent:C:\Users\PAVILION\.gradle\wrapper\dists\gradle-8.13-bin\5xuhj0ry160q40clulazy9h7d\gradle-8.13\lib\agents\gradle-instrumentation-agent-8.13.jar org.gradle.launcher.daemon.bootstrap.GradleDaemon 8.13

Host: Intel(R) Core(TM) i7-7500U CPU @ 2.70GHz, 4 cores, 7G,  Windows 11 , 64 bit Build 22000 (10.0.22000.2124)
Time: Wed Jul 30 09:53:32 2025 Egypt Daylight Time elapsed time: 60.478504 seconds (0d 0h 1m 0s)

---------------  T H R E A D  ---------------

Current thread (0x000002aa1d7cccf0):  VMThread "VM Thread" [stack: 0x000000adea400000,0x000000adea500000] [id=17080]

Stack: [0x000000adea400000,0x000000adea500000]
Native frames: (J=compiled Java code, j=interpreted, Vv=VM code, C=native code)
V  [jvm.dll+0x67f829]
V  [jvm.dll+0x83750a]
V  [jvm.dll+0x838fce]
V  [jvm.dll+0x839633]
V  [jvm.dll+0x247cbf]
V  [jvm.dll+0x67c669]
V  [jvm.dll+0x6710da]
V  [jvm.dll+0x309b8b]
V  [jvm.dll+0x311036]
V  [jvm.dll+0x360d5e]
V  [jvm.dll+0x360f8f]
V  [jvm.dll+0x2e0798]
V  [jvm.dll+0x2de974]
V  [jvm.dll+0x2ddf7c]
V  [jvm.dll+0x32200b]
V  [jvm.dll+0x83db2b]
V  [jvm.dll+0x83e871]
V  [jvm.dll+0x83ed8d]
V  [jvm.dll+0x83f164]
V  [jvm.dll+0x83f230]
V  [jvm.dll+0x7e69da]
V  [jvm.dll+0x67e715]
C  [ucrtbase.dll+0x26c0c]
C  [KERNEL32.DLL+0x155a0]
C  [ntdll.dll+0x485b]

VM_Operation (0x000000adebaf5d60): G1CollectForAllocation, mode: safepoint, requested by thread 0x000002aa3e437090


---------------  P R O C E S S  ---------------

Threads class SMR info:
_java_thread_list=0x000002aa417d73a0, length=55, elements={
0x000002aa7fb6e360, 0x000002aa1d7d2b00, 0x000002aa1d7d36c0, 0x000002aa1d7ef400,
0x000002aa1d7efcd0, 0x000002aa1d7f26a0, 0x000002aa1d7f3060, 0x000002aa1d7f3d50,
0x000002aa1d8056b0, 0x000002aa1d85ea40, 0x000002aa1d9d85c0, 0x000002aa1dae01b0,
0x000002aa3e2b4ca0, 0x000002aa3d7b19d0, 0x000002aa3d8d0650, 0x000002aa3e3dc450,
0x000002aa3e3dd0d0, 0x000002aa3e439910, 0x000002aa3e437090, 0x000002aa3e437fc0,
0x000002aa3e4375a0, 0x000002aa3e438ef0, 0x000002aa3e437ab0, 0x000002aa3e43a840,
0x000002aa3e4384d0, 0x000002aa3e439400, 0x000002aa3e43a330, 0x000002aa3e4389e0,
0x000002aa4085cd00, 0x000002aa4085d720, 0x000002aa4085e140, 0x000002aa4085b8c0,
0x000002aa4085c7f0, 0x000002aa3efab3e0, 0x000002aa3efa9fa0, 0x000002aa3efa5dd0,
0x000002aa3efa7210, 0x000002aa3efa53b0, 0x000002aa3efa7c30, 0x000002aa3efa9070,
0x000002aa3efa8b60, 0x000002aa3efa4480, 0x000002aa3efa58c0, 0x000002aa3efa8140,
0x000002aa3efabe00, 0x000002aa3efa6d00, 0x000002aa3efa9580, 0x000002aa3efaa4b0,
0x000002aa3efa7720, 0x000002aa3efa62e0, 0x000002aa3efa67f0, 0x000002aa3efaa9c0,
0x000002aa3efaaed0, 0x000002aa3efab8f0, 0x000002aa3efa4990
}

Java Threads: ( => current thread )
  0x000002aa7fb6e360 JavaThread "main" [_thread_blocked, id=8412, stack(0x000000ade9e00000,0x000000ade9f00000)]
  0x000002aa1d7d2b00 JavaThread "Reference Handler" daemon [_thread_blocked, id=16424, stack(0x000000adea500000,0x000000adea600000)]
  0x000002aa1d7d36c0 JavaThread "Finalizer" daemon [_thread_blocked, id=3364, stack(0x000000adea600000,0x000000adea700000)]
  0x000002aa1d7ef400 JavaThread "Signal Dispatcher" daemon [_thread_blocked, id=5252, stack(0x000000adea700000,0x000000adea800000)]
  0x000002aa1d7efcd0 JavaThread "Attach Listener" daemon [_thread_blocked, id=10592, stack(0x000000adea800000,0x000000adea900000)]
  0x000002aa1d7f26a0 JavaThread "Service Thread" daemon [_thread_blocked, id=17216, stack(0x000000adea900000,0x000000adeaa00000)]
  0x000002aa1d7f3060 JavaThread "Monitor Deflation Thread" daemon [_thread_blocked, id=8808, stack(0x000000adeaa00000,0x000000adeab00000)]
  0x000002aa1d7f3d50 JavaThread "C2 CompilerThread0" daemon [_thread_in_native, id=15088, stack(0x000000adeab00000,0x000000adeac00000)]
  0x000002aa1d8056b0 JavaThread "C1 CompilerThread0" daemon [_thread_blocked, id=3116, stack(0x000000adeac00000,0x000000adead00000)]
  0x000002aa1d85ea40 JavaThread "Sweeper thread" daemon [_thread_blocked, id=8720, stack(0x000000adead00000,0x000000adeae00000)]
  0x000002aa1d9d85c0 JavaThread "Common-Cleaner" daemon [_thread_blocked, id=14360, stack(0x000000adeae00000,0x000000adeaf00000)]
  0x000002aa1dae01b0 JavaThread "Notification Thread" daemon [_thread_blocked, id=17192, stack(0x000000adeaf00000,0x000000adeb000000)]
  0x000002aa3e2b4ca0 JavaThread "Daemon health stats" [_thread_blocked, id=17896, stack(0x000000adeb300000,0x000000adeb400000)]
  0x000002aa3d7b19d0 JavaThread "Incoming local TCP Connector on port 62637" [_thread_in_native, id=18896, stack(0x000000adeb500000,0x000000adeb600000)]
  0x000002aa3d8d0650 JavaThread "Daemon periodic checks" [_thread_blocked, id=19452, stack(0x000000adeb600000,0x000000adeb700000)]
  0x000002aa3e3dc450 JavaThread "Daemon" [_thread_blocked, id=4452, stack(0x000000adeb700000,0x000000adeb800000)]
  0x000002aa3e3dd0d0 JavaThread "Handler for socket connection from /127.0.0.1:62637 to /127.0.0.1:62638" [_thread_in_native, id=12436, stack(0x000000adeb800000,0x000000adeb900000)]
  0x000002aa3e439910 JavaThread "Cancel handler" [_thread_blocked, id=12564, stack(0x000000adeb900000,0x000000adeba00000)]
  0x000002aa3e437090 JavaThread "Daemon worker" [_thread_blocked, id=17900, stack(0x000000adeba00000,0x000000adebb00000)]
  0x000002aa3e437fc0 JavaThread "Asynchronous log dispatcher for DefaultDaemonConnection: socket connection from /127.0.0.1:62637 to /127.0.0.1:62638" [_thread_blocked, id=9932, stack(0x000000adebb00000,0x000000adebc00000)]
  0x000002aa3e4375a0 JavaThread "Stdin handler" [_thread_blocked, id=14000, stack(0x000000adebc00000,0x000000adebd00000)]
  0x000002aa3e438ef0 JavaThread "Daemon client event forwarder" [_thread_blocked, id=16072, stack(0x000000adebd00000,0x000000adebe00000)]
  0x000002aa3e437ab0 JavaThread "Cache worker for journal cache (C:\Users\PAVILION\.gradle\caches\journal-1)" [_thread_blocked, id=7456, stack(0x000000adebe00000,0x000000adebf00000)]
  0x000002aa3e43a840 JavaThread "File lock request listener" [_thread_in_native, id=2020, stack(0x000000adebf00000,0x000000adec000000)]
  0x000002aa3e4384d0 JavaThread "Cache worker for file hash cache (C:\Users\PAVILION\.gradle\caches\8.13\fileHashes)" [_thread_blocked, id=15952, stack(0x000000adec100000,0x000000adec200000)]
  0x000002aa3e439400 JavaThread "Cache worker for file hash cache (D:\Dev space\Gemma showcase\SmartMoney\android\.gradle\8.13\fileHashes)" [_thread_blocked, id=11204, stack(0x000000adec200000,0x000000adec300000)]
  0x000002aa3e43a330 JavaThread "Cache worker for Build Output Cleanup Cache (D:\Dev space\Gemma showcase\SmartMoney\android\.gradle\buildOutputCleanup)" [_thread_blocked, id=7744, stack(0x000000adec000000,0x000000adec100000)]
  0x000002aa3e4389e0 JavaThread "File watcher server" daemon [_thread_in_native, id=6540, stack(0x000000adec300000,0x000000adec400000)]
  0x000002aa4085cd00 JavaThread "File watcher consumer" daemon [_thread_blocked, id=9728, stack(0x000000adec500000,0x000000adec600000)]
  0x000002aa4085d720 JavaThread "jar transforms" [_thread_blocked, id=14128, stack(0x000000adec600000,0x000000adec700000)]
  0x000002aa4085e140 JavaThread "jar transforms Thread 2" [_thread_blocked, id=15860, stack(0x000000adec800000,0x000000adec900000)]
  0x000002aa4085b8c0 JavaThread "Cache worker for checksums cache (D:\Dev space\Gemma showcase\SmartMoney\android\.gradle\8.13\checksums)" [_thread_blocked, id=17356, stack(0x000000adec900000,0x000000adeca00000)]
  0x000002aa4085c7f0 JavaThread "Cache worker for file content cache (C:\Users\PAVILION\.gradle\caches\8.13\fileContent)" [_thread_blocked, id=18520, stack(0x000000adeca00000,0x000000adecb00000)]
  0x000002aa3efab3e0 JavaThread "jar transforms Thread 3" [_thread_blocked, id=10720, stack(0x000000adec700000,0x000000adec800000)]
  0x000002aa3efa9fa0 JavaThread "Cache worker for cache directory md-supplier (C:\Users\PAVILION\.gradle\caches\8.13\md-supplier)" [_thread_blocked, id=7324, stack(0x000000adecc00000,0x000000adecd00000)]
  0x000002aa3efa5dd0 JavaThread "Cache worker for cache directory md-rule (C:\Users\PAVILION\.gradle\caches\8.13\md-rule)" [_thread_blocked, id=5432, stack(0x000000adecd00000,0x000000adece00000)]
  0x000002aa3efa7210 JavaThread "Cache worker for Build Output Cleanup Cache (D:\Dev space\Gemma showcase\SmartMoney\node_modules\@react-native\gradle-plugin\.gradle\buildOutputCleanup)" [_thread_blocked, id=18000, stack(0x000000adecb00000,0x000000adecc00000)]
  0x000002aa3efa53b0 JavaThread "File lock release action executor" [_thread_blocked, id=7332, stack(0x000000adecf00000,0x000000aded000000)]
  0x000002aa3efa7c30 JavaThread "Unconstrained build operations" [_thread_blocked, id=13812, stack(0x000000adece00000,0x000000adecf00000)]
  0x000002aa3efa9070 JavaThread "Unconstrained build operations Thread 2" [_thread_blocked, id=6612, stack(0x000000aded000000,0x000000aded100000)]
  0x000002aa3efa8b60 JavaThread "Unconstrained build operations Thread 3" [_thread_blocked, id=8780, stack(0x000000aded100000,0x000000aded200000)]
  0x000002aa3efa4480 JavaThread "Unconstrained build operations Thread 4" [_thread_blocked, id=17712, stack(0x000000aded200000,0x000000aded300000)]
  0x000002aa3efa58c0 JavaThread "Unconstrained build operations Thread 5" [_thread_blocked, id=14884, stack(0x000000aded300000,0x000000aded400000)]
  0x000002aa3efa8140 JavaThread "Unconstrained build operations Thread 6" [_thread_blocked, id=17556, stack(0x000000aded400000,0x000000aded500000)]
  0x000002aa3efabe00 JavaThread "Unconstrained build operations Thread 7" [_thread_blocked, id=10960, stack(0x000000aded700000,0x000000aded800000)]
  0x000002aa3efa6d00 JavaThread "Unconstrained build operations Thread 8" [_thread_blocked, id=15156, stack(0x000000aded800000,0x000000aded900000)]
  0x000002aa3efa9580 JavaThread "Unconstrained build operations Thread 9" [_thread_blocked, id=15972, stack(0x000000aded900000,0x000000adeda00000)]
  0x000002aa3efaa4b0 JavaThread "Unconstrained build operations Thread 10" [_thread_blocked, id=18568, stack(0x000000adeda00000,0x000000adedb00000)]
  0x000002aa3efa7720 JavaThread "Unconstrained build operations Thread 11" [_thread_blocked, id=16660, stack(0x000000adedb00000,0x000000adedc00000)]
  0x000002aa3efa62e0 JavaThread "Unconstrained build operations Thread 12" [_thread_blocked, id=3896, stack(0x000000adedc00000,0x000000adedd00000)]
  0x000002aa3efa67f0 JavaThread "Unconstrained build operations Thread 13" [_thread_blocked, id=19428, stack(0x000000adedd00000,0x000000adede00000)]
  0x000002aa3efaa9c0 JavaThread "Unconstrained build operations Thread 14" [_thread_blocked, id=3812, stack(0x000000adede00000,0x000000adedf00000)]
  0x000002aa3efaaed0 JavaThread "Unconstrained build operations Thread 15" [_thread_blocked, id=2092, stack(0x000000adedf00000,0x000000adee000000)]
  0x000002aa3efab8f0 JavaThread "build event listener" [_thread_blocked, id=18412, stack(0x000000adee000000,0x000000adee100000)]
  0x000002aa3efa4990 JavaThread "Memory manager" [_thread_blocked, id=18360, stack(0x000000adee100000,0x000000adee200000)]

Other Threads:
=>0x000002aa1d7cccf0 VMThread "VM Thread" [stack: 0x000000adea400000,0x000000adea500000] [id=17080]
  0x000002aa7fb6f1e0 WatcherThread [stack: 0x000000adeb000000,0x000000adeb100000] [id=3388]
  0x000002aa7fbca680 GCTaskThread "GC Thread#0" [stack: 0x000000ade9f00000,0x000000adea000000] [id=16016]
  0x000002aa1db77340 GCTaskThread "GC Thread#1" [stack: 0x000000adeb100000,0x000000adeb200000] [id=15572]
  0x000002aa1db89e70 GCTaskThread "GC Thread#2" [stack: 0x000000adeb200000,0x000000adeb300000] [id=11048]
  0x000002aa3d749f10 GCTaskThread "GC Thread#3" [stack: 0x000000adeb400000,0x000000adeb500000] [id=10108]
  0x000002aa7fbdb5d0 ConcurrentGCThread "G1 Main Marker" [stack: 0x000000adea000000,0x000000adea100000] [id=17416]
  0x000002aa7fbdc150 ConcurrentGCThread "G1 Conc#0" [stack: 0x000000adea100000,0x000000adea200000] [id=4652]
  0x000002aa7fc2e0c0 ConcurrentGCThread "G1 Refine#0" [stack: 0x000000adea200000,0x000000adea300000] [id=19440]
  0x000002aa3f525480 ConcurrentGCThread "G1 Refine#1" [stack: 0x000000adec400000,0x000000adec500000] [id=16380]
  0x000002aa7fc2ec50 ConcurrentGCThread "G1 Service" [stack: 0x000000adea300000,0x000000adea400000] [id=16488]

Threads with active compile tasks:
C2 CompilerThread0    60547 8576 %     4       org.gradle.internal.instantiation.generator.AbstractClassGenerator::inspectType @ 292 (602 bytes)

VM state: at safepoint (normal execution)

VM Mutex/Monitor currently owned by a thread:  ([mutex/lock_event])
[0x000002aa7fb6a550] Threads_lock - owner thread: 0x000002aa1d7cccf0
[0x000002aa7fb68db0] Heap_lock - owner thread: 0x000002aa3e437090

Heap address: 0x0000000080000000, size: 2048 MB, Compressed Oops mode: 32-bit

CDS archive(s) mapped at: [0x000002aa1e000000-0x000002aa1ebb0000-0x000002aa1ebb0000), size 12255232, SharedBaseAddress: 0x000002aa1e000000, ArchiveRelocationMode: 1.
Compressed class space mapped at: 0x000002aa1f000000-0x000002aa39000000, reserved size: 436207616
Narrow klass base: 0x000002aa1e000000, Narrow klass shift: 0, Narrow klass range: 0x100000000

GC Precious Log:
 CPUs: 4 total, 4 available
 Memory: 8077M
 Large Page Support: Disabled
 NUMA Support: Disabled
 Compressed Oops: Enabled (32-bit)
 Heap Region Size: 1M
 Heap Min Capacity: 8M
 Heap Initial Capacity: 128M
 Heap Max Capacity: 2G
 Pre-touch: Disabled
 Parallel Workers: 4
 Concurrent Workers: 1
 Concurrent Refinement Workers: 4
 Periodic GC: Disabled

Heap:
 garbage-first heap   total 131072K, used 64409K [0x0000000080000000, 0x0000000100000000)
  region size 1024K, 4 young (4096K), 4 survivors (4096K)
 Metaspace       used 67040K, committed 67840K, reserved 491520K
  class space    used 9445K, committed 9792K, reserved 425984K

Heap Regions: E=young(eden), S=young(survivor), O=old, HS=humongous(starts), HC=humongous(continues), CS=collection set, F=free, OA=open archive, CA=closed archive, TAMS=top-at-mark-start (previous, next)
|   0|0x0000000080000000, 0x0000000080100000, 0x0000000080100000|100%|HS|  |TAMS 0x0000000080100000, 0x0000000080000000| Complete 
|   1|0x0000000080100000, 0x0000000080200000, 0x0000000080200000|100%|HC|  |TAMS 0x0000000080200000, 0x0000000080100000| Complete 
|   2|0x0000000080200000, 0x0000000080300000, 0x0000000080300000|100%|HC|  |TAMS 0x0000000080300000, 0x0000000080200000| Complete 
|   3|0x0000000080300000, 0x0000000080400000, 0x0000000080400000|100%| O|  |TAMS 0x0000000080400000, 0x0000000080300000| Untracked 
|   4|0x0000000080400000, 0x0000000080500000, 0x0000000080500000|100%| O|  |TAMS 0x0000000080500000, 0x0000000080400000| Untracked 
|   5|0x0000000080500000, 0x0000000080600000, 0x0000000080600000|100%| O|  |TAMS 0x0000000080600000, 0x0000000080500000| Untracked 
|   6|0x0000000080600000, 0x0000000080700000, 0x0000000080700000|100%| O|  |TAMS 0x0000000080700000, 0x0000000080600000| Untracked 
|   7|0x0000000080700000, 0x0000000080800000, 0x0000000080800000|100%|HS|  |TAMS 0x0000000080800000, 0x0000000080700000| Complete 
|   8|0x0000000080800000, 0x0000000080900000, 0x0000000080900000|100%| O|  |TAMS 0x0000000080900000, 0x0000000080800000| Untracked 
|   9|0x0000000080900000, 0x0000000080a00000, 0x0000000080a00000|100%| O|  |TAMS 0x0000000080a00000, 0x0000000080900000| Untracked 
|  10|0x0000000080a00000, 0x0000000080b00000, 0x0000000080b00000|100%| O|  |TAMS 0x0000000080b00000, 0x0000000080a00000| Untracked 
|  11|0x0000000080b00000, 0x0000000080c00000, 0x0000000080c00000|100%| O|  |TAMS 0x0000000080c00000, 0x0000000080b00000| Untracked 
|  12|0x0000000080c00000, 0x0000000080d00000, 0x0000000080d00000|100%| O|  |TAMS 0x0000000080d00000, 0x0000000080c00000| Untracked 
|  13|0x0000000080d00000, 0x0000000080e00000, 0x0000000080e00000|100%| O|  |TAMS 0x0000000080e00000, 0x0000000080d00000| Untracked 
|  14|0x0000000080e00000, 0x0000000080f00000, 0x0000000080f00000|100%| O|  |TAMS 0x0000000080f00000, 0x0000000080e00000| Untracked 
|  15|0x0000000080f00000, 0x0000000081000000, 0x0000000081000000|100%| O|  |TAMS 0x0000000081000000, 0x0000000080f00000| Untracked 
|  16|0x0000000081000000, 0x0000000081100000, 0x0000000081100000|100%| O|  |TAMS 0x0000000081100000, 0x0000000081000000| Untracked 
|  17|0x0000000081100000, 0x0000000081200000, 0x0000000081200000|100%| O|  |TAMS 0x0000000081200000, 0x0000000081100000| Untracked 
|  18|0x0000000081200000, 0x0000000081300000, 0x0000000081300000|100%| O|  |TAMS 0x0000000081300000, 0x0000000081200000| Untracked 
|  19|0x0000000081300000, 0x0000000081400000, 0x0000000081400000|100%| O|  |TAMS 0x0000000081400000, 0x0000000081300000| Untracked 
|  20|0x0000000081400000, 0x00000000814f9400, 0x0000000081500000| 97%| O|  |TAMS 0x00000000814f9400, 0x0000000081400000| Untracked 
|  21|0x0000000081500000, 0x0000000081600000, 0x0000000081600000|100%| O|  |TAMS 0x0000000081600000, 0x0000000081500000| Untracked 
|  22|0x0000000081600000, 0x0000000081700000, 0x0000000081700000|100%| O|  |TAMS 0x0000000081700000, 0x0000000081600000| Untracked 
|  23|0x0000000081700000, 0x0000000081800000, 0x0000000081800000|100%| O|  |TAMS 0x0000000081800000, 0x0000000081700000| Untracked 
|  24|0x0000000081800000, 0x0000000081900000, 0x0000000081900000|100%| O|  |TAMS 0x0000000081900000, 0x0000000081800000| Untracked 
|  25|0x0000000081900000, 0x0000000081a00000, 0x0000000081a00000|100%| O|  |TAMS 0x0000000081a00000, 0x0000000081900000| Untracked 
|  26|0x0000000081a00000, 0x0000000081b00000, 0x0000000081b00000|100%| O|  |TAMS 0x0000000081b00000, 0x0000000081a00000| Untracked 
|  27|0x0000000081b00000, 0x0000000081c00000, 0x0000000081c00000|100%| O|  |TAMS 0x0000000081c00000, 0x0000000081b00000| Untracked 
|  28|0x0000000081c00000, 0x0000000081d00000, 0x0000000081d00000|100%| O|  |TAMS 0x0000000081d00000, 0x0000000081c00000| Untracked 
|  29|0x0000000081d00000, 0x0000000081e00000, 0x0000000081e00000|100%| O|  |TAMS 0x0000000081e00000, 0x0000000081d00000| Untracked 
|  30|0x0000000081e00000, 0x0000000081f00000, 0x0000000081f00000|100%| O|  |TAMS 0x0000000081f00000, 0x0000000081e00000| Untracked 
|  31|0x0000000081f00000, 0x0000000082000000, 0x0000000082000000|100%| O|  |TAMS 0x0000000082000000, 0x0000000081f00000| Untracked 
|  32|0x0000000082000000, 0x0000000082100000, 0x0000000082100000|100%| O|  |TAMS 0x0000000082100000, 0x0000000082000000| Untracked 
|  33|0x0000000082100000, 0x0000000082200000, 0x0000000082200000|100%| O|  |TAMS 0x0000000082200000, 0x0000000082100000| Untracked 
|  34|0x0000000082200000, 0x0000000082300000, 0x0000000082300000|100%| O|  |TAMS 0x0000000082300000, 0x0000000082200000| Untracked 
|  35|0x0000000082300000, 0x0000000082400000, 0x0000000082400000|100%| O|  |TAMS 0x0000000082400000, 0x0000000082300000| Untracked 
|  36|0x0000000082400000, 0x0000000082500000, 0x0000000082500000|100%| O|  |TAMS 0x0000000082500000, 0x0000000082400000| Untracked 
|  37|0x0000000082500000, 0x0000000082600000, 0x0000000082600000|100%| O|  |TAMS 0x0000000082600000, 0x0000000082500000| Untracked 
|  38|0x0000000082600000, 0x0000000082700000, 0x0000000082700000|100%| O|  |TAMS 0x0000000082700000, 0x0000000082600000| Untracked 
|  39|0x0000000082700000, 0x0000000082800000, 0x0000000082800000|100%| O|  |TAMS 0x0000000082800000, 0x0000000082700000| Untracked 
|  40|0x0000000082800000, 0x0000000082900000, 0x0000000082900000|100%| O|  |TAMS 0x0000000082900000, 0x0000000082800000| Untracked 
|  41|0x0000000082900000, 0x0000000082a00000, 0x0000000082a00000|100%| O|  |TAMS 0x0000000082a00000, 0x0000000082900000| Untracked 
|  42|0x0000000082a00000, 0x0000000082b00000, 0x0000000082b00000|100%| O|  |TAMS 0x0000000082b00000, 0x0000000082a00000| Untracked 
|  43|0x0000000082b00000, 0x0000000082c00000, 0x0000000082c00000|100%|HS|  |TAMS 0x0000000082c00000, 0x0000000082b00000| Complete 
|  44|0x0000000082c00000, 0x0000000082d00000, 0x0000000082d00000|100%|HC|  |TAMS 0x0000000082d00000, 0x0000000082c00000| Complete 
|  45|0x0000000082d00000, 0x0000000082e00000, 0x0000000082e00000|100%|HS|  |TAMS 0x0000000082e00000, 0x0000000082d00000| Complete 
|  46|0x0000000082e00000, 0x0000000082f00000, 0x0000000082f00000|100%|HC|  |TAMS 0x0000000082f00000, 0x0000000082e00000| Complete 
|  47|0x0000000082f00000, 0x0000000083000000, 0x0000000083000000|100%|HC|  |TAMS 0x0000000083000000, 0x0000000082f00000| Complete 
|  48|0x0000000083000000, 0x0000000083100000, 0x0000000083100000|100%|HS|  |TAMS 0x0000000083100000, 0x0000000083000000| Complete 
|  49|0x0000000083100000, 0x0000000083200000, 0x0000000083200000|100%|HC|  |TAMS 0x0000000083200000, 0x0000000083100000| Complete 
|  50|0x0000000083200000, 0x0000000083300000, 0x0000000083300000|100%| O|  |TAMS 0x0000000083300000, 0x0000000083200000| Untracked 
|  51|0x0000000083300000, 0x0000000083400000, 0x0000000083400000|100%| O|  |TAMS 0x0000000083400000, 0x0000000083300000| Untracked 
|  52|0x0000000083400000, 0x0000000083500000, 0x0000000083500000|100%| O|  |TAMS 0x0000000083400000, 0x0000000083400000| Untracked 
|  53|0x0000000083500000, 0x0000000083500000, 0x0000000083600000|  0%| F|  |TAMS 0x0000000083500000, 0x0000000083500000| Untracked 
|  54|0x0000000083600000, 0x0000000083700000, 0x0000000083700000|100%| O|  |TAMS 0x0000000083700000, 0x0000000083600000| Untracked 
|  55|0x0000000083700000, 0x0000000083800000, 0x0000000083800000|100%|HS|  |TAMS 0x0000000083800000, 0x0000000083700000| Complete 
|  56|0x0000000083800000, 0x0000000083900000, 0x0000000083900000|100%|HC|  |TAMS 0x0000000083900000, 0x0000000083800000| Complete 
|  57|0x0000000083900000, 0x0000000083a00000, 0x0000000083a00000|100%|HC|  |TAMS 0x0000000083a00000, 0x0000000083900000| Complete 
|  58|0x0000000083a00000, 0x0000000083b00000, 0x0000000083b00000|100%| O|  |TAMS 0x0000000083a9be00, 0x0000000083a00000| Untracked 
|  59|0x0000000083b00000, 0x0000000083c00000, 0x0000000083c00000|100%| O|  |TAMS 0x0000000083b00000, 0x0000000083b00000| Untracked 
|  60|0x0000000083c00000, 0x0000000083c52a00, 0x0000000083d00000| 32%| O|  |TAMS 0x0000000083c00000, 0x0000000083c00000| Untracked 
|  61|0x0000000083d00000, 0x0000000083d00000, 0x0000000083e00000|  0%| F|  |TAMS 0x0000000083d00000, 0x0000000083d00000| Untracked 
|  62|0x0000000083e00000, 0x0000000083e00000, 0x0000000083f00000|  0%| F|  |TAMS 0x0000000083e00000, 0x0000000083e00000| Untracked 
|  63|0x0000000083f00000, 0x0000000083f00000, 0x0000000084000000|  0%| F|  |TAMS 0x0000000083f00000, 0x0000000083f00000| Untracked 
|  64|0x0000000084000000, 0x0000000084000000, 0x0000000084100000|  0%| F|  |TAMS 0x0000000084000000, 0x0000000084000000| Untracked 
|  65|0x0000000084100000, 0x0000000084100000, 0x0000000084200000|  0%| F|  |TAMS 0x0000000084100000, 0x0000000084100000| Untracked 
|  66|0x0000000084200000, 0x0000000084200000, 0x0000000084300000|  0%| F|  |TAMS 0x0000000084200000, 0x0000000084200000| Untracked 
|  67|0x0000000084300000, 0x0000000084300000, 0x0000000084400000|  0%| F|  |TAMS 0x0000000084300000, 0x0000000084300000| Untracked 
|  68|0x0000000084400000, 0x0000000084400000, 0x0000000084500000|  0%| F|  |TAMS 0x0000000084400000, 0x0000000084400000| Untracked 
|  69|0x0000000084500000, 0x0000000084500000, 0x0000000084600000|  0%| F|  |TAMS 0x0000000084500000, 0x0000000084500000| Untracked 
|  70|0x0000000084600000, 0x0000000084600000, 0x0000000084700000|  0%| F|  |TAMS 0x0000000084600000, 0x0000000084600000| Untracked 
|  71|0x0000000084700000, 0x0000000084700000, 0x0000000084800000|  0%| F|  |TAMS 0x0000000084700000, 0x0000000084700000| Untracked 
|  72|0x0000000084800000, 0x0000000084800000, 0x0000000084900000|  0%| F|  |TAMS 0x0000000084800000, 0x0000000084800000| Untracked 
|  73|0x0000000084900000, 0x0000000084900000, 0x0000000084a00000|  0%| F|  |TAMS 0x0000000084900000, 0x0000000084900000| Untracked 
|  74|0x0000000084a00000, 0x0000000084a00000, 0x0000000084b00000|  0%| F|  |TAMS 0x0000000084a00000, 0x0000000084a00000| Untracked 
|  75|0x0000000084b00000, 0x0000000084b9a668, 0x0000000084c00000| 60%| S|CS|TAMS 0x0000000084b00000, 0x0000000084b00000| Complete 
|  76|0x0000000084c00000, 0x0000000084d00000, 0x0000000084d00000|100%| S|CS|TAMS 0x0000000084c00000, 0x0000000084c00000| Complete 
|  77|0x0000000084d00000, 0x0000000084e00000, 0x0000000084e00000|100%| S|CS|TAMS 0x0000000084d00000, 0x0000000084d00000| Complete 
|  78|0x0000000084e00000, 0x0000000084f00000, 0x0000000084f00000|100%| S|CS|TAMS 0x0000000084e00000, 0x0000000084e00000| Complete 
|  79|0x0000000084f00000, 0x0000000084f00000, 0x0000000085000000|  0%| F|  |TAMS 0x0000000084f00000, 0x0000000084f00000| Untracked 
|  80|0x0000000085000000, 0x0000000085000000, 0x0000000085100000|  0%| F|  |TAMS 0x0000000085000000, 0x0000000085000000| Untracked 
|  81|0x0000000085100000, 0x0000000085100000, 0x0000000085200000|  0%| F|  |TAMS 0x0000000085100000, 0x0000000085100000| Untracked 
|  82|0x0000000085200000, 0x0000000085200000, 0x0000000085300000|  0%| F|  |TAMS 0x0000000085200000, 0x0000000085200000| Untracked 
|  83|0x0000000085300000, 0x0000000085300000, 0x0000000085400000|  0%| F|  |TAMS 0x0000000085300000, 0x0000000085300000| Untracked 
|  84|0x0000000085400000, 0x0000000085400000, 0x0000000085500000|  0%| F|  |TAMS 0x0000000085400000, 0x0000000085400000| Untracked 
|  85|0x0000000085500000, 0x0000000085500000, 0x0000000085600000|  0%| F|  |TAMS 0x0000000085500000, 0x0000000085500000| Untracked 
|  86|0x0000000085600000, 0x0000000085600000, 0x0000000085700000|  0%| F|  |TAMS 0x0000000085600000, 0x0000000085600000| Untracked 
|  87|0x0000000085700000, 0x0000000085700000, 0x0000000085800000|  0%| F|  |TAMS 0x0000000085700000, 0x0000000085700000| Untracked 
|  88|0x0000000085800000, 0x0000000085800000, 0x0000000085900000|  0%| F|  |TAMS 0x0000000085800000, 0x0000000085800000| Untracked 
|  89|0x0000000085900000, 0x0000000085900000, 0x0000000085a00000|  0%| F|  |TAMS 0x0000000085900000, 0x0000000085900000| Untracked 
|  90|0x0000000085a00000, 0x0000000085a00000, 0x0000000085b00000|  0%| F|  |TAMS 0x0000000085a00000, 0x0000000085a00000| Untracked 
|  91|0x0000000085b00000, 0x0000000085b00000, 0x0000000085c00000|  0%| F|  |TAMS 0x0000000085b00000, 0x0000000085b00000| Untracked 
|  92|0x0000000085c00000, 0x0000000085c00000, 0x0000000085d00000|  0%| F|  |TAMS 0x0000000085c00000, 0x0000000085c00000| Untracked 
|  93|0x0000000085d00000, 0x0000000085d00000, 0x0000000085e00000|  0%| F|  |TAMS 0x0000000085d00000, 0x0000000085d00000| Untracked 
|  94|0x0000000085e00000, 0x0000000085e00000, 0x0000000085f00000|  0%| F|  |TAMS 0x0000000085e00000, 0x0000000085e00000| Untracked 
|  95|0x0000000085f00000, 0x0000000085f00000, 0x0000000086000000|  0%| F|  |TAMS 0x0000000085f00000, 0x0000000085f00000| Untracked 
|  96|0x0000000086000000, 0x0000000086000000, 0x0000000086100000|  0%| F|  |TAMS 0x0000000086000000, 0x0000000086000000| Untracked 
|  97|0x0000000086100000, 0x0000000086100000, 0x0000000086200000|  0%| F|  |TAMS 0x0000000086100000, 0x0000000086100000| Untracked 
|  98|0x0000000086200000, 0x0000000086200000, 0x0000000086300000|  0%| F|  |TAMS 0x0000000086200000, 0x0000000086200000| Untracked 
|  99|0x0000000086300000, 0x0000000086300000, 0x0000000086400000|  0%| F|  |TAMS 0x0000000086300000, 0x0000000086300000| Untracked 
| 100|0x0000000086400000, 0x0000000086400000, 0x0000000086500000|  0%| F|  |TAMS 0x0000000086400000, 0x0000000086400000| Untracked 
| 101|0x0000000086500000, 0x0000000086500000, 0x0000000086600000|  0%| F|  |TAMS 0x0000000086500000, 0x0000000086500000| Untracked 
| 102|0x0000000086600000, 0x0000000086600000, 0x0000000086700000|  0%| F|  |TAMS 0x0000000086600000, 0x0000000086600000| Untracked 
| 103|0x0000000086700000, 0x0000000086700000, 0x0000000086800000|  0%| F|  |TAMS 0x0000000086700000, 0x0000000086700000| Untracked 
| 104|0x0000000086800000, 0x0000000086800000, 0x0000000086900000|  0%| F|  |TAMS 0x0000000086800000, 0x0000000086800000| Untracked 
| 105|0x0000000086900000, 0x0000000086900000, 0x0000000086a00000|  0%| F|  |TAMS 0x0000000086900000, 0x0000000086900000| Untracked 
| 106|0x0000000086a00000, 0x0000000086a00000, 0x0000000086b00000|  0%| F|  |TAMS 0x0000000086a00000, 0x0000000086a00000| Untracked 
| 107|0x0000000086b00000, 0x0000000086b00000, 0x0000000086c00000|  0%| F|  |TAMS 0x0000000086b00000, 0x0000000086b00000| Untracked 
| 108|0x0000000086c00000, 0x0000000086c00000, 0x0000000086d00000|  0%| F|  |TAMS 0x0000000086c00000, 0x0000000086c00000| Untracked 
| 109|0x0000000086d00000, 0x0000000086d00000, 0x0000000086e00000|  0%| F|  |TAMS 0x0000000086d00000, 0x0000000086d00000| Untracked 
| 110|0x0000000086e00000, 0x0000000086e00000, 0x0000000086f00000|  0%| F|  |TAMS 0x0000000086e00000, 0x0000000086e00000| Untracked 
| 111|0x0000000086f00000, 0x0000000086f00000, 0x0000000087000000|  0%| F|  |TAMS 0x0000000086f00000, 0x0000000086f00000| Untracked 
| 112|0x0000000087000000, 0x0000000087000000, 0x0000000087100000|  0%| F|  |TAMS 0x0000000087000000, 0x0000000087000000| Untracked 
| 113|0x0000000087100000, 0x0000000087100000, 0x0000000087200000|  0%| F|  |TAMS 0x0000000087100000, 0x0000000087100000| Untracked 
| 114|0x0000000087200000, 0x0000000087200000, 0x0000000087300000|  0%| F|  |TAMS 0x0000000087200000, 0x0000000087200000| Untracked 
| 115|0x0000000087300000, 0x0000000087300000, 0x0000000087400000|  0%| F|  |TAMS 0x0000000087300000, 0x0000000087300000| Untracked 
| 116|0x0000000087400000, 0x0000000087400000, 0x0000000087500000|  0%| F|  |TAMS 0x0000000087400000, 0x0000000087400000| Untracked 
| 117|0x0000000087500000, 0x0000000087500000, 0x0000000087600000|  0%| F|  |TAMS 0x0000000087500000, 0x0000000087500000| Untracked 
| 118|0x0000000087600000, 0x0000000087600000, 0x0000000087700000|  0%| F|  |TAMS 0x0000000087600000, 0x0000000087600000| Untracked 
| 119|0x0000000087700000, 0x0000000087700000, 0x0000000087800000|  0%| F|  |TAMS 0x0000000087700000, 0x0000000087700000| Untracked 
| 120|0x0000000087800000, 0x0000000087800000, 0x0000000087900000|  0%| F|  |TAMS 0x0000000087800000, 0x0000000087800000| Untracked 
| 121|0x0000000087900000, 0x0000000087900000, 0x0000000087a00000|  0%| F|  |TAMS 0x0000000087900000, 0x0000000087900000| Untracked 
| 122|0x0000000087a00000, 0x0000000087a00000, 0x0000000087b00000|  0%| F|  |TAMS 0x0000000087a00000, 0x0000000087a00000| Untracked 
| 123|0x0000000087b00000, 0x0000000087b00000, 0x0000000087c00000|  0%| F|  |TAMS 0x0000000087b00000, 0x0000000087b00000| Untracked 
| 124|0x0000000087c00000, 0x0000000087c00000, 0x0000000087d00000|  0%| F|  |TAMS 0x0000000087c00000, 0x0000000087c00000| Untracked 
| 125|0x0000000087d00000, 0x0000000087d00000, 0x0000000087e00000|  0%| F|  |TAMS 0x0000000087d00000, 0x0000000087d00000| Untracked 
| 126|0x0000000087e00000, 0x0000000087e00000, 0x0000000087f00000|  0%| F|  |TAMS 0x0000000087e00000, 0x0000000087e00000| Untracked 
| 127|0x0000000087f00000, 0x0000000087f00000, 0x0000000088000000|  0%| F|  |TAMS 0x0000000087f00000, 0x0000000087f00000| Untracked 

Card table byte_map: [0x000002aa16e60000,0x000002aa17260000] _byte_map_base: 0x000002aa16a60000

Marking Bits (Prev, Next): (CMBitMap*) 0x000002aa7fbcaca0, (CMBitMap*) 0x000002aa7fbcace0
 Prev Bits: [0x000002aa17660000, 0x000002aa19660000)
 Next Bits: [0x000002aa19660000, 0x000002aa1b660000)

Polling page: 0x000002aa7dad0000

Metaspace:

Usage:
  Non-class:     56.24 MB used.
      Class:      9.22 MB used.
       Both:     65.47 MB used.

Virtual space:
  Non-class space:       64.00 MB reserved,      56.69 MB ( 89%) committed,  1 nodes.
      Class space:      416.00 MB reserved,       9.56 MB (  2%) committed,  1 nodes.
             Both:      480.00 MB reserved,      66.25 MB ( 14%) committed. 

Chunk freelists:
   Non-Class:  6.97 MB
       Class:  6.27 MB
        Both:  13.23 MB

MaxMetaspaceSize: 512.00 MB
CompressedClassSpaceSize: 416.00 MB
Initial GC threshold: 21.00 MB
Current GC threshold: 106.81 MB
CDS: on
MetaspaceReclaimPolicy: balanced
 - commit_granule_bytes: 65536.
 - commit_granule_words: 8192.
 - virtual_space_node_default_size: 8388608.
 - enlarge_chunks_in_place: 1.
 - new_chunks_are_fully_committed: 0.
 - uncommit_free_chunks: 1.
 - use_allocation_guard: 0.
 - handle_deallocations: 1.


Internal statistics:

num_allocs_failed_limit: 6.
num_arena_births: 1036.
num_arena_deaths: 0.
num_vsnodes_births: 2.
num_vsnodes_deaths: 0.
num_space_committed: 1060.
num_space_uncommitted: 0.
num_chunks_returned_to_freelist: 6.
num_chunks_taken_from_freelist: 3964.
num_chunk_merges: 6.
num_chunk_splits: 2549.
num_chunks_enlarged: 1583.
num_inconsistent_stats: 0.

CodeHeap 'non-profiled nmethods': size=120000Kb used=4602Kb max_used=4602Kb free=115397Kb
 bounds [0x000002aa0f530000, 0x000002aa0f9b0000, 0x000002aa16a60000]
CodeHeap 'profiled nmethods': size=120000Kb used=15492Kb max_used=15492Kb free=104508Kb
 bounds [0x000002aa07a60000, 0x000002aa08990000, 0x000002aa0ef90000]
CodeHeap 'non-nmethods': size=5760Kb used=2376Kb max_used=2444Kb free=3384Kb
 bounds [0x000002aa0ef90000, 0x000002aa0f200000, 0x000002aa0f530000]
 total_blobs=8752 nmethods=7844 adapters=820
 compilation: enabled
              stopped_count=0, restarted_count=0
 full_count=0

Compilation events (20 events):
Event: 60.346 Thread 0x000002aa1d8056b0 8639       3       org.gradle.api.internal.DefaultDomainObjectCollection::addEagerAction (32 bytes)
Event: 60.347 Thread 0x000002aa1d8056b0 nmethod 8639 0x000002aa0897d890 code [0x000002aa0897da60, 0x000002aa0897df18]
Event: 60.347 Thread 0x000002aa1d8056b0 8640       3       org.gradle.api.internal.collections.DefaultCollectionEventRegister::registerEagerAddAction (7 bytes)
Event: 60.347 Thread 0x000002aa1d8056b0 nmethod 8640 0x000002aa0897e090 code [0x000002aa0897e260, 0x000002aa0897e598]
Event: 60.347 Thread 0x000002aa1d8056b0 8641       3       org.gradle.api.internal.provider.Collectors$TypedCollector::size (10 bytes)
Event: 60.347 Thread 0x000002aa1d8056b0 nmethod 8641 0x000002aa0897e710 code [0x000002aa0897e8c0, 0x000002aa0897ea88]
Event: 60.348 Thread 0x000002aa1d8056b0 8642       3       org.gradle.api.internal.artifacts.dependencies.AbstractExternalModuleDependency::getGroup (10 bytes)
Event: 60.348 Thread 0x000002aa1d8056b0 nmethod 8642 0x000002aa0897eb90 code [0x000002aa0897ed20, 0x000002aa0897ee98]
Event: 60.348 Thread 0x000002aa1d8056b0 8643       3       kotlin.jvm.internal.ArrayIterator::hasNext (18 bytes)
Event: 60.348 Thread 0x000002aa1d8056b0 nmethod 8643 0x000002aa0897ef90 code [0x000002aa0897f120, 0x000002aa0897f298]
Event: 60.406 Thread 0x000002aa1d8056b0 8644       3       java.util.Collections::unmodifiableSet (20 bytes)
Event: 60.406 Thread 0x000002aa1d8056b0 nmethod 8644 0x000002aa0897f390 code [0x000002aa0897f560, 0x000002aa0897f9c8]
Event: 60.407 Thread 0x000002aa1d8056b0 8645       3       org.gradle.api.internal.artifacts.configurations.DefaultConfiguration::getExtendsFrom (8 bytes)
Event: 60.407 Thread 0x000002aa1d8056b0 nmethod 8645 0x000002aa0897fb90 code [0x000002aa0897fd80, 0x000002aa08980268]
Event: 60.437 Thread 0x000002aa1d8056b0 8646       3       org.gradle.api.internal.artifacts.configurations.DefaultUnlockedConfiguration_Decorated::isCanBeConsumed (46 bytes)
Event: 60.437 Thread 0x000002aa1d8056b0 nmethod 8646 0x000002aa08980410 code [0x000002aa089805e0, 0x000002aa08980a38]
Event: 60.438 Thread 0x000002aa1d8056b0 8647       1       org.gradle.internal.component.model.LocalComponentDependencyMetadata::getSelector (5 bytes)
Event: 60.438 Thread 0x000002aa1d8056b0 nmethod 8647 0x000002aa0f9ae810 code [0x000002aa0f9ae9a0, 0x000002aa0f9aea78]
Event: 60.438 Thread 0x000002aa1d8056b0 8648       3       org.gradle.api.internal.artifacts.DefaultModuleVersionIdentifier::getGroup (10 bytes)
Event: 60.438 Thread 0x000002aa1d8056b0 nmethod 8648 0x000002aa08980c10 code [0x000002aa08980da0, 0x000002aa08980f18]

GC Heap History (20 events):
Event: 44.074 GC heap after
{Heap after GC invocations=21 (full 0):
 garbage-first heap   total 89088K, used 54205K [0x0000000080000000, 0x0000000100000000)
  region size 1024K, 1 young (1024K), 1 survivors (1024K)
 Metaspace       used 57119K, committed 57856K, reserved 491520K
  class space    used 7977K, committed 8320K, reserved 425984K
}
Event: 45.315 GC heap before
{Heap before GC invocations=21 (full 0):
 garbage-first heap   total 89088K, used 73661K [0x0000000080000000, 0x0000000100000000)
  region size 1024K, 20 young (20480K), 1 survivors (1024K)
 Metaspace       used 58392K, committed 59072K, reserved 491520K
  class space    used 8185K, committed 8512K, reserved 425984K
}
Event: 45.320 GC heap after
{Heap after GC invocations=22 (full 0):
 garbage-first heap   total 89088K, used 54489K [0x0000000080000000, 0x0000000100000000)
  region size 1024K, 1 young (1024K), 1 survivors (1024K)
 Metaspace       used 58392K, committed 59072K, reserved 491520K
  class space    used 8185K, committed 8512K, reserved 425984K
}
Event: 46.456 GC heap before
{Heap before GC invocations=23 (full 0):
 garbage-first heap   total 99328K, used 72921K [0x0000000080000000, 0x0000000100000000)
  region size 1024K, 20 young (20480K), 1 survivors (1024K)
 Metaspace       used 59642K, committed 60416K, reserved 491520K
  class space    used 8355K, committed 8704K, reserved 425984K
}
Event: 46.465 GC heap after
{Heap after GC invocations=24 (full 0):
 garbage-first heap   total 99328K, used 55261K [0x0000000080000000, 0x0000000100000000)
  region size 1024K, 2 young (2048K), 2 survivors (2048K)
 Metaspace       used 59642K, committed 60416K, reserved 491520K
  class space    used 8355K, committed 8704K, reserved 425984K
}
Event: 46.530 GC heap before
{Heap before GC invocations=24 (full 0):
 garbage-first heap   total 99328K, used 56285K [0x0000000080000000, 0x0000000100000000)
  region size 1024K, 4 young (4096K), 2 survivors (2048K)
 Metaspace       used 59781K, committed 60544K, reserved 491520K
  class space    used 8364K, committed 8704K, reserved 425984K
}
Event: 46.537 GC heap after
{Heap after GC invocations=25 (full 0):
 garbage-first heap   total 99328K, used 54907K [0x0000000080000000, 0x0000000100000000)
  region size 1024K, 1 young (1024K), 1 survivors (1024K)
 Metaspace       used 59781K, committed 60544K, reserved 491520K
  class space    used 8364K, committed 8704K, reserved 425984K
}
Event: 48.767 GC heap before
{Heap before GC invocations=25 (full 0):
 garbage-first heap   total 99328K, used 80507K [0x0000000080000000, 0x0000000100000000)
  region size 1024K, 26 young (26624K), 1 survivors (1024K)
 Metaspace       used 62127K, committed 62784K, reserved 491520K
  class space    used 8759K, committed 9088K, reserved 425984K
}
Event: 48.771 GC heap after
{Heap after GC invocations=26 (full 0):
 garbage-first heap   total 99328K, used 55739K [0x0000000080000000, 0x0000000100000000)
  region size 1024K, 2 young (2048K), 2 survivors (2048K)
 Metaspace       used 62127K, committed 62784K, reserved 491520K
  class space    used 8759K, committed 9088K, reserved 425984K
}
Event: 50.619 GC heap before
{Heap before GC invocations=27 (full 0):
 garbage-first heap   total 101376K, used 82363K [0x0000000080000000, 0x0000000100000000)
  region size 1024K, 26 young (26624K), 2 survivors (2048K)
 Metaspace       used 63602K, committed 64320K, reserved 491520K
  class space    used 8969K, committed 9280K, reserved 425984K
}
Event: 50.629 GC heap after
{Heap after GC invocations=28 (full 0):
 garbage-first heap   total 101376K, used 59761K [0x0000000080000000, 0x0000000100000000)
  region size 1024K, 2 young (2048K), 2 survivors (2048K)
 Metaspace       used 63602K, committed 64320K, reserved 491520K
  class space    used 8969K, committed 9280K, reserved 425984K
}
Event: 50.800 GC heap before
{Heap before GC invocations=28 (full 0):
 garbage-first heap   total 101376K, used 61809K [0x0000000080000000, 0x0000000100000000)
  region size 1024K, 4 young (4096K), 2 survivors (2048K)
 Metaspace       used 63712K, committed 64448K, reserved 491520K
  class space    used 8985K, committed 9280K, reserved 425984K
}
Event: 50.805 GC heap after
{Heap after GC invocations=29 (full 0):
 garbage-first heap   total 101376K, used 59244K [0x0000000080000000, 0x0000000100000000)
  region size 1024K, 1 young (1024K), 1 survivors (1024K)
 Metaspace       used 63712K, committed 64448K, reserved 491520K
  class space    used 8985K, committed 9280K, reserved 425984K
}
Event: 53.556 GC heap before
{Heap before GC invocations=29 (full 0):
 garbage-first heap   total 101376K, used 82796K [0x0000000080000000, 0x0000000100000000)
  region size 1024K, 25 young (25600K), 1 survivors (1024K)
 Metaspace       used 64901K, committed 65600K, reserved 491520K
  class space    used 9174K, committed 9472K, reserved 425984K
}
Event: 53.563 GC heap after
{Heap after GC invocations=30 (full 0):
 garbage-first heap   total 101376K, used 61257K [0x0000000080000000, 0x0000000100000000)
  region size 1024K, 3 young (3072K), 3 survivors (3072K)
 Metaspace       used 64901K, committed 65600K, reserved 491520K
  class space    used 9174K, committed 9472K, reserved 425984K
}
Event: 55.895 GC heap before
{Heap before GC invocations=31 (full 0):
 garbage-first heap   total 112640K, used 82761K [0x0000000080000000, 0x0000000100000000)
  region size 1024K, 25 young (25600K), 3 survivors (3072K)
 Metaspace       used 65765K, committed 66432K, reserved 491520K
  class space    used 9284K, committed 9600K, reserved 425984K
}
Event: 55.901 GC heap after
{Heap after GC invocations=32 (full 0):
 garbage-first heap   total 112640K, used 61380K [0x0000000080000000, 0x0000000100000000)
  region size 1024K, 2 young (2048K), 2 survivors (2048K)
 Metaspace       used 65765K, committed 66432K, reserved 491520K
  class space    used 9284K, committed 9600K, reserved 425984K
}
Event: 56.029 GC heap before
{Heap before GC invocations=32 (full 0):
 garbage-first heap   total 112640K, used 64452K [0x0000000080000000, 0x0000000100000000)
  region size 1024K, 5 young (5120K), 2 survivors (2048K)
 Metaspace       used 65765K, committed 66432K, reserved 491520K
  class space    used 9284K, committed 9600K, reserved 425984K
}
Event: 56.034 GC heap after
{Heap after GC invocations=33 (full 0):
 garbage-first heap   total 112640K, used 60966K [0x0000000080000000, 0x0000000100000000)
  region size 1024K, 1 young (1024K), 1 survivors (1024K)
 Metaspace       used 65765K, committed 66432K, reserved 491520K
  class space    used 9284K, committed 9600K, reserved 425984K
}
Event: 60.468 GC heap before
{Heap before GC invocations=33 (full 0):
 garbage-first heap   total 112640K, used 91686K [0x0000000080000000, 0x0000000100000000)
  region size 1024K, 31 young (31744K), 1 survivors (1024K)
 Metaspace       used 67040K, committed 67840K, reserved 491520K
  class space    used 9445K, committed 9792K, reserved 425984K
}

Dll operation events (15 events):
Event: 0.036 Loaded shared library C:\Program Files\Microsoft\jdk-17.0.10.7-hotspot\bin\java.dll
Event: 0.132 Loaded shared library C:\Program Files\Microsoft\jdk-17.0.10.7-hotspot\bin\jsvml.dll
Event: 0.314 Loaded shared library C:\Program Files\Microsoft\jdk-17.0.10.7-hotspot\bin\zip.dll
Event: 0.323 Loaded shared library C:\Program Files\Microsoft\jdk-17.0.10.7-hotspot\bin\instrument.dll
Event: 0.369 Loaded shared library C:\Program Files\Microsoft\jdk-17.0.10.7-hotspot\bin\net.dll
Event: 0.370 Loaded shared library C:\Program Files\Microsoft\jdk-17.0.10.7-hotspot\bin\nio.dll
Event: 0.383 Loaded shared library C:\Program Files\Microsoft\jdk-17.0.10.7-hotspot\bin\zip.dll
Event: 2.658 Loaded shared library C:\Program Files\Microsoft\jdk-17.0.10.7-hotspot\bin\jimage.dll
Event: 3.858 Loaded shared library C:\Program Files\Microsoft\jdk-17.0.10.7-hotspot\bin\verify.dll
Event: 4.135 Loaded shared library C:\Users\PAVILION\.gradle\native\1def1411415f61bf3af743bc5b6707747c0891f09f0c88961ee8f79bc544acac\windows-amd64\native-platform.dll
Event: 4.160 Loaded shared library C:\Users\PAVILION\.gradle\native\0.2.7\x86_64-windows-gnu\gradle-fileevents.dll
Event: 7.323 Loaded shared library C:\Program Files\Microsoft\jdk-17.0.10.7-hotspot\bin\management.dll
Event: 7.325 Loaded shared library C:\Program Files\Microsoft\jdk-17.0.10.7-hotspot\bin\management_ext.dll
Event: 7.979 Loaded shared library C:\Program Files\Microsoft\jdk-17.0.10.7-hotspot\bin\extnet.dll
Event: 8.540 Loaded shared library C:\Program Files\Microsoft\jdk-17.0.10.7-hotspot\bin\sunmscapi.dll

Deoptimization events (20 events):
Event: 60.285 Thread 0x000002aa3e437090 Uncommon trap: trap_request=0xffffff6e fr.pc=0x000002aa0f54b974 relative=0x0000000000000174
Event: 60.285 Thread 0x000002aa3e437090 Uncommon trap: reason=loop_limit_check action=maybe_recompile pc=0x000002aa0f54b974 method=java.lang.StringLatin1.lastIndexOf([BII)I @ 19 c2
Event: 60.285 Thread 0x000002aa3e437090 DEOPT PACKING pc=0x000002aa0f54b974 sp=0x000000adebaf7d00
Event: 60.285 Thread 0x000002aa3e437090 DEOPT UNPACKING pc=0x000002aa0efe69a3 sp=0x000000adebaf7c80 mode 2
Event: 60.335 Thread 0x000002aa3e437090 Uncommon trap: trap_request=0xffffffde fr.pc=0x000002aa0f95c0c8 relative=0x00000000000009c8
Event: 60.335 Thread 0x000002aa3e437090 Uncommon trap: reason=class_check action=maybe_recompile pc=0x000002aa0f95c0c8 method=com.google.common.collect.Sets$1$1.computeNext()Ljava/lang/Object; @ 16 c2
Event: 60.335 Thread 0x000002aa3e437090 DEOPT PACKING pc=0x000002aa0f95c0c8 sp=0x000000adebaf8970
Event: 60.335 Thread 0x000002aa3e437090 DEOPT UNPACKING pc=0x000002aa0efe69a3 sp=0x000000adebaf8880 mode 2
Event: 60.335 Thread 0x000002aa3e437090 Uncommon trap: trap_request=0xffffffde fr.pc=0x000002aa0f95c0c8 relative=0x00000000000009c8
Event: 60.335 Thread 0x000002aa3e437090 Uncommon trap: reason=class_check action=maybe_recompile pc=0x000002aa0f95c0c8 method=com.google.common.collect.Sets$1$1.computeNext()Ljava/lang/Object; @ 16 c2
Event: 60.335 Thread 0x000002aa3e437090 DEOPT PACKING pc=0x000002aa0f95c0c8 sp=0x000000adebaf8970
Event: 60.335 Thread 0x000002aa3e437090 DEOPT UNPACKING pc=0x000002aa0efe69a3 sp=0x000000adebaf8880 mode 2
Event: 60.335 Thread 0x000002aa3e437090 Uncommon trap: trap_request=0xffffffde fr.pc=0x000002aa0f95c0c8 relative=0x00000000000009c8
Event: 60.335 Thread 0x000002aa3e437090 Uncommon trap: reason=class_check action=maybe_recompile pc=0x000002aa0f95c0c8 method=com.google.common.collect.Sets$1$1.computeNext()Ljava/lang/Object; @ 16 c2
Event: 60.335 Thread 0x000002aa3e437090 DEOPT PACKING pc=0x000002aa0f95c0c8 sp=0x000000adebaf8970
Event: 60.335 Thread 0x000002aa3e437090 DEOPT UNPACKING pc=0x000002aa0efe69a3 sp=0x000000adebaf8880 mode 2
Event: 60.335 Thread 0x000002aa3e437090 Uncommon trap: trap_request=0xffffffde fr.pc=0x000002aa0f95c0c8 relative=0x00000000000009c8
Event: 60.335 Thread 0x000002aa3e437090 Uncommon trap: reason=class_check action=maybe_recompile pc=0x000002aa0f95c0c8 method=com.google.common.collect.Sets$1$1.computeNext()Ljava/lang/Object; @ 16 c2
Event: 60.335 Thread 0x000002aa3e437090 DEOPT PACKING pc=0x000002aa0f95c0c8 sp=0x000000adebaf8970
Event: 60.335 Thread 0x000002aa3e437090 DEOPT UNPACKING pc=0x000002aa0efe69a3 sp=0x000000adebaf8880 mode 2

Classes unloaded (0 events):
No events

Classes redefined (0 events):
No events

Internal exceptions (20 events):
Event: 43.505 Thread 0x000002aa3e437090 Exception <a 'java/lang/NoSuchMethodError'{0x00000000846c13f8}: static Lorg/jetbrains/kotlin/gradle/plugin/internal/MavenPluginConfigurator$DefaultMavenPluginConfiguratorVariantFactory;.<clinit>()V> (0x00000000846c13f8) 
thrown [s\src\hotspot\share\prims\jni.cpp, line 1107]
Event: 43.515 Thread 0x000002aa3e437090 Exception <a 'java/lang/NoSuchMethodError'{0x00000000846e5808}: static Lorg/jetbrains/kotlin/gradle/targets/js/nodejs/DefaultUnameExecutorVariantFactory;.<clinit>()V> (0x00000000846e5808) 
thrown [s\src\hotspot\share\prims\jni.cpp, line 1107]
Event: 43.518 Thread 0x000002aa3e437090 Exception <a 'java/lang/NoSuchMethodError'{0x000000008450ac10}: static Lorg/jetbrains/kotlin/gradle/plugin/internal/DefaultBasePluginConfigurationVariantFactory;.<clinit>()V> (0x000000008450ac10) 
thrown [s\src\hotspot\share\prims\jni.cpp, line 1107]
Event: 43.539 Thread 0x000002aa3e437090 Exception <a 'java/lang/NoSuchMethodError'{0x000000008452fe60}: static Lorg/jetbrains/kotlin/gradle/plugin/internal/DefaultAttributeConfigurationHelperVariantFactory;.<clinit>()V> (0x000000008452fe60) 
thrown [s\src\hotspot\share\prims\jni.cpp, line 1107]
Event: 43.788 Thread 0x000002aa3e437090 Exception <a 'java/lang/IncompatibleClassChangeError'{0x00000000841aa738}: Found class java.lang.Object, but interface was expected> (0x00000000841aa738) 
thrown [s\src\hotspot\share\interpreter\linkResolver.cpp, line 826]
Event: 47.897 Thread 0x000002aa3e437090 Exception <a 'java/lang/NoSuchMethodError'{0x00000000852e2758}: 'void java.lang.invoke.DirectMethodHandle$Holder.invokeVirtual(java.lang.Object, java.lang.Object)'> (0x00000000852e2758) 
thrown [s\src\hotspot\share\interpreter\linkResolver.cpp, line 759]
Event: 48.934 Thread 0x000002aa3e437090 Exception <a 'java/lang/NoSuchMethodError'{0x0000000085e635a0}: 'int java.lang.invoke.DirectMethodHandle$Holder.invokeStatic(java.lang.Object, java.lang.Object, int)'> (0x0000000085e635a0) 
thrown [s\src\hotspot\share\interpreter\linkResolver.cpp, line 759]
Event: 50.685 Thread 0x000002aa3e437090 Exception <a 'java/lang/NoSuchMethodError'{0x0000000087fc04a0}: static Lorg/jetbrains/kotlin/gradle/plugin/internal/DefaultIdeaSyncDetector$createIdeaPropertiesEvaluator$1;.<clinit>()V> (0x0000000087fc04a0) 
thrown [s\src\hotspot\share\prims\jni.cpp, line 1107]
Event: 51.412 Thread 0x000002aa3e437090 Exception <a 'java/lang/ClassNotFoundException'{0x0000000085b423a0}: org/jetbrains/kotlin/gradle/targets/js/npm/DefaultNpmDependencyExtensionBeanInfo> (0x0000000085b423a0) 
thrown [s\src\hotspot\share\classfile\systemDictionary.cpp, line 256]
Event: 51.413 Thread 0x000002aa3e437090 Exception <a 'java/lang/ClassNotFoundException'{0x0000000085b56bb0}: org/jetbrains/kotlin/gradle/targets/js/npm/DefaultNpmDependencyExtensionCustomizer> (0x0000000085b56bb0) 
thrown [s\src\hotspot\share\classfile\systemDictionary.cpp, line 256]
Event: 51.426 Thread 0x000002aa3e437090 Exception <a 'java/lang/ClassNotFoundException'{0x0000000085bffc50}: org/jetbrains/kotlin/gradle/targets/js/npm/NpmDependencyExtensionKt$defaultNpmDependencyDelegate$1BeanInfo> (0x0000000085bffc50) 
thrown [s\src\hotspot\share\classfile\systemDictionary.cpp, line 256]
Event: 51.430 Thread 0x000002aa3e437090 Exception <a 'java/lang/ClassNotFoundException'{0x0000000085a149d0}: org/jetbrains/kotlin/gradle/targets/js/npm/NpmDependencyExtensionDelegateBeanInfo> (0x0000000085a149d0) 
thrown [s\src\hotspot\share\classfile\systemDictionary.cpp, line 256]
Event: 51.431 Thread 0x000002aa3e437090 Exception <a 'java/lang/ClassNotFoundException'{0x0000000085a29220}: org/jetbrains/kotlin/gradle/targets/js/npm/NpmDependencyExtensionDelegateCustomizer> (0x0000000085a29220) 
thrown [s\src\hotspot\share\classfile\systemDictionary.cpp, line 256]
Event: 51.448 Thread 0x000002aa3e437090 Exception <a 'java/lang/ClassNotFoundException'{0x0000000085a64378}: org/jetbrains/kotlin/gradle/targets/js/npm/NpmDependencyExtensionKt$defaultNpmDependencyDelegate$1Customizer> (0x0000000085a64378) 
thrown [s\src\hotspot\share\classfile\systemDictionary.cpp, line 256]
Event: 51.465 Thread 0x000002aa3e437090 Exception <a 'java/lang/ClassNotFoundException'{0x0000000085ab1200}: org/jetbrains/kotlin/gradle/targets/js/npm/DefaultDevNpmDependencyExtensionBeanInfo> (0x0000000085ab1200) 
thrown [s\src\hotspot\share\classfile\systemDictionary.cpp, line 256]
Event: 51.466 Thread 0x000002aa3e437090 Exception <a 'java/lang/ClassNotFoundException'{0x0000000085ac5a88}: org/jetbrains/kotlin/gradle/targets/js/npm/DefaultDevNpmDependencyExtensionCustomizer> (0x0000000085ac5a88) 
thrown [s\src\hotspot\share\classfile\systemDictionary.cpp, line 256]
Event: 51.483 Thread 0x000002aa3e437090 Exception <a 'java/lang/ClassNotFoundException'{0x000000008591bde8}: org/jetbrains/kotlin/gradle/targets/js/npm/DefaultPeerNpmDependencyExtensionBeanInfo> (0x000000008591bde8) 
thrown [s\src\hotspot\share\classfile\systemDictionary.cpp, line 256]
Event: 51.484 Thread 0x000002aa3e437090 Exception <a 'java/lang/ClassNotFoundException'{0x0000000085930678}: org/jetbrains/kotlin/gradle/targets/js/npm/DefaultPeerNpmDependencyExtensionCustomizer> (0x0000000085930678) 
thrown [s\src\hotspot\share\classfile\systemDictionary.cpp, line 256]
Event: 51.546 Thread 0x000002aa3e437090 Exception <a 'java/lang/ClassNotFoundException'{0x000000008598e9f8}: org/jetbrains/kotlin/gradle/targets/js/npm/DefaultPeerNpmDependencyExtension$delegate$1BeanInfo> (0x000000008598e9f8) 
thrown [s\src\hotspot\share\classfile\systemDictionary.cpp, line 256]
Event: 51.548 Thread 0x000002aa3e437090 Exception <a 'java/lang/ClassNotFoundException'{0x00000000859a3438}: org/jetbrains/kotlin/gradle/targets/js/npm/DefaultPeerNpmDependencyExtension$delegate$1Customizer> (0x00000000859a3438) 
thrown [s\src\hotspot\share\classfile\systemDictionary.cpp, line 256]

VM Operations (20 events):
Event: 53.892 Executing VM operation: G1PauseCleanup done
Event: 54.901 Executing VM operation: Cleanup
Event: 54.902 Executing VM operation: Cleanup done
Event: 55.895 Executing VM operation: G1CollectForAllocation
Event: 55.909 Executing VM operation: G1CollectForAllocation done
Event: 56.028 Executing VM operation: G1CollectForAllocation
Event: 56.034 Executing VM operation: G1CollectForAllocation done
Event: 57.042 Executing VM operation: Cleanup
Event: 57.058 Executing VM operation: Cleanup done
Event: 58.067 Executing VM operation: Cleanup
Event: 58.089 Executing VM operation: Cleanup done
Event: 59.091 Executing VM operation: Cleanup
Event: 59.124 Executing VM operation: Cleanup done
Event: 60.136 Executing VM operation: Cleanup
Event: 60.153 Executing VM operation: Cleanup done
Event: 60.187 Executing VM operation: HandshakeAllThreads
Event: 60.187 Executing VM operation: HandshakeAllThreads done
Event: 60.216 Executing VM operation: HandshakeAllThreads
Event: 60.263 Executing VM operation: HandshakeAllThreads done
Event: 60.468 Executing VM operation: G1CollectForAllocation

Events (20 events):
Event: 47.369 loading class com/sun/org/apache/xerces/internal/utils/XMLSecurityPropertyManager$State
Event: 47.369 loading class com/sun/org/apache/xerces/internal/utils/XMLSecurityPropertyManager$State done
Event: 47.370 loading class com/sun/org/apache/xerces/internal/utils/XMLSecurityPropertyManager$Property
Event: 47.370 loading class com/sun/org/apache/xerces/internal/utils/XMLSecurityPropertyManager$Property done
Event: 47.583 loading class java/util/regex/Pattern$SliceI
Event: 47.583 loading class java/util/regex/Pattern$SliceI done
Event: 47.754 Thread 0x000002aa3efa4990 Thread added: 0x000002aa3efa4990
Event: 48.666 Thread 0x000002aa41e9de30 Thread added: 0x000002aa41e9de30
Event: 48.916 loading class java/lang/Character$UnicodeBlock
Event: 48.917 loading class java/lang/Character$Subset
Event: 48.917 loading class java/lang/Character$Subset done
Event: 48.917 loading class java/lang/Character$UnicodeBlock done
Event: 49.378 Thread 0x000002aa41e9de30 Thread exited: 0x000002aa41e9de30
Event: 53.900 Thread 0x000002aa1d85ea40 flushing nmethod 0x000002aa07faca10
Event: 53.900 Thread 0x000002aa1d85ea40 flushing nmethod 0x000002aa0808e110
Event: 53.901 Thread 0x000002aa1d85ea40 flushing nmethod 0x000002aa08153190
Event: 53.903 Thread 0x000002aa1d85ea40 flushing nmethod 0x000002aa082e6910
Event: 53.904 Thread 0x000002aa1d85ea40 flushing nmethod 0x000002aa0839c790
Event: 59.858 loading class java/lang/AbstractMethodError
Event: 59.863 loading class java/lang/AbstractMethodError done


Dynamic libraries:
0x00007ff7179b0000 - 0x00007ff7179be000 	C:\Program Files\Microsoft\jdk-17.0.10.7-hotspot\bin\java.exe
0x00007ffcd13c0000 - 0x00007ffcd15c9000 	C:\Windows\SYSTEM32\ntdll.dll
0x00007ffccf4b0000 - 0x00007ffccf56e000 	C:\Windows\System32\KERNEL32.DLL
0x00007ffccede0000 - 0x00007ffccf164000 	C:\Windows\System32\KERNELBASE.dll
0x00007ffcce850000 - 0x00007ffcce961000 	C:\Windows\System32\ucrtbase.dll
0x00007ffcacfd0000 - 0x00007ffcacfe7000 	C:\Program Files\Microsoft\jdk-17.0.10.7-hotspot\bin\jli.dll
0x00007ffcd0d20000 - 0x00007ffcd0ecd000 	C:\Windows\System32\USER32.dll
0x00007ffccf170000 - 0x00007ffccf196000 	C:\Windows\System32\win32u.dll
0x00007ffccf8f0000 - 0x00007ffccf91a000 	C:\Windows\System32\GDI32.dll
0x00007ffcce9f0000 - 0x00007ffcceb0f000 	C:\Windows\System32\gdi32full.dll
0x00007ffcceb10000 - 0x00007ffccebad000 	C:\Windows\System32\msvcp_win.dll
0x00007ffcac340000 - 0x00007ffcac35b000 	C:\Program Files\Microsoft\jdk-17.0.10.7-hotspot\bin\VCRUNTIME140.dll
0x00007ffcb25f0000 - 0x00007ffcb2895000 	C:\Windows\WinSxS\amd64_microsoft.windows.common-controls_6595b64144ccf1df_6.0.22000.120_none_9d947278b86cc467\COMCTL32.dll
0x00007ffcd1060000 - 0x00007ffcd1103000 	C:\Windows\System32\msvcrt.dll
0x00007ffccfa10000 - 0x00007ffccfa41000 	C:\Windows\System32\IMM32.DLL
0x00007ffcc93b0000 - 0x00007ffcc93bc000 	C:\Program Files\Microsoft\jdk-17.0.10.7-hotspot\bin\vcruntime140_1.dll
0x00007ffc88720000 - 0x00007ffc887ad000 	C:\Program Files\Microsoft\jdk-17.0.10.7-hotspot\bin\msvcp140.dll
0x00007ffc7c840000 - 0x00007ffc7d4a5000 	C:\Program Files\Microsoft\jdk-17.0.10.7-hotspot\bin\server\jvm.dll
0x00007ffcd12d0000 - 0x00007ffcd137f000 	C:\Windows\System32\ADVAPI32.dll
0x00007ffcd1230000 - 0x00007ffcd12ce000 	C:\Windows\System32\sechost.dll
0x00007ffccf210000 - 0x00007ffccf331000 	C:\Windows\System32\RPCRT4.dll
0x00007ffccd1a0000 - 0x00007ffccd1ed000 	C:\Windows\SYSTEM32\POWRPROF.dll
0x00007ffcc8520000 - 0x00007ffcc8529000 	C:\Windows\SYSTEM32\WSOCK32.dll
0x00007ffccf440000 - 0x00007ffccf4af000 	C:\Windows\System32\WS2_32.dll
0x00007ffcc8bf0000 - 0x00007ffcc8c23000 	C:\Windows\SYSTEM32\WINMM.dll
0x00007ffcc6d30000 - 0x00007ffcc6d3a000 	C:\Windows\SYSTEM32\VERSION.dll
0x00007ffccd290000 - 0x00007ffccd2a3000 	C:\Windows\SYSTEM32\UMPDC.dll
0x00007ffccd9a0000 - 0x00007ffccd9b8000 	C:\Windows\SYSTEM32\kernel.appcore.dll
0x00007ffcc7e80000 - 0x00007ffcc7e8a000 	C:\Program Files\Microsoft\jdk-17.0.10.7-hotspot\bin\jimage.dll
0x00007ffccbd20000 - 0x00007ffccbf41000 	C:\Windows\SYSTEM32\DBGHELP.DLL
0x00007ffcac280000 - 0x00007ffcac2b1000 	C:\Windows\SYSTEM32\dbgcore.DLL
0x00007ffcce970000 - 0x00007ffcce9ef000 	C:\Windows\System32\bcryptPrimitives.dll
0x00007ffcb3db0000 - 0x00007ffcb3dbe000 	C:\Program Files\Microsoft\jdk-17.0.10.7-hotspot\bin\instrument.dll
0x00007ffcab110000 - 0x00007ffcab135000 	C:\Program Files\Microsoft\jdk-17.0.10.7-hotspot\bin\java.dll
0x00007ffc884a0000 - 0x00007ffc88577000 	C:\Program Files\Microsoft\jdk-17.0.10.7-hotspot\bin\jsvml.dll
0x00007ffccfcd0000 - 0x00007ffcd0495000 	C:\Windows\System32\SHELL32.dll
0x00007ffccc920000 - 0x00007ffccd184000 	C:\Windows\SYSTEM32\windows.storage.dll
0x00007ffccf570000 - 0x00007ffccf8e6000 	C:\Windows\System32\combase.dll
0x00007ffccc7b0000 - 0x00007ffccc917000 	C:\Windows\SYSTEM32\wintypes.dll
0x00007ffccf340000 - 0x00007ffccf42a000 	C:\Windows\System32\SHCORE.dll
0x00007ffcd0ee0000 - 0x00007ffcd0f3d000 	C:\Windows\System32\shlwapi.dll
0x00007ffcce780000 - 0x00007ffcce7a5000 	C:\Windows\SYSTEM32\profapi.dll
0x00007ffc96640000 - 0x00007ffc96658000 	C:\Program Files\Microsoft\jdk-17.0.10.7-hotspot\bin\zip.dll
0x00007ffca9f20000 - 0x00007ffca9f39000 	C:\Program Files\Microsoft\jdk-17.0.10.7-hotspot\bin\net.dll
0x00007ffcc9410000 - 0x00007ffcc9523000 	C:\Windows\SYSTEM32\WINHTTP.dll
0x00007ffccde50000 - 0x00007ffccdeb7000 	C:\Windows\system32\mswsock.dll
0x00007ffca9c70000 - 0x00007ffca9c86000 	C:\Program Files\Microsoft\jdk-17.0.10.7-hotspot\bin\nio.dll
0x00007ffcb4eb0000 - 0x00007ffcb4ec0000 	C:\Program Files\Microsoft\jdk-17.0.10.7-hotspot\bin\verify.dll
0x00007ffc97c70000 - 0x00007ffc97c97000 	C:\Users\PAVILION\.gradle\native\1def1411415f61bf3af743bc5b6707747c0891f09f0c88961ee8f79bc544acac\windows-amd64\native-platform.dll
0x00007ffc888e0000 - 0x00007ffc88958000 	C:\Users\PAVILION\.gradle\native\0.2.7\x86_64-windows-gnu\gradle-fileevents.dll
0x00007ffcab080000 - 0x00007ffcab089000 	C:\Program Files\Microsoft\jdk-17.0.10.7-hotspot\bin\management.dll
0x00007ffca9d80000 - 0x00007ffca9d8b000 	C:\Program Files\Microsoft\jdk-17.0.10.7-hotspot\bin\management_ext.dll
0x00007ffccf430000 - 0x00007ffccf438000 	C:\Windows\System32\PSAPI.DLL
0x00007ffccd440000 - 0x00007ffccd46d000 	C:\Windows\SYSTEM32\IPHLPAPI.DLL
0x00007ffcd0b90000 - 0x00007ffcd0b99000 	C:\Windows\System32\NSI.dll
0x00007ffcc9620000 - 0x00007ffcc9639000 	C:\Windows\SYSTEM32\dhcpcsvc6.DLL
0x00007ffcc9800000 - 0x00007ffcc981e000 	C:\Windows\SYSTEM32\dhcpcsvc.DLL
0x00007ffccd470000 - 0x00007ffccd557000 	C:\Windows\SYSTEM32\DNSAPI.dll
0x00007ffca9be0000 - 0x00007ffca9be9000 	C:\Program Files\Microsoft\jdk-17.0.10.7-hotspot\bin\extnet.dll
0x00007ffcce0a0000 - 0x00007ffcce0b8000 	C:\Windows\SYSTEM32\CRYPTSP.dll
0x00007ffccd900000 - 0x00007ffccd935000 	C:\Windows\system32\rsaenh.dll
0x00007ffccdf50000 - 0x00007ffccdf7c000 	C:\Windows\SYSTEM32\USERENV.dll
0x00007ffcce220000 - 0x00007ffcce247000 	C:\Windows\SYSTEM32\bcrypt.dll
0x00007ffcce0c0000 - 0x00007ffcce0cc000 	C:\Windows\SYSTEM32\CRYPTBASE.dll
0x00007ffcc9390000 - 0x00007ffcc939e000 	C:\Program Files\Microsoft\jdk-17.0.10.7-hotspot\bin\sunmscapi.dll
0x00007ffccec70000 - 0x00007ffccedda000 	C:\Windows\System32\CRYPT32.dll
0x00007ffcce1f0000 - 0x00007ffcce21a000 	C:\Windows\SYSTEM32\ncrypt.dll
0x00007ffcce1b0000 - 0x00007ffcce1e7000 	C:\Windows\SYSTEM32\NTASN1.dll
0x00007ffcb4550000 - 0x00007ffcb4558000 	C:\Windows\system32\wshunix.dll

dbghelp: loaded successfully - version: 4.0.5 - missing functions: none
symbol engine: initialized successfully - sym options: 0x614 - pdb path: .;C:\Program Files\Microsoft\jdk-17.0.10.7-hotspot\bin;C:\Windows\SYSTEM32;C:\Windows\WinSxS\amd64_microsoft.windows.common-controls_6595b64144ccf1df_6.0.22000.120_none_9d947278b86cc467;C:\Program Files\Microsoft\jdk-17.0.10.7-hotspot\bin\server;C:\Users\PAVILION\.gradle\native\1def1411415f61bf3af743bc5b6707747c0891f09f0c88961ee8f79bc544acac\windows-amd64;C:\Users\PAVILION\.gradle\native\0.2.7\x86_64-windows-gnu

VM Arguments:
jvm_args: --add-opens=java.base/java.lang=ALL-UNNAMED --add-opens=java.base/java.lang.invoke=ALL-UNNAMED --add-opens=java.base/java.util=ALL-UNNAMED --add-opens=java.prefs/java.util.prefs=ALL-UNNAMED --add-exports=jdk.compiler/com.sun.tools.javac.api=ALL-UNNAMED --add-exports=jdk.compiler/com.sun.tools.javac.util=ALL-UNNAMED --add-opens=java.base/java.util=ALL-UNNAMED --add-opens=java.prefs/java.util.prefs=ALL-UNNAMED --add-opens=java.base/java.nio.charset=ALL-UNNAMED --add-opens=java.base/java.net=ALL-UNNAMED --add-opens=java.base/java.util.concurrent.atomic=ALL-UNNAMED --add-opens=java.xml/javax.xml.namespace=ALL-UNNAMED -XX:MaxMetaspaceSize=512m -Xmx2048m -Dfile.encoding=windows-1252 -Duser.country=US -Duser.language=en -Duser.variant -javaagent:C:\Users\PAVILION\.gradle\wrapper\dists\gradle-8.13-bin\5xuhj0ry160q40clulazy9h7d\gradle-8.13\lib\agents\gradle-instrumentation-agent-8.13.jar 
java_command: org.gradle.launcher.daemon.bootstrap.GradleDaemon 8.13
java_class_path (initial): C:\Users\PAVILION\.gradle\wrapper\dists\gradle-8.13-bin\5xuhj0ry160q40clulazy9h7d\gradle-8.13\lib\gradle-daemon-main-8.13.jar
Launcher Type: SUN_STANDARD

[Global flags]
     intx CICompilerCount                          = 3                                         {product} {ergonomic}
   size_t CompressedClassSpaceSize                 = 436207616                                 {product} {ergonomic}
     uint ConcGCThreads                            = 1                                         {product} {ergonomic}
     uint G1ConcRefinementThreads                  = 4                                         {product} {ergonomic}
   size_t G1HeapRegionSize                         = 1048576                                   {product} {ergonomic}
    uintx GCDrainStackTargetSize                   = 64                                        {product} {ergonomic}
   size_t InitialHeapSize                          = 134217728                                 {product} {ergonomic}
   size_t MarkStackSize                            = 4194304                                   {product} {ergonomic}
   size_t MaxHeapSize                              = 2147483648                                {product} {command line}
   size_t MaxMetaspaceSize                         = 536870912                                 {product} {command line}
   size_t MaxNewSize                               = 1287651328                                {product} {ergonomic}
   size_t MinHeapDeltaBytes                        = 1048576                                   {product} {ergonomic}
   size_t MinHeapSize                              = 8388608                                   {product} {ergonomic}
    uintx NonNMethodCodeHeapSize                   = 5832780                                {pd product} {ergonomic}
    uintx NonProfiledCodeHeapSize                  = 122912730                              {pd product} {ergonomic}
    uintx ProfiledCodeHeapSize                     = 122912730                              {pd product} {ergonomic}
    uintx ReservedCodeCacheSize                    = 251658240                              {pd product} {ergonomic}
     bool SegmentedCodeCache                       = true                                      {product} {ergonomic}
   size_t SoftMaxHeapSize                          = 2147483648                             {manageable} {ergonomic}
     bool UseCompressedClassPointers               = true                           {product lp64_product} {ergonomic}
     bool UseCompressedOops                        = true                           {product lp64_product} {ergonomic}
     bool UseG1GC                                  = true                                      {product} {ergonomic}
     bool UseLargePagesIndividualAllocation        = false                                  {pd product} {ergonomic}

Logging:
Log output configuration:
 #0: stdout all=warning uptime,level,tags
 #1: stderr all=off uptime,level,tags

Environment Variables:
JAVA_HOME=C:\Program Files\Microsoft\jdk-17.0.10.7-hotspot\
CLASSPATH=d:\Dev space\Gemma showcase\SmartMoney\android\\gradle\wrapper\gradle-wrapper.jar
PATH=C:\Program Files\Microsoft\jdk-17.0.10.7-hotspot\bin;C:\Program Files\Common Files\Oracle\Java\javapath;C:\Program Files\Microsoft\jdk-11.0.20.8-hotspot\bin;C:\Program Files\Python311\Scripts\;C:\Program Files\Python311\;C:\Windows\system32;C:\Windows;C:\Windows\System32\Wbem;C:\Windows\System32\WindowsPowerShell\v1.0\;C:\Windows\System32\OpenSSH\;C:\Program Files\Git\cmd;C:\Program Files\dotnet\;C:\Program Files\Odoo 15.0e.20220315\python;C:\Program Files\Odoo 15.0e.20220315\PostgreSQL\bin;C:\Users\PAVILION\AppData\Roaming\npm;C:\Users\PAVILION\EspaceDev\Pro-Project\Logic Habit\Backend - Django\env\Scripts\celery;C:\EspaceDev\JobScraper\.env\Scripts;D:\Tools\android_sdk\platform-tools;C:\ProgramData\chocolatey\bin;C:\Users\PAVILION\Downloads\v1.1.11\coreybutler-nvm-windows-3f0dba1;C:\Users\PAVILION\AppData\Roaming\nvm;C:\Program Files\nodejs;E:\Program\Redis\;C:\Users\PAVILION\AppData\Local\Programs\Microsoft VS Code\bin;C:\Users\PAVILION\AppData\Roaming\npm;C:\Users\PAVILION\AppData\Roaming\nvm;C:\Program Files\nodejs;D:\Tools\android_sdk\platform-tools;D:\Tools\android_sdk\cmdline-tools\latest\bin;
USERNAME=PAVILION
OS=Windows_NT
PROCESSOR_IDENTIFIER=Intel64 Family 6 Model 142 Stepping 9, GenuineIntel
TMP=C:\Users\PAVILION\AppData\Local\Temp
TEMP=C:\Users\PAVILION\AppData\Local\Temp



Periodic native trim disabled


---------------  S Y S T E M  ---------------

OS:
 Windows 11 , 64 bit Build 22000 (10.0.22000.2124)
OS uptime: 0 days 8:15 hours

CPU: total 4 (initial active 4) (2 cores per cpu, 2 threads per core) family 6 model 142 stepping 9 microcode 0xde, cx8, cmov, fxsr, ht, mmx, 3dnowpref, sse, sse2, sse3, ssse3, sse4.1, sse4.2, popcnt, lzcnt, tsc, tscinvbit, avx, avx2, aes, erms, clmul, bmi1, bmi2, adx, fma, vzeroupper, clflush, clflushopt
Processor Information for all 4 processors :
  Max Mhz: 2904, Current Mhz: 2703, Mhz Limit: 2700

Memory: 4k page, system-wide physical 8077M (625M free)
TotalPageFile size 13035M (AvailPageFile size 28M)
current process WorkingSet (physical memory assigned to process): 304M, peak: 305M
current process commit charge ("private bytes"): 355M, peak: 441M

vm_info: OpenJDK 64-Bit Server VM (17.0.10+7-LTS) for windows-amd64 JRE (17.0.10+7-LTS), built on Jan 10 2024 19:47:12 by "MicrosoftCorporation" with MS VC++ 16.10 / 16.11 (VS2019)

END.
