#
# There is insufficient memory for the Java Runtime Environment to continue.
# Native memory allocation (mmap) failed to map 134217728 bytes for G1 virtual space
# Possible reasons:
#   The system is out of physical RAM or swap space
#   The process is running with CompressedOops enabled, and the Java Heap may be blocking the growth of the native heap
# Possible solutions:
#   Reduce memory load on the system
#   Increase physical memory or swap space
#   Check if swap backing store is full
#   Decrease Java heap size (-Xmx/-Xms)
#   Decrease number of Java threads
#   Decrease Java thread stack sizes (-Xss)
#   Set larger code cache with -XX:ReservedCodeCacheSize=
#   JVM is running with Unscaled Compressed Oops mode in which the Java heap is
#     placed in the first 4GB address space. The Java Heap base address is the
#     maximum limit for the native heap growth. Please use -XX:HeapBaseMinAddress
#     to set the Java Heap base and to place the Java Heap above 4GB virtual address.
# This output file may be truncated or incomplete.
#
#  Out of Memory Error (os_windows.cpp:3613), pid=15712, tid=18304
#
# JRE version:  (17.0.10+7) (build )
# Java VM: OpenJDK 64-Bit Server VM (17.0.10+7-LTS, mixed mode, sharing, tiered, compressed oops, compressed class ptrs, g1 gc, windows-amd64)
# No core dump will be written. Minidumps are not enabled by default on client versions of Windows
#

---------------  S U M M A R Y ------------

Command Line: com.google.prefab.cli.AppKt --build-system cmake --platform android --abi arm64-v8a --os-version 24 --stl c++_shared --ndk-version 27 --output C:\\Users\\PAVILION\\AppData\\Local\\Temp\\agp-prefab-staging8736129066967008228\\staged-cli-output C:\\Users\\PAVILION\\.gradle\\caches\\8.13\\transforms\\40db78ee127eca9867acb58eeb451e1e\\transformed\\react-android-0.79.5-debug\\prefab C:\\Users\\PAVILION\\.gradle\\caches\\8.13\\transforms\\0a2afb941a6bfc41d3a30410b048f1dc\\transformed\\hermes-android-0.79.5-debug\\prefab C:\\Users\\PAVILION\\.gradle\\caches\\8.13\\transforms\\4a124880d7c24ba6b4144cdb5e52969c\\transformed\\fbjni-0.7.0\\prefab

Host: Intel(R) Core(TM) i7-7500U CPU @ 2.70GHz, 4 cores, 7G,  Windows 11 , 64 bit Build 22000 (10.0.22000.2124)
Time: Tue Aug  5 06:18:53 2025 Egypt Daylight Time elapsed time: 0.670236 seconds (0d 0h 0m 0s)

---------------  T H R E A D  ---------------

Current thread (0x0000013427156c70):  JavaThread "Unknown thread" [_thread_in_vm, id=18304, stack(0x0000000979200000,0x0000000979300000)]

Stack: [0x0000000979200000,0x0000000979300000]
Native frames: (J=compiled Java code, j=interpreted, Vv=VM code, C=native code)
V  [jvm.dll+0x67f829]
V  [jvm.dll+0x83750a]
V  [jvm.dll+0x838fce]
V  [jvm.dll+0x839633]
V  [jvm.dll+0x247cbf]
V  [jvm.dll+0x67c669]
V  [jvm.dll+0x6710da]
V  [jvm.dll+0x309b8b]
V  [jvm.dll+0x311036]
V  [jvm.dll+0x360d5e]
V  [jvm.dll+0x360f8f]
V  [jvm.dll+0x2e0798]
V  [jvm.dll+0x2e1704]
V  [jvm.dll+0x808d91]
V  [jvm.dll+0x36ec11]
V  [jvm.dll+0x7e7826]
V  [jvm.dll+0x3f245f]
V  [jvm.dll+0x3f4091]
C  [jli.dll+0x528f]
C  [ucrtbase.dll+0x26c0c]
C  [KERNEL32.DLL+0x155a0]
C  [ntdll.dll+0x485b]


---------------  P R O C E S S  ---------------

Threads class SMR info:
_java_thread_list=0x00007ffef0ed1ed8, length=0, elements={
}

Java Threads: ( => current thread )

Other Threads:
  0x00000134271b01e0 GCTaskThread "GC Thread#0" [stack: 0x0000000979300000,0x0000000979400000] [id=19312]
  0x00000134271c30e0 ConcurrentGCThread "G1 Main Marker" [stack: 0x0000000979400000,0x0000000979500000] [id=9660]
  0x00000134271c3c60 ConcurrentGCThread "G1 Conc#0" [stack: 0x0000000979500000,0x0000000979600000] [id=13352]

[error occurred during error reporting (printing all threads), id 0xc0000005, EXCEPTION_ACCESS_VIOLATION (0xc0000005) at pc=0x00007ffef06911d7]

VM state: not at safepoint (not fully initialized)

VM Mutex/Monitor currently owned by a thread:  ([mutex/lock_event])
[0x0000013427153840] Heap_lock - owner thread: 0x0000013427156c70

Heap address: 0x0000000081c00000, size: 2020 MB, Compressed Oops mode: 32-bit

CDS archive(s) mapped at: [0x0000000000000000-0x0000000000000000-0x0000000000000000), size 0, SharedBaseAddress: 0x0000000800000000, ArchiveRelocationMode: 1.
Narrow klass base: 0x0000000000000000, Narrow klass shift: 0, Narrow klass range: 0x0

GC Precious Log:
<Empty>

Heap:
 garbage-first heap   total 0K, used 0K [0x0000000081c00000, 0x0000000100000000)
  region size 1024K, 0 young (0K), 0 survivors (0K)

[error occurred during error reporting (printing heap information), id 0xc0000005, EXCEPTION_ACCESS_VIOLATION (0xc0000005) at pc=0x00007ffef0a79869]

GC Heap History (0 events):
No events

Dll operation events (1 events):
Event: 0.559 Loaded shared library C:\Program Files\Microsoft\jdk-17.0.10.7-hotspot\bin\java.dll

Deoptimization events (0 events):
No events

Classes unloaded (0 events):
No events

Classes redefined (0 events):
No events

Internal exceptions (0 events):
No events

VM Operations (0 events):
No events

Events (0 events):
No events


Dynamic libraries:
0x00007ff6559a0000 - 0x00007ff6559ae000 	C:\Program Files\Microsoft\jdk-17.0.10.7-hotspot\bin\java.exe
0x00007fff64120000 - 0x00007fff64329000 	C:\Windows\SYSTEM32\ntdll.dll
0x00007fff638c0000 - 0x00007fff6397e000 	C:\Windows\System32\KERNEL32.DLL
0x00007fff61b30000 - 0x00007fff61eb4000 	C:\Windows\System32\KERNELBASE.dll
0x00007fff61800000 - 0x00007fff61911000 	C:\Windows\System32\ucrtbase.dll
0x00007fff504a0000 - 0x00007fff504b7000 	C:\Program Files\Microsoft\jdk-17.0.10.7-hotspot\bin\jli.dll
0x00007fff62230000 - 0x00007fff623dd000 	C:\Windows\System32\USER32.dll
0x00007fff61ec0000 - 0x00007fff61ee6000 	C:\Windows\System32\win32u.dll
0x00007fff63c50000 - 0x00007fff63c7a000 	C:\Windows\System32\GDI32.dll
0x00007fff615b0000 - 0x00007fff616cf000 	C:\Windows\System32\gdi32full.dll
0x00007fff61920000 - 0x00007fff619bd000 	C:\Windows\System32\msvcp_win.dll
0x00007fff5ac30000 - 0x00007fff5ac4b000 	C:\Program Files\Microsoft\jdk-17.0.10.7-hotspot\bin\VCRUNTIME140.dll
0x00007fff48ff0000 - 0x00007fff49295000 	C:\Windows\WinSxS\amd64_microsoft.windows.common-controls_6595b64144ccf1df_6.0.22000.120_none_9d947278b86cc467\COMCTL32.dll
0x00007fff63560000 - 0x00007fff63603000 	C:\Windows\System32\msvcrt.dll
0x00007fff63820000 - 0x00007fff63851000 	C:\Windows\System32\IMM32.DLL
0x00007fff51e30000 - 0x00007fff51e3c000 	C:\Program Files\Microsoft\jdk-17.0.10.7-hotspot\bin\vcruntime140_1.dll
0x00007fff2b750000 - 0x00007fff2b7dd000 	C:\Program Files\Microsoft\jdk-17.0.10.7-hotspot\bin\msvcp140.dll
0x00007ffef03a0000 - 0x00007ffef1005000 	C:\Program Files\Microsoft\jdk-17.0.10.7-hotspot\bin\server\jvm.dll
0x00007fff63d30000 - 0x00007fff63ddf000 	C:\Windows\System32\ADVAPI32.dll
0x00007fff63700000 - 0x00007fff6379e000 	C:\Windows\System32\sechost.dll
0x00007fff63430000 - 0x00007fff63551000 	C:\Windows\System32\RPCRT4.dll
0x00007fff5ff00000 - 0x00007fff5ff4d000 	C:\Windows\SYSTEM32\POWRPROF.dll
0x00007fff51e60000 - 0x00007fff51e69000 	C:\Windows\SYSTEM32\WSOCK32.dll
0x00007fff63ca0000 - 0x00007fff63d0f000 	C:\Windows\System32\WS2_32.dll
0x00007fff5bad0000 - 0x00007fff5bb03000 	C:\Windows\SYSTEM32\WINMM.dll
0x00007fff59e50000 - 0x00007fff59e5a000 	C:\Windows\SYSTEM32\VERSION.dll
0x00007fff5fff0000 - 0x00007fff60003000 	C:\Windows\SYSTEM32\UMPDC.dll
0x00007fff60700000 - 0x00007fff60718000 	C:\Windows\SYSTEM32\kernel.appcore.dll
0x00007fff50490000 - 0x00007fff5049a000 	C:\Program Files\Microsoft\jdk-17.0.10.7-hotspot\bin\jimage.dll
0x00007fff5ea80000 - 0x00007fff5eca1000 	C:\Windows\SYSTEM32\DBGHELP.DLL
0x00007fff4bab0000 - 0x00007fff4bae1000 	C:\Windows\SYSTEM32\dbgcore.DLL
0x00007fff61ef0000 - 0x00007fff61f6f000 	C:\Windows\System32\bcryptPrimitives.dll
0x00007fff50380000 - 0x00007fff503a5000 	C:\Program Files\Microsoft\jdk-17.0.10.7-hotspot\bin\java.dll

dbghelp: loaded successfully - version: 4.0.5 - missing functions: none
symbol engine: initialized successfully - sym options: 0x614 - pdb path: .;C:\Program Files\Microsoft\jdk-17.0.10.7-hotspot\bin;C:\Windows\SYSTEM32;C:\Windows\WinSxS\amd64_microsoft.windows.common-controls_6595b64144ccf1df_6.0.22000.120_none_9d947278b86cc467;C:\Program Files\Microsoft\jdk-17.0.10.7-hotspot\bin\server

VM Arguments:
java_command: com.google.prefab.cli.AppKt --build-system cmake --platform android --abi arm64-v8a --os-version 24 --stl c++_shared --ndk-version 27 --output C:\\Users\\PAVILION\\AppData\\Local\\Temp\\agp-prefab-staging8736129066967008228\\staged-cli-output C:\\Users\\PAVILION\\.gradle\\caches\\8.13\\transforms\\40db78ee127eca9867acb58eeb451e1e\\transformed\\react-android-0.79.5-debug\\prefab C:\\Users\\PAVILION\\.gradle\\caches\\8.13\\transforms\\0a2afb941a6bfc41d3a30410b048f1dc\\transformed\\hermes-android-0.79.5-debug\\prefab C:\\Users\\PAVILION\\.gradle\\caches\\8.13\\transforms\\4a124880d7c24ba6b4144cdb5e52969c\\transformed\\fbjni-0.7.0\\prefab
java_class_path (initial): C:\\Users\\PAVILION\\.gradle\\caches\\modules-2\\files-2.1\\com.google.prefab\\cli\\2.1.0\\aa32fec809c44fa531f01dcfb739b5b3304d3050\\cli-2.1.0-all.jar
Launcher Type: SUN_STANDARD

[Global flags]
     intx CICompilerCount                          = 3                                         {product} {ergonomic}
     uint ConcGCThreads                            = 1                                         {product} {ergonomic}
     uint G1ConcRefinementThreads                  = 4                                         {product} {ergonomic}
   size_t G1HeapRegionSize                         = 1048576                                   {product} {ergonomic}
    uintx GCDrainStackTargetSize                   = 64                                        {product} {ergonomic}
   size_t InitialHeapSize                          = 134217728                                 {product} {ergonomic}
   size_t MarkStackSize                            = 4194304                                   {product} {ergonomic}
   size_t MaxHeapSize                              = 2118123520                                {product} {ergonomic}
   size_t MinHeapDeltaBytes                        = 1048576                                   {product} {ergonomic}
   size_t MinHeapSize                              = 8388608                                   {product} {ergonomic}
    uintx NonNMethodCodeHeapSize                   = 5832780                                {pd product} {ergonomic}
    uintx NonProfiledCodeHeapSize                  = 122912730                              {pd product} {ergonomic}
    uintx ProfiledCodeHeapSize                     = 122912730                              {pd product} {ergonomic}
    uintx ReservedCodeCacheSize                    = 251658240                              {pd product} {ergonomic}
     bool SegmentedCodeCache                       = true                                      {product} {ergonomic}
   size_t SoftMaxHeapSize                          = 2118123520                             {manageable} {ergonomic}
     bool UseCompressedClassPointers               = true                           {product lp64_product} {ergonomic}
     bool UseCompressedOops                        = true                           {product lp64_product} {ergonomic}
     bool UseG1GC                                  = true                                      {product} {ergonomic}
     bool UseLargePagesIndividualAllocation        = false                                  {pd product} {ergonomic}

Logging:
Log output configuration:
 #0: stdout all=warning uptime,level,tags
 #1: stderr all=off uptime,level,tags

Environment Variables:
JAVA_HOME=C:\Program Files\Microsoft\jdk-17.0.10.7-hotspot\
CLASSPATH=D:\Dev space\Gemma showcase\SmartMoney\android\\gradle\wrapper\gradle-wrapper.jar
PATH=C:\Users\PAVILION\AppData\Local\Temp\yarn--1754363373209-0.6884398348826246;D:\Dev space\Gemma showcase\SmartMoney\node_modules\.bin;C:\Users\PAVILION\AppData\Local\Yarn\Data\link\node_modules\.bin;C:\Users\PAVILION\AppData\Local\Yarn\bin;C:\Program Files\libexec\lib\node_modules\npm\bin\node-gyp-bin;C:\Program Files\lib\node_modules\npm\bin\node-gyp-bin;C:\Program Files\nodejs\node_modules\npm\bin\node-gyp-bin;C:\Program Files\Microsoft\jdk-17.0.10.7-hotspot\bin;C:\Program Files\Common Files\Oracle\Java\javapath;C:\Program Files\Microsoft\jdk-11.0.20.8-hotspot\bin;C:\Program Files\Python311\Scripts\;C:\Program Files\Python311\;C:\Windows\system32;C:\Windows;C:\Windows\System32\Wbem;C:\Windows\System32\WindowsPowerShell\v1.0\;C:\Windows\System32\OpenSSH\;C:\Program Files\Git\cmd;C:\Program Files\dotnet\;C:\Program Files\Odoo 15.0e.20220315\python;C:\Program Files\Odoo 15.0e.20220315\PostgreSQL\bin;C:\Users\PAVILION\AppData\Roaming\npm;C:\Users\PAVILION\EspaceDev\Pro-Project\Logic Habit\Backend - Django\env\Scripts\celery;C:\EspaceDev\JobScraper\.env\Scripts;D:\Tools\android_sdk\platform-tools;C:\ProgramData\chocolatey\bin;C:\Users\PAVILION\Downloads\v1.1.11\coreybutler-nvm-windows-3f0dba1;C:\Users\PAVILION\AppData\Roaming\nvm;C:\Program Files\nodejs;E:\Program\Redis\;C:\Users\PAVILION\AppData\Local\Programs\Microsoft VS Code\bin;C:\Users\PAVILION\AppData\Roaming\npm;C:\Users\PAVILION\AppData\Roaming\nvm;C:\Program Files\nodejs;D:\Tools\android_sdk\platform-tools;D:\Tools\android_sdk\cmdline-tools\latest\bin;
USERNAME=PAVILION
OS=Windows_NT
PROCESSOR_IDENTIFIER=Intel64 Family 6 Model 142 Stepping 9, GenuineIntel
TMP=C:\Users\PAVILION\AppData\Local\Temp
TEMP=C:\Users\PAVILION\AppData\Local\Temp



Periodic native trim disabled


---------------  S Y S T E M  ---------------

OS:
 Windows 11 , 64 bit Build 22000 (10.0.22000.2124)
OS uptime: 0 days 19:14 hours

CPU: total 4 (initial active 4) (2 cores per cpu, 2 threads per core) family 6 model 142 stepping 9 microcode 0xde, cx8, cmov, fxsr, ht, mmx, 3dnowpref, sse, sse2, sse3, ssse3, sse4.1, sse4.2, popcnt, lzcnt, tsc, tscinvbit, avx, avx2, aes, erms, clmul, bmi1, bmi2, adx, fma, vzeroupper, clflush, clflushopt
Processor Information for all 4 processors :
  Max Mhz: 2904, Current Mhz: 2703, Mhz Limit: 2700

Memory: 4k page, system-wide physical 8077M (336M free)
TotalPageFile size 15619M (AvailPageFile size 95M)
current process WorkingSet (physical memory assigned to process): 10M, peak: 10M
current process commit charge ("private bytes"): 52M, peak: 179M

vm_info: OpenJDK 64-Bit Server VM (17.0.10+7-LTS) for windows-amd64 JRE (17.0.10+7-LTS), built on Jan 10 2024 19:47:12 by "MicrosoftCorporation" with MS VC++ 16.10 / 16.11 (VS2019)

END.
