#
# There is insufficient memory for the Java Runtime Environment to continue.
# Native memory allocation (malloc) failed to allocate 2080160 bytes for Chunk::new
# Possible reasons:
#   The system is out of physical RAM or swap space
#   The process is running with CompressedOops enabled, and the Java Heap may be blocking the growth of the native heap
# Possible solutions:
#   Reduce memory load on the system
#   Increase physical memory or swap space
#   Check if swap backing store is full
#   Decrease Java heap size (-Xmx/-Xms)
#   Decrease number of Java threads
#   Decrease Java thread stack sizes (-Xss)
#   Set larger code cache with -XX:ReservedCodeCacheSize=
#   JVM is running with Unscaled Compressed Oops mode in which the Java heap is
#     placed in the first 4GB address space. The Java Heap base address is the
#     maximum limit for the native heap growth. Please use -XX:HeapBaseMinAddress
#     to set the Java Heap base and to place the Java Heap above 4GB virtual address.
# This output file may be truncated or incomplete.
#
#  Out of Memory Error (arena.cpp:191), pid=6696, tid=16040
#
# JRE version: OpenJDK Runtime Environment Microsoft-8902769 (17.0.10+7) (build 17.0.10+7-LTS)
# Java VM: OpenJDK 64-Bit Server VM Microsoft-8902769 (17.0.10+7-LTS, mixed mode, sharing, tiered, compressed oops, compressed class ptrs, g1 gc, windows-amd64)
# No core dump will be written. Minidumps are not enabled by default on client versions of Windows
#

---------------  S U M M A R Y ------------

Command Line: --add-opens=java.base/java.lang=ALL-UNNAMED --add-opens=java.base/java.lang.invoke=ALL-UNNAMED --add-opens=java.base/java.util=ALL-UNNAMED --add-opens=java.prefs/java.util.prefs=ALL-UNNAMED --add-exports=jdk.compiler/com.sun.tools.javac.api=ALL-UNNAMED --add-exports=jdk.compiler/com.sun.tools.javac.util=ALL-UNNAMED --add-opens=java.base/java.util=ALL-UNNAMED --add-opens=java.prefs/java.util.prefs=ALL-UNNAMED --add-opens=java.base/java.nio.charset=ALL-UNNAMED --add-opens=java.base/java.net=ALL-UNNAMED --add-opens=java.base/java.util.concurrent.atomic=ALL-UNNAMED --add-opens=java.xml/javax.xml.namespace=ALL-UNNAMED -XX:MaxMetaspaceSize=512m -Xmx2048m -Dfile.encoding=windows-1252 -Duser.country=US -Duser.language=en -Duser.variant -javaagent:C:\Users\PAVILION\.gradle\wrapper\dists\gradle-8.13-bin\5xuhj0ry160q40clulazy9h7d\gradle-8.13\lib\agents\gradle-instrumentation-agent-8.13.jar org.gradle.launcher.daemon.bootstrap.GradleDaemon 8.13

Host: Intel(R) Core(TM) i7-7500U CPU @ 2.70GHz, 4 cores, 7G,  Windows 11 , 64 bit Build 22000 (10.0.22000.2124)
Time: Wed Jul 30 09:52:34 2025 Egypt Daylight Time elapsed time: 71.061687 seconds (0d 0h 1m 11s)

---------------  T H R E A D  ---------------

Current thread (0x000001ef616419d0):  JavaThread "C2 CompilerThread1" daemon [_thread_in_native, id=16040, stack(0x000000b898800000,0x000000b898900000)]


Current CompileTask:
C2:  71061 12198       4       java.beans.Introspector::addMethod (196 bytes)

Stack: [0x000000b898800000,0x000000b898900000]
Native frames: (J=compiled Java code, j=interpreted, Vv=VM code, C=native code)
V  [jvm.dll+0x67f829]
V  [jvm.dll+0x83750a]
V  [jvm.dll+0x838fce]
V  [jvm.dll+0x839633]
V  [jvm.dll+0x247cbf]
V  [jvm.dll+0xac524]
V  [jvm.dll+0xacb6c]
V  [jvm.dll+0x368cf7]
V  [jvm.dll+0x33311a]
V  [jvm.dll+0x3325ba]
V  [jvm.dll+0x21a401]
V  [jvm.dll+0x219821]
V  [jvm.dll+0x1a5176]
V  [jvm.dll+0x22957e]
V  [jvm.dll+0x22774c]
V  [jvm.dll+0x7ec5d7]
V  [jvm.dll+0x7e69da]
V  [jvm.dll+0x67e715]
C  [ucrtbase.dll+0x26c0c]
C  [KERNEL32.DLL+0x155a0]
C  [ntdll.dll+0x485b]


---------------  P R O C E S S  ---------------

Threads class SMR info:
_java_thread_list=0x000001ef5f3422d0, length=95, elements={
0x000001ef1f6ae380, 0x000001ef3d283380, 0x000001ef3d283e50, 0x000001ef3d29fb70,
0x000001ef3d2a0440, 0x000001ef3d2a2d20, 0x000001ef3d2a35f0, 0x000001ef3d2a41f0,
0x000001ef3d30a5b0, 0x000001ef3d30d280, 0x000001ef3d458490, 0x000001ef3d56c780,
0x000001ef3d68f200, 0x000001ef5da51140, 0x000001ef3d7a53e0, 0x000001ef5e4f20a0,
0x000001ef5e4471b0, 0x000001ef5e4ae080, 0x000001ef5e4b1830, 0x000001ef5e4b0900,
0x000001ef5e4afee0, 0x000001ef5e4aefb0, 0x000001ef5e4af9d0, 0x000001ef5e4b03f0,
0x000001ef5e4b0e10, 0x000001ef5e4b1320, 0x000001ef5e4ae590, 0x000001ef5e4aeaa0,
0x000001ef6047f080, 0x000001ef6047c2f0, 0x000001ef6047eb70, 0x000001ef60479f80,
0x000001ef6047c800, 0x000001ef6047cd10, 0x000001ef6047d220, 0x000001ef6047faa0,
0x000001ef6047d730, 0x000001ef60479560, 0x000001ef6047dc40, 0x000001ef6047f590,
0x000001ef6047ffb0, 0x000001ef604804c0, 0x000001ef60479050, 0x000001ef6047a9a0,
0x000001ef6047b8d0, 0x000001ef6047aeb0, 0x000001ef6047b3c0, 0x000001ef5fa83670,
0x000001ef5fa808e0, 0x000001ef5fa83b80, 0x000001ef5fa80df0, 0x000001ef5fa81300,
0x000001ef5fa803d0, 0x000001ef5fa81810, 0x000001ef5fa7e060, 0x000001ef5fa81d20,
0x000001ef5fa82230, 0x000001ef5fa7ea80, 0x000001ef5fa82740, 0x000001ef5fa82c50,
0x000001ef5fa83160, 0x000001ef5fa84090, 0x000001ef5fa845a0, 0x000001ef5fa84ab0,
0x000001ef5fa7ef90, 0x000001ef5fa7f9b0, 0x000001ef5fa84fc0, 0x000001ef5fa7f4a0,
0x000001ef5fa7db50, 0x000001ef5fa854d0, 0x000001ef5fa7fec0, 0x000001ef5eeb5010,
0x000001ef5eeb40e0, 0x000001ef5eeb6450, 0x000001ef5eeb6960, 0x000001ef5eeb6e70,
0x000001ef5eeb5520, 0x000001ef5eeb36c0, 0x000001ef5eeb3bd0, 0x000001ef5eeb5a30,
0x000001ef5eeb45f0, 0x000001ef5eeb5f40, 0x000001ef5eeb4b00, 0x000001ef606b53b0,
0x000001ef606b3550, 0x000001ef606b58c0, 0x000001ef606b2110, 0x000001ef606b2b30,
0x000001ef606b2620, 0x000001ef606b3a60, 0x000001ef606b3f70, 0x000001ef606b4ea0,
0x000001ef5f94bfc0, 0x000001ef5f9469b0, 0x000001ef616419d0
}

Java Threads: ( => current thread )
  0x000001ef1f6ae380 JavaThread "main" [_thread_blocked, id=16984, stack(0x000000b891e00000,0x000000b891f00000)]
  0x000001ef3d283380 JavaThread "Reference Handler" daemon [_thread_blocked, id=7204, stack(0x000000b892600000,0x000000b892700000)]
  0x000001ef3d283e50 JavaThread "Finalizer" daemon [_thread_blocked, id=6756, stack(0x000000b892700000,0x000000b892800000)]
  0x000001ef3d29fb70 JavaThread "Signal Dispatcher" daemon [_thread_blocked, id=15080, stack(0x000000b892800000,0x000000b892900000)]
  0x000001ef3d2a0440 JavaThread "Attach Listener" daemon [_thread_blocked, id=19092, stack(0x000000b892900000,0x000000b892a00000)]
  0x000001ef3d2a2d20 JavaThread "Service Thread" daemon [_thread_blocked, id=4936, stack(0x000000b892a00000,0x000000b892b00000)]
  0x000001ef3d2a35f0 JavaThread "Monitor Deflation Thread" daemon [_thread_blocked, id=2428, stack(0x000000b892b00000,0x000000b892c00000)]
  0x000001ef3d2a41f0 JavaThread "C2 CompilerThread0" daemon [_thread_in_native, id=6860, stack(0x000000b892c00000,0x000000b892d00000)]
  0x000001ef3d30a5b0 JavaThread "C1 CompilerThread0" daemon [_thread_blocked, id=6424, stack(0x000000b892d00000,0x000000b892e00000)]
  0x000001ef3d30d280 JavaThread "Sweeper thread" daemon [_thread_blocked, id=5108, stack(0x000000b892e00000,0x000000b892f00000)]
  0x000001ef3d458490 JavaThread "Common-Cleaner" daemon [_thread_blocked, id=8324, stack(0x000000b892f00000,0x000000b893000000)]
  0x000001ef3d56c780 JavaThread "Notification Thread" daemon [_thread_blocked, id=6732, stack(0x000000b893000000,0x000000b893100000)]
  0x000001ef3d68f200 JavaThread "Daemon health stats" [_thread_blocked, id=16276, stack(0x000000b893400000,0x000000b893500000)]
  0x000001ef5da51140 JavaThread "Incoming local TCP Connector on port 62478" [_thread_in_native, id=16868, stack(0x000000b893600000,0x000000b893700000)]
  0x000001ef3d7a53e0 JavaThread "Daemon periodic checks" [_thread_blocked, id=8876, stack(0x000000b893700000,0x000000b893800000)]
  0x000001ef5e4f20a0 JavaThread "Daemon" [_thread_blocked, id=11312, stack(0x000000b893800000,0x000000b893900000)]
  0x000001ef5e4471b0 JavaThread "Handler for socket connection from /127.0.0.1:62478 to /127.0.0.1:62479" [_thread_in_native, id=6984, stack(0x000000b893900000,0x000000b893a00000)]
  0x000001ef5e4ae080 JavaThread "Cancel handler" [_thread_blocked, id=14168, stack(0x000000b893a00000,0x000000b893b00000)]
  0x000001ef5e4b1830 JavaThread "Daemon worker" [_thread_in_Java, id=19396, stack(0x000000b893b00000,0x000000b893c00000)]
  0x000001ef5e4b0900 JavaThread "Asynchronous log dispatcher for DefaultDaemonConnection: socket connection from /127.0.0.1:62478 to /127.0.0.1:62479" [_thread_blocked, id=1340, stack(0x000000b893c00000,0x000000b893d00000)]
  0x000001ef5e4afee0 JavaThread "Stdin handler" [_thread_blocked, id=17860, stack(0x000000b893d00000,0x000000b893e00000)]
  0x000001ef5e4aefb0 JavaThread "Daemon client event forwarder" [_thread_blocked, id=17212, stack(0x000000b893e00000,0x000000b893f00000)]
  0x000001ef5e4af9d0 JavaThread "Cache worker for journal cache (C:\Users\PAVILION\.gradle\caches\journal-1)" [_thread_blocked, id=16360, stack(0x000000b893f00000,0x000000b894000000)]
  0x000001ef5e4b03f0 JavaThread "File lock request listener" [_thread_in_native, id=16728, stack(0x000000b894000000,0x000000b894100000)]
  0x000001ef5e4b0e10 JavaThread "Cache worker for file hash cache (C:\Users\PAVILION\.gradle\caches\8.13\fileHashes)" [_thread_blocked, id=17468, stack(0x000000b894100000,0x000000b894200000)]
  0x000001ef5e4b1320 JavaThread "Cache worker for file hash cache (D:\Dev space\Gemma showcase\SmartMoney\android\.gradle\8.13\fileHashes)" [_thread_blocked, id=18504, stack(0x000000b894300000,0x000000b894400000)]
  0x000001ef5e4ae590 JavaThread "Cache worker for Build Output Cleanup Cache (D:\Dev space\Gemma showcase\SmartMoney\android\.gradle\buildOutputCleanup)" [_thread_blocked, id=4284, stack(0x000000b894400000,0x000000b894500000)]
  0x000001ef5e4aeaa0 JavaThread "File watcher server" daemon [_thread_in_native, id=14920, stack(0x000000b894500000,0x000000b894600000)]
  0x000001ef6047f080 JavaThread "File watcher consumer" daemon [_thread_blocked, id=14164, stack(0x000000b894600000,0x000000b894700000)]
  0x000001ef6047c2f0 JavaThread "jar transforms" [_thread_blocked, id=11788, stack(0x000000b894700000,0x000000b894800000)]
  0x000001ef6047eb70 JavaThread "jar transforms Thread 2" [_thread_blocked, id=5820, stack(0x000000b894800000,0x000000b894900000)]
  0x000001ef60479f80 JavaThread "File lock release action executor" [_thread_blocked, id=1216, stack(0x000000b894900000,0x000000b894a00000)]
  0x000001ef6047c800 JavaThread "Cache worker for checksums cache (D:\Dev space\Gemma showcase\SmartMoney\android\.gradle\8.13\checksums)" [_thread_blocked, id=18288, stack(0x000000b894b00000,0x000000b894c00000)]
  0x000001ef6047cd10 JavaThread "Cache worker for file content cache (C:\Users\PAVILION\.gradle\caches\8.13\fileContent)" [_thread_blocked, id=18304, stack(0x000000b894200000,0x000000b894300000)]
  0x000001ef6047d220 JavaThread "jar transforms Thread 3" [_thread_blocked, id=14672, stack(0x000000b894c00000,0x000000b894d00000)]
  0x000001ef6047faa0 JavaThread "Cache worker for cache directory md-supplier (C:\Users\PAVILION\.gradle\caches\8.13\md-supplier)" [_thread_blocked, id=18208, stack(0x000000b894d00000,0x000000b894e00000)]
  0x000001ef6047d730 JavaThread "Cache worker for cache directory md-rule (C:\Users\PAVILION\.gradle\caches\8.13\md-rule)" [_thread_blocked, id=8792, stack(0x000000b894e00000,0x000000b894f00000)]
  0x000001ef60479560 JavaThread "Cache worker for Build Output Cleanup Cache (D:\Dev space\Gemma showcase\SmartMoney\node_modules\@react-native\gradle-plugin\.gradle\buildOutputCleanup)" [_thread_blocked, id=10612, stack(0x000000b894f00000,0x000000b895000000)]
  0x000001ef6047dc40 JavaThread "Unconstrained build operations" [_thread_blocked, id=17268, stack(0x000000b895000000,0x000000b895100000)]
  0x000001ef6047f590 JavaThread "Unconstrained build operations Thread 2" [_thread_blocked, id=8468, stack(0x000000b895100000,0x000000b895200000)]
  0x000001ef6047ffb0 JavaThread "Unconstrained build operations Thread 3" [_thread_blocked, id=15904, stack(0x000000b895200000,0x000000b895300000)]
  0x000001ef604804c0 JavaThread "Unconstrained build operations Thread 4" [_thread_blocked, id=16948, stack(0x000000b895300000,0x000000b895400000)]
  0x000001ef60479050 JavaThread "Unconstrained build operations Thread 5" [_thread_blocked, id=18396, stack(0x000000b895400000,0x000000b895500000)]
  0x000001ef6047a9a0 JavaThread "Unconstrained build operations Thread 6" [_thread_blocked, id=7040, stack(0x000000b895500000,0x000000b895600000)]
  0x000001ef6047b8d0 JavaThread "Unconstrained build operations Thread 7" [_thread_blocked, id=19432, stack(0x000000b895700000,0x000000b895800000)]
  0x000001ef6047aeb0 JavaThread "Unconstrained build operations Thread 8" [_thread_blocked, id=9888, stack(0x000000b895800000,0x000000b895900000)]
  0x000001ef6047b3c0 JavaThread "Unconstrained build operations Thread 9" [_thread_blocked, id=7268, stack(0x000000b895900000,0x000000b895a00000)]
  0x000001ef5fa83670 JavaThread "Unconstrained build operations Thread 10" [_thread_blocked, id=17648, stack(0x000000b895600000,0x000000b895700000)]
  0x000001ef5fa808e0 JavaThread "Unconstrained build operations Thread 11" [_thread_blocked, id=18220, stack(0x000000b895a00000,0x000000b895b00000)]
  0x000001ef5fa83b80 JavaThread "Unconstrained build operations Thread 12" [_thread_blocked, id=18500, stack(0x000000b895b00000,0x000000b895c00000)]
  0x000001ef5fa80df0 JavaThread "Unconstrained build operations Thread 13" [_thread_blocked, id=7116, stack(0x000000b895c00000,0x000000b895d00000)]
  0x000001ef5fa81300 JavaThread "Unconstrained build operations Thread 14" [_thread_blocked, id=13704, stack(0x000000b895d00000,0x000000b895e00000)]
  0x000001ef5fa803d0 JavaThread "Unconstrained build operations Thread 15" [_thread_blocked, id=3972, stack(0x000000b895e00000,0x000000b895f00000)]
  0x000001ef5fa81810 JavaThread "build event listener" [_thread_blocked, id=17440, stack(0x000000b896200000,0x000000b896300000)]
  0x000001ef5fa7e060 JavaThread "Memory manager" [_thread_blocked, id=2500, stack(0x000000b896100000,0x000000b896200000)]
  0x000001ef5fa81d20 JavaThread "ForkJoinPool.commonPool-worker-1" daemon [_thread_blocked, id=14228, stack(0x000000b896400000,0x000000b896500000)]
  0x000001ef5fa82230 JavaThread "ForkJoinPool.commonPool-worker-2" daemon [_thread_blocked, id=18824, stack(0x000000b896500000,0x000000b896600000)]
  0x000001ef5fa7ea80 JavaThread "ForkJoinPool.commonPool-worker-3" daemon [_thread_blocked, id=17048, stack(0x000000b896600000,0x000000b896700000)]
  0x000001ef5fa82740 JavaThread "Exec process" daemon [_thread_blocked, id=8868, stack(0x000000b896700000,0x000000b896800000)]
  0x000001ef5fa82c50 JavaThread "Exec process Thread 2" daemon [_thread_blocked, id=16752, stack(0x000000b896800000,0x000000b896900000)]
  0x000001ef5fa83160 JavaThread "Exec process Thread 3" daemon [_thread_blocked, id=10620, stack(0x000000b896900000,0x000000b896a00000)]
  0x000001ef5fa84090 JavaThread "included builds" [_thread_blocked, id=18428, stack(0x000000b896300000,0x000000b896400000)]
  0x000001ef5fa845a0 JavaThread "Execution worker" [_thread_blocked, id=19192, stack(0x000000b896a00000,0x000000b896b00000)]
  0x000001ef5fa84ab0 JavaThread "Execution worker Thread 2" [_thread_blocked, id=18592, stack(0x000000b896b00000,0x000000b896c00000)]
  0x000001ef5fa7ef90 JavaThread "Execution worker Thread 3" [_thread_blocked, id=14540, stack(0x000000b896c00000,0x000000b896d00000)]
  0x000001ef5fa7f9b0 JavaThread "Cache worker for execution history cache (D:\Dev space\Gemma showcase\SmartMoney\node_modules\@react-native\gradle-plugin\.gradle\8.13\executionHistory)" [_thread_blocked, id=17716, stack(0x000000b896d00000,0x000000b896e00000)]
  0x000001ef5fa84fc0 JavaThread "Unconstrained build operations Thread 16" [_thread_blocked, id=8644, stack(0x000000b896e00000,0x000000b896f00000)]
  0x000001ef5fa7f4a0 JavaThread "Unconstrained build operations Thread 17" [_thread_blocked, id=11688, stack(0x000000b896f00000,0x000000b897000000)]
  0x000001ef5fa7db50 JavaThread "Unconstrained build operations Thread 18" [_thread_blocked, id=16392, stack(0x000000b897000000,0x000000b897100000)]
  0x000001ef5fa854d0 JavaThread "Unconstrained build operations Thread 19" [_thread_blocked, id=10460, stack(0x000000b897100000,0x000000b897200000)]
  0x000001ef5fa7fec0 JavaThread "Unconstrained build operations Thread 20" [_thread_blocked, id=8152, stack(0x000000b897200000,0x000000b897300000)]
  0x000001ef5eeb5010 JavaThread "Unconstrained build operations Thread 21" [_thread_blocked, id=5480, stack(0x000000b897300000,0x000000b897400000)]
  0x000001ef5eeb40e0 JavaThread "Unconstrained build operations Thread 22" [_thread_blocked, id=8860, stack(0x000000b897500000,0x000000b897600000)]
  0x000001ef5eeb6450 JavaThread "Unconstrained build operations Thread 23" [_thread_blocked, id=6788, stack(0x000000b897600000,0x000000b897700000)]
  0x000001ef5eeb6960 JavaThread "Unconstrained build operations Thread 24" [_thread_blocked, id=16512, stack(0x000000b897700000,0x000000b897800000)]
  0x000001ef5eeb6e70 JavaThread "Unconstrained build operations Thread 25" [_thread_blocked, id=18064, stack(0x000000b897400000,0x000000b897500000)]
  0x000001ef5eeb5520 JavaThread "Unconstrained build operations Thread 26" [_thread_blocked, id=17796, stack(0x000000b897800000,0x000000b897900000)]
  0x000001ef5eeb36c0 JavaThread "Unconstrained build operations Thread 27" [_thread_blocked, id=14816, stack(0x000000b897900000,0x000000b897a00000)]
  0x000001ef5eeb3bd0 JavaThread "Unconstrained build operations Thread 28" [_thread_blocked, id=7548, stack(0x000000b897a00000,0x000000b897b00000)]
  0x000001ef5eeb5a30 JavaThread "Unconstrained build operations Thread 29" [_thread_blocked, id=10436, stack(0x000000b897c00000,0x000000b897d00000)]
  0x000001ef5eeb45f0 JavaThread "Unconstrained build operations Thread 30" [_thread_blocked, id=16896, stack(0x000000b897d00000,0x000000b897e00000)]
  0x000001ef5eeb5f40 JavaThread "Unconstrained build operations Thread 31" [_thread_blocked, id=14256, stack(0x000000b897e00000,0x000000b897f00000)]
  0x000001ef5eeb4b00 JavaThread "Unconstrained build operations Thread 32" [_thread_blocked, id=7836, stack(0x000000b897f00000,0x000000b898000000)]
  0x000001ef606b53b0 JavaThread "Unconstrained build operations Thread 33" [_thread_blocked, id=14844, stack(0x000000b898000000,0x000000b898100000)]
  0x000001ef606b3550 JavaThread "Unconstrained build operations Thread 34" [_thread_blocked, id=9468, stack(0x000000b898100000,0x000000b898200000)]
  0x000001ef606b58c0 JavaThread "Unconstrained build operations Thread 35" [_thread_blocked, id=18708, stack(0x000000b897b00000,0x000000b897c00000)]
  0x000001ef606b2110 JavaThread "Unconstrained build operations Thread 36" [_thread_blocked, id=9976, stack(0x000000b898200000,0x000000b898300000)]
  0x000001ef606b2b30 JavaThread "Unconstrained build operations Thread 37" [_thread_blocked, id=17968, stack(0x000000b898300000,0x000000b898400000)]
  0x000001ef606b2620 JavaThread "jar transforms Thread 4" [_thread_blocked, id=17464, stack(0x000000b898400000,0x000000b898500000)]
  0x000001ef606b3a60 JavaThread "Unconstrained build operations Thread 38" [_thread_blocked, id=3800, stack(0x000000b898500000,0x000000b898600000)]
  0x000001ef606b3f70 JavaThread "Unconstrained build operations Thread 39" [_thread_blocked, id=18740, stack(0x000000b898600000,0x000000b898700000)]
  0x000001ef606b4ea0 JavaThread "Unconstrained build operations Thread 40" [_thread_blocked, id=8736, stack(0x000000b898700000,0x000000b898800000)]
  0x000001ef5f94bfc0 JavaThread "Problems report writer" [_thread_blocked, id=5580, stack(0x000000b891d00000,0x000000b891e00000)]
  0x000001ef5f9469b0 JavaThread "build event listener" [_thread_blocked, id=18624, stack(0x000000b891f00000,0x000000b892000000)]
=>0x000001ef616419d0 JavaThread "C2 CompilerThread1" daemon [_thread_in_native, id=16040, stack(0x000000b898800000,0x000000b898900000)]

Other Threads:
  0x000001ef3d27d670 VMThread "VM Thread" [stack: 0x000000b892500000,0x000000b892600000] [id=12296]
  0x000001ef3d5408c0 WatcherThread [stack: 0x000000b893100000,0x000000b893200000] [id=18528]
  0x000001ef1f70b5c0 GCTaskThread "GC Thread#0" [stack: 0x000000b892000000,0x000000b892100000] [id=19284]
  0x000001ef3d608530 GCTaskThread "GC Thread#1" [stack: 0x000000b893200000,0x000000b893300000] [id=19056]
  0x000001ef3d7a7ba0 GCTaskThread "GC Thread#2" [stack: 0x000000b893300000,0x000000b893400000] [id=9124]
  0x000001ef5d45b450 GCTaskThread "GC Thread#3" [stack: 0x000000b893500000,0x000000b893600000] [id=4808]
  0x000001ef1f71c420 ConcurrentGCThread "G1 Main Marker" [stack: 0x000000b892100000,0x000000b892200000] [id=4124]
  0x000001ef1f71cd50 ConcurrentGCThread "G1 Conc#0" [stack: 0x000000b892200000,0x000000b892300000] [id=14972]
  0x000001ef1f76eb70 ConcurrentGCThread "G1 Refine#0" [stack: 0x000000b892300000,0x000000b892400000] [id=18496]
  0x000001ef5e824730 ConcurrentGCThread "G1 Refine#1" [stack: 0x000000b894a00000,0x000000b894b00000] [id=2904]
  0x000001ef3d134770 ConcurrentGCThread "G1 Service" [stack: 0x000000b892400000,0x000000b892500000] [id=18640]

Threads with active compile tasks:
C2 CompilerThread0    71122 12204   !   4       com.sun.beans.TypeResolver::resolve (261 bytes)
C2 CompilerThread1    71122 12198       4       java.beans.Introspector::addMethod (196 bytes)

VM state: not at safepoint (normal execution)

VM Mutex/Monitor currently owned by a thread: None

Heap address: 0x0000000080000000, size: 2048 MB, Compressed Oops mode: 32-bit

CDS archive(s) mapped at: [0x000001ef3e000000-0x000001ef3ebb0000-0x000001ef3ebb0000), size 12255232, SharedBaseAddress: 0x000001ef3e000000, ArchiveRelocationMode: 1.
Compressed class space mapped at: 0x000001ef3f000000-0x000001ef59000000, reserved size: 436207616
Narrow klass base: 0x000001ef3e000000, Narrow klass shift: 0, Narrow klass range: 0x100000000

GC Precious Log:
 CPUs: 4 total, 4 available
 Memory: 8077M
 Large Page Support: Disabled
 NUMA Support: Disabled
 Compressed Oops: Enabled (32-bit)
 Heap Region Size: 1M
 Heap Min Capacity: 8M
 Heap Initial Capacity: 128M
 Heap Max Capacity: 2G
 Pre-touch: Disabled
 Parallel Workers: 4
 Concurrent Workers: 1
 Concurrent Refinement Workers: 4
 Periodic GC: Disabled

Heap:
 garbage-first heap   total 301056K, used 115920K [0x0000000080000000, 0x0000000100000000)
  region size 1024K, 15 young (15360K), 1 survivors (1024K)
 Metaspace       used 91098K, committed 92032K, reserved 557056K
  class space    used 12535K, committed 12992K, reserved 425984K

Heap Regions: E=young(eden), S=young(survivor), O=old, HS=humongous(starts), HC=humongous(continues), CS=collection set, F=free, OA=open archive, CA=closed archive, TAMS=top-at-mark-start (previous, next)
|   0|0x0000000080000000, 0x0000000080100000, 0x0000000080100000|100%|HS|  |TAMS 0x0000000080100000, 0x0000000080000000| Complete 
|   1|0x0000000080100000, 0x0000000080200000, 0x0000000080200000|100%|HC|  |TAMS 0x0000000080200000, 0x0000000080100000| Complete 
|   2|0x0000000080200000, 0x0000000080300000, 0x0000000080300000|100%|HC|  |TAMS 0x0000000080300000, 0x0000000080200000| Complete 
|   3|0x0000000080300000, 0x0000000080400000, 0x0000000080400000|100%| O|  |TAMS 0x0000000080400000, 0x0000000080300000| Untracked 
|   4|0x0000000080400000, 0x0000000080500000, 0x0000000080500000|100%| O|  |TAMS 0x0000000080500000, 0x0000000080400000| Untracked 
|   5|0x0000000080500000, 0x0000000080600000, 0x0000000080600000|100%| O|  |TAMS 0x0000000080600000, 0x0000000080500000| Untracked 
|   6|0x0000000080600000, 0x0000000080700000, 0x0000000080700000|100%| O|  |TAMS 0x0000000080700000, 0x0000000080600000| Untracked 
|   7|0x0000000080700000, 0x0000000080800000, 0x0000000080800000|100%|HS|  |TAMS 0x0000000080800000, 0x0000000080700000| Complete 
|   8|0x0000000080800000, 0x0000000080900000, 0x0000000080900000|100%| O|  |TAMS 0x0000000080900000, 0x0000000080800000| Untracked 
|   9|0x0000000080900000, 0x0000000080a00000, 0x0000000080a00000|100%| O|  |TAMS 0x0000000080a00000, 0x0000000080900000| Untracked 
|  10|0x0000000080a00000, 0x0000000080b00000, 0x0000000080b00000|100%| O|  |TAMS 0x0000000080b00000, 0x0000000080a00000| Untracked 
|  11|0x0000000080b00000, 0x0000000080c00000, 0x0000000080c00000|100%| O|  |TAMS 0x0000000080c00000, 0x0000000080b00000| Untracked 
|  12|0x0000000080c00000, 0x0000000080d00000, 0x0000000080d00000|100%| O|  |TAMS 0x0000000080d00000, 0x0000000080c00000| Untracked 
|  13|0x0000000080d00000, 0x0000000080e00000, 0x0000000080e00000|100%| O|  |TAMS 0x0000000080e00000, 0x0000000080d00000| Untracked 
|  14|0x0000000080e00000, 0x0000000080f00000, 0x0000000080f00000|100%| O|  |TAMS 0x0000000080f00000, 0x0000000080e00000| Untracked 
|  15|0x0000000080f00000, 0x0000000081000000, 0x0000000081000000|100%| O|  |TAMS 0x0000000081000000, 0x0000000080f00000| Untracked 
|  16|0x0000000081000000, 0x0000000081100000, 0x0000000081100000|100%| O|  |TAMS 0x0000000081100000, 0x0000000081000000| Untracked 
|  17|0x0000000081100000, 0x0000000081200000, 0x0000000081200000|100%| O|  |TAMS 0x0000000081200000, 0x0000000081100000| Untracked 
|  18|0x0000000081200000, 0x0000000081300000, 0x0000000081300000|100%| O|  |TAMS 0x0000000081300000, 0x0000000081200000| Untracked 
|  19|0x0000000081300000, 0x0000000081400000, 0x0000000081400000|100%| O|  |TAMS 0x0000000081400000, 0x0000000081300000| Untracked 
|  20|0x0000000081400000, 0x0000000081500000, 0x0000000081500000|100%| O|  |TAMS 0x0000000081500000, 0x0000000081400000| Untracked 
|  21|0x0000000081500000, 0x0000000081600000, 0x0000000081600000|100%| O|  |TAMS 0x0000000081600000, 0x0000000081500000| Untracked 
|  22|0x0000000081600000, 0x0000000081700000, 0x0000000081700000|100%| O|  |TAMS 0x0000000081700000, 0x0000000081600000| Untracked 
|  23|0x0000000081700000, 0x0000000081800000, 0x0000000081800000|100%| O|  |TAMS 0x0000000081800000, 0x0000000081700000| Untracked 
|  24|0x0000000081800000, 0x0000000081900000, 0x0000000081900000|100%| O|  |TAMS 0x0000000081900000, 0x0000000081800000| Untracked 
|  25|0x0000000081900000, 0x0000000081a00000, 0x0000000081a00000|100%| O|  |TAMS 0x0000000081a00000, 0x0000000081900000| Untracked 
|  26|0x0000000081a00000, 0x0000000081b00000, 0x0000000081b00000|100%| O|  |TAMS 0x0000000081b00000, 0x0000000081a00000| Untracked 
|  27|0x0000000081b00000, 0x0000000081c00000, 0x0000000081c00000|100%| O|  |TAMS 0x0000000081c00000, 0x0000000081b00000| Untracked 
|  28|0x0000000081c00000, 0x0000000081d00000, 0x0000000081d00000|100%| O|  |TAMS 0x0000000081d00000, 0x0000000081c00000| Untracked 
|  29|0x0000000081d00000, 0x0000000081e00000, 0x0000000081e00000|100%| O|  |TAMS 0x0000000081e00000, 0x0000000081d00000| Untracked 
|  30|0x0000000081e00000, 0x0000000081f00000, 0x0000000081f00000|100%| O|  |TAMS 0x0000000081f00000, 0x0000000081e00000| Untracked 
|  31|0x0000000081f00000, 0x0000000082000000, 0x0000000082000000|100%| O|  |TAMS 0x0000000082000000, 0x0000000081f00000| Untracked 
|  32|0x0000000082000000, 0x0000000082100000, 0x0000000082100000|100%| O|  |TAMS 0x0000000082100000, 0x0000000082000000| Untracked 
|  33|0x0000000082100000, 0x0000000082200000, 0x0000000082200000|100%| O|  |TAMS 0x0000000082200000, 0x0000000082100000| Untracked 
|  34|0x0000000082200000, 0x0000000082300000, 0x0000000082300000|100%| O|  |TAMS 0x0000000082300000, 0x0000000082200000| Untracked 
|  35|0x0000000082300000, 0x0000000082400000, 0x0000000082400000|100%| O|  |TAMS 0x0000000082400000, 0x0000000082300000| Untracked 
|  36|0x0000000082400000, 0x0000000082500000, 0x0000000082500000|100%| O|  |TAMS 0x0000000082500000, 0x0000000082400000| Untracked 
|  37|0x0000000082500000, 0x0000000082600000, 0x0000000082600000|100%| O|  |TAMS 0x0000000082600000, 0x0000000082500000| Untracked 
|  38|0x0000000082600000, 0x0000000082700000, 0x0000000082700000|100%| O|  |TAMS 0x0000000082700000, 0x0000000082600000| Untracked 
|  39|0x0000000082700000, 0x0000000082800000, 0x0000000082800000|100%| O|  |TAMS 0x0000000082800000, 0x0000000082700000| Untracked 
|  40|0x0000000082800000, 0x0000000082900000, 0x0000000082900000|100%|HS|  |TAMS 0x0000000082900000, 0x0000000082800000| Complete 
|  41|0x0000000082900000, 0x0000000082a00000, 0x0000000082a00000|100%|HC|  |TAMS 0x0000000082a00000, 0x0000000082900000| Complete 
|  42|0x0000000082a00000, 0x0000000082b00000, 0x0000000082b00000|100%|HS|  |TAMS 0x0000000082b00000, 0x0000000082a00000| Complete 
|  43|0x0000000082b00000, 0x0000000082c00000, 0x0000000082c00000|100%|HC|  |TAMS 0x0000000082c00000, 0x0000000082b00000| Complete 
|  44|0x0000000082c00000, 0x0000000082d00000, 0x0000000082d00000|100%|HC|  |TAMS 0x0000000082d00000, 0x0000000082c00000| Complete 
|  45|0x0000000082d00000, 0x0000000082d00000, 0x0000000082e00000|  0%| F|  |TAMS 0x0000000082d00000, 0x0000000082d00000| Untracked 
|  46|0x0000000082e00000, 0x0000000082f00000, 0x0000000082f00000|100%|HS|  |TAMS 0x0000000082f00000, 0x0000000082e00000| Complete 
|  47|0x0000000082f00000, 0x0000000083000000, 0x0000000083000000|100%|HS|  |TAMS 0x0000000082f00000, 0x0000000082f00000| Complete 
|  48|0x0000000083000000, 0x0000000083100000, 0x0000000083100000|100%|HS|  |TAMS 0x0000000083100000, 0x0000000083000000| Complete 
|  49|0x0000000083100000, 0x0000000083200000, 0x0000000083200000|100%|HC|  |TAMS 0x0000000083200000, 0x0000000083100000| Complete 
|  50|0x0000000083200000, 0x0000000083300000, 0x0000000083300000|100%| O|  |TAMS 0x0000000083300000, 0x0000000083200000| Untracked 
|  51|0x0000000083300000, 0x0000000083400000, 0x0000000083400000|100%| O|  |TAMS 0x0000000083400000, 0x0000000083300000| Untracked 
|  52|0x0000000083400000, 0x0000000083500000, 0x0000000083500000|100%| O|  |TAMS 0x0000000083500000, 0x0000000083400000| Untracked 
|  53|0x0000000083500000, 0x0000000083600000, 0x0000000083600000|100%|HS|  |TAMS 0x0000000083600000, 0x0000000083500000| Complete 
|  54|0x0000000083600000, 0x0000000083700000, 0x0000000083700000|100%|HC|  |TAMS 0x0000000083700000, 0x0000000083600000| Complete 
|  55|0x0000000083700000, 0x0000000083800000, 0x0000000083800000|100%|HC|  |TAMS 0x0000000083800000, 0x0000000083700000| Complete 
|  56|0x0000000083800000, 0x0000000083900000, 0x0000000083900000|100%| O|  |TAMS 0x0000000083900000, 0x0000000083800000| Untracked 
|  57|0x0000000083900000, 0x0000000083a00000, 0x0000000083a00000|100%| O|  |TAMS 0x0000000083a00000, 0x0000000083900000| Untracked 
|  58|0x0000000083a00000, 0x0000000083b00000, 0x0000000083b00000|100%| O|  |TAMS 0x0000000083b00000, 0x0000000083a00000| Untracked 
|  59|0x0000000083b00000, 0x0000000083c00000, 0x0000000083c00000|100%| O|  |TAMS 0x0000000083c00000, 0x0000000083b00000| Untracked 
|  60|0x0000000083c00000, 0x0000000083d00000, 0x0000000083d00000|100%| O|  |TAMS 0x0000000083d00000, 0x0000000083c00000| Untracked 
|  61|0x0000000083d00000, 0x0000000083e00000, 0x0000000083e00000|100%| O|  |TAMS 0x0000000083e00000, 0x0000000083d00000| Untracked 
|  62|0x0000000083e00000, 0x0000000083f00000, 0x0000000083f00000|100%| O|  |TAMS 0x0000000083f00000, 0x0000000083e00000| Untracked 
|  63|0x0000000083f00000, 0x0000000084000000, 0x0000000084000000|100%| O|  |TAMS 0x0000000084000000, 0x0000000083f00000| Untracked 
|  64|0x0000000084000000, 0x0000000084100000, 0x0000000084100000|100%| O|  |TAMS 0x0000000084100000, 0x0000000084000000| Untracked 
|  65|0x0000000084100000, 0x0000000084200000, 0x0000000084200000|100%| O|  |TAMS 0x0000000084200000, 0x0000000084100000| Untracked 
|  66|0x0000000084200000, 0x0000000084300000, 0x0000000084300000|100%| O|  |TAMS 0x0000000084300000, 0x0000000084200000| Untracked 
|  67|0x0000000084300000, 0x0000000084400000, 0x0000000084400000|100%| O|  |TAMS 0x0000000084400000, 0x0000000084300000| Untracked 
|  68|0x0000000084400000, 0x0000000084500000, 0x0000000084500000|100%| O|  |TAMS 0x0000000084500000, 0x0000000084400000| Untracked 
|  69|0x0000000084500000, 0x0000000084600000, 0x0000000084600000|100%| O|  |TAMS 0x0000000084600000, 0x0000000084500000| Untracked 
|  70|0x0000000084600000, 0x0000000084700000, 0x0000000084700000|100%| O|  |TAMS 0x0000000084700000, 0x0000000084600000| Untracked 
|  71|0x0000000084700000, 0x0000000084800000, 0x0000000084800000|100%| O|  |TAMS 0x0000000084800000, 0x0000000084700000| Untracked 
|  72|0x0000000084800000, 0x0000000084900000, 0x0000000084900000|100%| O|  |TAMS 0x0000000084900000, 0x0000000084800000| Untracked 
|  73|0x0000000084900000, 0x0000000084a00000, 0x0000000084a00000|100%| O|  |TAMS 0x0000000084a00000, 0x0000000084900000| Untracked 
|  74|0x0000000084a00000, 0x0000000084a00000, 0x0000000084b00000|  0%| F|  |TAMS 0x0000000084a00000, 0x0000000084a00000| Untracked 
|  75|0x0000000084b00000, 0x0000000084c00000, 0x0000000084c00000|100%|HS|  |TAMS 0x0000000084b00000, 0x0000000084b00000| Complete 
|  76|0x0000000084c00000, 0x0000000084d00000, 0x0000000084d00000|100%|HC|  |TAMS 0x0000000084c00000, 0x0000000084c00000| Complete 
|  77|0x0000000084d00000, 0x0000000084e00000, 0x0000000084e00000|100%| O|  |TAMS 0x0000000084e00000, 0x0000000084d00000| Untracked 
|  78|0x0000000084e00000, 0x0000000084f00000, 0x0000000084f00000|100%| O|  |TAMS 0x0000000084f00000, 0x0000000084e00000| Untracked 
|  79|0x0000000084f00000, 0x0000000085000000, 0x0000000085000000|100%|HS|  |TAMS 0x0000000085000000, 0x0000000084f00000| Complete 
|  80|0x0000000085000000, 0x0000000085100000, 0x0000000085100000|100%|HS|  |TAMS 0x0000000085100000, 0x0000000085000000| Complete 
|  81|0x0000000085100000, 0x0000000085200000, 0x0000000085200000|100%|HS|  |TAMS 0x0000000085200000, 0x0000000085100000| Complete 
|  82|0x0000000085200000, 0x0000000085300000, 0x0000000085300000|100%| O|  |TAMS 0x0000000085300000, 0x0000000085200000| Untracked 
|  83|0x0000000085300000, 0x0000000085400000, 0x0000000085400000|100%|HS|  |TAMS 0x0000000085400000, 0x0000000085300000| Complete 
|  84|0x0000000085400000, 0x0000000085500000, 0x0000000085500000|100%|HS|  |TAMS 0x0000000085500000, 0x0000000085400000| Complete 
|  85|0x0000000085500000, 0x0000000085600000, 0x0000000085600000|100%| O|  |TAMS 0x0000000085600000, 0x0000000085500000| Untracked 
|  86|0x0000000085600000, 0x0000000085700000, 0x0000000085700000|100%| O|  |TAMS 0x0000000085700000, 0x0000000085600000| Untracked 
|  87|0x0000000085700000, 0x0000000085800000, 0x0000000085800000|100%| O|  |TAMS 0x0000000085800000, 0x0000000085700000| Untracked 
|  88|0x0000000085800000, 0x0000000085900000, 0x0000000085900000|100%| O|  |TAMS 0x0000000085900000, 0x0000000085800000| Untracked 
|  89|0x0000000085900000, 0x0000000085a00000, 0x0000000085a00000|100%| O|  |TAMS 0x0000000085a00000, 0x0000000085900000| Untracked 
|  90|0x0000000085a00000, 0x0000000085b00000, 0x0000000085b00000|100%| O|  |TAMS 0x0000000085b00000, 0x0000000085a00000| Untracked 
|  91|0x0000000085b00000, 0x0000000085c00000, 0x0000000085c00000|100%| O|  |TAMS 0x0000000085c00000, 0x0000000085b00000| Untracked 
|  92|0x0000000085c00000, 0x0000000085d00000, 0x0000000085d00000|100%| O|  |TAMS 0x0000000085d00000, 0x0000000085c00000| Untracked 
|  93|0x0000000085d00000, 0x0000000085e00000, 0x0000000085e00000|100%| O|  |TAMS 0x0000000085d00000, 0x0000000085d00000| Untracked 
|  94|0x0000000085e00000, 0x0000000085f00000, 0x0000000085f00000|100%| O|  |TAMS 0x0000000085f00000, 0x0000000085e00000| Untracked 
|  95|0x0000000085f00000, 0x0000000086000000, 0x0000000086000000|100%| O|  |TAMS 0x0000000086000000, 0x0000000085f00000| Untracked 
|  96|0x0000000086000000, 0x0000000086100000, 0x0000000086100000|100%| O|  |TAMS 0x00000000860fc400, 0x0000000086000000| Untracked 
|  97|0x0000000086100000, 0x0000000086200000, 0x0000000086200000|100%| O|  |TAMS 0x0000000086100000, 0x0000000086100000| Untracked 
|  98|0x0000000086200000, 0x0000000086300000, 0x0000000086300000|100%| O|  |TAMS 0x0000000086200000, 0x0000000086200000| Untracked 
|  99|0x0000000086300000, 0x0000000086400000, 0x0000000086400000|100%| O|  |TAMS 0x0000000086300000, 0x0000000086300000| Untracked 
| 100|0x0000000086400000, 0x0000000086500000, 0x0000000086500000|100%| O|  |TAMS 0x0000000086400000, 0x0000000086400000| Untracked 
| 101|0x0000000086500000, 0x00000000865a4200, 0x0000000086600000| 64%| O|  |TAMS 0x0000000086500000, 0x0000000086500000| Untracked 
| 102|0x0000000086600000, 0x0000000086600000, 0x0000000086700000|  0%| F|  |TAMS 0x0000000086600000, 0x0000000086600000| Untracked 
| 103|0x0000000086700000, 0x0000000086700000, 0x0000000086800000|  0%| F|  |TAMS 0x0000000086700000, 0x0000000086700000| Untracked 
| 104|0x0000000086800000, 0x0000000086800000, 0x0000000086900000|  0%| F|  |TAMS 0x0000000086800000, 0x0000000086800000| Untracked 
| 105|0x0000000086900000, 0x0000000086900000, 0x0000000086a00000|  0%| F|  |TAMS 0x0000000086900000, 0x0000000086900000| Untracked 
| 106|0x0000000086a00000, 0x0000000086a00000, 0x0000000086b00000|  0%| F|  |TAMS 0x0000000086a00000, 0x0000000086a00000| Untracked 
| 107|0x0000000086b00000, 0x0000000086b00000, 0x0000000086c00000|  0%| F|  |TAMS 0x0000000086b00000, 0x0000000086b00000| Untracked 
| 108|0x0000000086c00000, 0x0000000086c00000, 0x0000000086d00000|  0%| F|  |TAMS 0x0000000086c00000, 0x0000000086c00000| Untracked 
| 109|0x0000000086d00000, 0x0000000086d00000, 0x0000000086e00000|  0%| F|  |TAMS 0x0000000086d00000, 0x0000000086d00000| Untracked 
| 110|0x0000000086e00000, 0x0000000086e00000, 0x0000000086f00000|  0%| F|  |TAMS 0x0000000086e00000, 0x0000000086e00000| Untracked 
| 111|0x0000000086f00000, 0x0000000086f00000, 0x0000000087000000|  0%| F|  |TAMS 0x0000000086f00000, 0x0000000086f00000| Untracked 
| 112|0x0000000087000000, 0x0000000087000000, 0x0000000087100000|  0%| F|  |TAMS 0x0000000087000000, 0x0000000087000000| Untracked 
| 113|0x0000000087100000, 0x0000000087100000, 0x0000000087200000|  0%| F|  |TAMS 0x0000000087100000, 0x0000000087100000| Untracked 
| 114|0x0000000087200000, 0x0000000087200000, 0x0000000087300000|  0%| F|  |TAMS 0x0000000087200000, 0x0000000087200000| Untracked 
| 115|0x0000000087300000, 0x0000000087300000, 0x0000000087400000|  0%| F|  |TAMS 0x0000000087300000, 0x0000000087300000| Untracked 
| 116|0x0000000087400000, 0x0000000087400000, 0x0000000087500000|  0%| F|  |TAMS 0x0000000087400000, 0x0000000087400000| Untracked 
| 117|0x0000000087500000, 0x0000000087500000, 0x0000000087600000|  0%| F|  |TAMS 0x0000000087500000, 0x0000000087500000| Untracked 
| 118|0x0000000087600000, 0x0000000087600000, 0x0000000087700000|  0%| F|  |TAMS 0x0000000087600000, 0x0000000087600000| Untracked 
| 119|0x0000000087700000, 0x0000000087700000, 0x0000000087800000|  0%| F|  |TAMS 0x0000000087700000, 0x0000000087700000| Untracked 
| 120|0x0000000087800000, 0x0000000087800000, 0x0000000087900000|  0%| F|  |TAMS 0x0000000087800000, 0x0000000087800000| Untracked 
| 121|0x0000000087900000, 0x0000000087900000, 0x0000000087a00000|  0%| F|  |TAMS 0x0000000087900000, 0x0000000087900000| Untracked 
| 122|0x0000000087a00000, 0x0000000087a00000, 0x0000000087b00000|  0%| F|  |TAMS 0x0000000087a00000, 0x0000000087a00000| Untracked 
| 123|0x0000000087b00000, 0x0000000087b00000, 0x0000000087c00000|  0%| F|  |TAMS 0x0000000087b00000, 0x0000000087b00000| Untracked 
| 124|0x0000000087c00000, 0x0000000087c00000, 0x0000000087d00000|  0%| F|  |TAMS 0x0000000087c00000, 0x0000000087c00000| Untracked 
| 125|0x0000000087d00000, 0x0000000087d00000, 0x0000000087e00000|  0%| F|  |TAMS 0x0000000087d00000, 0x0000000087d00000| Untracked 
| 126|0x0000000087e00000, 0x0000000087e00000, 0x0000000087f00000|  0%| F|  |TAMS 0x0000000087e00000, 0x0000000087e00000| Untracked 
| 127|0x0000000087f00000, 0x0000000087f00000, 0x0000000088000000|  0%| F|  |TAMS 0x0000000087f00000, 0x0000000087f00000| Untracked 
| 128|0x0000000088000000, 0x0000000088000000, 0x0000000088100000|  0%| F|  |TAMS 0x0000000088000000, 0x0000000088000000| Untracked 
| 129|0x0000000088100000, 0x0000000088100000, 0x0000000088200000|  0%| F|  |TAMS 0x0000000088100000, 0x0000000088100000| Untracked 
| 130|0x0000000088200000, 0x0000000088200000, 0x0000000088300000|  0%| F|  |TAMS 0x0000000088200000, 0x0000000088200000| Untracked 
| 131|0x0000000088300000, 0x0000000088300000, 0x0000000088400000|  0%| F|  |TAMS 0x0000000088300000, 0x0000000088300000| Untracked 
| 132|0x0000000088400000, 0x0000000088400000, 0x0000000088500000|  0%| F|  |TAMS 0x0000000088400000, 0x0000000088400000| Untracked 
| 133|0x0000000088500000, 0x0000000088500000, 0x0000000088600000|  0%| F|  |TAMS 0x0000000088500000, 0x0000000088500000| Untracked 
| 134|0x0000000088600000, 0x0000000088600000, 0x0000000088700000|  0%| F|  |TAMS 0x0000000088600000, 0x0000000088600000| Untracked 
| 135|0x0000000088700000, 0x0000000088700000, 0x0000000088800000|  0%| F|  |TAMS 0x0000000088700000, 0x0000000088700000| Untracked 
| 136|0x0000000088800000, 0x0000000088800000, 0x0000000088900000|  0%| F|  |TAMS 0x0000000088800000, 0x0000000088800000| Untracked 
| 137|0x0000000088900000, 0x0000000088900000, 0x0000000088a00000|  0%| F|  |TAMS 0x0000000088900000, 0x0000000088900000| Untracked 
| 138|0x0000000088a00000, 0x0000000088a00000, 0x0000000088b00000|  0%| F|  |TAMS 0x0000000088a00000, 0x0000000088a00000| Untracked 
| 139|0x0000000088b00000, 0x0000000088b00000, 0x0000000088c00000|  0%| F|  |TAMS 0x0000000088b00000, 0x0000000088b00000| Untracked 
| 140|0x0000000088c00000, 0x0000000088c00000, 0x0000000088d00000|  0%| F|  |TAMS 0x0000000088c00000, 0x0000000088c00000| Untracked 
| 141|0x0000000088d00000, 0x0000000088d00000, 0x0000000088e00000|  0%| F|  |TAMS 0x0000000088d00000, 0x0000000088d00000| Untracked 
| 142|0x0000000088e00000, 0x0000000088e00000, 0x0000000088f00000|  0%| F|  |TAMS 0x0000000088e00000, 0x0000000088e00000| Untracked 
| 143|0x0000000088f00000, 0x0000000088f00000, 0x0000000089000000|  0%| F|  |TAMS 0x0000000088f00000, 0x0000000088f00000| Untracked 
| 144|0x0000000089000000, 0x0000000089000000, 0x0000000089100000|  0%| F|  |TAMS 0x0000000089000000, 0x0000000089000000| Untracked 
| 145|0x0000000089100000, 0x0000000089100000, 0x0000000089200000|  0%| F|  |TAMS 0x0000000089100000, 0x0000000089100000| Untracked 
| 146|0x0000000089200000, 0x0000000089200000, 0x0000000089300000|  0%| F|  |TAMS 0x0000000089200000, 0x0000000089200000| Untracked 
| 147|0x0000000089300000, 0x0000000089300000, 0x0000000089400000|  0%| F|  |TAMS 0x0000000089300000, 0x0000000089300000| Untracked 
| 148|0x0000000089400000, 0x0000000089400000, 0x0000000089500000|  0%| F|  |TAMS 0x0000000089400000, 0x0000000089400000| Untracked 
| 149|0x0000000089500000, 0x0000000089500000, 0x0000000089600000|  0%| F|  |TAMS 0x0000000089500000, 0x0000000089500000| Untracked 
| 150|0x0000000089600000, 0x0000000089600000, 0x0000000089700000|  0%| F|  |TAMS 0x0000000089600000, 0x0000000089600000| Untracked 
| 151|0x0000000089700000, 0x0000000089700000, 0x0000000089800000|  0%| F|  |TAMS 0x0000000089700000, 0x0000000089700000| Untracked 
| 152|0x0000000089800000, 0x0000000089800000, 0x0000000089900000|  0%| F|  |TAMS 0x0000000089800000, 0x0000000089800000| Untracked 
| 153|0x0000000089900000, 0x0000000089900000, 0x0000000089a00000|  0%| F|  |TAMS 0x0000000089900000, 0x0000000089900000| Untracked 
| 154|0x0000000089a00000, 0x0000000089a00000, 0x0000000089b00000|  0%| F|  |TAMS 0x0000000089a00000, 0x0000000089a00000| Untracked 
| 155|0x0000000089b00000, 0x0000000089b00000, 0x0000000089c00000|  0%| F|  |TAMS 0x0000000089b00000, 0x0000000089b00000| Untracked 
| 156|0x0000000089c00000, 0x0000000089c00000, 0x0000000089d00000|  0%| F|  |TAMS 0x0000000089c00000, 0x0000000089c00000| Untracked 
| 157|0x0000000089d00000, 0x0000000089d00000, 0x0000000089e00000|  0%| F|  |TAMS 0x0000000089d00000, 0x0000000089d00000| Untracked 
| 158|0x0000000089e00000, 0x0000000089e00000, 0x0000000089f00000|  0%| F|  |TAMS 0x0000000089e00000, 0x0000000089e00000| Untracked 
| 159|0x0000000089f00000, 0x0000000089f00000, 0x000000008a000000|  0%| F|  |TAMS 0x0000000089f00000, 0x0000000089f00000| Untracked 
| 160|0x000000008a000000, 0x000000008a000000, 0x000000008a100000|  0%| F|  |TAMS 0x000000008a000000, 0x000000008a000000| Untracked 
| 161|0x000000008a100000, 0x000000008a100000, 0x000000008a200000|  0%| F|  |TAMS 0x000000008a100000, 0x000000008a100000| Untracked 
| 162|0x000000008a200000, 0x000000008a200000, 0x000000008a300000|  0%| F|  |TAMS 0x000000008a200000, 0x000000008a200000| Untracked 
| 163|0x000000008a300000, 0x000000008a300000, 0x000000008a400000|  0%| F|  |TAMS 0x000000008a300000, 0x000000008a300000| Untracked 
| 164|0x000000008a400000, 0x000000008a400000, 0x000000008a500000|  0%| F|  |TAMS 0x000000008a400000, 0x000000008a400000| Untracked 
| 165|0x000000008a500000, 0x000000008a500000, 0x000000008a600000|  0%| F|  |TAMS 0x000000008a500000, 0x000000008a500000| Untracked 
| 166|0x000000008a600000, 0x000000008a600000, 0x000000008a700000|  0%| F|  |TAMS 0x000000008a600000, 0x000000008a600000| Untracked 
| 167|0x000000008a700000, 0x000000008a700000, 0x000000008a800000|  0%| F|  |TAMS 0x000000008a700000, 0x000000008a700000| Untracked 
| 168|0x000000008a800000, 0x000000008a800000, 0x000000008a900000|  0%| F|  |TAMS 0x000000008a800000, 0x000000008a800000| Untracked 
| 169|0x000000008a900000, 0x000000008a900000, 0x000000008aa00000|  0%| F|  |TAMS 0x000000008a900000, 0x000000008a900000| Untracked 
| 170|0x000000008aa00000, 0x000000008aa00000, 0x000000008ab00000|  0%| F|  |TAMS 0x000000008aa00000, 0x000000008aa00000| Untracked 
| 171|0x000000008ab00000, 0x000000008ab00000, 0x000000008ac00000|  0%| F|  |TAMS 0x000000008ab00000, 0x000000008ab00000| Untracked 
| 172|0x000000008ac00000, 0x000000008ac00000, 0x000000008ad00000|  0%| F|  |TAMS 0x000000008ac00000, 0x000000008ac00000| Untracked 
| 173|0x000000008ad00000, 0x000000008ad00000, 0x000000008ae00000|  0%| F|  |TAMS 0x000000008ad00000, 0x000000008ad00000| Untracked 
| 174|0x000000008ae00000, 0x000000008ae00000, 0x000000008af00000|  0%| F|  |TAMS 0x000000008ae00000, 0x000000008ae00000| Untracked 
| 175|0x000000008af00000, 0x000000008af00000, 0x000000008b000000|  0%| F|  |TAMS 0x000000008af00000, 0x000000008af00000| Untracked 
| 176|0x000000008b000000, 0x000000008b000000, 0x000000008b100000|  0%| F|  |TAMS 0x000000008b000000, 0x000000008b000000| Untracked 
| 177|0x000000008b100000, 0x000000008b100000, 0x000000008b200000|  0%| F|  |TAMS 0x000000008b100000, 0x000000008b100000| Untracked 
| 178|0x000000008b200000, 0x000000008b200000, 0x000000008b300000|  0%| F|  |TAMS 0x000000008b200000, 0x000000008b200000| Untracked 
| 179|0x000000008b300000, 0x000000008b300000, 0x000000008b400000|  0%| F|  |TAMS 0x000000008b300000, 0x000000008b300000| Untracked 
| 180|0x000000008b400000, 0x000000008b400000, 0x000000008b500000|  0%| F|  |TAMS 0x000000008b400000, 0x000000008b400000| Untracked 
| 181|0x000000008b500000, 0x000000008b500000, 0x000000008b600000|  0%| F|  |TAMS 0x000000008b500000, 0x000000008b500000| Untracked 
| 182|0x000000008b600000, 0x000000008b600000, 0x000000008b700000|  0%| F|  |TAMS 0x000000008b600000, 0x000000008b600000| Untracked 
| 183|0x000000008b700000, 0x000000008b700000, 0x000000008b800000|  0%| F|  |TAMS 0x000000008b700000, 0x000000008b700000| Untracked 
| 184|0x000000008b800000, 0x000000008b800000, 0x000000008b900000|  0%| F|  |TAMS 0x000000008b800000, 0x000000008b800000| Untracked 
| 185|0x000000008b900000, 0x000000008b900000, 0x000000008ba00000|  0%| F|  |TAMS 0x000000008b900000, 0x000000008b900000| Untracked 
| 186|0x000000008ba00000, 0x000000008ba00000, 0x000000008bb00000|  0%| F|  |TAMS 0x000000008ba00000, 0x000000008ba00000| Untracked 
| 187|0x000000008bb00000, 0x000000008bb00000, 0x000000008bc00000|  0%| F|  |TAMS 0x000000008bb00000, 0x000000008bb00000| Untracked 
| 188|0x000000008bc00000, 0x000000008bc00000, 0x000000008bd00000|  0%| F|  |TAMS 0x000000008bc00000, 0x000000008bc00000| Untracked 
| 189|0x000000008bd00000, 0x000000008bd00000, 0x000000008be00000|  0%| F|  |TAMS 0x000000008bd00000, 0x000000008bd00000| Untracked 
| 190|0x000000008be00000, 0x000000008be00000, 0x000000008bf00000|  0%| F|  |TAMS 0x000000008be00000, 0x000000008be00000| Untracked 
| 191|0x000000008bf00000, 0x000000008bf00000, 0x000000008c000000|  0%| F|  |TAMS 0x000000008bf00000, 0x000000008bf00000| Untracked 
| 192|0x000000008c000000, 0x000000008c000000, 0x000000008c100000|  0%| F|  |TAMS 0x000000008c000000, 0x000000008c000000| Untracked 
| 193|0x000000008c100000, 0x000000008c100000, 0x000000008c200000|  0%| F|  |TAMS 0x000000008c100000, 0x000000008c100000| Untracked 
| 194|0x000000008c200000, 0x000000008c200000, 0x000000008c300000|  0%| F|  |TAMS 0x000000008c200000, 0x000000008c200000| Untracked 
| 195|0x000000008c300000, 0x000000008c300000, 0x000000008c400000|  0%| F|  |TAMS 0x000000008c300000, 0x000000008c300000| Untracked 
| 196|0x000000008c400000, 0x000000008c400000, 0x000000008c500000|  0%| F|  |TAMS 0x000000008c400000, 0x000000008c400000| Untracked 
| 197|0x000000008c500000, 0x000000008c500000, 0x000000008c600000|  0%| F|  |TAMS 0x000000008c500000, 0x000000008c500000| Untracked 
| 198|0x000000008c600000, 0x000000008c600000, 0x000000008c700000|  0%| F|  |TAMS 0x000000008c600000, 0x000000008c600000| Untracked 
| 199|0x000000008c700000, 0x000000008c700000, 0x000000008c800000|  0%| F|  |TAMS 0x000000008c700000, 0x000000008c700000| Untracked 
| 200|0x000000008c800000, 0x000000008c800000, 0x000000008c900000|  0%| F|  |TAMS 0x000000008c800000, 0x000000008c800000| Untracked 
| 201|0x000000008c900000, 0x000000008c900000, 0x000000008ca00000|  0%| F|  |TAMS 0x000000008c900000, 0x000000008c900000| Untracked 
| 202|0x000000008ca00000, 0x000000008ca00000, 0x000000008cb00000|  0%| F|  |TAMS 0x000000008ca00000, 0x000000008ca00000| Untracked 
| 203|0x000000008cb00000, 0x000000008cb00000, 0x000000008cc00000|  0%| F|  |TAMS 0x000000008cb00000, 0x000000008cb00000| Untracked 
| 204|0x000000008cc00000, 0x000000008cc00000, 0x000000008cd00000|  0%| F|  |TAMS 0x000000008cc00000, 0x000000008cc00000| Untracked 
| 205|0x000000008cd00000, 0x000000008cd00000, 0x000000008ce00000|  0%| F|  |TAMS 0x000000008cd00000, 0x000000008cd00000| Untracked 
| 206|0x000000008ce00000, 0x000000008ce00000, 0x000000008cf00000|  0%| F|  |TAMS 0x000000008ce00000, 0x000000008ce00000| Untracked 
| 207|0x000000008cf00000, 0x000000008cf00000, 0x000000008d000000|  0%| F|  |TAMS 0x000000008cf00000, 0x000000008cf00000| Untracked 
| 208|0x000000008d000000, 0x000000008d000000, 0x000000008d100000|  0%| F|  |TAMS 0x000000008d000000, 0x000000008d000000| Untracked 
| 209|0x000000008d100000, 0x000000008d100000, 0x000000008d200000|  0%| F|  |TAMS 0x000000008d100000, 0x000000008d100000| Untracked 
| 210|0x000000008d200000, 0x000000008d200000, 0x000000008d300000|  0%| F|  |TAMS 0x000000008d200000, 0x000000008d200000| Untracked 
| 211|0x000000008d300000, 0x000000008d300000, 0x000000008d400000|  0%| F|  |TAMS 0x000000008d300000, 0x000000008d300000| Untracked 
| 212|0x000000008d400000, 0x000000008d400000, 0x000000008d500000|  0%| F|  |TAMS 0x000000008d400000, 0x000000008d400000| Untracked 
| 213|0x000000008d500000, 0x000000008d500000, 0x000000008d600000|  0%| F|  |TAMS 0x000000008d500000, 0x000000008d500000| Untracked 
| 214|0x000000008d600000, 0x000000008d600000, 0x000000008d700000|  0%| F|  |TAMS 0x000000008d600000, 0x000000008d600000| Untracked 
| 215|0x000000008d700000, 0x000000008d700000, 0x000000008d800000|  0%| F|  |TAMS 0x000000008d700000, 0x000000008d700000| Untracked 
| 216|0x000000008d800000, 0x000000008d800000, 0x000000008d900000|  0%| F|  |TAMS 0x000000008d800000, 0x000000008d800000| Untracked 
| 217|0x000000008d900000, 0x000000008d900000, 0x000000008da00000|  0%| F|  |TAMS 0x000000008d900000, 0x000000008d900000| Untracked 
| 218|0x000000008da00000, 0x000000008da00000, 0x000000008db00000|  0%| F|  |TAMS 0x000000008da00000, 0x000000008da00000| Untracked 
| 219|0x000000008db00000, 0x000000008db00000, 0x000000008dc00000|  0%| F|  |TAMS 0x000000008db00000, 0x000000008db00000| Untracked 
| 220|0x000000008dc00000, 0x000000008dc00000, 0x000000008dd00000|  0%| F|  |TAMS 0x000000008dc00000, 0x000000008dc00000| Untracked 
| 221|0x000000008dd00000, 0x000000008dd00000, 0x000000008de00000|  0%| F|  |TAMS 0x000000008dd00000, 0x000000008dd00000| Untracked 
| 222|0x000000008de00000, 0x000000008de00000, 0x000000008df00000|  0%| F|  |TAMS 0x000000008de00000, 0x000000008de00000| Untracked 
| 223|0x000000008df00000, 0x000000008df00000, 0x000000008e000000|  0%| F|  |TAMS 0x000000008df00000, 0x000000008df00000| Untracked 
| 224|0x000000008e000000, 0x000000008e000000, 0x000000008e100000|  0%| F|  |TAMS 0x000000008e000000, 0x000000008e000000| Untracked 
| 225|0x000000008e100000, 0x000000008e100000, 0x000000008e200000|  0%| F|  |TAMS 0x000000008e100000, 0x000000008e100000| Untracked 
| 226|0x000000008e200000, 0x000000008e200000, 0x000000008e300000|  0%| F|  |TAMS 0x000000008e200000, 0x000000008e200000| Untracked 
| 227|0x000000008e300000, 0x000000008e300000, 0x000000008e400000|  0%| F|  |TAMS 0x000000008e300000, 0x000000008e300000| Untracked 
| 228|0x000000008e400000, 0x000000008e400000, 0x000000008e500000|  0%| F|  |TAMS 0x000000008e400000, 0x000000008e400000| Untracked 
| 229|0x000000008e500000, 0x000000008e500000, 0x000000008e600000|  0%| F|  |TAMS 0x000000008e500000, 0x000000008e500000| Untracked 
| 230|0x000000008e600000, 0x000000008e600000, 0x000000008e700000|  0%| F|  |TAMS 0x000000008e600000, 0x000000008e600000| Untracked 
| 231|0x000000008e700000, 0x000000008e700000, 0x000000008e800000|  0%| F|  |TAMS 0x000000008e700000, 0x000000008e700000| Untracked 
| 232|0x000000008e800000, 0x000000008e800000, 0x000000008e900000|  0%| F|  |TAMS 0x000000008e800000, 0x000000008e800000| Untracked 
| 233|0x000000008e900000, 0x000000008e900000, 0x000000008ea00000|  0%| F|  |TAMS 0x000000008e900000, 0x000000008e900000| Untracked 
| 234|0x000000008ea00000, 0x000000008ea00000, 0x000000008eb00000|  0%| F|  |TAMS 0x000000008ea00000, 0x000000008ea00000| Untracked 
| 235|0x000000008eb00000, 0x000000008eb00000, 0x000000008ec00000|  0%| F|  |TAMS 0x000000008eb00000, 0x000000008eb00000| Untracked 
| 236|0x000000008ec00000, 0x000000008ec00000, 0x000000008ed00000|  0%| F|  |TAMS 0x000000008ec00000, 0x000000008ec00000| Untracked 
| 237|0x000000008ed00000, 0x000000008ed00000, 0x000000008ee00000|  0%| F|  |TAMS 0x000000008ed00000, 0x000000008ed00000| Untracked 
| 238|0x000000008ee00000, 0x000000008ee00000, 0x000000008ef00000|  0%| F|  |TAMS 0x000000008ee00000, 0x000000008ee00000| Untracked 
| 239|0x000000008ef00000, 0x000000008ef00000, 0x000000008f000000|  0%| F|  |TAMS 0x000000008ef00000, 0x000000008ef00000| Untracked 
| 240|0x000000008f000000, 0x000000008f000000, 0x000000008f100000|  0%| F|  |TAMS 0x000000008f000000, 0x000000008f000000| Untracked 
| 241|0x000000008f100000, 0x000000008f100000, 0x000000008f200000|  0%| F|  |TAMS 0x000000008f100000, 0x000000008f100000| Untracked 
| 242|0x000000008f200000, 0x000000008f200000, 0x000000008f300000|  0%| F|  |TAMS 0x000000008f200000, 0x000000008f200000| Untracked 
| 243|0x000000008f300000, 0x000000008f300000, 0x000000008f400000|  0%| F|  |TAMS 0x000000008f300000, 0x000000008f300000| Untracked 
| 244|0x000000008f400000, 0x000000008f400000, 0x000000008f500000|  0%| F|  |TAMS 0x000000008f400000, 0x000000008f400000| Untracked 
| 245|0x000000008f500000, 0x000000008f500000, 0x000000008f600000|  0%| F|  |TAMS 0x000000008f500000, 0x000000008f500000| Untracked 
| 246|0x000000008f600000, 0x000000008f600000, 0x000000008f700000|  0%| F|  |TAMS 0x000000008f600000, 0x000000008f600000| Untracked 
| 247|0x000000008f700000, 0x000000008f700000, 0x000000008f800000|  0%| F|  |TAMS 0x000000008f700000, 0x000000008f700000| Untracked 
| 248|0x000000008f800000, 0x000000008f800000, 0x000000008f900000|  0%| F|  |TAMS 0x000000008f800000, 0x000000008f800000| Untracked 
| 249|0x000000008f900000, 0x000000008f900000, 0x000000008fa00000|  0%| F|  |TAMS 0x000000008f900000, 0x000000008f900000| Untracked 
| 250|0x000000008fa00000, 0x000000008fa00000, 0x000000008fb00000|  0%| F|  |TAMS 0x000000008fa00000, 0x000000008fa00000| Untracked 
| 251|0x000000008fb00000, 0x000000008fb00000, 0x000000008fc00000|  0%| F|  |TAMS 0x000000008fb00000, 0x000000008fb00000| Untracked 
| 252|0x000000008fc00000, 0x000000008fc00000, 0x000000008fd00000|  0%| F|  |TAMS 0x000000008fc00000, 0x000000008fc00000| Untracked 
| 253|0x000000008fd00000, 0x000000008fd00000, 0x000000008fe00000|  0%| F|  |TAMS 0x000000008fd00000, 0x000000008fd00000| Untracked 
| 254|0x000000008fe00000, 0x000000008fe00000, 0x000000008ff00000|  0%| F|  |TAMS 0x000000008fe00000, 0x000000008fe00000| Untracked 
| 255|0x000000008ff00000, 0x000000008ff00000, 0x0000000090000000|  0%| F|  |TAMS 0x000000008ff00000, 0x000000008ff00000| Untracked 
| 256|0x0000000090000000, 0x0000000090000000, 0x0000000090100000|  0%| F|  |TAMS 0x0000000090000000, 0x0000000090000000| Untracked 
| 257|0x0000000090100000, 0x0000000090100000, 0x0000000090200000|  0%| F|  |TAMS 0x0000000090100000, 0x0000000090100000| Untracked 
| 258|0x0000000090200000, 0x0000000090200000, 0x0000000090300000|  0%| F|  |TAMS 0x0000000090200000, 0x0000000090200000| Untracked 
| 259|0x0000000090300000, 0x0000000090300000, 0x0000000090400000|  0%| F|  |TAMS 0x0000000090300000, 0x0000000090300000| Untracked 
| 260|0x0000000090400000, 0x0000000090400000, 0x0000000090500000|  0%| F|  |TAMS 0x0000000090400000, 0x0000000090400000| Untracked 
| 261|0x0000000090500000, 0x0000000090500000, 0x0000000090600000|  0%| F|  |TAMS 0x0000000090500000, 0x0000000090500000| Untracked 
| 262|0x0000000090600000, 0x0000000090600000, 0x0000000090700000|  0%| F|  |TAMS 0x0000000090600000, 0x0000000090600000| Untracked 
| 263|0x0000000090700000, 0x0000000090700000, 0x0000000090800000|  0%| F|  |TAMS 0x0000000090700000, 0x0000000090700000| Untracked 
| 264|0x0000000090800000, 0x0000000090800000, 0x0000000090900000|  0%| F|  |TAMS 0x0000000090800000, 0x0000000090800000| Untracked 
| 265|0x0000000090900000, 0x0000000090900000, 0x0000000090a00000|  0%| F|  |TAMS 0x0000000090900000, 0x0000000090900000| Untracked 
| 266|0x0000000090a00000, 0x0000000090a00000, 0x0000000090b00000|  0%| F|  |TAMS 0x0000000090a00000, 0x0000000090a00000| Untracked 
| 267|0x0000000090b00000, 0x0000000090b00000, 0x0000000090c00000|  0%| F|  |TAMS 0x0000000090b00000, 0x0000000090b00000| Untracked 
| 268|0x0000000090c00000, 0x0000000090c00000, 0x0000000090d00000|  0%| F|  |TAMS 0x0000000090c00000, 0x0000000090c00000| Untracked 
| 269|0x0000000090d00000, 0x0000000090d00000, 0x0000000090e00000|  0%| F|  |TAMS 0x0000000090d00000, 0x0000000090d00000| Untracked 
| 270|0x0000000090e00000, 0x0000000090e00000, 0x0000000090f00000|  0%| F|  |TAMS 0x0000000090e00000, 0x0000000090e00000| Untracked 
| 271|0x0000000090f00000, 0x0000000090f00000, 0x0000000091000000|  0%| F|  |TAMS 0x0000000090f00000, 0x0000000090f00000| Untracked 
| 272|0x0000000091000000, 0x0000000091000000, 0x0000000091100000|  0%| F|  |TAMS 0x0000000091000000, 0x0000000091000000| Untracked 
| 273|0x0000000091100000, 0x0000000091100000, 0x0000000091200000|  0%| F|  |TAMS 0x0000000091100000, 0x0000000091100000| Untracked 
| 274|0x0000000091200000, 0x0000000091200000, 0x0000000091300000|  0%| F|  |TAMS 0x0000000091200000, 0x0000000091200000| Untracked 
| 275|0x0000000091300000, 0x0000000091300000, 0x0000000091400000|  0%| F|  |TAMS 0x0000000091300000, 0x0000000091300000| Untracked 
| 276|0x0000000091400000, 0x0000000091400000, 0x0000000091500000|  0%| F|  |TAMS 0x0000000091400000, 0x0000000091400000| Untracked 
| 277|0x0000000091500000, 0x0000000091500000, 0x0000000091600000|  0%| F|  |TAMS 0x0000000091500000, 0x0000000091500000| Untracked 
| 278|0x0000000091600000, 0x0000000091600000, 0x0000000091700000|  0%| F|  |TAMS 0x0000000091600000, 0x0000000091600000| Untracked 
| 279|0x0000000091700000, 0x0000000091780800, 0x0000000091800000| 50%| E|  |TAMS 0x0000000091700000, 0x0000000091700000| Complete 
| 280|0x0000000091800000, 0x0000000091900000, 0x0000000091900000|100%| E|CS|TAMS 0x0000000091800000, 0x0000000091800000| Complete 
| 281|0x0000000091900000, 0x0000000091a00000, 0x0000000091a00000|100%| E|CS|TAMS 0x0000000091900000, 0x0000000091900000| Complete 
| 282|0x0000000091a00000, 0x0000000091b00000, 0x0000000091b00000|100%| E|CS|TAMS 0x0000000091a00000, 0x0000000091a00000| Complete 
| 283|0x0000000091b00000, 0x0000000091c00000, 0x0000000091c00000|100%| E|CS|TAMS 0x0000000091b00000, 0x0000000091b00000| Complete 
| 284|0x0000000091c00000, 0x0000000091d00000, 0x0000000091d00000|100%| E|CS|TAMS 0x0000000091c00000, 0x0000000091c00000| Complete 
| 285|0x0000000091d00000, 0x0000000091d8ff28, 0x0000000091e00000| 56%| S|CS|TAMS 0x0000000091d00000, 0x0000000091d00000| Complete 
| 286|0x0000000091e00000, 0x0000000091f00000, 0x0000000091f00000|100%| E|CS|TAMS 0x0000000091e00000, 0x0000000091e00000| Complete 
| 287|0x0000000091f00000, 0x0000000092000000, 0x0000000092000000|100%| E|CS|TAMS 0x0000000091f00000, 0x0000000091f00000| Complete 
| 288|0x0000000092000000, 0x0000000092100000, 0x0000000092100000|100%| E|CS|TAMS 0x0000000092000000, 0x0000000092000000| Complete 
| 289|0x0000000092100000, 0x0000000092200000, 0x0000000092200000|100%| E|CS|TAMS 0x0000000092100000, 0x0000000092100000| Complete 
| 290|0x0000000092200000, 0x0000000092300000, 0x0000000092300000|100%| E|CS|TAMS 0x0000000092200000, 0x0000000092200000| Complete 
| 291|0x0000000092300000, 0x0000000092400000, 0x0000000092400000|100%| E|CS|TAMS 0x0000000092300000, 0x0000000092300000| Complete 
| 292|0x0000000092400000, 0x0000000092500000, 0x0000000092500000|100%| E|CS|TAMS 0x0000000092400000, 0x0000000092400000| Complete 
| 293|0x0000000092500000, 0x0000000092600000, 0x0000000092600000|100%| E|CS|TAMS 0x0000000092500000, 0x0000000092500000| Complete 

Card table byte_map: [0x000001ef365d0000,0x000001ef369d0000] _byte_map_base: 0x000001ef361d0000

Marking Bits (Prev, Next): (CMBitMap*) 0x000001ef1f70bb30, (CMBitMap*) 0x000001ef1f70baf0
 Prev Bits: [0x000001ef38dd0000, 0x000001ef3add0000)
 Next Bits: [0x000001ef36dd0000, 0x000001ef38dd0000)

Polling page: 0x000001ef1d620000

Metaspace:

Usage:
  Non-class:     76.72 MB used.
      Class:     12.24 MB used.
       Both:     88.96 MB used.

Virtual space:
  Non-class space:      128.00 MB reserved,      77.19 MB ( 60%) committed,  2 nodes.
      Class space:      416.00 MB reserved,      12.69 MB (  3%) committed,  1 nodes.
             Both:      544.00 MB reserved,      89.88 MB ( 17%) committed. 

Chunk freelists:
   Non-Class:  2.50 MB
       Class:  3.34 MB
        Both:  5.84 MB

MaxMetaspaceSize: 512.00 MB
CompressedClassSpaceSize: 416.00 MB
Initial GC threshold: 21.00 MB
Current GC threshold: 135.00 MB
CDS: on
MetaspaceReclaimPolicy: balanced
 - commit_granule_bytes: 65536.
 - commit_granule_words: 8192.
 - virtual_space_node_default_size: 8388608.
 - enlarge_chunks_in_place: 1.
 - new_chunks_are_fully_committed: 0.
 - uncommit_free_chunks: 1.
 - use_allocation_guard: 0.
 - handle_deallocations: 1.


Internal statistics:

num_allocs_failed_limit: 6.
num_arena_births: 1226.
num_arena_deaths: 0.
num_vsnodes_births: 3.
num_vsnodes_deaths: 0.
num_space_committed: 1438.
num_space_uncommitted: 0.
num_chunks_returned_to_freelist: 6.
num_chunks_taken_from_freelist: 5240.
num_chunk_merges: 6.
num_chunk_splits: 3382.
num_chunks_enlarged: 2159.
num_inconsistent_stats: 0.

CodeHeap 'non-profiled nmethods': size=120000Kb used=6664Kb max_used=6664Kb free=113335Kb
 bounds [0x000001ef2eca0000, 0x000001ef2f330000, 0x000001ef361d0000]
CodeHeap 'profiled nmethods': size=120000Kb used=20552Kb max_used=20552Kb free=99447Kb
 bounds [0x000001ef271d0000, 0x000001ef285f0000, 0x000001ef2e700000]
CodeHeap 'non-nmethods': size=5760Kb used=2396Kb max_used=2466Kb free=3363Kb
 bounds [0x000001ef2e700000, 0x000001ef2e990000, 0x000001ef2eca0000]
 total_blobs=11505 nmethods=10572 adapters=845
 compilation: enabled
              stopped_count=0, restarted_count=0
 full_count=0

Compilation events (20 events):
Event: 70.843 Thread 0x000001ef3d30a5b0 12203       3       java.beans.PropertyDescriptor::setPropertyEditorClass (9 bytes)
Event: 70.843 Thread 0x000001ef3d30a5b0 nmethod 12203 0x000001ef282ff910 code [0x000001ef282ffae0, 0x000001ef282ffe88]
Event: 70.843 Thread 0x000001ef3d30a5b0 12205  s    3       java.beans.PropertyDescriptor::setWriteMethod (19 bytes)
Event: 70.844 Thread 0x000001ef3d30a5b0 nmethod 12205 0x000001ef272bec10 code [0x000001ef272bee00, 0x000001ef272bf418]
Event: 70.913 Thread 0x000001ef3d30a5b0 12207       3       groovy.lang.MetaClassImpl$$Lambda$510/0x000001ef3f4260e0::apply (12 bytes)
Event: 70.913 Thread 0x000001ef3d30a5b0 nmethod 12207 0x000001ef27303990 code [0x000001ef27303bc0, 0x000001ef27304298]
Event: 70.915 Thread 0x000001ef3d30a5b0 12208       3       org.gradle.internal.metaobject.DynamicInvokeResult::isFound (16 bytes)
Event: 70.915 Thread 0x000001ef3d30a5b0 nmethod 12208 0x000001ef2779dc10 code [0x000001ef2779dda0, 0x000001ef2779df18]
Event: 70.925 Thread 0x000001ef3d30a5b0 12209       3       java.util.EnumMap::get (29 bytes)
Event: 70.926 Thread 0x000001ef3d30a5b0 nmethod 12209 0x000001ef27bbba10 code [0x000001ef27bbbbe0, 0x000001ef27bbbfa8]
Event: 70.926 Thread 0x000001ef3d30a5b0 12210       3       java.util.EnumMap::isValidKey (36 bytes)
Event: 70.926 Thread 0x000001ef3d30a5b0 nmethod 12210 0x000001ef2815a910 code [0x000001ef2815aac0, 0x000001ef2815ad48]
Event: 70.928 Thread 0x000001ef3d30a5b0 12211       3       org.gradle.internal.problems.failure.DefaultFailure::getStackTraceRelevance (14 bytes)
Event: 70.929 Thread 0x000001ef3d30a5b0 nmethod 12211 0x000001ef2815a310 code [0x000001ef2815a4c0, 0x000001ef2815a788]
Event: 70.931 Thread 0x000001ef3d30a5b0 12212       3       org.gradle.internal.problems.failure.StackFramePredicate$1::test (8 bytes)
Event: 70.931 Thread 0x000001ef3d30a5b0 nmethod 12212 0x000001ef27738990 code [0x000001ef27738b20, 0x000001ef27738cf8]
Event: 70.931 Thread 0x000001ef3d30a5b0 12213       3       com.fasterxml.jackson.core.json.WriterBasedJsonGenerator::_writeString2 (138 bytes)
Event: 70.932 Thread 0x000001ef3d30a5b0 nmethod 12213 0x000001ef27303010 code [0x000001ef27303200, 0x000001ef27303718]
Event: 70.949 Thread 0x000001ef3d30a5b0 12214       3       org.gradle.internal.instantiation.generator.DefaultInstantiatorFactory::decorateLenient (14 bytes)
Event: 70.949 Thread 0x000001ef3d30a5b0 nmethod 12214 0x000001ef278cc090 code [0x000001ef278cc240, 0x000001ef278cc3e8]

GC Heap History (20 events):
Event: 61.898 GC heap before
{Heap before GC invocations=50 (full 0):
 garbage-first heap   total 142336K, used 87834K [0x0000000080000000, 0x0000000100000000)
  region size 1024K, 10 young (10240K), 2 survivors (2048K)
 Metaspace       used 74168K, committed 75072K, reserved 491520K
  class space    used 10437K, committed 10880K, reserved 425984K
}
Event: 61.901 GC heap after
{Heap after GC invocations=51 (full 0):
 garbage-first heap   total 142336K, used 81188K [0x0000000080000000, 0x0000000100000000)
  region size 1024K, 2 young (2048K), 2 survivors (2048K)
 Metaspace       used 74168K, committed 75072K, reserved 491520K
  class space    used 10437K, committed 10880K, reserved 425984K
}
Event: 64.564 GC heap before
{Heap before GC invocations=52 (full 0):
 garbage-first heap   total 150528K, used 126244K [0x0000000080000000, 0x0000000100000000)
  region size 1024K, 40 young (40960K), 2 survivors (2048K)
 Metaspace       used 76281K, committed 77184K, reserved 557056K
  class space    used 10703K, committed 11136K, reserved 425984K
}
Event: 64.571 GC heap after
{Heap after GC invocations=53 (full 0):
 garbage-first heap   total 150528K, used 94225K [0x0000000080000000, 0x0000000100000000)
  region size 1024K, 5 young (5120K), 5 survivors (5120K)
 Metaspace       used 76281K, committed 77184K, reserved 557056K
  class space    used 10703K, committed 11136K, reserved 425984K
}
Event: 64.684 GC heap before
{Heap before GC invocations=53 (full 0):
 garbage-first heap   total 150528K, used 96273K [0x0000000080000000, 0x0000000100000000)
  region size 1024K, 7 young (7168K), 5 survivors (5120K)
 Metaspace       used 76471K, committed 77376K, reserved 557056K
  class space    used 10717K, committed 11136K, reserved 425984K
}
Event: 64.693 GC heap after
{Heap after GC invocations=54 (full 0):
 garbage-first heap   total 150528K, used 93788K [0x0000000080000000, 0x0000000100000000)
  region size 1024K, 1 young (1024K), 1 survivors (1024K)
 Metaspace       used 76471K, committed 77376K, reserved 557056K
  class space    used 10717K, committed 11136K, reserved 425984K
}
Event: 65.625 GC heap before
{Heap before GC invocations=54 (full 0):
 garbage-first heap   total 150528K, used 124508K [0x0000000080000000, 0x0000000100000000)
  region size 1024K, 32 young (32768K), 1 survivors (1024K)
 Metaspace       used 79756K, committed 80704K, reserved 557056K
  class space    used 11018K, committed 11456K, reserved 425984K
}
Event: 65.627 GC heap after
{Heap after GC invocations=55 (full 0):
 garbage-first heap   total 150528K, used 94247K [0x0000000080000000, 0x0000000100000000)
  region size 1024K, 1 young (1024K), 1 survivors (1024K)
 Metaspace       used 79756K, committed 80704K, reserved 557056K
  class space    used 11018K, committed 11456K, reserved 425984K
}
Event: 66.481 GC heap before
{Heap before GC invocations=55 (full 0):
 garbage-first heap   total 150528K, used 109607K [0x0000000080000000, 0x0000000100000000)
  region size 1024K, 17 young (17408K), 1 survivors (1024K)
 Metaspace       used 81839K, committed 82816K, reserved 557056K
  class space    used 11262K, committed 11712K, reserved 425984K
}
Event: 66.485 GC heap after
{Heap after GC invocations=56 (full 0):
 garbage-first heap   total 150528K, used 96115K [0x0000000080000000, 0x0000000100000000)
  region size 1024K, 3 young (3072K), 3 survivors (3072K)
 Metaspace       used 81839K, committed 82816K, reserved 557056K
  class space    used 11262K, committed 11712K, reserved 425984K
}
Event: 66.498 GC heap before
{Heap before GC invocations=56 (full 0):
 garbage-first heap   total 150528K, used 100211K [0x0000000080000000, 0x0000000100000000)
  region size 1024K, 7 young (7168K), 3 survivors (3072K)
 Metaspace       used 81839K, committed 82816K, reserved 557056K
  class space    used 11262K, committed 11712K, reserved 425984K
}
Event: 66.503 GC heap after
{Heap after GC invocations=57 (full 0):
 garbage-first heap   total 150528K, used 99189K [0x0000000080000000, 0x0000000100000000)
  region size 1024K, 4 young (4096K), 4 survivors (4096K)
 Metaspace       used 81839K, committed 82816K, reserved 557056K
  class space    used 11262K, committed 11712K, reserved 425984K
}
Event: 66.504 GC heap before
{Heap before GC invocations=57 (full 0):
 garbage-first heap   total 150528K, used 100213K [0x0000000080000000, 0x0000000100000000)
  region size 1024K, 5 young (5120K), 4 survivors (4096K)
 Metaspace       used 81839K, committed 82816K, reserved 557056K
  class space    used 11262K, committed 11712K, reserved 425984K
}
Event: 66.510 GC heap after
{Heap after GC invocations=58 (full 0):
 garbage-first heap   total 301056K, used 99313K [0x0000000080000000, 0x0000000100000000)
  region size 1024K, 0 young (0K), 0 survivors (0K)
 Metaspace       used 81839K, committed 82816K, reserved 557056K
  class space    used 11262K, committed 11712K, reserved 425984K
}
Event: 66.596 GC heap before
{Heap before GC invocations=58 (full 0):
 garbage-first heap   total 301056K, used 107505K [0x0000000080000000, 0x0000000100000000)
  region size 1024K, 7 young (7168K), 0 survivors (0K)
 Metaspace       used 81844K, committed 82816K, reserved 557056K
  class space    used 11262K, committed 11712K, reserved 425984K
}
Event: 66.598 GC heap after
{Heap after GC invocations=59 (full 0):
 garbage-first heap   total 301056K, used 100205K [0x0000000080000000, 0x0000000100000000)
  region size 1024K, 1 young (1024K), 1 survivors (1024K)
 Metaspace       used 81844K, committed 82816K, reserved 557056K
  class space    used 11262K, committed 11712K, reserved 425984K
}
Event: 69.906 GC heap before
{Heap before GC invocations=60 (full 0):
 garbage-first heap   total 301056K, used 210797K [0x0000000080000000, 0x0000000100000000)
  region size 1024K, 109 young (111616K), 1 survivors (1024K)
 Metaspace       used 90118K, committed 91072K, reserved 557056K
  class space    used 12372K, committed 12800K, reserved 425984K
}
Event: 69.919 GC heap after
{Heap after GC invocations=61 (full 0):
 garbage-first heap   total 301056K, used 103773K [0x0000000080000000, 0x0000000100000000)
  region size 1024K, 6 young (6144K), 6 survivors (6144K)
 Metaspace       used 90118K, committed 91072K, reserved 557056K
  class space    used 12372K, committed 12800K, reserved 425984K
}
Event: 70.172 GC heap before
{Heap before GC invocations=61 (full 0):
 garbage-first heap   total 301056K, used 111965K [0x0000000080000000, 0x0000000100000000)
  region size 1024K, 14 young (14336K), 6 survivors (6144K)
 Metaspace       used 90772K, committed 91712K, reserved 557056K
  class space    used 12475K, committed 12928K, reserved 425984K
}
Event: 70.187 GC heap after
{Heap after GC invocations=62 (full 0):
 garbage-first heap   total 301056K, used 102608K [0x0000000080000000, 0x0000000100000000)
  region size 1024K, 1 young (1024K), 1 survivors (1024K)
 Metaspace       used 90772K, committed 91712K, reserved 557056K
  class space    used 12475K, committed 12928K, reserved 425984K
}

Dll operation events (15 events):
Event: 0.020 Loaded shared library C:\Program Files\Microsoft\jdk-17.0.10.7-hotspot\bin\java.dll
Event: 0.108 Loaded shared library C:\Program Files\Microsoft\jdk-17.0.10.7-hotspot\bin\jsvml.dll
Event: 0.284 Loaded shared library C:\Program Files\Microsoft\jdk-17.0.10.7-hotspot\bin\zip.dll
Event: 0.289 Loaded shared library C:\Program Files\Microsoft\jdk-17.0.10.7-hotspot\bin\instrument.dll
Event: 0.299 Loaded shared library C:\Program Files\Microsoft\jdk-17.0.10.7-hotspot\bin\net.dll
Event: 0.301 Loaded shared library C:\Program Files\Microsoft\jdk-17.0.10.7-hotspot\bin\nio.dll
Event: 0.305 Loaded shared library C:\Program Files\Microsoft\jdk-17.0.10.7-hotspot\bin\zip.dll
Event: 1.989 Loaded shared library C:\Program Files\Microsoft\jdk-17.0.10.7-hotspot\bin\jimage.dll
Event: 2.710 Loaded shared library C:\Program Files\Microsoft\jdk-17.0.10.7-hotspot\bin\verify.dll
Event: 3.008 Loaded shared library C:\Users\PAVILION\.gradle\native\1def1411415f61bf3af743bc5b6707747c0891f09f0c88961ee8f79bc544acac\windows-amd64\native-platform.dll
Event: 3.057 Loaded shared library C:\Users\PAVILION\.gradle\native\0.2.7\x86_64-windows-gnu\gradle-fileevents.dll
Event: 6.801 Loaded shared library C:\Program Files\Microsoft\jdk-17.0.10.7-hotspot\bin\management.dll
Event: 6.804 Loaded shared library C:\Program Files\Microsoft\jdk-17.0.10.7-hotspot\bin\management_ext.dll
Event: 7.900 Loaded shared library C:\Program Files\Microsoft\jdk-17.0.10.7-hotspot\bin\extnet.dll
Event: 8.392 Loaded shared library C:\Program Files\Microsoft\jdk-17.0.10.7-hotspot\bin\sunmscapi.dll

Deoptimization events (20 events):
Event: 68.238 Thread 0x000001ef5e4b1830 DEOPT PACKING pc=0x000001ef277ef2ea sp=0x000000b893bf6c90
Event: 68.238 Thread 0x000001ef5e4b1830 DEOPT UNPACKING pc=0x000001ef2e757143 sp=0x000000b893bf61a0 mode 0
Event: 69.509 Thread 0x000001ef5e4b1830 DEOPT PACKING pc=0x000001ef28375da6 sp=0x000000b893bf6f80
Event: 69.509 Thread 0x000001ef5e4b1830 DEOPT UNPACKING pc=0x000001ef2e757143 sp=0x000000b893bf64b8 mode 0
Event: 70.203 Thread 0x000001ef5e4b1830 Uncommon trap: trap_request=0xffffff45 fr.pc=0x000001ef2ef01cf0 relative=0x00000000000006b0
Event: 70.203 Thread 0x000001ef5e4b1830 Uncommon trap: reason=unstable_if action=reinterpret pc=0x000001ef2ef01cf0 method=groovy.lang.MetaClassImpl.filterPropertyMethod(Ljava/lang/Object;ZZ)Ljava/lang/Object; @ 60 c2
Event: 70.203 Thread 0x000001ef5e4b1830 DEOPT PACKING pc=0x000001ef2ef01cf0 sp=0x000000b893bf7c90
Event: 70.203 Thread 0x000001ef5e4b1830 DEOPT UNPACKING pc=0x000001ef2e7569a3 sp=0x000000b893bf7c08 mode 2
Event: 70.690 Thread 0x000001ef5e4b1830 Uncommon trap: trap_request=0xffffff45 fr.pc=0x000001ef2f1f245c relative=0x000000000000049c
Event: 70.690 Thread 0x000001ef5e4b1830 Uncommon trap: reason=unstable_if action=reinterpret pc=0x000001ef2f1f245c method=java.util.StringJoiner.add(Ljava/lang/CharSequence;)Ljava/util/StringJoiner; @ 33 c2
Event: 70.690 Thread 0x000001ef5e4b1830 DEOPT PACKING pc=0x000001ef2f1f245c sp=0x000000b893bf6f70
Event: 70.690 Thread 0x000001ef5e4b1830 DEOPT UNPACKING pc=0x000001ef2e7569a3 sp=0x000000b893bf6f20 mode 2
Event: 70.925 Thread 0x000001ef5e4b1830 Uncommon trap: trap_request=0xffffff45 fr.pc=0x000001ef2efe1924 relative=0x00000000000002c4
Event: 70.925 Thread 0x000001ef5e4b1830 Uncommon trap: reason=unstable_if action=reinterpret pc=0x000001ef2efe1924 method=org.gradle.internal.operations.DefaultBuildOperationListenerManager$ProgressShieldingBuildOperationListener.progress(Lorg/gradle/internal/operations/OperationIdentifier;Lorg
Event: 70.925 Thread 0x000001ef5e4b1830 DEOPT PACKING pc=0x000001ef2efe1924 sp=0x000000b893bf6d70
Event: 70.925 Thread 0x000001ef5e4b1830 DEOPT UNPACKING pc=0x000001ef2e7569a3 sp=0x000000b893bf6d28 mode 2
Event: 70.930 Thread 0x000001ef5f94bfc0 Uncommon trap: trap_request=0xffffff45 fr.pc=0x000001ef2f0ff540 relative=0x00000000000000c0
Event: 70.930 Thread 0x000001ef5f94bfc0 Uncommon trap: reason=unstable_if action=reinterpret pc=0x000001ef2f0ff540 method=java.lang.Integer.stringSize(I)I @ 3 c2
Event: 70.930 Thread 0x000001ef5f94bfc0 DEOPT PACKING pc=0x000001ef2f0ff540 sp=0x000000b891dfdac0
Event: 70.930 Thread 0x000001ef5f94bfc0 DEOPT UNPACKING pc=0x000001ef2e7569a3 sp=0x000000b891dfda48 mode 2

Classes unloaded (0 events):
No events

Classes redefined (0 events):
No events

Internal exceptions (20 events):
Event: 70.275 Thread 0x000001ef5e4b1830 Exception <a 'java/lang/NoSuchMethodError'{0x000000009248d0a0}: 'java.lang.Object java.lang.invoke.DirectMethodHandle$Holder.newInvokeSpecial(java.lang.Object, java.lang.Object, java.lang.Object, java.lang.Object, java.lang.Object, int)'> (0x000000009248d0a0) 
thrown [s\src\hotspot\share\interpreter\linkResolver.cpp, line 759]
Event: 70.275 Thread 0x000001ef5e4b1830 Exception <a 'java/lang/NoSuchMethodError'{0x0000000092492320}: 'java.lang.Object java.lang.invoke.DirectMethodHandle$Holder.invokeSpecial(java.lang.Object, java.lang.Object, java.lang.Object, java.lang.Object, java.lang.Object, java.lang.Object, int)'> (0x0000000092492320) 
thrown [s\src\hotspot\share\interpreter\linkResolver.cpp, line 759]
Event: 70.275 Thread 0x000001ef5e4b1830 Exception <a 'java/lang/NoSuchMethodError'{0x0000000092496ea0}: 'java.lang.Object java.lang.invoke.Invokers$Holder.linkToTargetMethod(java.lang.Object, java.lang.Object, java.lang.Object, java.lang.Object, int, java.lang.Object)'> (0x0000000092496ea0) 
thrown [s\src\hotspot\share\interpreter\linkResolver.cpp, line 759]
Event: 70.308 Thread 0x000001ef5e4b1830 Exception <a 'java/lang/ClassNotFoundException'{0x0000000092325628}: com/facebook/react/ReactExtension_DecoratedBeanInfo> (0x0000000092325628) 
thrown [s\src\hotspot\share\classfile\systemDictionary.cpp, line 256]
Event: 70.309 Thread 0x000001ef5e4b1830 Exception <a 'java/lang/ClassNotFoundException'{0x00000000923336b8}: com/facebook/react/ReactExtensionBeanInfo> (0x00000000923336b8) 
thrown [s\src\hotspot\share\classfile\systemDictionary.cpp, line 256]
Event: 70.310 Thread 0x000001ef5e4b1830 Exception <a 'java/lang/ClassNotFoundException'{0x0000000092341728}: com/facebook/react/ReactExtensionCustomizer> (0x0000000092341728) 
thrown [s\src\hotspot\share\classfile\systemDictionary.cpp, line 256]
Event: 70.312 Thread 0x000001ef5e4b1830 Exception <a 'java/lang/ClassNotFoundException'{0x00000000923689b0}: com/facebook/react/ReactExtension_DecoratedCustomizer> (0x00000000923689b0) 
thrown [s\src\hotspot\share\classfile\systemDictionary.cpp, line 256]
Event: 70.678 Thread 0x000001ef5e4b1830 Exception <a 'java/lang/ClassNotFoundException'{0x0000000091f5d808}: com/android/build/gradle/internal/dsl/BaseAppModuleExtension_DecoratedBeanInfo> (0x0000000091f5d808) 
thrown [s\src\hotspot\share\classfile\systemDictionary.cpp, line 256]
Event: 70.682 Thread 0x000001ef5e4b1830 Exception <a 'java/lang/ClassNotFoundException'{0x0000000091f6bb50}: com/android/build/gradle/internal/dsl/BaseAppModuleExtensionBeanInfo> (0x0000000091f6bb50) 
thrown [s\src\hotspot\share\classfile\systemDictionary.cpp, line 256]
Event: 70.684 Thread 0x000001ef5e4b1830 Exception <a 'java/lang/ClassNotFoundException'{0x0000000091f79ba0}: com/android/build/gradle/AppExtensionBeanInfo> (0x0000000091f79ba0) 
thrown [s\src\hotspot\share\classfile\systemDictionary.cpp, line 256]
Event: 70.684 Thread 0x000001ef5e4b1830 Exception <a 'java/lang/ClassNotFoundException'{0x0000000091f87fc0}: com/android/build/gradle/AbstractAppExtensionBeanInfo> (0x0000000091f87fc0) 
thrown [s\src\hotspot\share\classfile\systemDictionary.cpp, line 256]
Event: 70.685 Thread 0x000001ef5e4b1830 Exception <a 'java/lang/ClassNotFoundException'{0x0000000091f960f8}: com/android/build/gradle/TestedExtensionBeanInfo> (0x0000000091f960f8) 
thrown [s\src\hotspot\share\classfile\systemDictionary.cpp, line 256]
Event: 70.686 Thread 0x000001ef5e4b1830 Exception <a 'java/lang/ClassNotFoundException'{0x0000000091fa4168}: com/android/build/gradle/BaseExtensionBeanInfo> (0x0000000091fa4168) 
thrown [s\src\hotspot\share\classfile\systemDictionary.cpp, line 256]
Event: 70.689 Thread 0x000001ef5e4b1830 Exception <a 'java/lang/ClassNotFoundException'{0x0000000091fb2268}: com/android/build/gradle/BaseExtensionCustomizer> (0x0000000091fb2268) 
thrown [s\src\hotspot\share\classfile\systemDictionary.cpp, line 256]
Event: 70.694 Thread 0x000001ef5e4b1830 Exception <a 'java/lang/ClassNotFoundException'{0x0000000091e18730}: com/android/build/gradle/TestedExtensionCustomizer> (0x0000000091e18730) 
thrown [s\src\hotspot\share\classfile\systemDictionary.cpp, line 256]
Event: 70.697 Thread 0x000001ef5e4b1830 Exception <a 'java/lang/ClassNotFoundException'{0x0000000091e406d8}: com/android/build/gradle/AbstractAppExtensionCustomizer> (0x0000000091e406d8) 
thrown [s\src\hotspot\share\classfile\systemDictionary.cpp, line 256]
Event: 70.700 Thread 0x000001ef5e4b1830 Exception <a 'java/lang/ClassNotFoundException'{0x0000000091e648f8}: com/android/build/gradle/AppExtensionCustomizer> (0x0000000091e648f8) 
thrown [s\src\hotspot\share\classfile\systemDictionary.cpp, line 256]
Event: 70.705 Thread 0x000001ef5e4b1830 Exception <a 'java/lang/ClassNotFoundException'{0x0000000091e879b0}: com/android/build/gradle/internal/dsl/BaseAppModuleExtensionCustomizer> (0x0000000091e879b0) 
thrown [s\src\hotspot\share\classfile\systemDictionary.cpp, line 256]
Event: 70.797 Thread 0x000001ef5e4b1830 Exception <a 'java/lang/ClassNotFoundException'{0x0000000091c72898}: com/android/build/gradle/internal/dsl/BaseAppModuleExtension_DecoratedCustomizer> (0x0000000091c72898) 
thrown [s\src\hotspot\share\classfile\systemDictionary.cpp, line 256]
Event: 70.925 Thread 0x000001ef5e4b1830 Implicit null exception at 0x000001ef2efe1700 to 0x000001ef2efe1902

VM Operations (20 events):
Event: 66.498 Executing VM operation: G1TryInitiateConcMark
Event: 66.503 Executing VM operation: G1TryInitiateConcMark done
Event: 66.504 Executing VM operation: G1TryInitiateConcMark
Event: 66.510 Executing VM operation: G1TryInitiateConcMark done
Event: 66.596 Executing VM operation: G1TryInitiateConcMark
Event: 66.598 Executing VM operation: G1TryInitiateConcMark done
Event: 66.818 Executing VM operation: G1PauseRemark
Event: 66.826 Executing VM operation: G1PauseRemark done
Event: 66.927 Executing VM operation: G1PauseCleanup
Event: 66.927 Executing VM operation: G1PauseCleanup done
Event: 67.940 Executing VM operation: Cleanup
Event: 67.940 Executing VM operation: Cleanup done
Event: 68.943 Executing VM operation: Cleanup
Event: 68.943 Executing VM operation: Cleanup done
Event: 69.906 Executing VM operation: G1CollectForAllocation
Event: 69.920 Executing VM operation: G1CollectForAllocation done
Event: 70.172 Executing VM operation: G1CollectForAllocation
Event: 70.187 Executing VM operation: G1CollectForAllocation done
Event: 70.336 Executing VM operation: HandshakeAllThreads
Event: 70.348 Executing VM operation: HandshakeAllThreads done

Events (20 events):
Event: 67.833 loading class java/lang/StackTraceElement$HashedModules done
Event: 67.952 loading class java/io/CharArrayReader
Event: 67.952 loading class java/io/CharArrayReader done
Event: 67.986 Thread 0x000001ef5f94bfc0 Thread added: 0x000001ef5f94bfc0
Event: 68.809 Thread 0x000001ef5f9469b0 Thread added: 0x000001ef5f9469b0
Event: 68.814 Thread 0x000001ef612b9030 Thread added: 0x000001ef612b9030
Event: 69.233 Thread 0x000001ef612b9030 Thread exited: 0x000001ef612b9030
Event: 70.321 Thread 0x000001ef616419d0 Thread added: 0x000001ef616419d0
Event: 70.353 Thread 0x000001ef3d30d280 flushing nmethod 0x000001ef272bec10
Event: 70.354 Thread 0x000001ef3d30d280 flushing nmethod 0x000001ef272fea90
Event: 70.358 Thread 0x000001ef3d30d280 flushing nmethod 0x000001ef27738990
Event: 70.358 Thread 0x000001ef3d30d280 flushing nmethod 0x000001ef2779dc10
Event: 70.360 Thread 0x000001ef3d30d280 flushing nmethod 0x000001ef278cc090
Event: 70.360 Thread 0x000001ef3d30d280 flushing nmethod 0x000001ef27981810
Event: 70.362 Thread 0x000001ef3d30d280 flushing nmethod 0x000001ef27bbb690
Event: 70.364 Thread 0x000001ef3d30d280 flushing nmethod 0x000001ef27d10d10
Event: 70.364 Thread 0x000001ef3d30d280 flushing nmethod 0x000001ef27d5a690
Event: 70.367 Thread 0x000001ef3d30d280 flushing nmethod 0x000001ef2815a310
Event: 70.367 Thread 0x000001ef3d30d280 flushing nmethod 0x000001ef281d1390
Event: 70.368 Thread 0x000001ef3d30d280 flushing nmethod 0x000001ef282ff910


Dynamic libraries:
0x00007ff7179b0000 - 0x00007ff7179be000 	C:\Program Files\Microsoft\jdk-17.0.10.7-hotspot\bin\java.exe
0x00007ffcd13c0000 - 0x00007ffcd15c9000 	C:\Windows\SYSTEM32\ntdll.dll
0x00007ffccf4b0000 - 0x00007ffccf56e000 	C:\Windows\System32\KERNEL32.DLL
0x00007ffccede0000 - 0x00007ffccf164000 	C:\Windows\System32\KERNELBASE.dll
0x00007ffcce850000 - 0x00007ffcce961000 	C:\Windows\System32\ucrtbase.dll
0x00007ffcacfd0000 - 0x00007ffcacfe7000 	C:\Program Files\Microsoft\jdk-17.0.10.7-hotspot\bin\jli.dll
0x00007ffcd0d20000 - 0x00007ffcd0ecd000 	C:\Windows\System32\USER32.dll
0x00007ffccf170000 - 0x00007ffccf196000 	C:\Windows\System32\win32u.dll
0x00007ffccf8f0000 - 0x00007ffccf91a000 	C:\Windows\System32\GDI32.dll
0x00007ffcce9f0000 - 0x00007ffcceb0f000 	C:\Windows\System32\gdi32full.dll
0x00007ffcceb10000 - 0x00007ffccebad000 	C:\Windows\System32\msvcp_win.dll
0x00007ffcac340000 - 0x00007ffcac35b000 	C:\Program Files\Microsoft\jdk-17.0.10.7-hotspot\bin\VCRUNTIME140.dll
0x00007ffcb25f0000 - 0x00007ffcb2895000 	C:\Windows\WinSxS\amd64_microsoft.windows.common-controls_6595b64144ccf1df_6.0.22000.120_none_9d947278b86cc467\COMCTL32.dll
0x00007ffcd1060000 - 0x00007ffcd1103000 	C:\Windows\System32\msvcrt.dll
0x00007ffccfa10000 - 0x00007ffccfa41000 	C:\Windows\System32\IMM32.DLL
0x00007ffcc93b0000 - 0x00007ffcc93bc000 	C:\Program Files\Microsoft\jdk-17.0.10.7-hotspot\bin\vcruntime140_1.dll
0x00007ffc88720000 - 0x00007ffc887ad000 	C:\Program Files\Microsoft\jdk-17.0.10.7-hotspot\bin\msvcp140.dll
0x00007ffc7c840000 - 0x00007ffc7d4a5000 	C:\Program Files\Microsoft\jdk-17.0.10.7-hotspot\bin\server\jvm.dll
0x00007ffcd12d0000 - 0x00007ffcd137f000 	C:\Windows\System32\ADVAPI32.dll
0x00007ffcd1230000 - 0x00007ffcd12ce000 	C:\Windows\System32\sechost.dll
0x00007ffccf210000 - 0x00007ffccf331000 	C:\Windows\System32\RPCRT4.dll
0x00007ffccd1a0000 - 0x00007ffccd1ed000 	C:\Windows\SYSTEM32\POWRPROF.dll
0x00007ffcc8520000 - 0x00007ffcc8529000 	C:\Windows\SYSTEM32\WSOCK32.dll
0x00007ffccf440000 - 0x00007ffccf4af000 	C:\Windows\System32\WS2_32.dll
0x00007ffcc8bf0000 - 0x00007ffcc8c23000 	C:\Windows\SYSTEM32\WINMM.dll
0x00007ffcc6d30000 - 0x00007ffcc6d3a000 	C:\Windows\SYSTEM32\VERSION.dll
0x00007ffccd290000 - 0x00007ffccd2a3000 	C:\Windows\SYSTEM32\UMPDC.dll
0x00007ffccd9a0000 - 0x00007ffccd9b8000 	C:\Windows\SYSTEM32\kernel.appcore.dll
0x00007ffcc7e80000 - 0x00007ffcc7e8a000 	C:\Program Files\Microsoft\jdk-17.0.10.7-hotspot\bin\jimage.dll
0x00007ffccbd20000 - 0x00007ffccbf41000 	C:\Windows\SYSTEM32\DBGHELP.DLL
0x00007ffcac280000 - 0x00007ffcac2b1000 	C:\Windows\SYSTEM32\dbgcore.DLL
0x00007ffcce970000 - 0x00007ffcce9ef000 	C:\Windows\System32\bcryptPrimitives.dll
0x00007ffcb3db0000 - 0x00007ffcb3dbe000 	C:\Program Files\Microsoft\jdk-17.0.10.7-hotspot\bin\instrument.dll
0x00007ffcab110000 - 0x00007ffcab135000 	C:\Program Files\Microsoft\jdk-17.0.10.7-hotspot\bin\java.dll
0x00007ffc884a0000 - 0x00007ffc88577000 	C:\Program Files\Microsoft\jdk-17.0.10.7-hotspot\bin\jsvml.dll
0x00007ffccfcd0000 - 0x00007ffcd0495000 	C:\Windows\System32\SHELL32.dll
0x00007ffccc920000 - 0x00007ffccd184000 	C:\Windows\SYSTEM32\windows.storage.dll
0x00007ffccf570000 - 0x00007ffccf8e6000 	C:\Windows\System32\combase.dll
0x00007ffccc7b0000 - 0x00007ffccc917000 	C:\Windows\SYSTEM32\wintypes.dll
0x00007ffccf340000 - 0x00007ffccf42a000 	C:\Windows\System32\SHCORE.dll
0x00007ffcd0ee0000 - 0x00007ffcd0f3d000 	C:\Windows\System32\shlwapi.dll
0x00007ffcce780000 - 0x00007ffcce7a5000 	C:\Windows\SYSTEM32\profapi.dll
0x00007ffc96640000 - 0x00007ffc96658000 	C:\Program Files\Microsoft\jdk-17.0.10.7-hotspot\bin\zip.dll
0x00007ffca9f20000 - 0x00007ffca9f39000 	C:\Program Files\Microsoft\jdk-17.0.10.7-hotspot\bin\net.dll
0x00007ffcc9410000 - 0x00007ffcc9523000 	C:\Windows\SYSTEM32\WINHTTP.dll
0x00007ffccde50000 - 0x00007ffccdeb7000 	C:\Windows\system32\mswsock.dll
0x00007ffca9c70000 - 0x00007ffca9c86000 	C:\Program Files\Microsoft\jdk-17.0.10.7-hotspot\bin\nio.dll
0x00007ffcb4eb0000 - 0x00007ffcb4ec0000 	C:\Program Files\Microsoft\jdk-17.0.10.7-hotspot\bin\verify.dll
0x00007ffc97c70000 - 0x00007ffc97c97000 	C:\Users\PAVILION\.gradle\native\1def1411415f61bf3af743bc5b6707747c0891f09f0c88961ee8f79bc544acac\windows-amd64\native-platform.dll
0x00007ffc888e0000 - 0x00007ffc88958000 	C:\Users\PAVILION\.gradle\native\0.2.7\x86_64-windows-gnu\gradle-fileevents.dll
0x00007ffcab080000 - 0x00007ffcab089000 	C:\Program Files\Microsoft\jdk-17.0.10.7-hotspot\bin\management.dll
0x00007ffca9d80000 - 0x00007ffca9d8b000 	C:\Program Files\Microsoft\jdk-17.0.10.7-hotspot\bin\management_ext.dll
0x00007ffccf430000 - 0x00007ffccf438000 	C:\Windows\System32\PSAPI.DLL
0x00007ffccd440000 - 0x00007ffccd46d000 	C:\Windows\SYSTEM32\IPHLPAPI.DLL
0x00007ffcd0b90000 - 0x00007ffcd0b99000 	C:\Windows\System32\NSI.dll
0x00007ffcc9620000 - 0x00007ffcc9639000 	C:\Windows\SYSTEM32\dhcpcsvc6.DLL
0x00007ffcc9800000 - 0x00007ffcc981e000 	C:\Windows\SYSTEM32\dhcpcsvc.DLL
0x00007ffccd470000 - 0x00007ffccd557000 	C:\Windows\SYSTEM32\DNSAPI.dll
0x00007ffca9be0000 - 0x00007ffca9be9000 	C:\Program Files\Microsoft\jdk-17.0.10.7-hotspot\bin\extnet.dll
0x00007ffcce0a0000 - 0x00007ffcce0b8000 	C:\Windows\SYSTEM32\CRYPTSP.dll
0x00007ffccd900000 - 0x00007ffccd935000 	C:\Windows\system32\rsaenh.dll
0x00007ffccdf50000 - 0x00007ffccdf7c000 	C:\Windows\SYSTEM32\USERENV.dll
0x00007ffcce220000 - 0x00007ffcce247000 	C:\Windows\SYSTEM32\bcrypt.dll
0x00007ffcce0c0000 - 0x00007ffcce0cc000 	C:\Windows\SYSTEM32\CRYPTBASE.dll
0x00007ffcc9390000 - 0x00007ffcc939e000 	C:\Program Files\Microsoft\jdk-17.0.10.7-hotspot\bin\sunmscapi.dll
0x00007ffccec70000 - 0x00007ffccedda000 	C:\Windows\System32\CRYPT32.dll
0x00007ffcce1f0000 - 0x00007ffcce21a000 	C:\Windows\SYSTEM32\ncrypt.dll
0x00007ffcce1b0000 - 0x00007ffcce1e7000 	C:\Windows\SYSTEM32\NTASN1.dll
0x00007ffcb4550000 - 0x00007ffcb4558000 	C:\Windows\system32\wshunix.dll
0x00007ffc9dd60000 - 0x00007ffc9dd77000 	C:\Windows\system32\napinsp.dll
0x00007ffc9dd40000 - 0x00007ffc9dd5b000 	C:\Windows\system32\pnrpnsp.dll
0x00007ffc9dd20000 - 0x00007ffc9dd32000 	C:\Windows\System32\winrnr.dll
0x00007ffcc7eb0000 - 0x00007ffcc7ec5000 	C:\Windows\system32\wshbth.dll
0x00007ffc9dd00000 - 0x00007ffc9dd1f000 	C:\Windows\system32\nlansp_c.dll
0x0000000066890000 - 0x00000000668b6000 	C:\Program Files\Bonjour\mdnsNSP.dll
0x00007ffcbe170000 - 0x00007ffcbe17a000 	C:\Windows\System32\rasadhlp.dll
0x00007ffcc7600000 - 0x00007ffcc7682000 	C:\Windows\System32\fwpuclnt.dll

dbghelp: loaded successfully - version: 4.0.5 - missing functions: none
symbol engine: initialized successfully - sym options: 0x614 - pdb path: .;C:\Program Files\Microsoft\jdk-17.0.10.7-hotspot\bin;C:\Windows\SYSTEM32;C:\Windows\WinSxS\amd64_microsoft.windows.common-controls_6595b64144ccf1df_6.0.22000.120_none_9d947278b86cc467;C:\Program Files\Microsoft\jdk-17.0.10.7-hotspot\bin\server;C:\Users\PAVILION\.gradle\native\1def1411415f61bf3af743bc5b6707747c0891f09f0c88961ee8f79bc544acac\windows-amd64;C:\Users\PAVILION\.gradle\native\0.2.7\x86_64-windows-gnu;C:\Program Files\Bonjour

VM Arguments:
jvm_args: --add-opens=java.base/java.lang=ALL-UNNAMED --add-opens=java.base/java.lang.invoke=ALL-UNNAMED --add-opens=java.base/java.util=ALL-UNNAMED --add-opens=java.prefs/java.util.prefs=ALL-UNNAMED --add-exports=jdk.compiler/com.sun.tools.javac.api=ALL-UNNAMED --add-exports=jdk.compiler/com.sun.tools.javac.util=ALL-UNNAMED --add-opens=java.base/java.util=ALL-UNNAMED --add-opens=java.prefs/java.util.prefs=ALL-UNNAMED --add-opens=java.base/java.nio.charset=ALL-UNNAMED --add-opens=java.base/java.net=ALL-UNNAMED --add-opens=java.base/java.util.concurrent.atomic=ALL-UNNAMED --add-opens=java.xml/javax.xml.namespace=ALL-UNNAMED -XX:MaxMetaspaceSize=512m -Xmx2048m -Dfile.encoding=windows-1252 -Duser.country=US -Duser.language=en -Duser.variant -javaagent:C:\Users\PAVILION\.gradle\wrapper\dists\gradle-8.13-bin\5xuhj0ry160q40clulazy9h7d\gradle-8.13\lib\agents\gradle-instrumentation-agent-8.13.jar 
java_command: org.gradle.launcher.daemon.bootstrap.GradleDaemon 8.13
java_class_path (initial): C:\Users\PAVILION\.gradle\wrapper\dists\gradle-8.13-bin\5xuhj0ry160q40clulazy9h7d\gradle-8.13\lib\gradle-daemon-main-8.13.jar
Launcher Type: SUN_STANDARD

[Global flags]
     intx CICompilerCount                          = 3                                         {product} {ergonomic}
   size_t CompressedClassSpaceSize                 = 436207616                                 {product} {ergonomic}
     uint ConcGCThreads                            = 1                                         {product} {ergonomic}
     uint G1ConcRefinementThreads                  = 4                                         {product} {ergonomic}
   size_t G1HeapRegionSize                         = 1048576                                   {product} {ergonomic}
    uintx GCDrainStackTargetSize                   = 64                                        {product} {ergonomic}
   size_t InitialHeapSize                          = 134217728                                 {product} {ergonomic}
   size_t MarkStackSize                            = 4194304                                   {product} {ergonomic}
   size_t MaxHeapSize                              = 2147483648                                {product} {command line}
   size_t MaxMetaspaceSize                         = 536870912                                 {product} {command line}
   size_t MaxNewSize                               = 1287651328                                {product} {ergonomic}
   size_t MinHeapDeltaBytes                        = 1048576                                   {product} {ergonomic}
   size_t MinHeapSize                              = 8388608                                   {product} {ergonomic}
    uintx NonNMethodCodeHeapSize                   = 5832780                                {pd product} {ergonomic}
    uintx NonProfiledCodeHeapSize                  = 122912730                              {pd product} {ergonomic}
    uintx ProfiledCodeHeapSize                     = 122912730                              {pd product} {ergonomic}
    uintx ReservedCodeCacheSize                    = 251658240                              {pd product} {ergonomic}
     bool SegmentedCodeCache                       = true                                      {product} {ergonomic}
   size_t SoftMaxHeapSize                          = 2147483648                             {manageable} {ergonomic}
     bool UseCompressedClassPointers               = true                           {product lp64_product} {ergonomic}
     bool UseCompressedOops                        = true                           {product lp64_product} {ergonomic}
     bool UseG1GC                                  = true                                      {product} {ergonomic}
     bool UseLargePagesIndividualAllocation        = false                                  {pd product} {ergonomic}

Logging:
Log output configuration:
 #0: stdout all=warning uptime,level,tags
 #1: stderr all=off uptime,level,tags

Environment Variables:
JAVA_HOME=C:\Program Files\Microsoft\jdk-17.0.10.7-hotspot\
CLASSPATH=d:\Dev space\Gemma showcase\SmartMoney\android\\gradle\wrapper\gradle-wrapper.jar
PATH=C:\Program Files\Microsoft\jdk-17.0.10.7-hotspot\bin;C:\Program Files\Common Files\Oracle\Java\javapath;C:\Program Files\Microsoft\jdk-11.0.20.8-hotspot\bin;C:\Program Files\Python311\Scripts\;C:\Program Files\Python311\;C:\Windows\system32;C:\Windows;C:\Windows\System32\Wbem;C:\Windows\System32\WindowsPowerShell\v1.0\;C:\Windows\System32\OpenSSH\;C:\Program Files\Git\cmd;C:\Program Files\dotnet\;C:\Program Files\Odoo 15.0e.20220315\python;C:\Program Files\Odoo 15.0e.20220315\PostgreSQL\bin;C:\Users\PAVILION\AppData\Roaming\npm;C:\Users\PAVILION\EspaceDev\Pro-Project\Logic Habit\Backend - Django\env\Scripts\celery;C:\EspaceDev\JobScraper\.env\Scripts;D:\Tools\android_sdk\platform-tools;C:\ProgramData\chocolatey\bin;C:\Users\PAVILION\Downloads\v1.1.11\coreybutler-nvm-windows-3f0dba1;C:\Users\PAVILION\AppData\Roaming\nvm;C:\Program Files\nodejs;E:\Program\Redis\;C:\Users\PAVILION\AppData\Local\Programs\Microsoft VS Code\bin;C:\Users\PAVILION\AppData\Roaming\npm;C:\Users\PAVILION\AppData\Roaming\nvm;C:\Program Files\nodejs;D:\Tools\android_sdk\platform-tools;D:\Tools\android_sdk\cmdline-tools\latest\bin;
USERNAME=PAVILION
OS=Windows_NT
PROCESSOR_IDENTIFIER=Intel64 Family 6 Model 142 Stepping 9, GenuineIntel
TMP=C:\Users\PAVILION\AppData\Local\Temp
TEMP=C:\Users\PAVILION\AppData\Local\Temp



Periodic native trim disabled


---------------  S Y S T E M  ---------------

OS:
 Windows 11 , 64 bit Build 22000 (10.0.22000.2124)
OS uptime: 0 days 8:14 hours

CPU: total 4 (initial active 4) (2 cores per cpu, 2 threads per core) family 6 model 142 stepping 9 microcode 0xde, cx8, cmov, fxsr, ht, mmx, 3dnowpref, sse, sse2, sse3, ssse3, sse4.1, sse4.2, popcnt, lzcnt, tsc, tscinvbit, avx, avx2, aes, erms, clmul, bmi1, bmi2, adx, fma, vzeroupper, clflush, clflushopt
Processor Information for all 4 processors :
  Max Mhz: 2904, Current Mhz: 2703, Mhz Limit: 2700

Memory: 4k page, system-wide physical 8077M (725M free)
TotalPageFile size 13035M (AvailPageFile size 5M)
current process WorkingSet (physical memory assigned to process): 518M, peak: 518M
current process commit charge ("private bytes"): 587M, peak: 589M

vm_info: OpenJDK 64-Bit Server VM (17.0.10+7-LTS) for windows-amd64 JRE (17.0.10+7-LTS), built on Jan 10 2024 19:47:12 by "MicrosoftCorporation" with MS VC++ 16.10 / 16.11 (VS2019)

END.
