#
# There is insufficient memory for the Java Runtime Environment to continue.
# Native memory allocation (mmap) failed to map 11534336 bytes for G1 virtual space
# Possible reasons:
#   The system is out of physical RAM or swap space
#   The process is running with CompressedOops enabled, and the Java Heap may be blocking the growth of the native heap
# Possible solutions:
#   Reduce memory load on the system
#   Increase physical memory or swap space
#   Check if swap backing store is full
#   Decrease Java heap size (-Xmx/-Xms)
#   Decrease number of Java threads
#   Decrease Java thread stack sizes (-Xss)
#   Set larger code cache with -XX:ReservedCodeCacheSize=
#   JVM is running with Unscaled Compressed Oops mode in which the Java heap is
#     placed in the first 4GB address space. The Java Heap base address is the
#     maximum limit for the native heap growth. Please use -XX:HeapBaseMinAddress
#     to set the Java Heap base and to place the Java Heap above 4GB virtual address.
# This output file may be truncated or incomplete.
#
#  Out of Memory Error (os_windows.cpp:3613), pid=3756, tid=9568
#
# JRE version: OpenJDK Runtime Environment Microsoft-8902769 (17.0.10+7) (build 17.0.10+7-LTS)
# Java VM: OpenJDK 64-Bit Server VM Microsoft-8902769 (17.0.10+7-LTS, mixed mode, sharing, tiered, compressed oops, compressed class ptrs, g1 gc, windows-amd64)
# No core dump will be written. Minidumps are not enabled by default on client versions of Windows
#

---------------  S U M M A R Y ------------

Command Line: --add-opens=java.base/java.lang=ALL-UNNAMED --add-opens=java.base/java.lang.invoke=ALL-UNNAMED --add-opens=java.base/java.util=ALL-UNNAMED --add-opens=java.prefs/java.util.prefs=ALL-UNNAMED --add-exports=jdk.compiler/com.sun.tools.javac.api=ALL-UNNAMED --add-exports=jdk.compiler/com.sun.tools.javac.util=ALL-UNNAMED --add-opens=java.base/java.util=ALL-UNNAMED --add-opens=java.prefs/java.util.prefs=ALL-UNNAMED --add-opens=java.base/java.nio.charset=ALL-UNNAMED --add-opens=java.base/java.net=ALL-UNNAMED --add-opens=java.base/java.util.concurrent.atomic=ALL-UNNAMED --add-opens=java.xml/javax.xml.namespace=ALL-UNNAMED -XX:MaxMetaspaceSize=512m -Xmx2048m -Dfile.encoding=windows-1252 -Duser.country=US -Duser.language=en -Duser.variant -javaagent:C:\Users\PAVILION\.gradle\wrapper\dists\gradle-8.13-bin\5xuhj0ry160q40clulazy9h7d\gradle-8.13\lib\agents\gradle-instrumentation-agent-8.13.jar org.gradle.launcher.daemon.bootstrap.GradleDaemon 8.13

Host: Intel(R) Core(TM) i7-7500U CPU @ 2.70GHz, 4 cores, 7G,  Windows 11 , 64 bit Build 22000 (10.0.22000.2124)
Time: Wed Jul 30 09:52:26 2025 Egypt Daylight Time elapsed time: 58.909589 seconds (0d 0h 0m 58s)

---------------  T H R E A D  ---------------

Current thread (0x0000017ff749d670):  VMThread "VM Thread" [stack: 0x00000006c7500000,0x00000006c7600000] [id=9568]

Stack: [0x00000006c7500000,0x00000006c7600000]
Native frames: (J=compiled Java code, j=interpreted, Vv=VM code, C=native code)
V  [jvm.dll+0x67f829]
V  [jvm.dll+0x83750a]
V  [jvm.dll+0x838fce]
V  [jvm.dll+0x839633]
V  [jvm.dll+0x247cbf]
V  [jvm.dll+0x67c669]
V  [jvm.dll+0x6710da]
V  [jvm.dll+0x309b8b]
V  [jvm.dll+0x311036]
V  [jvm.dll+0x360d5e]
V  [jvm.dll+0x360f8f]
V  [jvm.dll+0x2e0798]
V  [jvm.dll+0x2de974]
V  [jvm.dll+0x2ddf7c]
V  [jvm.dll+0x32200b]
V  [jvm.dll+0x83db2b]
V  [jvm.dll+0x83e871]
V  [jvm.dll+0x83ed8d]
V  [jvm.dll+0x83f164]
V  [jvm.dll+0x83f230]
V  [jvm.dll+0x7e69da]
V  [jvm.dll+0x67e715]
C  [ucrtbase.dll+0x26c0c]
C  [KERNEL32.DLL+0x155a0]
C  [ntdll.dll+0x485b]

VM_Operation (0x00000006c8bf62e0): G1CollectForAllocation, mode: safepoint, requested by thread 0x0000017ffc38bdf0


---------------  P R O C E S S  ---------------

Threads class SMR info:
_java_thread_list=0x0000017ffe0ce820, length=93, elements={
0x0000017fd98de380, 0x0000017ff74a39c0, 0x0000017ff74a4490, 0x0000017ff74c2280,
0x0000017ff74c2b50, 0x0000017ff74c5430, 0x0000017ff74c5d00, 0x0000017ff74c6900,
0x0000017ff74c7210, 0x0000017ff7638070, 0x0000017ff76c8fc0, 0x0000017ff7785610,
0x0000017ffc1fd450, 0x0000017ffc0e70c0, 0x0000017ff7a038c0, 0x0000017ffc10b610,
0x0000017ff78b0030, 0x0000017ffc389060, 0x0000017ffc38bdf0, 0x0000017ffc38b8e0,
0x0000017ffc38a4a0, 0x0000017ffc38a9b0, 0x0000017ffc389f90, 0x0000017ffc38c300,
0x0000017ffc389a80, 0x0000017ffc38aec0, 0x0000017ffc38c810, 0x0000017ffc389570,
0x0000017ffcb754a0, 0x0000017ffcb7aab0, 0x0000017ffcb74570, 0x0000017ffcb759b0,
0x0000017ffcb7afc0, 0x0000017ffcb7a5a0, 0x0000017ffcb763d0, 0x0000017ffcb74060,
0x0000017ffcb78740, 0x0000017ffcb7b9e0, 0x0000017ffcb768e0, 0x0000017ffcb74a80,
0x0000017ffcb79670, 0x0000017ffcb77300, 0x0000017ffcb76df0, 0x0000017ffcb79b80,
0x0000017ffcb74f90, 0x0000017ffcb77810, 0x0000017ffcb77d20, 0x0000017ffcb78230,
0x0000017ffe09c7d0, 0x0000017ffe09dc10, 0x0000017ffe09e630, 0x0000017ffe09ae80,
0x0000017ffe09cce0, 0x0000017ffe09d700, 0x0000017ffe09b390, 0x0000017ffe09d1f0,
0x0000017f9bc9e190, 0x0000017f9bc97740, 0x0000017f9bc99ab0, 0x0000017f9bc995a0,
0x0000017f9bc9d770, 0x0000017f9bc98b80, 0x0000017f9bc99fc0, 0x0000017f9bc9cd50,
0x0000017f9bc9c840, 0x0000017f9bc9be20, 0x0000017f9bc9b910, 0x0000017f9bc9b400,
0x0000017f9bc98160, 0x0000017f9bc9f0c0, 0x0000017f9bc9a4d0, 0x0000017f9bc9d260,
0x0000017f9bc9c330, 0x0000017f9bc9a9e0, 0x0000017f9bc9aef0, 0x0000017f9bc9dc80,
0x0000017f9bc99090, 0x0000017f9bc9e6a0, 0x0000017f9bc9ebb0, 0x0000017f9bc97c50,
0x0000017f9bc98670, 0x0000017ffeff4060, 0x0000017ffeff2c20, 0x0000017ffeff3130,
0x0000017ffeff3b50, 0x0000017ffeff4a80, 0x0000017ffeff3640, 0x0000017ffeff54a0,
0x0000017ffeff4570, 0x0000017ffeff59b0, 0x0000017ffeff5ec0, 0x0000017ffeff63d0,
0x0000017fff432d90
}

Java Threads: ( => current thread )
  0x0000017fd98de380 JavaThread "main" [_thread_blocked, id=2004, stack(0x00000006c6e00000,0x00000006c6f00000)]
  0x0000017ff74a39c0 JavaThread "Reference Handler" daemon [_thread_blocked, id=10700, stack(0x00000006c7600000,0x00000006c7700000)]
  0x0000017ff74a4490 JavaThread "Finalizer" daemon [_thread_blocked, id=3944, stack(0x00000006c7700000,0x00000006c7800000)]
  0x0000017ff74c2280 JavaThread "Signal Dispatcher" daemon [_thread_blocked, id=4396, stack(0x00000006c7800000,0x00000006c7900000)]
  0x0000017ff74c2b50 JavaThread "Attach Listener" daemon [_thread_blocked, id=14188, stack(0x00000006c7900000,0x00000006c7a00000)]
  0x0000017ff74c5430 JavaThread "Service Thread" daemon [_thread_blocked, id=17024, stack(0x00000006c7a00000,0x00000006c7b00000)]
  0x0000017ff74c5d00 JavaThread "Monitor Deflation Thread" daemon [_thread_blocked, id=3724, stack(0x00000006c7b00000,0x00000006c7c00000)]
  0x0000017ff74c6900 JavaThread "C2 CompilerThread0" daemon [_thread_blocked, id=17120, stack(0x00000006c7c00000,0x00000006c7d00000)]
  0x0000017ff74c7210 JavaThread "C1 CompilerThread0" daemon [_thread_blocked, id=17792, stack(0x00000006c7d00000,0x00000006c7e00000)]
  0x0000017ff7638070 JavaThread "Sweeper thread" daemon [_thread_blocked, id=6972, stack(0x00000006c7e00000,0x00000006c7f00000)]
  0x0000017ff76c8fc0 JavaThread "Common-Cleaner" daemon [_thread_blocked, id=1968, stack(0x00000006c7f00000,0x00000006c8000000)]
  0x0000017ff7785610 JavaThread "Notification Thread" daemon [_thread_blocked, id=18272, stack(0x00000006c8000000,0x00000006c8100000)]
  0x0000017ffc1fd450 JavaThread "Daemon health stats" [_thread_blocked, id=17096, stack(0x00000006c8400000,0x00000006c8500000)]
  0x0000017ffc0e70c0 JavaThread "Incoming local TCP Connector on port 62481" [_thread_in_native, id=16944, stack(0x00000006c8600000,0x00000006c8700000)]
  0x0000017ff7a038c0 JavaThread "Daemon periodic checks" [_thread_blocked, id=7148, stack(0x00000006c8700000,0x00000006c8800000)]
  0x0000017ffc10b610 JavaThread "Daemon" [_thread_blocked, id=6508, stack(0x00000006c8800000,0x00000006c8900000)]
  0x0000017ff78b0030 JavaThread "Handler for socket connection from /127.0.0.1:62481 to /127.0.0.1:62482" [_thread_in_native, id=18152, stack(0x00000006c8900000,0x00000006c8a00000)]
  0x0000017ffc389060 JavaThread "Cancel handler" [_thread_blocked, id=18808, stack(0x00000006c8a00000,0x00000006c8b00000)]
  0x0000017ffc38bdf0 JavaThread "Daemon worker" [_thread_blocked, id=17764, stack(0x00000006c8b00000,0x00000006c8c00000)]
  0x0000017ffc38b8e0 JavaThread "Asynchronous log dispatcher for DefaultDaemonConnection: socket connection from /127.0.0.1:62481 to /127.0.0.1:62482" [_thread_blocked, id=17108, stack(0x00000006c8c00000,0x00000006c8d00000)]
  0x0000017ffc38a4a0 JavaThread "Stdin handler" [_thread_blocked, id=2896, stack(0x00000006c8d00000,0x00000006c8e00000)]
  0x0000017ffc38a9b0 JavaThread "Daemon client event forwarder" [_thread_blocked, id=13004, stack(0x00000006c8e00000,0x00000006c8f00000)]
  0x0000017ffc389f90 JavaThread "Cache worker for journal cache (C:\Users\PAVILION\.gradle\caches\journal-1)" [_thread_blocked, id=14232, stack(0x00000006c8f00000,0x00000006c9000000)]
  0x0000017ffc38c300 JavaThread "File lock request listener" [_thread_in_native, id=4824, stack(0x00000006c9000000,0x00000006c9100000)]
  0x0000017ffc389a80 JavaThread "Cache worker for file hash cache (C:\Users\PAVILION\.gradle\caches\8.13\fileHashes)" [_thread_blocked, id=16056, stack(0x00000006c9100000,0x00000006c9200000)]
  0x0000017ffc38aec0 JavaThread "File lock release action executor" [_thread_blocked, id=8348, stack(0x00000006c9200000,0x00000006c9300000)]
  0x0000017ffc38c810 JavaThread "Cache worker for file hash cache (D:\Dev space\Gemma showcase\SmartMoney\android\.gradle\8.13\fileHashes)" [_thread_blocked, id=14456, stack(0x00000006c9300000,0x00000006c9400000)]
  0x0000017ffc389570 JavaThread "Cache worker for Build Output Cleanup Cache (D:\Dev space\Gemma showcase\SmartMoney\android\.gradle\buildOutputCleanup)" [_thread_blocked, id=2148, stack(0x00000006c9400000,0x00000006c9500000)]
  0x0000017ffcb754a0 JavaThread "File watcher server" daemon [_thread_in_native, id=2964, stack(0x00000006c9500000,0x00000006c9600000)]
  0x0000017ffcb7aab0 JavaThread "File watcher consumer" daemon [_thread_blocked, id=6556, stack(0x00000006c9600000,0x00000006c9700000)]
  0x0000017ffcb74570 JavaThread "jar transforms" [_thread_blocked, id=16308, stack(0x00000006c9700000,0x00000006c9800000)]
  0x0000017ffcb759b0 JavaThread "jar transforms Thread 2" [_thread_blocked, id=9760, stack(0x00000006c9800000,0x00000006c9900000)]
  0x0000017ffcb7afc0 JavaThread "Cache worker for checksums cache (D:\Dev space\Gemma showcase\SmartMoney\android\.gradle\8.13\checksums)" [_thread_blocked, id=9788, stack(0x00000006c9900000,0x00000006c9a00000)]
  0x0000017ffcb7a5a0 JavaThread "Cache worker for file content cache (C:\Users\PAVILION\.gradle\caches\8.13\fileContent)" [_thread_blocked, id=6644, stack(0x00000006c9c00000,0x00000006c9d00000)]
  0x0000017ffcb763d0 JavaThread "jar transforms Thread 3" [_thread_blocked, id=6816, stack(0x00000006c9d00000,0x00000006c9e00000)]
  0x0000017ffcb74060 JavaThread "Cache worker for cache directory md-supplier (C:\Users\PAVILION\.gradle\caches\8.13\md-supplier)" [_thread_blocked, id=18276, stack(0x00000006c9f00000,0x00000006ca000000)]
  0x0000017ffcb78740 JavaThread "Cache worker for cache directory md-rule (C:\Users\PAVILION\.gradle\caches\8.13\md-rule)" [_thread_blocked, id=12820, stack(0x00000006ca000000,0x00000006ca100000)]
  0x0000017ffcb7b9e0 JavaThread "Cache worker for Build Output Cleanup Cache (D:\Dev space\Gemma showcase\SmartMoney\node_modules\@react-native\gradle-plugin\.gradle\buildOutputCleanup)" [_thread_blocked, id=18036, stack(0x00000006ca100000,0x00000006ca200000)]
  0x0000017ffcb768e0 JavaThread "Unconstrained build operations" [_thread_blocked, id=15576, stack(0x00000006c9e00000,0x00000006c9f00000)]
  0x0000017ffcb74a80 JavaThread "Unconstrained build operations Thread 2" [_thread_blocked, id=14720, stack(0x00000006ca200000,0x00000006ca300000)]
  0x0000017ffcb79670 JavaThread "Unconstrained build operations Thread 3" [_thread_blocked, id=2624, stack(0x00000006ca300000,0x00000006ca400000)]
  0x0000017ffcb77300 JavaThread "Unconstrained build operations Thread 4" [_thread_blocked, id=18796, stack(0x00000006ca400000,0x00000006ca500000)]
  0x0000017ffcb76df0 JavaThread "Unconstrained build operations Thread 5" [_thread_blocked, id=7564, stack(0x00000006ca500000,0x00000006ca600000)]
  0x0000017ffcb79b80 JavaThread "Unconstrained build operations Thread 6" [_thread_blocked, id=9700, stack(0x00000006ca600000,0x00000006ca700000)]
  0x0000017ffcb74f90 JavaThread "Unconstrained build operations Thread 7" [_thread_blocked, id=16196, stack(0x00000006ca900000,0x00000006caa00000)]
  0x0000017ffcb77810 JavaThread "Unconstrained build operations Thread 8" [_thread_blocked, id=11316, stack(0x00000006caa00000,0x00000006cab00000)]
  0x0000017ffcb77d20 JavaThread "Unconstrained build operations Thread 9" [_thread_blocked, id=12252, stack(0x00000006cab00000,0x00000006cac00000)]
  0x0000017ffcb78230 JavaThread "Unconstrained build operations Thread 10" [_thread_blocked, id=6744, stack(0x00000006cac00000,0x00000006cad00000)]
  0x0000017ffe09c7d0 JavaThread "Unconstrained build operations Thread 11" [_thread_blocked, id=16836, stack(0x00000006cad00000,0x00000006cae00000)]
  0x0000017ffe09dc10 JavaThread "Unconstrained build operations Thread 12" [_thread_blocked, id=17168, stack(0x00000006cae00000,0x00000006caf00000)]
  0x0000017ffe09e630 JavaThread "Unconstrained build operations Thread 13" [_thread_blocked, id=16692, stack(0x00000006caf00000,0x00000006cb000000)]
  0x0000017ffe09ae80 JavaThread "Unconstrained build operations Thread 14" [_thread_blocked, id=7840, stack(0x00000006cb000000,0x00000006cb100000)]
  0x0000017ffe09cce0 JavaThread "Unconstrained build operations Thread 15" [_thread_blocked, id=9136, stack(0x00000006cb100000,0x00000006cb200000)]
  0x0000017ffe09d700 JavaThread "build event listener" [_thread_blocked, id=9904, stack(0x00000006cb200000,0x00000006cb300000)]
  0x0000017ffe09b390 JavaThread "Memory manager" [_thread_blocked, id=1916, stack(0x00000006cb300000,0x00000006cb400000)]
  0x0000017ffe09d1f0 JavaThread "ForkJoinPool.commonPool-worker-1" daemon [_thread_blocked, id=18924, stack(0x00000006cb500000,0x00000006cb600000)]
  0x0000017f9bc9e190 JavaThread "ForkJoinPool.commonPool-worker-2" daemon [_thread_blocked, id=12988, stack(0x00000006cb600000,0x00000006cb700000)]
  0x0000017f9bc97740 JavaThread "ForkJoinPool.commonPool-worker-3" daemon [_thread_blocked, id=17812, stack(0x00000006cb700000,0x00000006cb800000)]
  0x0000017f9bc99ab0 JavaThread "Exec process" daemon [_thread_blocked, id=10168, stack(0x00000006cb800000,0x00000006cb900000)]
  0x0000017f9bc995a0 JavaThread "Exec process Thread 2" daemon [_thread_blocked, id=17160, stack(0x00000006cb900000,0x00000006cba00000)]
  0x0000017f9bc9d770 JavaThread "Exec process Thread 3" daemon [_thread_blocked, id=15632, stack(0x00000006cba00000,0x00000006cbb00000)]
  0x0000017f9bc98b80 JavaThread "included builds" [_thread_blocked, id=15608, stack(0x00000006cbb00000,0x00000006cbc00000)]
  0x0000017f9bc99fc0 JavaThread "Execution worker" [_thread_blocked, id=6812, stack(0x00000006cbc00000,0x00000006cbd00000)]
  0x0000017f9bc9cd50 JavaThread "Execution worker Thread 2" [_thread_blocked, id=16704, stack(0x00000006cbd00000,0x00000006cbe00000)]
  0x0000017f9bc9c840 JavaThread "Execution worker Thread 3" [_thread_blocked, id=6364, stack(0x00000006cbe00000,0x00000006cbf00000)]
  0x0000017f9bc9be20 JavaThread "Cache worker for execution history cache (D:\Dev space\Gemma showcase\SmartMoney\node_modules\@react-native\gradle-plugin\.gradle\8.13\executionHistory)" [_thread_blocked, id=18792, stack(0x00000006cbf00000,0x00000006cc000000)]
  0x0000017f9bc9b910 JavaThread "Unconstrained build operations Thread 16" [_thread_blocked, id=16476, stack(0x00000006cb400000,0x00000006cb500000)]
  0x0000017f9bc9b400 JavaThread "Unconstrained build operations Thread 17" [_thread_blocked, id=14544, stack(0x00000006cc000000,0x00000006cc100000)]
  0x0000017f9bc98160 JavaThread "Unconstrained build operations Thread 18" [_thread_blocked, id=10788, stack(0x00000006cc100000,0x00000006cc200000)]
  0x0000017f9bc9f0c0 JavaThread "Unconstrained build operations Thread 19" [_thread_blocked, id=13708, stack(0x00000006cc200000,0x00000006cc300000)]
  0x0000017f9bc9a4d0 JavaThread "Unconstrained build operations Thread 20" [_thread_blocked, id=5384, stack(0x00000006cc300000,0x00000006cc400000)]
  0x0000017f9bc9d260 JavaThread "Unconstrained build operations Thread 21" [_thread_blocked, id=15508, stack(0x00000006cc400000,0x00000006cc500000)]
  0x0000017f9bc9c330 JavaThread "Unconstrained build operations Thread 22" [_thread_blocked, id=4864, stack(0x00000006cc500000,0x00000006cc600000)]
  0x0000017f9bc9a9e0 JavaThread "Unconstrained build operations Thread 23" [_thread_blocked, id=18920, stack(0x00000006cc600000,0x00000006cc700000)]
  0x0000017f9bc9aef0 JavaThread "Unconstrained build operations Thread 24" [_thread_blocked, id=2016, stack(0x00000006cc700000,0x00000006cc800000)]
  0x0000017f9bc9dc80 JavaThread "Unconstrained build operations Thread 25" [_thread_blocked, id=17452, stack(0x00000006cc800000,0x00000006cc900000)]
  0x0000017f9bc99090 JavaThread "Unconstrained build operations Thread 26" [_thread_blocked, id=5588, stack(0x00000006cc900000,0x00000006cca00000)]
  0x0000017f9bc9e6a0 JavaThread "Unconstrained build operations Thread 27" [_thread_blocked, id=17772, stack(0x00000006cca00000,0x00000006ccb00000)]
  0x0000017f9bc9ebb0 JavaThread "Unconstrained build operations Thread 28" [_thread_blocked, id=16724, stack(0x00000006ccb00000,0x00000006ccc00000)]
  0x0000017f9bc97c50 JavaThread "Unconstrained build operations Thread 29" [_thread_blocked, id=284, stack(0x00000006ccc00000,0x00000006ccd00000)]
  0x0000017f9bc98670 JavaThread "Unconstrained build operations Thread 30" [_thread_blocked, id=10076, stack(0x00000006ccd00000,0x00000006cce00000)]
  0x0000017ffeff4060 JavaThread "Unconstrained build operations Thread 31" [_thread_blocked, id=18800, stack(0x00000006cce00000,0x00000006ccf00000)]
  0x0000017ffeff2c20 JavaThread "Unconstrained build operations Thread 32" [_thread_blocked, id=11116, stack(0x00000006ccf00000,0x00000006cd000000)]
  0x0000017ffeff3130 JavaThread "Unconstrained build operations Thread 33" [_thread_blocked, id=5860, stack(0x00000006cd000000,0x00000006cd100000)]
  0x0000017ffeff3b50 JavaThread "Unconstrained build operations Thread 34" [_thread_blocked, id=19044, stack(0x00000006cd100000,0x00000006cd200000)]
  0x0000017ffeff4a80 JavaThread "Unconstrained build operations Thread 35" [_thread_blocked, id=18868, stack(0x00000006cd200000,0x00000006cd300000)]
  0x0000017ffeff3640 JavaThread "Unconstrained build operations Thread 36" [_thread_blocked, id=18956, stack(0x00000006cd300000,0x00000006cd400000)]
  0x0000017ffeff54a0 JavaThread "Unconstrained build operations Thread 37" [_thread_blocked, id=2580, stack(0x00000006cd400000,0x00000006cd500000)]
  0x0000017ffeff4570 JavaThread "jar transforms Thread 4" [_thread_blocked, id=16596, stack(0x00000006cd500000,0x00000006cd600000)]
  0x0000017ffeff59b0 JavaThread "Unconstrained build operations Thread 38" [_thread_blocked, id=11320, stack(0x00000006cd600000,0x00000006cd700000)]
  0x0000017ffeff5ec0 JavaThread "Unconstrained build operations Thread 39" [_thread_blocked, id=12516, stack(0x00000006cd700000,0x00000006cd800000)]
  0x0000017ffeff63d0 JavaThread "Unconstrained build operations Thread 40" [_thread_blocked, id=4248, stack(0x00000006cd800000,0x00000006cd900000)]
  0x0000017fff432d90 JavaThread "C2 CompilerThread1" daemon [_thread_blocked, id=11652, stack(0x00000006cd900000,0x00000006cda00000)]

Other Threads:
=>0x0000017ff749d670 VMThread "VM Thread" [stack: 0x00000006c7500000,0x00000006c7600000] [id=9568]
  0x0000017ff77954f0 WatcherThread [stack: 0x00000006c8100000,0x00000006c8200000] [id=9096]
  0x0000017fd993b5c0 GCTaskThread "GC Thread#0" [stack: 0x00000006c7000000,0x00000006c7100000] [id=18612]
  0x0000017ff78ffd80 GCTaskThread "GC Thread#1" [stack: 0x00000006c8200000,0x00000006c8300000] [id=17664]
  0x0000017ff7900040 GCTaskThread "GC Thread#2" [stack: 0x00000006c8300000,0x00000006c8400000] [id=7028]
  0x0000017ffce357b0 GCTaskThread "GC Thread#3" [stack: 0x00000006c8500000,0x00000006c8600000] [id=17604]
  0x0000017fd994c420 ConcurrentGCThread "G1 Main Marker" [stack: 0x00000006c7100000,0x00000006c7200000] [id=18992]
  0x0000017fd994ceb0 ConcurrentGCThread "G1 Conc#0" [stack: 0x00000006c7200000,0x00000006c7300000] [id=5380]
  0x0000017fd999eb70 ConcurrentGCThread "G1 Refine#0" [stack: 0x00000006c7300000,0x00000006c7400000] [id=17928]
  0x0000017ffd7778f0 ConcurrentGCThread "G1 Refine#1" [stack: 0x00000006c9a00000,0x00000006c9b00000] [id=15400]
  0x0000017ffe9f78c0 ConcurrentGCThread "G1 Refine#2" [stack: 0x00000006c9b00000,0x00000006c9c00000] [id=476]
  0x0000017ff7354770 ConcurrentGCThread "G1 Service" [stack: 0x00000006c7400000,0x00000006c7500000] [id=17340]

Threads with active compile tasks:

VM state: at safepoint (normal execution)

VM Mutex/Monitor currently owned by a thread:  ([mutex/lock_event])
[0x0000017fd98da690] Threads_lock - owner thread: 0x0000017ff749d670
[0x0000017fd98d9b50] Heap_lock - owner thread: 0x0000017ffc38bdf0

Heap address: 0x0000000080000000, size: 2048 MB, Compressed Oops mode: 32-bit

CDS archive(s) mapped at: [0x0000017f80000000-0x0000017f80bb0000-0x0000017f80bb0000), size 12255232, SharedBaseAddress: 0x0000017f80000000, ArchiveRelocationMode: 1.
Compressed class space mapped at: 0x0000017f81000000-0x0000017f9b000000, reserved size: 436207616
Narrow klass base: 0x0000017f80000000, Narrow klass shift: 0, Narrow klass range: 0x100000000

GC Precious Log:
 CPUs: 4 total, 4 available
 Memory: 8077M
 Large Page Support: Disabled
 NUMA Support: Disabled
 Compressed Oops: Enabled (32-bit)
 Heap Region Size: 1M
 Heap Min Capacity: 8M
 Heap Initial Capacity: 128M
 Heap Max Capacity: 2G
 Pre-touch: Disabled
 Parallel Workers: 4
 Concurrent Workers: 1
 Concurrent Refinement Workers: 4
 Periodic GC: Disabled

Heap:
 garbage-first heap   total 131072K, used 81779K [0x0000000080000000, 0x0000000100000000)
  region size 1024K, 1 young (1024K), 1 survivors (1024K)
 Metaspace       used 74148K, committed 75072K, reserved 491520K
  class space    used 10428K, committed 10880K, reserved 425984K

Heap Regions: E=young(eden), S=young(survivor), O=old, HS=humongous(starts), HC=humongous(continues), CS=collection set, F=free, OA=open archive, CA=closed archive, TAMS=top-at-mark-start (previous, next)
|   0|0x0000000080000000, 0x0000000080100000, 0x0000000080100000|100%|HS|  |TAMS 0x0000000080100000, 0x0000000080000000| Complete 
|   1|0x0000000080100000, 0x0000000080200000, 0x0000000080200000|100%|HC|  |TAMS 0x0000000080200000, 0x0000000080100000| Complete 
|   2|0x0000000080200000, 0x0000000080300000, 0x0000000080300000|100%|HC|  |TAMS 0x0000000080300000, 0x0000000080200000| Complete 
|   3|0x0000000080300000, 0x0000000080400000, 0x0000000080400000|100%| O|  |TAMS 0x0000000080400000, 0x0000000080300000| Untracked 
|   4|0x0000000080400000, 0x0000000080500000, 0x0000000080500000|100%| O|  |TAMS 0x0000000080500000, 0x0000000080400000| Untracked 
|   5|0x0000000080500000, 0x0000000080600000, 0x0000000080600000|100%| O|  |TAMS 0x0000000080600000, 0x0000000080500000| Untracked 
|   6|0x0000000080600000, 0x0000000080700000, 0x0000000080700000|100%| O|  |TAMS 0x0000000080700000, 0x0000000080600000| Untracked 
|   7|0x0000000080700000, 0x0000000080800000, 0x0000000080800000|100%|HS|  |TAMS 0x0000000080800000, 0x0000000080700000| Complete 
|   8|0x0000000080800000, 0x0000000080900000, 0x0000000080900000|100%| O|  |TAMS 0x0000000080900000, 0x0000000080800000| Untracked 
|   9|0x0000000080900000, 0x0000000080a00000, 0x0000000080a00000|100%| O|  |TAMS 0x0000000080a00000, 0x0000000080900000| Untracked 
|  10|0x0000000080a00000, 0x0000000080b00000, 0x0000000080b00000|100%| O|  |TAMS 0x0000000080b00000, 0x0000000080a00000| Untracked 
|  11|0x0000000080b00000, 0x0000000080c00000, 0x0000000080c00000|100%| O|  |TAMS 0x0000000080c00000, 0x0000000080b00000| Untracked 
|  12|0x0000000080c00000, 0x0000000080d00000, 0x0000000080d00000|100%| O|  |TAMS 0x0000000080d00000, 0x0000000080c00000| Untracked 
|  13|0x0000000080d00000, 0x0000000080e00000, 0x0000000080e00000|100%| O|  |TAMS 0x0000000080e00000, 0x0000000080d00000| Untracked 
|  14|0x0000000080e00000, 0x0000000080f00000, 0x0000000080f00000|100%| O|  |TAMS 0x0000000080f00000, 0x0000000080e00000| Untracked 
|  15|0x0000000080f00000, 0x0000000081000000, 0x0000000081000000|100%| O|  |TAMS 0x0000000081000000, 0x0000000080f00000| Untracked 
|  16|0x0000000081000000, 0x0000000081100000, 0x0000000081100000|100%| O|  |TAMS 0x0000000081100000, 0x0000000081000000| Untracked 
|  17|0x0000000081100000, 0x0000000081200000, 0x0000000081200000|100%| O|  |TAMS 0x0000000081200000, 0x0000000081100000| Untracked 
|  18|0x0000000081200000, 0x0000000081300000, 0x0000000081300000|100%| O|  |TAMS 0x0000000081300000, 0x0000000081200000| Untracked 
|  19|0x0000000081300000, 0x0000000081400000, 0x0000000081400000|100%| O|  |TAMS 0x0000000081400000, 0x0000000081300000| Untracked 
|  20|0x0000000081400000, 0x0000000081500000, 0x0000000081500000|100%| O|  |TAMS 0x0000000081500000, 0x0000000081400000| Untracked 
|  21|0x0000000081500000, 0x0000000081600000, 0x0000000081600000|100%| O|  |TAMS 0x0000000081600000, 0x0000000081500000| Untracked 
|  22|0x0000000081600000, 0x0000000081700000, 0x0000000081700000|100%| O|  |TAMS 0x0000000081700000, 0x0000000081600000| Untracked 
|  23|0x0000000081700000, 0x0000000081800000, 0x0000000081800000|100%| O|  |TAMS 0x0000000081800000, 0x0000000081700000| Untracked 
|  24|0x0000000081800000, 0x0000000081900000, 0x0000000081900000|100%| O|  |TAMS 0x0000000081900000, 0x0000000081800000| Untracked 
|  25|0x0000000081900000, 0x0000000081a00000, 0x0000000081a00000|100%| O|  |TAMS 0x0000000081a00000, 0x0000000081900000| Untracked 
|  26|0x0000000081a00000, 0x0000000081b00000, 0x0000000081b00000|100%| O|  |TAMS 0x0000000081b00000, 0x0000000081a00000| Untracked 
|  27|0x0000000081b00000, 0x0000000081c00000, 0x0000000081c00000|100%| O|  |TAMS 0x0000000081c00000, 0x0000000081b00000| Untracked 
|  28|0x0000000081c00000, 0x0000000081d00000, 0x0000000081d00000|100%| O|  |TAMS 0x0000000081d00000, 0x0000000081c00000| Untracked 
|  29|0x0000000081d00000, 0x0000000081e00000, 0x0000000081e00000|100%| O|  |TAMS 0x0000000081e00000, 0x0000000081d00000| Untracked 
|  30|0x0000000081e00000, 0x0000000081f00000, 0x0000000081f00000|100%| O|  |TAMS 0x0000000081f00000, 0x0000000081e00000| Untracked 
|  31|0x0000000081f00000, 0x0000000082000000, 0x0000000082000000|100%| O|  |TAMS 0x0000000082000000, 0x0000000081f00000| Untracked 
|  32|0x0000000082000000, 0x0000000082100000, 0x0000000082100000|100%| O|  |TAMS 0x0000000082100000, 0x0000000082000000| Untracked 
|  33|0x0000000082100000, 0x0000000082200000, 0x0000000082200000|100%| O|  |TAMS 0x0000000082200000, 0x0000000082100000| Untracked 
|  34|0x0000000082200000, 0x0000000082300000, 0x0000000082300000|100%| O|  |TAMS 0x0000000082300000, 0x0000000082200000| Untracked 
|  35|0x0000000082300000, 0x0000000082400000, 0x0000000082400000|100%| O|  |TAMS 0x0000000082300000, 0x0000000082300000| Untracked 
|  36|0x0000000082400000, 0x0000000082500000, 0x0000000082500000|100%| O|  |TAMS 0x0000000082500000, 0x0000000082400000| Untracked 
|  37|0x0000000082500000, 0x0000000082600000, 0x0000000082600000|100%| O|  |TAMS 0x0000000082600000, 0x0000000082500000| Untracked 
|  38|0x0000000082600000, 0x0000000082700000, 0x0000000082700000|100%| O|  |TAMS 0x0000000082700000, 0x0000000082600000| Untracked 
|  39|0x0000000082700000, 0x0000000082800000, 0x0000000082800000|100%| O|  |TAMS 0x0000000082800000, 0x0000000082700000| Untracked 
|  40|0x0000000082800000, 0x0000000082900000, 0x0000000082900000|100%| O|  |TAMS 0x0000000082900000, 0x0000000082800000| Untracked 
|  41|0x0000000082900000, 0x0000000082a00000, 0x0000000082a00000|100%|HS|  |TAMS 0x0000000082a00000, 0x0000000082900000| Complete 
|  42|0x0000000082a00000, 0x0000000082b00000, 0x0000000082b00000|100%|HC|  |TAMS 0x0000000082b00000, 0x0000000082a00000| Complete 
|  43|0x0000000082b00000, 0x0000000082c00000, 0x0000000082c00000|100%|HS|  |TAMS 0x0000000082c00000, 0x0000000082b00000| Complete 
|  44|0x0000000082c00000, 0x0000000082d00000, 0x0000000082d00000|100%|HC|  |TAMS 0x0000000082d00000, 0x0000000082c00000| Complete 
|  45|0x0000000082d00000, 0x0000000082e00000, 0x0000000082e00000|100%|HC|  |TAMS 0x0000000082e00000, 0x0000000082d00000| Complete 
|  46|0x0000000082e00000, 0x0000000082f00000, 0x0000000082f00000|100%|HS|  |TAMS 0x0000000082f00000, 0x0000000082e00000| Complete 
|  47|0x0000000082f00000, 0x0000000083000000, 0x0000000083000000|100%|HC|  |TAMS 0x0000000083000000, 0x0000000082f00000| Complete 
|  48|0x0000000083000000, 0x0000000083100000, 0x0000000083100000|100%| O|  |TAMS 0x0000000083100000, 0x0000000083000000| Untracked 
|  49|0x0000000083100000, 0x0000000083200000, 0x0000000083200000|100%| O|  |TAMS 0x0000000083200000, 0x0000000083100000| Untracked 
|  50|0x0000000083200000, 0x0000000083300000, 0x0000000083300000|100%| O|  |TAMS 0x0000000083300000, 0x0000000083200000| Untracked 
|  51|0x0000000083300000, 0x0000000083400000, 0x0000000083400000|100%| O|  |TAMS 0x0000000083400000, 0x0000000083300000| Untracked 
|  52|0x0000000083400000, 0x0000000083500000, 0x0000000083500000|100%| O|  |TAMS 0x0000000083500000, 0x0000000083400000| Untracked 
|  53|0x0000000083500000, 0x0000000083600000, 0x0000000083600000|100%|HS|  |TAMS 0x0000000083600000, 0x0000000083500000| Complete 
|  54|0x0000000083600000, 0x0000000083700000, 0x0000000083700000|100%|HC|  |TAMS 0x0000000083700000, 0x0000000083600000| Complete 
|  55|0x0000000083700000, 0x0000000083800000, 0x0000000083800000|100%|HC|  |TAMS 0x0000000083800000, 0x0000000083700000| Complete 
|  56|0x0000000083800000, 0x0000000083900000, 0x0000000083900000|100%| O|  |TAMS 0x0000000083900000, 0x0000000083800000| Untracked 
|  57|0x0000000083900000, 0x0000000083a00000, 0x0000000083a00000|100%| O|  |TAMS 0x00000000839be000, 0x0000000083900000| Untracked 
|  58|0x0000000083a00000, 0x0000000083b00000, 0x0000000083b00000|100%| O|  |TAMS 0x0000000083a00000, 0x0000000083a00000| Untracked 
|  59|0x0000000083b00000, 0x0000000083c00000, 0x0000000083c00000|100%| O|  |TAMS 0x0000000083b00000, 0x0000000083b00000| Untracked 
|  60|0x0000000083c00000, 0x0000000083d00000, 0x0000000083d00000|100%| O|  |TAMS 0x0000000083c00000, 0x0000000083c00000| Untracked 
|  61|0x0000000083d00000, 0x0000000083e00000, 0x0000000083e00000|100%| O|  |TAMS 0x0000000083d00000, 0x0000000083d00000| Untracked 
|  62|0x0000000083e00000, 0x0000000083f00000, 0x0000000083f00000|100%| O|  |TAMS 0x0000000083e00000, 0x0000000083e00000| Untracked 
|  63|0x0000000083f00000, 0x0000000084000000, 0x0000000084000000|100%| O|  |TAMS 0x0000000083f00000, 0x0000000083f00000| Untracked 
|  64|0x0000000084000000, 0x0000000084100000, 0x0000000084100000|100%| O|  |TAMS 0x0000000084000000, 0x0000000084000000| Untracked 
|  65|0x0000000084100000, 0x0000000084200000, 0x0000000084200000|100%| O|  |TAMS 0x0000000084100000, 0x0000000084100000| Untracked 
|  66|0x0000000084200000, 0x0000000084300000, 0x0000000084300000|100%| O|  |TAMS 0x0000000084200000, 0x0000000084200000| Untracked 
|  67|0x0000000084300000, 0x0000000084400000, 0x0000000084400000|100%| O|  |TAMS 0x0000000084300000, 0x0000000084300000| Untracked 
|  68|0x0000000084400000, 0x0000000084500000, 0x0000000084500000|100%| O|  |TAMS 0x0000000084400000, 0x0000000084400000| Untracked 
|  69|0x0000000084500000, 0x0000000084600000, 0x0000000084600000|100%| O|  |TAMS 0x0000000084500000, 0x0000000084500000| Untracked 
|  70|0x0000000084600000, 0x0000000084700000, 0x0000000084700000|100%| O|  |TAMS 0x0000000084600000, 0x0000000084600000| Untracked 
|  71|0x0000000084700000, 0x0000000084800000, 0x0000000084800000|100%| O|  |TAMS 0x0000000084700000, 0x0000000084700000| Untracked 
|  72|0x0000000084800000, 0x0000000084900000, 0x0000000084900000|100%| O|  |TAMS 0x0000000084800000, 0x0000000084800000| Untracked 
|  73|0x0000000084900000, 0x0000000084a00000, 0x0000000084a00000|100%| O|  |TAMS 0x0000000084900000, 0x0000000084900000| Untracked 
|  74|0x0000000084a00000, 0x0000000084b00000, 0x0000000084b00000|100%| O|  |TAMS 0x0000000084a00000, 0x0000000084a00000| Untracked 
|  75|0x0000000084b00000, 0x0000000084c00000, 0x0000000084c00000|100%| O|  |TAMS 0x0000000084b00000, 0x0000000084b00000| Untracked 
|  76|0x0000000084c00000, 0x0000000084d00000, 0x0000000084d00000|100%| O|  |TAMS 0x0000000084c00000, 0x0000000084c00000| Untracked 
|  77|0x0000000084d00000, 0x0000000084e00000, 0x0000000084e00000|100%| O|  |TAMS 0x0000000084d00000, 0x0000000084d00000| Untracked 
|  78|0x0000000084e00000, 0x0000000084f00000, 0x0000000084f00000|100%| O|  |TAMS 0x0000000084e00000, 0x0000000084e00000| Untracked 
|  79|0x0000000084f00000, 0x0000000084f25800, 0x0000000085000000| 14%| O|  |TAMS 0x0000000084f00000, 0x0000000084f00000| Untracked 
|  80|0x0000000085000000, 0x0000000085000000, 0x0000000085100000|  0%| F|  |TAMS 0x0000000085000000, 0x0000000085000000| Untracked 
|  81|0x0000000085100000, 0x0000000085100000, 0x0000000085200000|  0%| F|  |TAMS 0x0000000085100000, 0x0000000085100000| Untracked 
|  82|0x0000000085200000, 0x0000000085200000, 0x0000000085300000|  0%| F|  |TAMS 0x0000000085200000, 0x0000000085200000| Untracked 
|  83|0x0000000085300000, 0x0000000085300000, 0x0000000085400000|  0%| F|  |TAMS 0x0000000085300000, 0x0000000085300000| Untracked 
|  84|0x0000000085400000, 0x0000000085400000, 0x0000000085500000|  0%| F|  |TAMS 0x0000000085400000, 0x0000000085400000| Untracked 
|  85|0x0000000085500000, 0x0000000085500000, 0x0000000085600000|  0%| F|  |TAMS 0x0000000085500000, 0x0000000085500000| Untracked 
|  86|0x0000000085600000, 0x0000000085600000, 0x0000000085700000|  0%| F|  |TAMS 0x0000000085600000, 0x0000000085600000| Untracked 
|  87|0x0000000085700000, 0x0000000085700000, 0x0000000085800000|  0%| F|  |TAMS 0x0000000085700000, 0x0000000085700000| Untracked 
|  88|0x0000000085800000, 0x0000000085800000, 0x0000000085900000|  0%| F|  |TAMS 0x0000000085800000, 0x0000000085800000| Untracked 
|  89|0x0000000085900000, 0x0000000085900000, 0x0000000085a00000|  0%| F|  |TAMS 0x0000000085900000, 0x0000000085900000| Untracked 
|  90|0x0000000085a00000, 0x0000000085a00000, 0x0000000085b00000|  0%| F|  |TAMS 0x0000000085a00000, 0x0000000085a00000| Untracked 
|  91|0x0000000085b00000, 0x0000000085b00000, 0x0000000085c00000|  0%| F|  |TAMS 0x0000000085b00000, 0x0000000085b00000| Untracked 
|  92|0x0000000085c00000, 0x0000000085c00000, 0x0000000085d00000|  0%| F|  |TAMS 0x0000000085c00000, 0x0000000085c00000| Untracked 
|  93|0x0000000085d00000, 0x0000000085d00000, 0x0000000085e00000|  0%| F|  |TAMS 0x0000000085d00000, 0x0000000085d00000| Untracked 
|  94|0x0000000085e00000, 0x0000000085e00000, 0x0000000085f00000|  0%| F|  |TAMS 0x0000000085e00000, 0x0000000085e00000| Untracked 
|  95|0x0000000085f00000, 0x0000000085f00000, 0x0000000086000000|  0%| F|  |TAMS 0x0000000085f00000, 0x0000000085f00000| Untracked 
|  96|0x0000000086000000, 0x0000000086000000, 0x0000000086100000|  0%| F|  |TAMS 0x0000000086000000, 0x0000000086000000| Untracked 
|  97|0x0000000086100000, 0x0000000086100000, 0x0000000086200000|  0%| F|  |TAMS 0x0000000086100000, 0x0000000086100000| Untracked 
|  98|0x0000000086200000, 0x00000000862b7688, 0x0000000086300000| 71%| S|CS|TAMS 0x0000000086200000, 0x0000000086200000| Complete 
|  99|0x0000000086300000, 0x0000000086300000, 0x0000000086400000|  0%| F|  |TAMS 0x0000000086300000, 0x0000000086300000| Untracked 
| 100|0x0000000086400000, 0x0000000086400000, 0x0000000086500000|  0%| F|  |TAMS 0x0000000086400000, 0x0000000086400000| Untracked 
| 101|0x0000000086500000, 0x0000000086500000, 0x0000000086600000|  0%| F|  |TAMS 0x0000000086500000, 0x0000000086500000| Untracked 
| 102|0x0000000086600000, 0x0000000086600000, 0x0000000086700000|  0%| F|  |TAMS 0x0000000086600000, 0x0000000086600000| Untracked 
| 103|0x0000000086700000, 0x0000000086700000, 0x0000000086800000|  0%| F|  |TAMS 0x0000000086700000, 0x0000000086700000| Untracked 
| 104|0x0000000086800000, 0x0000000086800000, 0x0000000086900000|  0%| F|  |TAMS 0x0000000086800000, 0x0000000086800000| Untracked 
| 105|0x0000000086900000, 0x0000000086900000, 0x0000000086a00000|  0%| F|  |TAMS 0x0000000086900000, 0x0000000086900000| Untracked 
| 106|0x0000000086a00000, 0x0000000086a00000, 0x0000000086b00000|  0%| F|  |TAMS 0x0000000086a00000, 0x0000000086a00000| Untracked 
| 107|0x0000000086b00000, 0x0000000086b00000, 0x0000000086c00000|  0%| F|  |TAMS 0x0000000086b00000, 0x0000000086b00000| Untracked 
| 108|0x0000000086c00000, 0x0000000086c00000, 0x0000000086d00000|  0%| F|  |TAMS 0x0000000086c00000, 0x0000000086c00000| Untracked 
| 109|0x0000000086d00000, 0x0000000086d00000, 0x0000000086e00000|  0%| F|  |TAMS 0x0000000086d00000, 0x0000000086d00000| Untracked 
| 110|0x0000000086e00000, 0x0000000086e00000, 0x0000000086f00000|  0%| F|  |TAMS 0x0000000086e00000, 0x0000000086e00000| Untracked 
| 111|0x0000000086f00000, 0x0000000086f00000, 0x0000000087000000|  0%| F|  |TAMS 0x0000000086f00000, 0x0000000086f00000| Untracked 
| 112|0x0000000087000000, 0x0000000087000000, 0x0000000087100000|  0%| F|  |TAMS 0x0000000087000000, 0x0000000087000000| Untracked 
| 113|0x0000000087100000, 0x0000000087100000, 0x0000000087200000|  0%| F|  |TAMS 0x0000000087100000, 0x0000000087100000| Untracked 
| 114|0x0000000087200000, 0x0000000087200000, 0x0000000087300000|  0%| F|  |TAMS 0x0000000087200000, 0x0000000087200000| Untracked 
| 115|0x0000000087300000, 0x0000000087300000, 0x0000000087400000|  0%| F|  |TAMS 0x0000000087300000, 0x0000000087300000| Untracked 
| 116|0x0000000087400000, 0x0000000087400000, 0x0000000087500000|  0%| F|  |TAMS 0x0000000087400000, 0x0000000087400000| Untracked 
| 117|0x0000000087500000, 0x0000000087500000, 0x0000000087600000|  0%| F|  |TAMS 0x0000000087500000, 0x0000000087500000| Untracked 
| 118|0x0000000087600000, 0x0000000087600000, 0x0000000087700000|  0%| F|  |TAMS 0x0000000087600000, 0x0000000087600000| Untracked 
| 119|0x0000000087700000, 0x0000000087700000, 0x0000000087800000|  0%| F|  |TAMS 0x0000000087700000, 0x0000000087700000| Untracked 
| 120|0x0000000087800000, 0x0000000087800000, 0x0000000087900000|  0%| F|  |TAMS 0x0000000087800000, 0x0000000087800000| Untracked 
| 121|0x0000000087900000, 0x0000000087900000, 0x0000000087a00000|  0%| F|  |TAMS 0x0000000087900000, 0x0000000087900000| Untracked 
| 122|0x0000000087a00000, 0x0000000087a00000, 0x0000000087b00000|  0%| F|  |TAMS 0x0000000087a00000, 0x0000000087a00000| Untracked 
| 123|0x0000000087b00000, 0x0000000087b00000, 0x0000000087c00000|  0%| F|  |TAMS 0x0000000087b00000, 0x0000000087b00000| Untracked 
| 124|0x0000000087c00000, 0x0000000087c00000, 0x0000000087d00000|  0%| F|  |TAMS 0x0000000087c00000, 0x0000000087c00000| Untracked 
| 125|0x0000000087d00000, 0x0000000087d00000, 0x0000000087e00000|  0%| F|  |TAMS 0x0000000087d00000, 0x0000000087d00000| Untracked 
| 126|0x0000000087e00000, 0x0000000087e00000, 0x0000000087f00000|  0%| F|  |TAMS 0x0000000087e00000, 0x0000000087e00000| Untracked 
| 127|0x0000000087f00000, 0x0000000087f00000, 0x0000000088000000|  0%| F|  |TAMS 0x0000000087f00000, 0x0000000087f00000| Untracked 

Card table byte_map: [0x0000017ff0800000,0x0000017ff0c00000] _byte_map_base: 0x0000017ff0400000

Marking Bits (Prev, Next): (CMBitMap*) 0x0000017fd993bb30, (CMBitMap*) 0x0000017fd993baf0
 Prev Bits: [0x0000017ff3000000, 0x0000017ff5000000)
 Next Bits: [0x0000017ff1000000, 0x0000017ff3000000)

Polling page: 0x0000017fd78b0000

Metaspace:

Usage:
  Non-class:     62.23 MB used.
      Class:     10.18 MB used.
       Both:     72.41 MB used.

Virtual space:
  Non-class space:       64.00 MB reserved,      62.69 MB ( 98%) committed,  1 nodes.
      Class space:      416.00 MB reserved,      10.62 MB (  3%) committed,  1 nodes.
             Both:      480.00 MB reserved,      73.31 MB ( 15%) committed. 

Chunk freelists:
   Non-Class:  1.34 MB
       Class:  5.29 MB
        Both:  6.63 MB

MaxMetaspaceSize: 512.00 MB
CompressedClassSpaceSize: 416.00 MB
Initial GC threshold: 21.00 MB
Current GC threshold: 109.19 MB
CDS: on
MetaspaceReclaimPolicy: balanced
 - commit_granule_bytes: 65536.
 - commit_granule_words: 8192.
 - virtual_space_node_default_size: 8388608.
 - enlarge_chunks_in_place: 1.
 - new_chunks_are_fully_committed: 0.
 - uncommit_free_chunks: 1.
 - use_allocation_guard: 0.
 - handle_deallocations: 1.


Internal statistics:

num_allocs_failed_limit: 6.
num_arena_births: 1138.
num_arena_deaths: 0.
num_vsnodes_births: 2.
num_vsnodes_deaths: 0.
num_space_committed: 1173.
num_space_uncommitted: 0.
num_chunks_returned_to_freelist: 6.
num_chunks_taken_from_freelist: 4480.
num_chunk_merges: 6.
num_chunk_splits: 2819.
num_chunks_enlarged: 1721.
num_inconsistent_stats: 0.

CodeHeap 'non-profiled nmethods': size=120000Kb used=5347Kb max_used=5815Kb free=114653Kb
 bounds [0x0000017fe8ed0000, 0x0000017fe9480000, 0x0000017ff0400000]
CodeHeap 'profiled nmethods': size=120000Kb used=18086Kb max_used=20510Kb free=101913Kb
 bounds [0x0000017fe1400000, 0x0000017fe2810000, 0x0000017fe8930000]
CodeHeap 'non-nmethods': size=5760Kb used=2381Kb max_used=2473Kb free=3378Kb
 bounds [0x0000017fe8930000, 0x0000017fe8bb0000, 0x0000017fe8ed0000]
 total_blobs=10416 nmethods=9500 adapters=828
 compilation: enabled
              stopped_count=0, restarted_count=0
 full_count=0

Compilation events (20 events):
Event: 58.797 Thread 0x0000017ff74c6900 nmethod 11133 0x0000017fe9034510 code [0x0000017fe9034680, 0x0000017fe90346f8]
Event: 58.802 Thread 0x0000017ff74c6900 11135   !   4       sun.nio.fs.WindowsDirectoryStream$WindowsDirectoryIterator::readNextEntry (192 bytes)
Event: 58.811 Thread 0x0000017fff432d90 nmethod 11129 0x0000017fe93e4b90 code [0x0000017fe93e4e00, 0x0000017fe93e5860]
Event: 58.811 Thread 0x0000017fff432d90 11136  s    4       sun.nio.fs.WindowsDirectoryStream$WindowsDirectoryIterator::hasNext (35 bytes)
Event: 58.834 Thread 0x0000017ff74c7210 11139   !   3       sun.nio.ch.FileChannelImpl::size (239 bytes)
Event: 58.836 Thread 0x0000017ff74c7210 nmethod 11139 0x0000017fe16a0690 code [0x0000017fe16a0960, 0x0000017fe16a18b8]
Event: 58.848 Thread 0x0000017ff74c7210 11141       3       sun.nio.ch.FileDispatcherImpl::seek (6 bytes)
Event: 58.848 Thread 0x0000017ff74c7210 nmethod 11141 0x0000017fe1417910 code [0x0000017fe1417aa0, 0x0000017fe1417be8]
Event: 58.848 Thread 0x0000017ff74c6900 nmethod 11135 0x0000017fe9314910 code [0x0000017fe9314b40, 0x0000017fe9316468]
Event: 58.849 Thread 0x0000017ff74c6900 11137       4       org.gradle.cache.internal.CrossProcessSynchronizingIndexedCache::getIfPresent (17 bytes)
Event: 58.864 Thread 0x0000017ff74c6900 nmethod 11137 0x0000017fe911b190 code [0x0000017fe911b3a0, 0x0000017fe911bb50]
Event: 58.864 Thread 0x0000017ff74c6900 11138   !   4       org.gradle.cache.internal.LockOnDemandCrossProcessCacheAccess::withFileLock (24 bytes)
Event: 58.865 Thread 0x0000017fff432d90 nmethod 11136 0x0000017fe9290610 code [0x0000017fe9290840, 0x0000017fe92924a8]
Event: 58.865 Thread 0x0000017fff432d90 11142       4       org.gradle.internal.logging.sink.OutputEventListenerManager$1::onOutput (33 bytes)
Event: 58.870 Thread 0x0000017ff74c7210 11143       3       org.gradle.internal.component.external.model.DefaultModuleComponentIdentifier::getDisplayName (87 bytes)
Event: 58.871 Thread 0x0000017ff74c7210 nmethod 11143 0x0000017fe140cf10 code [0x0000017fe140d1c0, 0x0000017fe140dcd8]
Event: 58.871 Thread 0x0000017fff432d90 nmethod 11142 0x0000017fe9088a10 code [0x0000017fe9088be0, 0x0000017fe9088f68]
Event: 58.876 Thread 0x0000017ff74c6900 nmethod 11138 0x0000017fe90e1a10 code [0x0000017fe90e1c00, 0x0000017fe90e22f0]
Event: 58.877 Thread 0x0000017ff74c7210 11144   !   3       java.util.concurrent.ConcurrentHashMap::computeIfAbsent (576 bytes)
Event: 58.880 Thread 0x0000017ff74c7210 nmethod 11144 0x0000017fe1523190 code [0x0000017fe15235a0, 0x0000017fe1525978]

GC Heap History (20 events):
Event: 48.143 GC heap after
{Heap after GC invocations=29 (full 0):
 garbage-first heap   total 96256K, used 61608K [0x0000000080000000, 0x0000000100000000)
  region size 1024K, 3 young (3072K), 3 survivors (3072K)
 Metaspace       used 65394K, committed 66112K, reserved 491520K
  class space    used 9245K, committed 9600K, reserved 425984K
}
Event: 49.407 GC heap before
{Heap before GC invocations=29 (full 0):
 garbage-first heap   total 96256K, used 81064K [0x0000000080000000, 0x0000000100000000)
  region size 1024K, 22 young (22528K), 3 survivors (3072K)
 Metaspace       used 66174K, committed 67008K, reserved 491520K
  class space    used 9329K, committed 9728K, reserved 425984K
}
Event: 49.415 GC heap after
{Heap after GC invocations=30 (full 0):
 garbage-first heap   total 96256K, used 63766K [0x0000000080000000, 0x0000000100000000)
  region size 1024K, 3 young (3072K), 3 survivors (3072K)
 Metaspace       used 66174K, committed 67008K, reserved 491520K
  class space    used 9329K, committed 9728K, reserved 425984K
}
Event: 49.861 GC heap before
{Heap before GC invocations=31 (full 0):
 garbage-first heap   total 117760K, used 77078K [0x0000000080000000, 0x0000000100000000)
  region size 1024K, 17 young (17408K), 3 survivors (3072K)
 Metaspace       used 66738K, committed 67584K, reserved 491520K
  class space    used 9396K, committed 9792K, reserved 425984K
}
Event: 49.868 GC heap after
{Heap after GC invocations=32 (full 0):
 garbage-first heap   total 117760K, used 65052K [0x0000000080000000, 0x0000000100000000)
  region size 1024K, 2 young (2048K), 2 survivors (2048K)
 Metaspace       used 66738K, committed 67584K, reserved 491520K
  class space    used 9396K, committed 9792K, reserved 425984K
}
Event: 49.954 GC heap before
{Heap before GC invocations=32 (full 0):
 garbage-first heap   total 117760K, used 68124K [0x0000000080000000, 0x0000000100000000)
  region size 1024K, 5 young (5120K), 2 survivors (2048K)
 Metaspace       used 66949K, committed 67776K, reserved 491520K
  class space    used 9430K, committed 9792K, reserved 425984K
}
Event: 49.957 GC heap after
{Heap after GC invocations=33 (full 0):
 garbage-first heap   total 117760K, used 64234K [0x0000000080000000, 0x0000000100000000)
  region size 1024K, 1 young (1024K), 1 survivors (1024K)
 Metaspace       used 66949K, committed 67776K, reserved 491520K
  class space    used 9430K, committed 9792K, reserved 425984K
}
Event: 51.852 GC heap before
{Heap before GC invocations=33 (full 0):
 garbage-first heap   total 117760K, used 92906K [0x0000000080000000, 0x0000000100000000)
  region size 1024K, 30 young (30720K), 1 survivors (1024K)
 Metaspace       used 69132K, committed 69952K, reserved 491520K
  class space    used 9728K, committed 10112K, reserved 425984K
}
Event: 51.857 GC heap after
{Heap after GC invocations=34 (full 0):
 garbage-first heap   total 117760K, used 66057K [0x0000000080000000, 0x0000000100000000)
  region size 1024K, 3 young (3072K), 3 survivors (3072K)
 Metaspace       used 69132K, committed 69952K, reserved 491520K
  class space    used 9728K, committed 10112K, reserved 425984K
}
Event: 53.147 GC heap before
{Heap before GC invocations=34 (full 0):
 garbage-first heap   total 117760K, used 93705K [0x0000000080000000, 0x0000000100000000)
  region size 1024K, 31 young (31744K), 3 survivors (3072K)
 Metaspace       used 71488K, committed 72256K, reserved 491520K
  class space    used 10139K, committed 10496K, reserved 425984K
}
Event: 53.157 GC heap after
{Heap after GC invocations=35 (full 0):
 garbage-first heap   total 117760K, used 69556K [0x0000000080000000, 0x0000000100000000)
  region size 1024K, 4 young (4096K), 4 survivors (4096K)
 Metaspace       used 71488K, committed 72256K, reserved 491520K
  class space    used 10139K, committed 10496K, reserved 425984K
}
Event: 54.180 GC heap before
{Heap before GC invocations=35 (full 0):
 garbage-first heap   total 117760K, used 95156K [0x0000000080000000, 0x0000000100000000)
  region size 1024K, 30 young (30720K), 4 survivors (4096K)
 Metaspace       used 72517K, committed 73472K, reserved 491520K
  class space    used 10283K, committed 10752K, reserved 425984K
}
Event: 54.195 GC heap after
{Heap after GC invocations=36 (full 0):
 garbage-first heap   total 117760K, used 73570K [0x0000000080000000, 0x0000000100000000)
  region size 1024K, 4 young (4096K), 4 survivors (4096K)
 Metaspace       used 72517K, committed 73472K, reserved 491520K
  class space    used 10283K, committed 10752K, reserved 425984K
}
Event: 55.205 GC heap before
{Heap before GC invocations=36 (full 0):
 garbage-first heap   total 117760K, used 96098K [0x0000000080000000, 0x0000000100000000)
  region size 1024K, 27 young (27648K), 4 survivors (4096K)
 Metaspace       used 73585K, committed 74560K, reserved 491520K
  class space    used 10424K, committed 10880K, reserved 425984K
}
Event: 55.212 GC heap after
{Heap after GC invocations=37 (full 0):
 garbage-first heap   total 117760K, used 75190K [0x0000000080000000, 0x0000000100000000)
  region size 1024K, 3 young (3072K), 3 survivors (3072K)
 Metaspace       used 73585K, committed 74560K, reserved 491520K
  class space    used 10424K, committed 10880K, reserved 425984K
}
Event: 58.250 GC heap before
{Heap before GC invocations=37 (full 0):
 garbage-first heap   total 117760K, used 96694K [0x0000000080000000, 0x0000000100000000)
  region size 1024K, 24 young (24576K), 3 survivors (3072K)
 Metaspace       used 74026K, committed 74944K, reserved 491520K
  class space    used 10428K, committed 10880K, reserved 425984K
}
Event: 58.259 GC heap after
{Heap after GC invocations=38 (full 0):
 garbage-first heap   total 117760K, used 78848K [0x0000000080000000, 0x0000000100000000)
  region size 1024K, 3 young (3072K), 3 survivors (3072K)
 Metaspace       used 74026K, committed 74944K, reserved 491520K
  class space    used 10428K, committed 10880K, reserved 425984K
}
Event: 58.555 GC heap before
{Heap before GC invocations=38 (full 0):
 garbage-first heap   total 117760K, used 96256K [0x0000000080000000, 0x0000000100000000)
  region size 1024K, 21 young (21504K), 3 survivors (3072K)
 Metaspace       used 74111K, committed 75008K, reserved 491520K
  class space    used 10428K, committed 10880K, reserved 425984K
}
Event: 58.562 GC heap after
{Heap after GC invocations=39 (full 0):
 garbage-first heap   total 117760K, used 81175K [0x0000000080000000, 0x0000000100000000)
  region size 1024K, 2 young (2048K), 2 survivors (2048K)
 Metaspace       used 74111K, committed 75008K, reserved 491520K
  class space    used 10428K, committed 10880K, reserved 425984K
}
Event: 58.881 GC heap before
{Heap before GC invocations=39 (full 0):
 garbage-first heap   total 117760K, used 96535K [0x0000000080000000, 0x0000000100000000)
  region size 1024K, 18 young (18432K), 2 survivors (2048K)
 Metaspace       used 74148K, committed 75072K, reserved 491520K
  class space    used 10428K, committed 10880K, reserved 425984K
}

Dll operation events (15 events):
Event: 0.029 Loaded shared library C:\Program Files\Microsoft\jdk-17.0.10.7-hotspot\bin\java.dll
Event: 0.085 Loaded shared library C:\Program Files\Microsoft\jdk-17.0.10.7-hotspot\bin\jsvml.dll
Event: 0.254 Loaded shared library C:\Program Files\Microsoft\jdk-17.0.10.7-hotspot\bin\zip.dll
Event: 0.259 Loaded shared library C:\Program Files\Microsoft\jdk-17.0.10.7-hotspot\bin\instrument.dll
Event: 0.273 Loaded shared library C:\Program Files\Microsoft\jdk-17.0.10.7-hotspot\bin\net.dll
Event: 0.275 Loaded shared library C:\Program Files\Microsoft\jdk-17.0.10.7-hotspot\bin\nio.dll
Event: 0.293 Loaded shared library C:\Program Files\Microsoft\jdk-17.0.10.7-hotspot\bin\zip.dll
Event: 0.935 Loaded shared library C:\Program Files\Microsoft\jdk-17.0.10.7-hotspot\bin\jimage.dll
Event: 1.493 Loaded shared library C:\Program Files\Microsoft\jdk-17.0.10.7-hotspot\bin\verify.dll
Event: 1.717 Loaded shared library C:\Users\PAVILION\.gradle\native\1def1411415f61bf3af743bc5b6707747c0891f09f0c88961ee8f79bc544acac\windows-amd64\native-platform.dll
Event: 1.742 Loaded shared library C:\Users\PAVILION\.gradle\native\0.2.7\x86_64-windows-gnu\gradle-fileevents.dll
Event: 5.879 Loaded shared library C:\Program Files\Microsoft\jdk-17.0.10.7-hotspot\bin\management.dll
Event: 5.882 Loaded shared library C:\Program Files\Microsoft\jdk-17.0.10.7-hotspot\bin\management_ext.dll
Event: 6.506 Loaded shared library C:\Program Files\Microsoft\jdk-17.0.10.7-hotspot\bin\extnet.dll
Event: 7.635 Loaded shared library C:\Program Files\Microsoft\jdk-17.0.10.7-hotspot\bin\sunmscapi.dll

Deoptimization events (20 events):
Event: 58.739 Thread 0x0000017ffcb78230 Uncommon trap: trap_request=0xffffff45 fr.pc=0x0000017fe8fa9530 relative=0x00000000000012d0
Event: 58.739 Thread 0x0000017ffcb78230 Uncommon trap: reason=unstable_if action=reinterpret pc=0x0000017fe8fa9530 method=java.util.concurrent.ConcurrentHashMap.transfer([Ljava/util/concurrent/ConcurrentHashMap$Node;[Ljava/util/concurrent/ConcurrentHashMap$Node;)V @ 273 c2
Event: 58.739 Thread 0x0000017ffcb78230 DEOPT PACKING pc=0x0000017fe8fa9530 sp=0x00000006cacfdf90
Event: 58.739 Thread 0x0000017ffcb78230 DEOPT UNPACKING pc=0x0000017fe89869a3 sp=0x00000006cacfdf18 mode 2
Event: 58.740 Thread 0x0000017ffe09c7d0 Uncommon trap: trap_request=0xffffffde fr.pc=0x0000017fe90320b8 relative=0x0000000000000298
Event: 58.741 Thread 0x0000017ffe09c7d0 Uncommon trap: reason=class_check action=maybe_recompile pc=0x0000017fe90320b8 method=java.util.concurrent.ConcurrentHashMap.get(Ljava/lang/Object;)Ljava/lang/Object; @ 93 c2
Event: 58.741 Thread 0x0000017ffe09c7d0 DEOPT PACKING pc=0x0000017fe90320b8 sp=0x00000006cadfde00
Event: 58.741 Thread 0x0000017ffe09c7d0 DEOPT UNPACKING pc=0x0000017fe89869a3 sp=0x00000006cadfdd58 mode 2
Event: 58.743 Thread 0x0000017ffe09c7d0 Uncommon trap: trap_request=0xffffffde fr.pc=0x0000017fe90320b8 relative=0x0000000000000298
Event: 58.743 Thread 0x0000017ffe09c7d0 Uncommon trap: reason=class_check action=maybe_recompile pc=0x0000017fe90320b8 method=java.util.concurrent.ConcurrentHashMap.get(Ljava/lang/Object;)Ljava/lang/Object; @ 93 c2
Event: 58.743 Thread 0x0000017ffe09c7d0 DEOPT PACKING pc=0x0000017fe90320b8 sp=0x00000006cadfde00
Event: 58.743 Thread 0x0000017ffe09c7d0 DEOPT UNPACKING pc=0x0000017fe89869a3 sp=0x00000006cadfdd58 mode 2
Event: 58.743 Thread 0x0000017ffe09c7d0 Uncommon trap: trap_request=0xffffffde fr.pc=0x0000017fe90320b8 relative=0x0000000000000298
Event: 58.743 Thread 0x0000017ffe09c7d0 Uncommon trap: reason=class_check action=maybe_recompile pc=0x0000017fe90320b8 method=java.util.concurrent.ConcurrentHashMap.get(Ljava/lang/Object;)Ljava/lang/Object; @ 93 c2
Event: 58.743 Thread 0x0000017ffe09c7d0 DEOPT PACKING pc=0x0000017fe90320b8 sp=0x00000006cadfde00
Event: 58.743 Thread 0x0000017ffe09c7d0 DEOPT UNPACKING pc=0x0000017fe89869a3 sp=0x00000006cadfdd58 mode 2
Event: 58.744 Thread 0x0000017ffc38bdf0 Uncommon trap: trap_request=0xffffff45 fr.pc=0x0000017fe8fc4248 relative=0x0000000000001368
Event: 58.744 Thread 0x0000017ffc38bdf0 Uncommon trap: reason=unstable_if action=reinterpret pc=0x0000017fe8fc4248 method=java.util.concurrent.ConcurrentHashMap.transfer([Ljava/util/concurrent/ConcurrentHashMap$Node;[Ljava/util/concurrent/ConcurrentHashMap$Node;)V @ 347 c2
Event: 58.744 Thread 0x0000017ffc38bdf0 DEOPT PACKING pc=0x0000017fe8fc4248 sp=0x00000006c8bf7710
Event: 58.744 Thread 0x0000017ffc38bdf0 DEOPT UNPACKING pc=0x0000017fe89869a3 sp=0x00000006c8bf7690 mode 2

Classes unloaded (0 events):
No events

Classes redefined (0 events):
No events

Internal exceptions (20 events):
Event: 54.604 Thread 0x0000017ffc38bdf0 Exception <a 'java/lang/ClassNotFoundException'{0x0000000086261bd8}: org/gradle/api/internal/DefaultNamedDomainObjectCollectionBeanInfo> (0x0000000086261bd8) 
thrown [s\src\hotspot\share\classfile\systemDictionary.cpp, line 256]
Event: 54.606 Thread 0x0000017ffc38bdf0 Exception <a 'java/lang/ClassNotFoundException'{0x0000000086277b58}: org/gradle/api/internal/DefaultDomainObjectCollectionBeanInfo> (0x0000000086277b58) 
thrown [s\src\hotspot\share\classfile\systemDictionary.cpp, line 256]
Event: 54.606 Thread 0x0000017ffc38bdf0 Exception <a 'java/lang/ClassNotFoundException'{0x000000008627f940}: java/util/AbstractCollectionBeanInfo> (0x000000008627f940) 
thrown [s\src\hotspot\share\classfile\systemDictionary.cpp, line 256]
Event: 54.606 Thread 0x0000017ffc38bdf0 Exception <a 'java/lang/ClassNotFoundException'{0x0000000086287970}: java/util/AbstractCollectionCustomizer> (0x0000000086287970) 
thrown [s\src\hotspot\share\classfile\systemDictionary.cpp, line 256]
Event: 54.608 Thread 0x0000017ffc38bdf0 Exception <a 'java/lang/ClassNotFoundException'{0x00000000862a74c8}: org/gradle/api/internal/DefaultDomainObjectCollectionCustomizer> (0x00000000862a74c8) 
thrown [s\src\hotspot\share\classfile\systemDictionary.cpp, line 256]
Event: 54.612 Thread 0x0000017ffc38bdf0 Exception <a 'java/lang/ClassNotFoundException'{0x00000000862dcec0}: org/gradle/api/internal/DefaultNamedDomainObjectCollectionCustomizer> (0x00000000862dcec0) 
thrown [s\src\hotspot\share\classfile\systemDictionary.cpp, line 256]
Event: 54.615 Thread 0x0000017ffc38bdf0 Exception <a 'java/lang/ClassNotFoundException'{0x000000008611c598}: org/gradle/api/internal/DefaultNamedDomainObjectListCustomizer> (0x000000008611c598) 
thrown [s\src\hotspot\share\classfile\systemDictionary.cpp, line 256]
Event: 54.620 Thread 0x0000017ffc38bdf0 Exception <a 'java/lang/ClassNotFoundException'{0x00000000861520a0}: org/gradle/api/internal/artifacts/DefaultArtifactRepositoryContainerCustomizer> (0x00000000861520a0) 
thrown [s\src\hotspot\share\classfile\systemDictionary.cpp, line 256]
Event: 54.622 Thread 0x0000017ffc38bdf0 Exception <a 'java/lang/ClassNotFoundException'{0x000000008617bff0}: org/gradle/api/internal/artifacts/dsl/DefaultRepositoryHandlerCustomizer> (0x000000008617bff0) 
thrown [s\src\hotspot\share\classfile\systemDictionary.cpp, line 256]
Event: 54.625 Thread 0x0000017ffc38bdf0 Exception <a 'java/lang/ClassNotFoundException'{0x00000000861b44e8}: org/gradle/api/internal/artifacts/dsl/DefaultRepositoryHandler_DecoratedCustomizer> (0x00000000861b44e8) 
thrown [s\src\hotspot\share\classfile\systemDictionary.cpp, line 256]
Event: 54.644 Thread 0x0000017ffc38bdf0 Exception <a 'java/lang/ClassNotFoundException'{0x00000000860619a8}: org/gradle/api/internal/artifacts/dsl/dependencies/DefaultDependencyHandler_DecoratedBeanInfo> (0x00000000860619a8) 
thrown [s\src\hotspot\share\classfile\systemDictionary.cpp, line 256]
Event: 54.645 Thread 0x0000017ffc38bdf0 Exception <a 'java/lang/ClassNotFoundException'{0x0000000086079628}: org/gradle/api/internal/artifacts/dsl/dependencies/DefaultDependencyHandlerBeanInfo> (0x0000000086079628) 
thrown [s\src\hotspot\share\classfile\systemDictionary.cpp, line 256]
Event: 54.647 Thread 0x0000017ffc38bdf0 Exception <a 'java/lang/ClassNotFoundException'{0x0000000086090a10}: org/gradle/api/internal/artifacts/dsl/dependencies/DefaultDependencyHandlerCustomizer> (0x0000000086090a10) 
thrown [s\src\hotspot\share\classfile\systemDictionary.cpp, line 256]
Event: 54.650 Thread 0x0000017ffc38bdf0 Exception <a 'java/lang/ClassNotFoundException'{0x00000000860d0590}: org/gradle/api/internal/artifacts/dsl/dependencies/DefaultDependencyHandler_DecoratedCustomizer> (0x00000000860d0590) 
thrown [s\src\hotspot\share\classfile\systemDictionary.cpp, line 256]
Event: 58.188 Thread 0x0000017f9bc9c840 Exception <a 'sun/nio/fs/WindowsException'{0x0000000086cf4488}> (0x0000000086cf4488) 
thrown [s\src\hotspot\share\prims\jni.cpp, line 516]
Event: 58.189 Thread 0x0000017f9bc9c840 Exception <a 'sun/nio/fs/WindowsException'{0x0000000086cf6cc8}> (0x0000000086cf6cc8) 
thrown [s\src\hotspot\share\prims\jni.cpp, line 516]
Event: 58.189 Thread 0x0000017f9bc9c840 Exception <a 'sun/nio/fs/WindowsException'{0x0000000086cf92c8}> (0x0000000086cf92c8) 
thrown [s\src\hotspot\share\prims\jni.cpp, line 516]
Event: 58.189 Thread 0x0000017f9bc9c840 Exception <a 'sun/nio/fs/WindowsException'{0x0000000086065400}> (0x0000000086065400) 
thrown [s\src\hotspot\share\prims\jni.cpp, line 516]
Event: 58.412 Thread 0x0000017ffcb77810 Implicit null exception at 0x0000017fe9461b8a to 0x0000017fe94622f4
Event: 58.412 Thread 0x0000017ffcb74f90 Implicit null exception at 0x0000017fe9461b8a to 0x0000017fe94622f4

VM Operations (20 events):
Event: 56.217 Executing VM operation: Cleanup done
Event: 57.225 Executing VM operation: Cleanup
Event: 57.225 Executing VM operation: Cleanup done
Event: 57.750 Executing VM operation: ICBufferFull
Event: 57.750 Executing VM operation: ICBufferFull done
Event: 58.222 Executing VM operation: ICBufferFull
Event: 58.223 Executing VM operation: ICBufferFull done
Event: 58.250 Executing VM operation: G1CollectForAllocation
Event: 58.259 Executing VM operation: G1CollectForAllocation done
Event: 58.555 Executing VM operation: G1CollectForAllocation
Event: 58.562 Executing VM operation: G1CollectForAllocation done
Event: 58.566 Executing VM operation: HandshakeAllThreads
Event: 58.566 Executing VM operation: HandshakeAllThreads done
Event: 58.773 Executing VM operation: HandshakeAllThreads
Event: 58.774 Executing VM operation: HandshakeAllThreads done
Event: 58.797 Executing VM operation: HandshakeAllThreads
Event: 58.797 Executing VM operation: HandshakeAllThreads done
Event: 58.851 Executing VM operation: ICBufferFull
Event: 58.851 Executing VM operation: ICBufferFull done
Event: 58.881 Executing VM operation: G1CollectForAllocation

Events (20 events):
Event: 58.812 Thread 0x0000017ff7638070 flushing nmethod 0x0000017fe2274310
Event: 58.812 Thread 0x0000017ff7638070 flushing nmethod 0x0000017fe2276e10
Event: 58.812 Thread 0x0000017ff7638070 flushing nmethod 0x0000017fe22f5890
Event: 58.812 Thread 0x0000017ff7638070 flushing nmethod 0x0000017fe2304f10
Event: 58.812 Thread 0x0000017ff7638070 flushing nmethod 0x0000017fe230ac10
Event: 58.813 Thread 0x0000017ff7638070 flushing nmethod 0x0000017fe239dc10
Event: 58.813 Thread 0x0000017ff7638070 flushing nmethod 0x0000017fe23a1290
Event: 58.813 Thread 0x0000017ff7638070 flushing nmethod 0x0000017fe23f1e90
Event: 58.813 Thread 0x0000017ff7638070 flushing nmethod 0x0000017fe241b210
Event: 58.813 Thread 0x0000017ff7638070 flushing nmethod 0x0000017fe242fe10
Event: 58.813 Thread 0x0000017ff7638070 flushing nmethod 0x0000017fe2438990
Event: 58.813 Thread 0x0000017ff7638070 flushing nmethod 0x0000017fe2446d10
Event: 58.813 Thread 0x0000017ff7638070 flushing nmethod 0x0000017fe2449890
Event: 58.813 Thread 0x0000017ff7638070 flushing nmethod 0x0000017fe2451c90
Event: 58.813 Thread 0x0000017ff7638070 flushing nmethod 0x0000017fe2495a10
Event: 58.814 Thread 0x0000017ff7638070 flushing nmethod 0x0000017fe2586f90
Event: 58.814 Thread 0x0000017ff7638070 flushing nmethod 0x0000017fe2589890
Event: 58.814 Thread 0x0000017ff7638070 flushing nmethod 0x0000017fe258c610
Event: 58.815 Thread 0x0000017ff7638070 flushing nmethod 0x0000017fe268f310
Event: 58.815 Thread 0x0000017ff7638070 flushing nmethod 0x0000017fe26ebe10


Dynamic libraries:
0x00007ff7179b0000 - 0x00007ff7179be000 	C:\Program Files\Microsoft\jdk-17.0.10.7-hotspot\bin\java.exe
0x00007ffcd13c0000 - 0x00007ffcd15c9000 	C:\Windows\SYSTEM32\ntdll.dll
0x00007ffccf4b0000 - 0x00007ffccf56e000 	C:\Windows\System32\KERNEL32.DLL
0x00007ffccede0000 - 0x00007ffccf164000 	C:\Windows\System32\KERNELBASE.dll
0x00007ffcce850000 - 0x00007ffcce961000 	C:\Windows\System32\ucrtbase.dll
0x00007ffcacfd0000 - 0x00007ffcacfe7000 	C:\Program Files\Microsoft\jdk-17.0.10.7-hotspot\bin\jli.dll
0x00007ffcd0d20000 - 0x00007ffcd0ecd000 	C:\Windows\System32\USER32.dll
0x00007ffccf170000 - 0x00007ffccf196000 	C:\Windows\System32\win32u.dll
0x00007ffccf8f0000 - 0x00007ffccf91a000 	C:\Windows\System32\GDI32.dll
0x00007ffcce9f0000 - 0x00007ffcceb0f000 	C:\Windows\System32\gdi32full.dll
0x00007ffcceb10000 - 0x00007ffccebad000 	C:\Windows\System32\msvcp_win.dll
0x00007ffcac340000 - 0x00007ffcac35b000 	C:\Program Files\Microsoft\jdk-17.0.10.7-hotspot\bin\VCRUNTIME140.dll
0x00007ffcb25f0000 - 0x00007ffcb2895000 	C:\Windows\WinSxS\amd64_microsoft.windows.common-controls_6595b64144ccf1df_6.0.22000.120_none_9d947278b86cc467\COMCTL32.dll
0x00007ffcd1060000 - 0x00007ffcd1103000 	C:\Windows\System32\msvcrt.dll
0x00007ffccfa10000 - 0x00007ffccfa41000 	C:\Windows\System32\IMM32.DLL
0x00007ffcc93b0000 - 0x00007ffcc93bc000 	C:\Program Files\Microsoft\jdk-17.0.10.7-hotspot\bin\vcruntime140_1.dll
0x00007ffc88720000 - 0x00007ffc887ad000 	C:\Program Files\Microsoft\jdk-17.0.10.7-hotspot\bin\msvcp140.dll
0x00007ffc7c840000 - 0x00007ffc7d4a5000 	C:\Program Files\Microsoft\jdk-17.0.10.7-hotspot\bin\server\jvm.dll
0x00007ffcd12d0000 - 0x00007ffcd137f000 	C:\Windows\System32\ADVAPI32.dll
0x00007ffcd1230000 - 0x00007ffcd12ce000 	C:\Windows\System32\sechost.dll
0x00007ffccf210000 - 0x00007ffccf331000 	C:\Windows\System32\RPCRT4.dll
0x00007ffccd1a0000 - 0x00007ffccd1ed000 	C:\Windows\SYSTEM32\POWRPROF.dll
0x00007ffcc8520000 - 0x00007ffcc8529000 	C:\Windows\SYSTEM32\WSOCK32.dll
0x00007ffccf440000 - 0x00007ffccf4af000 	C:\Windows\System32\WS2_32.dll
0x00007ffcc8bf0000 - 0x00007ffcc8c23000 	C:\Windows\SYSTEM32\WINMM.dll
0x00007ffcc6d30000 - 0x00007ffcc6d3a000 	C:\Windows\SYSTEM32\VERSION.dll
0x00007ffccd290000 - 0x00007ffccd2a3000 	C:\Windows\SYSTEM32\UMPDC.dll
0x00007ffccd9a0000 - 0x00007ffccd9b8000 	C:\Windows\SYSTEM32\kernel.appcore.dll
0x00007ffcc7e80000 - 0x00007ffcc7e8a000 	C:\Program Files\Microsoft\jdk-17.0.10.7-hotspot\bin\jimage.dll
0x00007ffccbd20000 - 0x00007ffccbf41000 	C:\Windows\SYSTEM32\DBGHELP.DLL
0x00007ffcac280000 - 0x00007ffcac2b1000 	C:\Windows\SYSTEM32\dbgcore.DLL
0x00007ffcce970000 - 0x00007ffcce9ef000 	C:\Windows\System32\bcryptPrimitives.dll
0x00007ffcb3db0000 - 0x00007ffcb3dbe000 	C:\Program Files\Microsoft\jdk-17.0.10.7-hotspot\bin\instrument.dll
0x00007ffcab110000 - 0x00007ffcab135000 	C:\Program Files\Microsoft\jdk-17.0.10.7-hotspot\bin\java.dll
0x00007ffc884a0000 - 0x00007ffc88577000 	C:\Program Files\Microsoft\jdk-17.0.10.7-hotspot\bin\jsvml.dll
0x00007ffccfcd0000 - 0x00007ffcd0495000 	C:\Windows\System32\SHELL32.dll
0x00007ffccc920000 - 0x00007ffccd184000 	C:\Windows\SYSTEM32\windows.storage.dll
0x00007ffccf570000 - 0x00007ffccf8e6000 	C:\Windows\System32\combase.dll
0x00007ffccc7b0000 - 0x00007ffccc917000 	C:\Windows\SYSTEM32\wintypes.dll
0x00007ffccf340000 - 0x00007ffccf42a000 	C:\Windows\System32\SHCORE.dll
0x00007ffcd0ee0000 - 0x00007ffcd0f3d000 	C:\Windows\System32\shlwapi.dll
0x00007ffcce780000 - 0x00007ffcce7a5000 	C:\Windows\SYSTEM32\profapi.dll
0x00007ffc96640000 - 0x00007ffc96658000 	C:\Program Files\Microsoft\jdk-17.0.10.7-hotspot\bin\zip.dll
0x00007ffca9f20000 - 0x00007ffca9f39000 	C:\Program Files\Microsoft\jdk-17.0.10.7-hotspot\bin\net.dll
0x00007ffcc9410000 - 0x00007ffcc9523000 	C:\Windows\SYSTEM32\WINHTTP.dll
0x00007ffccde50000 - 0x00007ffccdeb7000 	C:\Windows\system32\mswsock.dll
0x00007ffca9c70000 - 0x00007ffca9c86000 	C:\Program Files\Microsoft\jdk-17.0.10.7-hotspot\bin\nio.dll
0x00007ffcb4eb0000 - 0x00007ffcb4ec0000 	C:\Program Files\Microsoft\jdk-17.0.10.7-hotspot\bin\verify.dll
0x00007ffc97c70000 - 0x00007ffc97c97000 	C:\Users\PAVILION\.gradle\native\1def1411415f61bf3af743bc5b6707747c0891f09f0c88961ee8f79bc544acac\windows-amd64\native-platform.dll
0x00007ffc888e0000 - 0x00007ffc88958000 	C:\Users\PAVILION\.gradle\native\0.2.7\x86_64-windows-gnu\gradle-fileevents.dll
0x00007ffcab080000 - 0x00007ffcab089000 	C:\Program Files\Microsoft\jdk-17.0.10.7-hotspot\bin\management.dll
0x00007ffca9d80000 - 0x00007ffca9d8b000 	C:\Program Files\Microsoft\jdk-17.0.10.7-hotspot\bin\management_ext.dll
0x00007ffccf430000 - 0x00007ffccf438000 	C:\Windows\System32\PSAPI.DLL
0x00007ffccd440000 - 0x00007ffccd46d000 	C:\Windows\SYSTEM32\IPHLPAPI.DLL
0x00007ffcd0b90000 - 0x00007ffcd0b99000 	C:\Windows\System32\NSI.dll
0x00007ffcc9620000 - 0x00007ffcc9639000 	C:\Windows\SYSTEM32\dhcpcsvc6.DLL
0x00007ffcc9800000 - 0x00007ffcc981e000 	C:\Windows\SYSTEM32\dhcpcsvc.DLL
0x00007ffccd470000 - 0x00007ffccd557000 	C:\Windows\SYSTEM32\DNSAPI.dll
0x00007ffca9be0000 - 0x00007ffca9be9000 	C:\Program Files\Microsoft\jdk-17.0.10.7-hotspot\bin\extnet.dll
0x00007ffcce0a0000 - 0x00007ffcce0b8000 	C:\Windows\SYSTEM32\CRYPTSP.dll
0x00007ffccd900000 - 0x00007ffccd935000 	C:\Windows\system32\rsaenh.dll
0x00007ffccdf50000 - 0x00007ffccdf7c000 	C:\Windows\SYSTEM32\USERENV.dll
0x00007ffcce220000 - 0x00007ffcce247000 	C:\Windows\SYSTEM32\bcrypt.dll
0x00007ffcce0c0000 - 0x00007ffcce0cc000 	C:\Windows\SYSTEM32\CRYPTBASE.dll
0x00007ffcc9390000 - 0x00007ffcc939e000 	C:\Program Files\Microsoft\jdk-17.0.10.7-hotspot\bin\sunmscapi.dll
0x00007ffccec70000 - 0x00007ffccedda000 	C:\Windows\System32\CRYPT32.dll
0x00007ffcce1f0000 - 0x00007ffcce21a000 	C:\Windows\SYSTEM32\ncrypt.dll
0x00007ffcce1b0000 - 0x00007ffcce1e7000 	C:\Windows\SYSTEM32\NTASN1.dll
0x00007ffcb4550000 - 0x00007ffcb4558000 	C:\Windows\system32\wshunix.dll
0x00007ffc9dd60000 - 0x00007ffc9dd77000 	C:\Windows\system32\napinsp.dll
0x00007ffc9dd40000 - 0x00007ffc9dd5b000 	C:\Windows\system32\pnrpnsp.dll
0x00007ffc9dd20000 - 0x00007ffc9dd32000 	C:\Windows\System32\winrnr.dll
0x00007ffcc7eb0000 - 0x00007ffcc7ec5000 	C:\Windows\system32\wshbth.dll
0x00007ffc9dd00000 - 0x00007ffc9dd1f000 	C:\Windows\system32\nlansp_c.dll
0x0000000066890000 - 0x00000000668b6000 	C:\Program Files\Bonjour\mdnsNSP.dll
0x00007ffcbe170000 - 0x00007ffcbe17a000 	C:\Windows\System32\rasadhlp.dll
0x00007ffcc7600000 - 0x00007ffcc7682000 	C:\Windows\System32\fwpuclnt.dll

dbghelp: loaded successfully - version: 4.0.5 - missing functions: none
symbol engine: initialized successfully - sym options: 0x614 - pdb path: .;C:\Program Files\Microsoft\jdk-17.0.10.7-hotspot\bin;C:\Windows\SYSTEM32;C:\Windows\WinSxS\amd64_microsoft.windows.common-controls_6595b64144ccf1df_6.0.22000.120_none_9d947278b86cc467;C:\Program Files\Microsoft\jdk-17.0.10.7-hotspot\bin\server;C:\Users\PAVILION\.gradle\native\1def1411415f61bf3af743bc5b6707747c0891f09f0c88961ee8f79bc544acac\windows-amd64;C:\Users\PAVILION\.gradle\native\0.2.7\x86_64-windows-gnu;C:\Program Files\Bonjour

VM Arguments:
jvm_args: --add-opens=java.base/java.lang=ALL-UNNAMED --add-opens=java.base/java.lang.invoke=ALL-UNNAMED --add-opens=java.base/java.util=ALL-UNNAMED --add-opens=java.prefs/java.util.prefs=ALL-UNNAMED --add-exports=jdk.compiler/com.sun.tools.javac.api=ALL-UNNAMED --add-exports=jdk.compiler/com.sun.tools.javac.util=ALL-UNNAMED --add-opens=java.base/java.util=ALL-UNNAMED --add-opens=java.prefs/java.util.prefs=ALL-UNNAMED --add-opens=java.base/java.nio.charset=ALL-UNNAMED --add-opens=java.base/java.net=ALL-UNNAMED --add-opens=java.base/java.util.concurrent.atomic=ALL-UNNAMED --add-opens=java.xml/javax.xml.namespace=ALL-UNNAMED -XX:MaxMetaspaceSize=512m -Xmx2048m -Dfile.encoding=windows-1252 -Duser.country=US -Duser.language=en -Duser.variant -javaagent:C:\Users\PAVILION\.gradle\wrapper\dists\gradle-8.13-bin\5xuhj0ry160q40clulazy9h7d\gradle-8.13\lib\agents\gradle-instrumentation-agent-8.13.jar 
java_command: org.gradle.launcher.daemon.bootstrap.GradleDaemon 8.13
java_class_path (initial): C:\Users\PAVILION\.gradle\wrapper\dists\gradle-8.13-bin\5xuhj0ry160q40clulazy9h7d\gradle-8.13\lib\gradle-daemon-main-8.13.jar
Launcher Type: SUN_STANDARD

[Global flags]
     intx CICompilerCount                          = 3                                         {product} {ergonomic}
   size_t CompressedClassSpaceSize                 = 436207616                                 {product} {ergonomic}
     uint ConcGCThreads                            = 1                                         {product} {ergonomic}
     uint G1ConcRefinementThreads                  = 4                                         {product} {ergonomic}
   size_t G1HeapRegionSize                         = 1048576                                   {product} {ergonomic}
    uintx GCDrainStackTargetSize                   = 64                                        {product} {ergonomic}
   size_t InitialHeapSize                          = 134217728                                 {product} {ergonomic}
   size_t MarkStackSize                            = 4194304                                   {product} {ergonomic}
   size_t MaxHeapSize                              = 2147483648                                {product} {command line}
   size_t MaxMetaspaceSize                         = 536870912                                 {product} {command line}
   size_t MaxNewSize                               = 1287651328                                {product} {ergonomic}
   size_t MinHeapDeltaBytes                        = 1048576                                   {product} {ergonomic}
   size_t MinHeapSize                              = 8388608                                   {product} {ergonomic}
    uintx NonNMethodCodeHeapSize                   = 5832780                                {pd product} {ergonomic}
    uintx NonProfiledCodeHeapSize                  = 122912730                              {pd product} {ergonomic}
    uintx ProfiledCodeHeapSize                     = 122912730                              {pd product} {ergonomic}
    uintx ReservedCodeCacheSize                    = 251658240                              {pd product} {ergonomic}
     bool SegmentedCodeCache                       = true                                      {product} {ergonomic}
   size_t SoftMaxHeapSize                          = 2147483648                             {manageable} {ergonomic}
     bool UseCompressedClassPointers               = true                           {product lp64_product} {ergonomic}
     bool UseCompressedOops                        = true                           {product lp64_product} {ergonomic}
     bool UseG1GC                                  = true                                      {product} {ergonomic}
     bool UseLargePagesIndividualAllocation        = false                                  {pd product} {ergonomic}

Logging:
Log output configuration:
 #0: stdout all=warning uptime,level,tags
 #1: stderr all=off uptime,level,tags

Environment Variables:
JAVA_HOME=C:\Program Files\Microsoft\jdk-17.0.10.7-hotspot\
CLASSPATH=d:\Dev space\Gemma showcase\SmartMoney\android\\gradle\wrapper\gradle-wrapper.jar
PATH=C:\Program Files\Microsoft\jdk-17.0.10.7-hotspot\bin;C:\Program Files\Common Files\Oracle\Java\javapath;C:\Program Files\Microsoft\jdk-11.0.20.8-hotspot\bin;C:\Program Files\Python311\Scripts\;C:\Program Files\Python311\;C:\Windows\system32;C:\Windows;C:\Windows\System32\Wbem;C:\Windows\System32\WindowsPowerShell\v1.0\;C:\Windows\System32\OpenSSH\;C:\Program Files\Git\cmd;C:\Program Files\dotnet\;C:\Program Files\Odoo 15.0e.20220315\python;C:\Program Files\Odoo 15.0e.20220315\PostgreSQL\bin;C:\Users\PAVILION\AppData\Roaming\npm;C:\Users\PAVILION\EspaceDev\Pro-Project\Logic Habit\Backend - Django\env\Scripts\celery;C:\EspaceDev\JobScraper\.env\Scripts;D:\Tools\android_sdk\platform-tools;C:\ProgramData\chocolatey\bin;C:\Users\PAVILION\Downloads\v1.1.11\coreybutler-nvm-windows-3f0dba1;C:\Users\PAVILION\AppData\Roaming\nvm;C:\Program Files\nodejs;E:\Program\Redis\;C:\Users\PAVILION\AppData\Local\Programs\Microsoft VS Code\bin;C:\Users\PAVILION\AppData\Roaming\npm;C:\Users\PAVILION\AppData\Roaming\nvm;C:\Program Files\nodejs;D:\Tools\android_sdk\platform-tools;D:\Tools\android_sdk\cmdline-tools\latest\bin;
USERNAME=PAVILION
OS=Windows_NT
PROCESSOR_IDENTIFIER=Intel64 Family 6 Model 142 Stepping 9, GenuineIntel
TMP=C:\Users\PAVILION\AppData\Local\Temp
TEMP=C:\Users\PAVILION\AppData\Local\Temp



Periodic native trim disabled


---------------  S Y S T E M  ---------------

OS:
 Windows 11 , 64 bit Build 22000 (10.0.22000.2124)
OS uptime: 0 days 8:14 hours

CPU: total 4 (initial active 4) (2 cores per cpu, 2 threads per core) family 6 model 142 stepping 9 microcode 0xde, cx8, cmov, fxsr, ht, mmx, 3dnowpref, sse, sse2, sse3, ssse3, sse4.1, sse4.2, popcnt, lzcnt, tsc, tscinvbit, avx, avx2, aes, erms, clmul, bmi1, bmi2, adx, fma, vzeroupper, clflush, clflushopt
Processor Information for all 4 processors :
  Max Mhz: 2904, Current Mhz: 2703, Mhz Limit: 2700

Memory: 4k page, system-wide physical 8077M (603M free)
TotalPageFile size 13035M (AvailPageFile size 15M)
current process WorkingSet (physical memory assigned to process): 325M, peak: 347M
current process commit charge ("private bytes"): 374M, peak: 385M

vm_info: OpenJDK 64-Bit Server VM (17.0.10+7-LTS) for windows-amd64 JRE (17.0.10+7-LTS), built on Jan 10 2024 19:47:12 by "MicrosoftCorporation" with MS VC++ 16.10 / 16.11 (VS2019)

END.
